Reading inputs
[1] "Running General QC"
1e+06 2e+06 3e+06 4e+06 5e+06 6e+06 7e+06 8e+06 9e+06 1e+07 1.1e+07 1.2e+07 1.3e+07 1.4e+07 1.5e+07 1.6e+07 1.7e+07 1.8e+07 1.9e+07 2e+07 2.1e+07 2.2e+07 2.3e+07 2.4e+07 2.5e+07 2.6e+07 2.7e+07 2.8e+07 2.9e+07 3e+07 3.1e+07 3.2e+07 3.3e+07 3.4e+07 3.5e+07 3.6e+07 3.7e+07 3.8e+07 3.9e+07 4e+07 4.1e+07 4.2e+07 4.3e+07 4.4e+07 44347223 [1] "Getting complexity estimates"
[1] "Getting Read lengths"
[1] "Getting QC Scores"
[1] "Getting mean values for correlation"
[1] "Storing data on results/3-ATAC_bam/bamQC/007_BXD56_SD_full.RData"
R version 4.5.2 (2025-10-31)
Platform: x86_64-pc-linux-gnu
Running under: Ubuntu 22.04.5 LTS

Matrix products: default
BLAS/LAPACK: /usr/lib/x86_64-linux-gnu/openblas-pthread/libopenblasp-r0.3.20.so;  LAPACK version 3.10.0

locale:
 [1] LC_CTYPE=C.UTF-8       LC_NUMERIC=C           LC_TIME=C.UTF-8       
 [4] LC_COLLATE=C.UTF-8     LC_MONETARY=C.UTF-8    LC_MESSAGES=C.UTF-8   
 [7] LC_PAPER=C.UTF-8       LC_NAME=C              LC_ADDRESS=C          
[10] LC_TELEPHONE=C         LC_MEASUREMENT=C.UTF-8 LC_IDENTIFICATION=C   

time zone: Etc/UTC
tzcode source: system (glibc)

attached base packages:
[1] parallel  stats4    stats     graphics  grDevices utils     datasets 
[8] methods   base     

other attached packages:
 [1] optparse_1.8.2                           
 [2] TxDb.Mmusculus.UCSC.mm10.knownGene_3.10.0
 [3] GenomicFeatures_1.62.0                   
 [4] AnnotationDbi_1.72.0                     
 [5] GenomicAlignments_1.46.0                 
 [6] SummarizedExperiment_1.40.0              
 [7] Biobase_2.70.0                           
 [8] MatrixGenerics_1.22.0                    
 [9] matrixStats_1.5.0                        
[10] ggplot2_4.0.3                            
[11] doParallel_1.0.17                        
[12] iterators_1.0.14                         
[13] foreach_1.5.2                            
[14] preseqR_4.0.0                            
[15] Rsamtools_2.26.0                         
[16] Biostrings_2.78.0                        
[17] XVector_0.50.0                           
[18] GenomicRanges_1.62.1                     
[19] IRanges_2.44.0                           
[20] Seqinfo_1.0.0                            
[21] ATACseqQC_1.34.0                         
[22] S4Vectors_0.48.1                         
[23] BiocGenerics_0.56.0                      
[24] generics_0.1.4                           

loaded via a namespace (and not attached):
  [1] RColorBrewer_1.1-3          jsonlite_2.0.0             
  [3] magrittr_2.0.5              farver_2.1.2               
  [5] BiocIO_1.20.0               vctrs_0.7.3                
  [7] multtest_2.66.0             memoise_2.0.1              
  [9] RCurl_1.98-1.19             polynom_1.4-1              
 [11] htmltools_0.5.9             S4Arrays_1.10.1            
 [13] progress_1.2.3              AnnotationHub_4.0.0        
 [15] lambda.r_1.2.4              curl_7.1.0                 
 [17] Rhdf5lib_1.32.0             SparseArray_1.10.10        
 [19] rhdf5_2.54.1                KernSmooth_2.23-26         
 [21] htmlwidgets_1.6.4           httr2_1.2.3                
 [23] futile.options_1.0.1        cachem_1.1.0               
 [25] ChIPpeakAnno_3.44.0         lifecycle_1.0.5            
 [27] pkgconfig_2.0.3             Matrix_1.7-4               
 [29] R6_2.6.1                    fastmap_1.2.0              
 [31] digest_0.6.39               TFMPvalue_1.0.0            
 [33] regioneR_1.42.0             RSQLite_3.53.3             
 [35] seqLogo_1.76.0              filelock_1.0.3             
 [37] randomForest_4.7-1.2        httr_1.4.8                 
 [39] abind_1.4-8                 compiler_4.5.2             
 [41] withr_3.0.3                 bit64_4.8.2                
 [43] S7_0.2.2                    BiocParallel_1.44.0        
 [45] GenomicScores_2.22.0        DBI_1.3.0                  
 [47] HDF5Array_1.38.0            biomaRt_2.66.2             
 [49] MASS_7.3-65                 rappdirs_0.3.4             
 [51] DelayedArray_0.36.1         rjson_0.2.23               
 [53] gtools_3.9.5                caTools_1.18.3             
 [55] tools_4.5.2                 otel_0.2.0                 
 [57] glue_1.8.1                  VennDiagram_1.8.2          
 [59] h5mread_1.2.1               restfulr_0.0.17            
 [61] InteractionSet_1.38.0       rhdf5filters_1.22.0        
 [63] grid_4.5.2                  ade4_1.7-24                
 [65] TFBSTools_1.48.0            gtable_0.3.6               
 [67] BSgenome_1.78.0             tidyr_1.3.2                
 [69] ensembldb_2.34.0            data.table_1.18.4          
 [71] hms_1.1.4                   BiocVersion_3.22.0         
 [73] pillar_1.11.1               stringr_1.6.0              
 [75] limma_3.66.0                splines_4.5.2              
 [77] dplyr_1.2.1                 BiocFileCache_3.0.0        
 [79] lattice_0.22-7              survival_3.8-3             
 [81] rtracklayer_1.70.1          bit_4.6.0                  
 [83] DirichletMultinomial_1.52.0 universalmotif_1.28.0      
 [85] tidyselect_1.2.1            RBGL_1.86.0                
 [87] locfit_1.5-9.12             ProtGenerics_1.42.0        
 [89] edgeR_4.8.2                 futile.logger_1.4.9        
 [91] statmod_1.5.2               stringi_1.8.7              
 [93] UCSC.utils_1.6.1            lazyeval_0.2.3             
 [95] yaml_2.3.12                 codetools_0.2-20           
 [97] cigarillo_1.0.0             tibble_3.3.1               
 [99] BiocManager_1.30.27         graph_1.88.1               
[101] cli_3.6.6                   Rcpp_1.1.2                 
[103] GenomeInfoDb_1.46.2         dbplyr_2.6.0               
[105] png_0.1-9                   XML_3.99-0.23              
[107] blob_1.3.0                  prettyunits_1.2.0          
[109] AnnotationFilter_1.34.0     bitops_1.0-9               
[111] pwalign_1.6.0               scales_1.4.0               
[113] motifStack_1.54.0           purrr_1.2.2                
[115] crayon_1.5.3                rlang_1.3.0                
[117] KEGGREST_1.50.0             formatR_1.14               
