Loading packages
Checking arguments
Reading inputs
Filtering counts
Warning message:
In cpm.DGEList(y, log = TRUE) :
  Offset may not reflect library sizes. Scaling offset may be required.
null device 
          1 
Estimating disertion
null device 
          1 
null device 
          1 
null device 
          1 
Differential analyses
null device 
          1 
null device 
          1 
null device 
          1 
Renaming (Intercept) to Intercept
Renaming (Intercept) to Intercept
Get statistics
'select()' returned 1:many mapping between keys and columns
'select()' returned 1:many mapping between keys and columns
'select()' returned 1:many mapping between keys and columns
'select()' returned 1:many mapping between keys and columns
'select()' returned 1:many mapping between keys and columns
'select()' returned 1:many mapping between keys and columns
'select()' returned 1:many mapping between keys and columns
'select()' returned 1:many mapping between keys and columns
'select()' returned 1:many mapping between keys and columns
'select()' returned 1:many mapping between keys and columns
'select()' returned 1:many mapping between keys and columns
'select()' returned 1:many mapping between keys and columns
'select()' returned 1:many mapping between keys and columns
'select()' returned 1:many mapping between keys and columns
'select()' returned 1:many mapping between keys and columns
'select()' returned 1:many mapping between keys and columns
'select()' returned 1:many mapping between keys and columns
'select()' returned 1:many mapping between keys and columns
'select()' returned 1:many mapping between keys and columns
'select()' returned 1:many mapping between keys and columns
'select()' returned 1:many mapping between keys and columns
'select()' returned 1:many mapping between keys and columns
'select()' returned 1:many mapping between keys and columns
'select()' returned 1:many mapping between keys and columns
'select()' returned 1:many mapping between keys and columns
'select()' returned 1:many mapping between keys and columns
'select()' returned 1:many mapping between keys and columns
'select()' returned 1:many mapping between keys and columns
'select()' returned 1:many mapping between keys and columns
'select()' returned 1:many mapping between keys and columns
There were 21 warnings (use warnings() to see them)
Heatmap
'select()' returned 1:many mapping between keys and columns
'select()' returned 1:many mapping between keys and columns
'select()' returned 1:many mapping between keys and columns
'select()' returned 1:many mapping between keys and columns
'select()' returned 1:many mapping between keys and columns
'select()' returned 1:many mapping between keys and columns
null device 
          1 
Response correlation
'select()' returned 1:many mapping between keys and columns
Warning message:
Removed 29732 rows containing missing values or values outside the scale range
(`geom_text_repel()`). 
null device 
          1 
R version 4.5.2 (2025-10-31)
Platform: x86_64-pc-linux-gnu
Running under: Ubuntu 22.04.5 LTS

Matrix products: default
BLAS/LAPACK: /usr/lib/x86_64-linux-gnu/openblas-pthread/libopenblasp-r0.3.20.so;  LAPACK version 3.10.0

locale:
 [1] LC_CTYPE=en_US.UTF-8       LC_NUMERIC=C              
 [3] LC_TIME=en_US.UTF-8        LC_COLLATE=en_US.UTF-8    
 [5] LC_MONETARY=en_US.UTF-8    LC_MESSAGES=en_US.UTF-8   
 [7] LC_PAPER=en_US.UTF-8       LC_NAME=C                 
 [9] LC_ADDRESS=C               LC_TELEPHONE=C            
[11] LC_MEASUREMENT=en_US.UTF-8 LC_IDENTIFICATION=C       

time zone: Etc/UTC
tzcode source: system (glibc)

attached base packages:
[1] grid      stats4    stats     graphics  grDevices utils     datasets 
[8] methods   base     

other attached packages:
 [1] optparse_1.8.2                           
 [2] circlize_0.4.18                          
 [3] ComplexHeatmap_2.26.1                    
 [4] TxDb.Mmusculus.UCSC.mm10.knownGene_3.10.0
 [5] GenomicFeatures_1.62.0                   
 [6] lubridate_1.9.5                          
 [7] forcats_1.0.1                            
 [8] stringr_1.6.0                            
 [9] dplyr_1.2.1                              
[10] purrr_1.2.2                              
[11] readr_2.2.0                              
[12] tidyr_1.3.2                              
[13] tibble_3.3.1                             
[14] tidyverse_2.0.0                          
[15] ggrepel_0.9.8                            
[16] ggplot2_4.0.3                            
[17] org.Mm.eg.db_3.22.0                      
[18] AnnotationDbi_1.72.0                     
[19] EDASeq_2.44.0                            
[20] ShortRead_1.68.0                         
[21] GenomicAlignments_1.46.0                 
[22] SummarizedExperiment_1.40.0              
[23] MatrixGenerics_1.22.0                    
[24] matrixStats_1.5.0                        
[25] Rsamtools_2.26.0                         
[26] GenomicRanges_1.62.1                     
[27] Biostrings_2.78.0                        
[28] Seqinfo_1.0.0                            
[29] XVector_0.50.0                           
[30] IRanges_2.44.0                           
[31] S4Vectors_0.48.1                         
[32] BiocParallel_1.44.0                      
[33] Biobase_2.70.0                           
[34] BiocGenerics_0.56.0                      
[35] generics_0.1.4                           
[36] edgeR_4.8.2                              
[37] limma_3.66.0                             

loaded via a namespace (and not attached):
 [1] DBI_1.3.0           bitops_1.1-0        deldir_2.0-4       
 [4] httr2_1.2.2         biomaRt_2.66.2      rlang_1.3.0        
 [7] magrittr_2.0.5      clue_0.3-68         GetoptLong_1.1.1   
[10] otel_0.2.0          compiler_4.5.2      RSQLite_3.53.3     
[13] png_0.1-9           vctrs_0.7.3         pwalign_1.6.0      
[16] shape_1.4.6.1       pkgconfig_2.0.3     crayon_1.5.3       
[19] fastmap_1.2.0       dbplyr_2.6.0        labeling_0.4.3     
[22] tzdb_0.5.0          bit_4.6.0           cachem_1.1.0       
[25] cigarillo_1.0.0     progress_1.2.3      blob_1.3.0         
[28] DelayedArray_0.36.1 jpeg_0.1-11         cluster_2.1.8.1    
[31] parallel_4.5.2      prettyunits_1.2.0   R6_2.6.1           
[34] stringi_1.8.7       RColorBrewer_1.1-3  rtracklayer_1.70.1 
[37] iterators_1.0.14    Rcpp_1.1.1-1.1      R.utils_2.13.0     
[40] splines_4.5.2       Matrix_1.7-4        timechange_0.4.0   
[43] tidyselect_1.2.1    abind_1.4-8         yaml_2.3.12        
[46] doParallel_1.0.17   codetools_0.2-20    hwriter_1.3.2.1    
[49] curl_7.1.0          lattice_0.22-7      withr_3.0.3        
[52] KEGGREST_1.50.0     S7_0.2.2            BiocFileCache_3.0.0
[55] pillar_1.11.1       filelock_1.0.3      foreach_1.5.2      
[58] RCurl_1.98-1.20     hms_1.1.4           scales_1.4.0       
[61] glue_1.8.1          tools_4.5.2         interp_1.1-6       
[64] BiocIO_1.20.0       locfit_1.5-9.12     XML_3.99-0.24      
[67] latticeExtra_0.6-31 colorspace_2.1-3    restfulr_0.0.17    
[70] cli_3.6.6           rappdirs_0.3.4      S4Arrays_1.10.1    
[73] gtable_0.3.6        R.methodsS3_1.8.2   digest_0.6.39      
[76] aroma.light_3.40.0  SparseArray_1.10.10 rjson_0.2.23       
[79] farver_2.1.2        memoise_2.0.1       R.oo_1.27.1        
[82] lifecycle_1.0.5     httr_1.4.8          GlobalOptions_0.1.4
[85] statmod_1.5.2       bit64_4.8.4        
