Loading packages
Checking arguments
Reading inputs
Annotate regions All 
Annotating...
Annotate regions Peaks 
Annotating...
Annotate regions DAR 
Annotating...
Annotate regions QTL 
Annotating...
Annotate regions QTLxSD 
Annotating...
$All

    CTCF-only,CTCF-bound                     dELS          dELS,CTCF-bound 
                   29751                   310285                    64209 
           DNase-H3K4me3 DNase-H3K4me3,CTCF-bound                     pELS 
                   10367                     4752                    37411 
         pELS,CTCF-bound                      PLS           PLS,CTCF-bound 
                    9056                     2810                     1275 

$Peaks

    CTCF-only,CTCF-bound                     dELS          dELS,CTCF-bound 
                    9295                    90879                    35669 
           DNase-H3K4me3 DNase-H3K4me3,CTCF-bound                     pELS 
                    2772                     2373                    12574 
         pELS,CTCF-bound                      PLS           PLS,CTCF-bound 
                    5274                     1344                      883 

$DAR

    CTCF-only,CTCF-bound                     dELS          dELS,CTCF-bound 
                     449                     8010                     2316 
           DNase-H3K4me3 DNase-H3K4me3,CTCF-bound                       NA 
                     189                      110                    12638 
                    pELS          pELS,CTCF-bound                      PLS 
                     955                      327                       82 
          PLS,CTCF-bound 
                      52 

$QTL

    CTCF-only,CTCF-bound                     dELS          dELS,CTCF-bound 
                     607                     5624                     2443 
           DNase-H3K4me3 DNase-H3K4me3,CTCF-bound                       NA 
                     172                      171                    12013 
                    pELS          pELS,CTCF-bound                      PLS 
                     788                      383                       91 
          PLS,CTCF-bound 
                      58 

$QTLxSD

    CTCF-only,CTCF-bound                     dELS          dELS,CTCF-bound 
                    1093                    10093                     4732 
           DNase-H3K4me3 DNase-H3K4me3,CTCF-bound                       NA 
                     319                      318                    20282 
                    pELS          pELS,CTCF-bound                      PLS 
                    1450                      750                      170 
          PLS,CTCF-bound 
                     147 

Saving annotations
R version 4.5.2 (2025-10-31)
Platform: x86_64-pc-linux-gnu
Running under: Ubuntu 22.04.5 LTS

Matrix products: default
BLAS/LAPACK: /usr/lib/x86_64-linux-gnu/openblas-pthread/libopenblasp-r0.3.20.so;  LAPACK version 3.10.0

locale:
 [1] LC_CTYPE=C.UTF-8       LC_NUMERIC=C           LC_TIME=C.UTF-8       
 [4] LC_COLLATE=C.UTF-8     LC_MONETARY=C.UTF-8    LC_MESSAGES=C.UTF-8   
 [7] LC_PAPER=C.UTF-8       LC_NAME=C              LC_ADDRESS=C          
[10] LC_TELEPHONE=C         LC_MEASUREMENT=C.UTF-8 LC_IDENTIFICATION=C   

time zone: Etc/UTC
tzcode source: system (glibc)

attached base packages:
[1] grid      stats4    stats     graphics  grDevices utils     datasets 
[8] methods   base     

other attached packages:
 [1] optparse_1.8.2        circlize_0.4.18       ComplexHeatmap_2.26.1
 [4] ChIPseeker_1.46.1     annotatr_1.36.0       GenomicRanges_1.62.1 
 [7] Seqinfo_1.0.0         IRanges_2.44.0        S4Vectors_0.48.1     
[10] BiocGenerics_0.56.0   generics_0.1.4       

loaded via a namespace (and not attached):
  [1] splines_4.5.2                           
  [2] BiocIO_1.20.0                           
  [3] bitops_1.1-0                            
  [4] ggplotify_0.1.3                         
  [5] filelock_1.0.3                          
  [6] tibble_3.3.1                            
  [7] R.oo_1.27.1                             
  [8] polyclip_1.10-7                         
  [9] XML_3.99-0.23                           
 [10] lifecycle_1.0.5                         
 [11] httr2_1.2.2                             
 [12] doParallel_1.0.17                       
 [13] lattice_0.22-7                          
 [14] MASS_7.3-65                             
 [15] magrittr_2.0.5                          
 [16] yaml_2.3.12                             
 [17] plotrix_3.8-14                          
 [18] otel_0.2.0                              
 [19] ggtangle_0.1.2                          
 [20] cowplot_1.2.0                           
 [21] DBI_1.3.0                               
 [22] RColorBrewer_1.1-3                      
 [23] abind_1.4-8                             
 [24] purrr_1.2.2                             
 [25] R.utils_2.13.0                          
 [26] RCurl_1.98-1.19                         
 [27] yulab.utils_0.2.4                       
 [28] tweenr_2.0.3                            
 [29] rappdirs_0.3.4                          
 [30] gdtools_0.5.1                           
 [31] enrichplot_1.30.5                       
 [32] ggrepel_0.9.8                           
 [33] tidytree_0.4.8                          
 [34] codetools_0.2-20                        
 [35] DelayedArray_0.36.1                     
 [36] DOSE_4.4.0                              
 [37] ggforce_0.5.0                           
 [38] shape_1.4.6.1                           
 [39] tidyselect_1.2.1                        
 [40] aplot_0.3.1                             
 [41] UCSC.utils_1.6.1                        
 [42] farver_2.1.2                            
 [43] matrixStats_1.5.0                       
 [44] BiocFileCache_3.0.0                     
 [45] GenomicAlignments_1.46.0                
 [46] jsonlite_2.0.0                          
 [47] GetoptLong_1.1.1                        
 [48] iterators_1.0.14                        
 [49] systemfonts_1.3.2                       
 [50] foreach_1.5.2                           
 [51] tools_4.5.2                             
 [52] ggnewscale_0.5.2                        
 [53] treeio_1.34.0                           
 [54] TxDb.Hsapiens.UCSC.hg19.knownGene_3.22.1
 [55] Rcpp_1.1.1-1.1                          
 [56] glue_1.8.1                              
 [57] SparseArray_1.10.10                     
 [58] qvalue_2.42.0                           
 [59] MatrixGenerics_1.22.0                   
 [60] GenomeInfoDb_1.46.2                     
 [61] dplyr_1.2.1                             
 [62] withr_3.0.3                             
 [63] BiocManager_1.30.27                     
 [64] fastmap_1.2.0                           
 [65] boot_1.3-32                             
 [66] caTools_1.18.4                          
 [67] digest_0.6.39                           
 [68] R6_2.6.1                                
 [69] gridGraphics_0.5-1                      
 [70] colorspace_2.1-3                        
 [71] GO.db_3.22.0                            
 [72] gtools_3.9.5                            
 [73] RSQLite_3.53.3                          
 [74] cigarillo_1.0.0                         
 [75] R.methodsS3_1.8.2                       
 [76] tidyr_1.3.2                             
 [77] fontLiberation_0.1.0                    
 [78] data.table_1.18.4                       
 [79] rtracklayer_1.70.1                      
 [80] httr_1.4.8                              
 [81] htmlwidgets_1.6.4                       
 [82] S4Arrays_1.10.1                         
 [83] scatterpie_0.2.6                        
 [84] regioneR_1.42.0                         
 [85] pkgconfig_2.0.3                         
 [86] gtable_0.3.6                            
 [87] blob_1.3.0                              
 [88] S7_0.2.2                                
 [89] XVector_0.50.0                          
 [90] htmltools_0.5.9                         
 [91] fontBitstreamVera_0.1.1                 
 [92] fgsea_1.36.2                            
 [93] clue_0.3-68                             
 [94] scales_1.4.0                            
 [95] Biobase_2.70.0                          
 [96] png_0.1-9                               
 [97] ggfun_0.2.1                             
 [98] tzdb_0.5.0                              
 [99] reshape2_1.4.5                          
[100] rjson_0.2.23                            
[101] nlme_3.1-168                            
[102] curl_7.1.0                              
[103] cachem_1.1.0                            
[104] GlobalOptions_0.1.4                     
[105] stringr_1.6.0                           
[106] BiocVersion_3.22.0                      
[107] KernSmooth_2.23-26                      
[108] parallel_4.5.2                          
[109] AnnotationDbi_1.72.0                    
[110] restfulr_0.0.17                         
[111] pillar_1.11.1                           
[112] vctrs_0.7.3                             
[113] gplots_3.3.0                            
[114] tidydr_0.0.6                            
[115] dbplyr_2.6.0                            
[116] cluster_2.1.8.1                         
[117] readr_2.2.0                             
[118] GenomicFeatures_1.62.0                  
[119] cli_3.6.6                               
[120] compiler_4.5.2                          
[121] Rsamtools_2.26.0                        
[122] rlang_1.3.0                             
[123] crayon_1.5.3                            
[124] plyr_1.8.9                              
[125] fs_2.1.0                                
[126] ggiraph_0.9.6                           
[127] stringi_1.8.7                           
[128] BiocParallel_1.44.0                     
[129] Biostrings_2.78.0                       
[130] lazyeval_0.2.3                          
[131] GOSemSim_2.36.0                         
[132] fontquiver_0.2.1                        
[133] Matrix_1.7-4                            
[134] BSgenome_1.78.0                         
[135] hms_1.1.4                               
[136] patchwork_1.3.2                         
[137] bit64_4.8.2                             
[138] ggplot2_4.0.3                           
[139] KEGGREST_1.50.0                         
[140] SummarizedExperiment_1.40.0             
[141] AnnotationHub_4.0.0                     
[142] igraph_2.3.3                            
[143] memoise_2.0.1                           
[144] ggtree_4.0.5                            
[145] fastmatch_1.1-8                         
[146] bit_4.6.0                               
[147] ape_5.8-1                               
