Loading packages
Checking arguments
Reading inputs
>> preparing features information...		 2026-08-11 11:06:41 
>> Using Genome: mm10 ...
>> identifying nearest features...		 2026-08-11 11:06:41 
>> calculating distance from peak to TSS...	 2026-08-11 11:07:13 
>> assigning genomic annotation...		 2026-08-11 11:07:13 
>> Using Genome: mm10 ...
>> Using Genome: mm10 ...
>> adding gene annotation...			 2026-08-11 11:07:41 
Loading required package: org.Mm.eg.db

'select()' returned 1:many mapping between keys and columns
>> assigning chromosome lengths			 2026-08-11 11:07:45 
>> done...					 2026-08-11 11:07:45 
>> preparing features information...		 2026-08-11 11:07:49 
>> Using Genome: mm10 ...
>> identifying nearest features...		 2026-08-11 11:07:49 
>> calculating distance from peak to TSS...	 2026-08-11 11:07:51 
>> assigning genomic annotation...		 2026-08-11 11:07:51 
>> Using Genome: mm10 ...
>> Using Genome: mm10 ...
>> adding gene annotation...			 2026-08-11 11:07:55 
'select()' returned 1:many mapping between keys and columns
>> assigning chromosome lengths			 2026-08-11 11:07:55 
>> done...					 2026-08-11 11:07:55 
>> preparing features information...		 2026-08-11 11:07:56 
>> Using Genome: mm10 ...
>> identifying nearest features...		 2026-08-11 11:07:56 
>> calculating distance from peak to TSS...	 2026-08-11 11:07:56 
>> assigning genomic annotation...		 2026-08-11 11:07:56 
>> Using Genome: mm10 ...
>> Using Genome: mm10 ...
>> adding gene annotation...			 2026-08-11 11:07:59 
'select()' returned 1:many mapping between keys and columns
>> assigning chromosome lengths			 2026-08-11 11:07:59 
>> done...					 2026-08-11 11:07:59 
>> preparing features information...		 2026-08-11 11:07:59 
>> Using Genome: mm10 ...
>> identifying nearest features...		 2026-08-11 11:07:59 
>> calculating distance from peak to TSS...	 2026-08-11 11:08:00 
>> assigning genomic annotation...		 2026-08-11 11:08:00 
>> Using Genome: mm10 ...
>> Using Genome: mm10 ...
>> adding gene annotation...			 2026-08-11 11:08:03 
'select()' returned 1:many mapping between keys and columns
>> assigning chromosome lengths			 2026-08-11 11:08:03 
>> done...					 2026-08-11 11:08:03 
>> preparing features information...		 2026-08-11 11:08:03 
>> Using Genome: mm10 ...
>> identifying nearest features...		 2026-08-11 11:08:03 
>> calculating distance from peak to TSS...	 2026-08-11 11:08:03 
>> assigning genomic annotation...		 2026-08-11 11:08:03 
>> Using Genome: mm10 ...
>> Using Genome: mm10 ...
>> adding gene annotation...			 2026-08-11 11:08:07 
'select()' returned 1:many mapping between keys and columns
>> assigning chromosome lengths			 2026-08-11 11:08:07 
>> done...					 2026-08-11 11:08:07 
$All
Annotated peaks generated by ChIPseeker
2725532/2725549  peaks were annotated
Genomic Annotation Summary:
              Feature   Frequency
9    Promoter (<=1kb)  5.10883747
10   Promoter (1-2kb)  2.75909437
11   Promoter (2-3kb)  2.49786097
4              5' UTR  0.26611318
3              3' UTR  1.90043632
1            1st Exon  1.51933641
7          Other Exon  4.13097333
2          1st Intron  9.87557658
8        Other Intron 19.75218049
6  Downstream (<=300)  0.06750976
5   Distal Intergenic 52.12208112

$Peaks
Annotated peaks generated by ChIPseeker
193039/193039  peaks were annotated
Genomic Annotation Summary:
              Feature  Frequency
9    Promoter (<=1kb) 16.8851890
10   Promoter (1-2kb)  6.0070763
11   Promoter (2-3kb)  5.0658157
4              5' UTR  0.4387714
3              3' UTR  3.8448189
1            1st Exon  1.3468781
7          Other Exon  6.2028916
2          1st Intron 11.7287180
8        Other Intron 24.4618963
6  Downstream (<=300)  0.2046219
5   Distal Intergenic 23.8133227

$DAR
Annotated peaks generated by ChIPseeker
24787/24787  peaks were annotated
Genomic Annotation Summary:
              Feature   Frequency
9    Promoter (<=1kb) 14.34622988
10   Promoter (1-2kb)  4.25222899
11   Promoter (2-3kb)  3.66724493
4              5' UTR  0.14120305
3              3' UTR  1.93649897
1            1st Exon  1.04490257
7          Other Exon  3.28397951
2          1st Intron 13.70879897
8        Other Intron 28.60773793
6  Downstream (<=300)  0.09682495
5   Distal Intergenic 28.91435026

$QTL
Annotated peaks generated by ChIPseeker
22389/22389  peaks were annotated
Genomic Annotation Summary:
              Feature  Frequency
9    Promoter (<=1kb) 23.3775515
10   Promoter (1-2kb)  7.7404082
11   Promoter (2-3kb)  5.5429005
4              5' UTR  0.2367234
3              3' UTR  3.2828621
1            1st Exon  0.9960248
7          Other Exon  4.8416633
2          1st Intron 10.7195498
8        Other Intron 23.0336326
6  Downstream (<=300)  0.1429273
5   Distal Intergenic 20.0857564

$QTLxSD
Annotated peaks generated by ChIPseeker
40425/40425  peaks were annotated
Genomic Annotation Summary:
              Feature  Frequency
9    Promoter (<=1kb) 26.2090291
10   Promoter (1-2kb)  8.1385281
11   Promoter (2-3kb)  5.7340754
4              5' UTR  0.2251082
3              3' UTR  3.5646259
1            1st Exon  0.8608534
7          Other Exon  5.5163884
2          1st Intron 10.1669759
8        Other Intron 21.3011750
6  Downstream (<=300)  0.1731602
5   Distal Intergenic 18.1100804

Plotting for All 
No statistics
Plotting for Peaks 
No statistics
Plotting for DAR 
Plotting for QTL 
Plotting for QTLxSD 
Warning message:
`aes_string()` was deprecated in ggplot2 3.0.0.
ℹ Please use tidy evaluation idioms with `aes()`.
ℹ See also `vignette("ggplot2-in-packages")` for more information.
ℹ The deprecated feature was likely used in the ChIPseeker package.
  Please report the issue at <https://github.com/YuLab-SMU/ChIPseeker/issues>. 
Saving all annotation
null device 
          1 
null device 
          1 
[1] "Fraction of significant peaks 50Kb away from TSS:"
[1] "All:0.482; Peaks:0.1848; DAR:0.2594; QTL:0.132; QTLxSD:0.1229"
[1] "Fraction of significant within 5Kb from TSS:"
[1] "All:0.1476; Peaks:0.3582; DAR:0.2835; QTL:0.4484; QTLxSD:0.4839"
[1] "Fraction of significant peaks 5Kb upstream of TSS:"
[1] "All:0.0661; Peaks:0.1333; DAR:0.1267; QTL:0.2269; QTLxSD:0.2388"
R version 4.5.2 (2025-10-31)
Platform: x86_64-pc-linux-gnu
Running under: Ubuntu 22.04.5 LTS

Matrix products: default
BLAS/LAPACK: /usr/lib/x86_64-linux-gnu/openblas-pthread/libopenblasp-r0.3.20.so;  LAPACK version 3.10.0

locale:
 [1] LC_CTYPE=C.UTF-8       LC_NUMERIC=C           LC_TIME=C.UTF-8       
 [4] LC_COLLATE=C.UTF-8     LC_MONETARY=C.UTF-8    LC_MESSAGES=C.UTF-8   
 [7] LC_PAPER=C.UTF-8       LC_NAME=C              LC_ADDRESS=C          
[10] LC_TELEPHONE=C         LC_MEASUREMENT=C.UTF-8 LC_IDENTIFICATION=C   

time zone: Etc/UTC
tzcode source: system (glibc)

attached base packages:
[1] stats4    stats     graphics  grDevices utils     datasets  methods  
[8] base     

other attached packages:
 [1] org.Mm.eg.db_3.22.0                      
 [2] optparse_1.8.2                           
 [3] BSgenome.Mmusculus.UCSC.mm10_1.4.3       
 [4] BSgenome_1.78.0                          
 [5] rtracklayer_1.70.1                       
 [6] BiocIO_1.20.0                            
 [7] Biostrings_2.78.0                        
 [8] XVector_0.50.0                           
 [9] TxDb.Mmusculus.UCSC.mm10.knownGene_3.10.0
[10] GenomicFeatures_1.62.0                   
[11] AnnotationDbi_1.72.0                     
[12] Biobase_2.70.0                           
[13] GenomicRanges_1.62.1                     
[14] Seqinfo_1.0.0                            
[15] IRanges_2.44.0                           
[16] S4Vectors_0.48.1                         
[17] BiocGenerics_0.56.0                      
[18] generics_0.1.4                           
[19] ChIPseeker_1.46.1                        
[20] ggrepel_0.9.8                            
[21] ggplot2_4.0.3                            

loaded via a namespace (and not attached):
  [1] RColorBrewer_1.1-3                      
  [2] jsonlite_2.0.0                          
  [3] tidydr_0.0.6                            
  [4] magrittr_2.0.5                          
  [5] ggtangle_0.1.2                          
  [6] farver_2.1.2                            
  [7] fs_2.1.0                                
  [8] vctrs_0.7.3                             
  [9] memoise_2.0.1                           
 [10] Rsamtools_2.26.0                        
 [11] RCurl_1.98-1.19                         
 [12] ggtree_4.0.5                            
 [13] htmltools_0.5.9                         
 [14] S4Arrays_1.10.1                         
 [15] TxDb.Hsapiens.UCSC.hg19.knownGene_3.22.1
 [16] plotrix_3.8-14                          
 [17] curl_7.1.0                              
 [18] SparseArray_1.10.10                     
 [19] gridGraphics_0.5-1                      
 [20] KernSmooth_2.23-26                      
 [21] htmlwidgets_1.6.4                       
 [22] plyr_1.8.9                              
 [23] cachem_1.1.0                            
 [24] GenomicAlignments_1.46.0                
 [25] igraph_2.3.3                            
 [26] lifecycle_1.0.5                         
 [27] pkgconfig_2.0.3                         
 [28] Matrix_1.7-4                            
 [29] R6_2.6.1                                
 [30] fastmap_1.2.0                           
 [31] MatrixGenerics_1.22.0                   
 [32] digest_0.6.39                           
 [33] aplot_0.3.1                             
 [34] enrichplot_1.30.5                       
 [35] ggnewscale_0.5.2                        
 [36] patchwork_1.3.2                         
 [37] RSQLite_3.53.3                          
 [38] labeling_0.4.3                          
 [39] polyclip_1.10-7                         
 [40] httr_1.4.8                              
 [41] abind_1.4-8                             
 [42] compiler_4.5.2                          
 [43] bit64_4.8.2                             
 [44] fontquiver_0.2.1                        
 [45] withr_3.0.3                             
 [46] S7_0.2.2                                
 [47] BiocParallel_1.44.0                     
 [48] DBI_1.3.0                               
 [49] gplots_3.3.0                            
 [50] ggforce_0.5.0                           
 [51] R.utils_2.13.0                          
 [52] MASS_7.3-65                             
 [53] rappdirs_0.3.4                          
 [54] DelayedArray_0.36.1                     
 [55] rjson_0.2.23                            
 [56] caTools_1.18.4                          
 [57] gtools_3.9.5                            
 [58] tools_4.5.2                             
 [59] otel_0.2.0                              
 [60] ape_5.8-1                               
 [61] scatterpie_0.2.6                        
 [62] R.oo_1.27.1                             
 [63] glue_1.8.1                              
 [64] restfulr_0.0.17                         
 [65] nlme_3.1-168                            
 [66] GOSemSim_2.36.0                         
 [67] grid_4.5.2                              
 [68] cluster_2.1.8.1                         
 [69] reshape2_1.4.5                          
 [70] fgsea_1.36.2                            
 [71] gtable_0.3.6                            
 [72] R.methodsS3_1.8.2                       
 [73] tidyr_1.3.2                             
 [74] data.table_1.18.4                       
 [75] pillar_1.11.1                           
 [76] stringr_1.6.0                           
 [77] yulab.utils_0.2.4                       
 [78] splines_4.5.2                           
 [79] tweenr_2.0.3                            
 [80] dplyr_1.2.1                             
 [81] treeio_1.34.0                           
 [82] lattice_0.22-7                          
 [83] bit_4.6.0                               
 [84] tidyselect_1.2.1                        
 [85] fontLiberation_0.1.0                    
 [86] GO.db_3.22.0                            
 [87] fontBitstreamVera_0.1.1                 
 [88] SummarizedExperiment_1.40.0             
 [89] matrixStats_1.5.0                       
 [90] stringi_1.8.7                           
 [91] UCSC.utils_1.6.1                        
 [92] lazyeval_0.2.3                          
 [93] ggfun_0.2.1                             
 [94] yaml_2.3.12                             
 [95] boot_1.3-32                             
 [96] codetools_0.2-20                        
 [97] cigarillo_1.0.0                         
 [98] gdtools_0.5.1                           
 [99] tibble_3.3.1                            
[100] qvalue_2.42.0                           
[101] ggplotify_0.1.3                         
[102] cli_3.6.6                               
[103] systemfonts_1.3.2                       
[104] Rcpp_1.1.1-1.1                          
[105] GenomeInfoDb_1.46.2                     
[106] png_0.1-9                               
[107] XML_3.99-0.23                           
[108] parallel_4.5.2                          
[109] blob_1.3.0                              
[110] DOSE_4.4.0                              
[111] bitops_1.1-0                            
[112] tidytree_0.4.8                          
[113] ggiraph_0.9.6                           
[114] scales_1.4.0                            
[115] purrr_1.2.2                             
[116] crayon_1.5.3                            
[117] rlang_1.3.0                             
[118] cowplot_1.2.0                           
[119] fastmatch_1.1-8                         
[120] KEGGREST_1.50.0                         
