Loading packages
Checking arguments
Reading inputs
Adding average counts to peaks
Merging dar 
Match DAR
Set DAR values
Add metadata 
Save results 
Merging qtl 
Match QTL
Set QTL values
Add metadata 
Save results 
Merging int 
Match QTLxFC
Set QTL values
Add metadata 
Save results 
R version 4.5.2 (2025-10-31)
Platform: x86_64-pc-linux-gnu
Running under: Ubuntu 22.04.5 LTS

Matrix products: default
BLAS/LAPACK: /usr/lib/x86_64-linux-gnu/openblas-pthread/libopenblasp-r0.3.20.so;  LAPACK version 3.10.0

locale:
 [1] LC_CTYPE=C.UTF-8       LC_NUMERIC=C           LC_TIME=C.UTF-8       
 [4] LC_COLLATE=C.UTF-8     LC_MONETARY=C.UTF-8    LC_MESSAGES=C.UTF-8   
 [7] LC_PAPER=C.UTF-8       LC_NAME=C              LC_ADDRESS=C          
[10] LC_TELEPHONE=C         LC_MEASUREMENT=C.UTF-8 LC_IDENTIFICATION=C   

time zone: Etc/UTC
tzcode source: system (glibc)

attached base packages:
[1] stats4    parallel  stats     graphics  grDevices utils     datasets 
[8] methods   base     

other attached packages:
 [1] optparse_1.8.2              lubridate_1.9.5            
 [3] forcats_1.0.1               stringr_1.6.0              
 [5] dplyr_1.2.1                 purrr_1.2.2                
 [7] readr_2.2.0                 tidyr_1.3.2                
 [9] tibble_3.3.1                ggplot2_4.0.3              
[11] tidyverse_2.0.0             csaw_1.44.0                
[13] SummarizedExperiment_1.40.0 Biobase_2.70.0             
[15] MatrixGenerics_1.22.0       matrixStats_1.5.0          
[17] rtracklayer_1.70.1          GenomicRanges_1.62.1       
[19] Seqinfo_1.0.0               IRanges_2.44.0             
[21] S4Vectors_0.48.1            BiocGenerics_0.56.0        
[23] generics_0.1.4              doSNOW_1.0.20              
[25] snow_0.4-4                  doParallel_1.0.17          
[27] iterators_1.0.14            foreach_1.5.2              

loaded via a namespace (and not attached):
 [1] gtable_0.3.6             rjson_0.2.23             lattice_0.22-7          
 [4] tzdb_0.5.0               vctrs_0.7.3              tools_4.5.2             
 [7] bitops_1.1-0             curl_7.1.0               pkgconfig_2.0.3         
[10] Matrix_1.7-4             RColorBrewer_1.1-3       S7_0.2.2                
[13] cigarillo_1.0.0          lifecycle_1.0.5          compiler_4.5.2          
[16] farver_2.1.2             Rsamtools_2.26.0         Biostrings_2.78.0       
[19] statmod_1.5.2            codetools_0.2-20         RCurl_1.98-1.19         
[22] yaml_2.3.12              pillar_1.11.1            crayon_1.5.3            
[25] BiocParallel_1.44.0      DelayedArray_0.36.1      limma_3.66.0            
[28] abind_1.4-8              tidyselect_1.2.1         locfit_1.5-9.12         
[31] metapod_1.18.0           stringi_1.8.7            restfulr_0.0.17         
[34] grid_4.5.2               cli_3.6.6                SparseArray_1.10.10     
[37] magrittr_2.0.5           S4Arrays_1.10.1          XML_3.99-0.23           
[40] edgeR_4.8.2              withr_3.0.3              scales_1.4.0            
[43] timechange_0.4.0         XVector_0.50.0           httr_1.4.8              
[46] hms_1.1.4                BiocIO_1.20.0            rlang_1.3.0             
[49] Rcpp_1.1.1-1.1           glue_1.8.1               R6_2.6.1                
[52] GenomicAlignments_1.46.0
