Loading packages
Checking arguments
Reading inputs
Plotting volcanos for ATAC 
Plotting volcanos for RNA 
Loading required namespace: edgeR
There were 12 warnings (use warnings() to see them)
R version 4.5.2 (2025-10-31)
Platform: x86_64-pc-linux-gnu
Running under: Ubuntu 22.04.5 LTS

Matrix products: default
BLAS/LAPACK: /usr/lib/x86_64-linux-gnu/openblas-pthread/libopenblasp-r0.3.20.so;  LAPACK version 3.10.0

locale:
 [1] LC_CTYPE=C.UTF-8       LC_NUMERIC=C           LC_TIME=C.UTF-8       
 [4] LC_COLLATE=C.UTF-8     LC_MONETARY=C.UTF-8    LC_MESSAGES=C.UTF-8   
 [7] LC_PAPER=C.UTF-8       LC_NAME=C              LC_ADDRESS=C          
[10] LC_TELEPHONE=C         LC_MEASUREMENT=C.UTF-8 LC_IDENTIFICATION=C   

time zone: Etc/UTC
tzcode source: system (glibc)

attached base packages:
[1] stats4    stats     graphics  grDevices utils     datasets  methods  
[8] base     

other attached packages:
 [1] optparse_1.8.2                           
 [2] org.Mm.eg.db_3.22.0                      
 [3] TxDb.Mmusculus.UCSC.mm10.knownGene_3.10.0
 [4] GenomicFeatures_1.62.0                   
 [5] AnnotationDbi_1.72.0                     
 [6] Biobase_2.70.0                           
 [7] ChIPseeker_1.46.1                        
 [8] GenomicRanges_1.62.1                     
 [9] Seqinfo_1.0.0                            
[10] IRanges_2.44.0                           
[11] S4Vectors_0.48.1                         
[12] BiocGenerics_0.56.0                      
[13] generics_0.1.4                           
[14] ggrepel_0.9.8                            
[15] ggplot2_4.0.3                            

loaded via a namespace (and not attached):
  [1] RColorBrewer_1.1-3                      
  [2] jsonlite_2.0.0                          
  [3] tidydr_0.0.6                            
  [4] magrittr_2.0.5                          
  [5] ggtangle_0.1.2                          
  [6] farver_2.1.2                            
  [7] fs_2.1.0                                
  [8] BiocIO_1.20.0                           
  [9] vctrs_0.7.3                             
 [10] memoise_2.0.1                           
 [11] Rsamtools_2.26.0                        
 [12] RCurl_1.98-1.19                         
 [13] ggtree_4.0.5                            
 [14] htmltools_0.5.9                         
 [15] S4Arrays_1.10.1                         
 [16] TxDb.Hsapiens.UCSC.hg19.knownGene_3.22.1
 [17] plotrix_3.8-14                          
 [18] curl_7.1.0                              
 [19] SparseArray_1.10.10                     
 [20] gridGraphics_0.5-1                      
 [21] KernSmooth_2.23-26                      
 [22] htmlwidgets_1.6.4                       
 [23] plyr_1.8.9                              
 [24] cachem_1.1.0                            
 [25] GenomicAlignments_1.46.0                
 [26] igraph_2.3.3                            
 [27] lifecycle_1.0.5                         
 [28] pkgconfig_2.0.3                         
 [29] Matrix_1.7-4                            
 [30] R6_2.6.1                                
 [31] fastmap_1.2.0                           
 [32] MatrixGenerics_1.22.0                   
 [33] digest_0.6.39                           
 [34] aplot_0.3.1                             
 [35] enrichplot_1.30.5                       
 [36] ggnewscale_0.5.2                        
 [37] patchwork_1.3.2                         
 [38] RSQLite_3.53.3                          
 [39] labeling_0.4.3                          
 [40] polyclip_1.10-7                         
 [41] httr_1.4.8                              
 [42] abind_1.4-8                             
 [43] compiler_4.5.2                          
 [44] bit64_4.8.2                             
 [45] fontquiver_0.2.1                        
 [46] withr_3.0.3                             
 [47] S7_0.2.2                                
 [48] BiocParallel_1.44.0                     
 [49] DBI_1.3.0                               
 [50] gplots_3.3.0                            
 [51] ggforce_0.5.0                           
 [52] R.utils_2.13.0                          
 [53] MASS_7.3-65                             
 [54] rappdirs_0.3.4                          
 [55] DelayedArray_0.36.1                     
 [56] rjson_0.2.23                            
 [57] caTools_1.18.4                          
 [58] gtools_3.9.5                            
 [59] tools_4.5.2                             
 [60] otel_0.2.0                              
 [61] ape_5.8-1                               
 [62] scatterpie_0.2.6                        
 [63] R.oo_1.27.1                             
 [64] glue_1.8.1                              
 [65] restfulr_0.0.17                         
 [66] nlme_3.1-168                            
 [67] GOSemSim_2.36.0                         
 [68] grid_4.5.2                              
 [69] cluster_2.1.8.1                         
 [70] reshape2_1.4.5                          
 [71] fgsea_1.36.2                            
 [72] gtable_0.3.6                            
 [73] R.methodsS3_1.8.2                       
 [74] tidyr_1.3.2                             
 [75] data.table_1.18.4                       
 [76] XVector_0.50.0                          
 [77] pillar_1.11.1                           
 [78] stringr_1.6.0                           
 [79] limma_3.66.0                            
 [80] yulab.utils_0.2.4                       
 [81] splines_4.5.2                           
 [82] tweenr_2.0.3                            
 [83] dplyr_1.2.1                             
 [84] treeio_1.34.0                           
 [85] lattice_0.22-7                          
 [86] rtracklayer_1.70.1                      
 [87] bit_4.6.0                               
 [88] tidyselect_1.2.1                        
 [89] locfit_1.5-9.12                         
 [90] fontLiberation_0.1.0                    
 [91] GO.db_3.22.0                            
 [92] Biostrings_2.78.0                       
 [93] fontBitstreamVera_0.1.1                 
 [94] edgeR_4.8.2                             
 [95] SummarizedExperiment_1.40.0             
 [96] statmod_1.5.2                           
 [97] matrixStats_1.5.0                       
 [98] stringi_1.8.7                           
 [99] UCSC.utils_1.6.1                        
[100] lazyeval_0.2.3                          
[101] ggfun_0.2.1                             
[102] yaml_2.3.12                             
[103] boot_1.3-32                             
[104] codetools_0.2-20                        
[105] cigarillo_1.0.0                         
[106] gdtools_0.5.1                           
[107] tibble_3.3.1                            
[108] qvalue_2.42.0                           
[109] ggplotify_0.1.3                         
[110] cli_3.6.6                               
[111] systemfonts_1.3.2                       
[112] Rcpp_1.1.1-1.1                          
[113] GenomeInfoDb_1.46.2                     
[114] png_0.1-9                               
[115] XML_3.99-0.23                           
[116] parallel_4.5.2                          
[117] blob_1.3.0                              
[118] DOSE_4.4.0                              
[119] bitops_1.1-0                            
[120] tidytree_0.4.8                          
[121] ggiraph_0.9.6                           
[122] scales_1.4.0                            
[123] purrr_1.2.2                             
[124] crayon_1.5.3                            
[125] rlang_1.3.0                             
[126] cowplot_1.2.0                           
[127] fastmatch_1.1-8                         
[128] KEGGREST_1.50.0                         
