Reading inputs
Running t-test for each significant interaction 
[1] "Any value is NULL? "
R version 4.5.2 (2025-10-31)
Platform: x86_64-pc-linux-gnu
Running under: Ubuntu 22.04.5 LTS

Matrix products: default
BLAS/LAPACK: /usr/lib/x86_64-linux-gnu/openblas-pthread/libopenblasp-r0.3.20.so;  LAPACK version 3.10.0

locale:
 [1] LC_CTYPE=en_US.UTF-8       LC_NUMERIC=C              
 [3] LC_TIME=en_US.UTF-8        LC_COLLATE=en_US.UTF-8    
 [5] LC_MONETARY=en_US.UTF-8    LC_MESSAGES=en_US.UTF-8   
 [7] LC_PAPER=en_US.UTF-8       LC_NAME=C                 
 [9] LC_ADDRESS=C               LC_TELEPHONE=C            
[11] LC_MEASUREMENT=en_US.UTF-8 LC_IDENTIFICATION=C       

time zone: Etc/UTC
tzcode source: system (glibc)

attached base packages:
[1] parallel  stats     graphics  grDevices utils     datasets  methods  
[8] base     

other attached packages:
 [1] optparse_1.8.2    qtl2_0.46         lubridate_1.9.5   forcats_1.0.1    
 [5] stringr_1.6.0     dplyr_1.2.1       purrr_1.2.2       readr_2.2.0      
 [9] tidyr_1.3.2       tibble_3.3.1      ggplot2_4.0.3     tidyverse_2.0.0  
[13] doSNOW_1.0.20     snow_0.4-4        doParallel_1.0.17 iterators_1.0.14 
[17] foreach_1.5.2    

loaded via a namespace (and not attached):
 [1] generics_0.1.4      RSQLite_3.53.3      stringi_1.8.9      
 [4] hms_1.1.4           magrittr_2.0.5      grid_4.5.2         
 [7] timechange_0.4.0    RColorBrewer_1.1-3  fastmap_1.2.0      
[10] blob_1.3.0          DBI_1.3.0           scales_1.4.0       
[13] codetools_0.2-20    cli_3.6.6           rlang_1.3.0        
[16] bit64_4.8.4         withr_3.0.3         cachem_1.1.0       
[19] otel_0.2.0          tools_4.5.2         tzdb_0.5.0         
[22] memoise_2.0.1       vctrs_0.7.3         R6_2.6.1           
[25] lifecycle_1.0.5     bit_4.6.0           pkgconfig_2.0.3    
[28] pillar_1.11.1       gtable_0.3.6        glue_1.8.1         
[31] data.table_1.18.6.1 Rcpp_1.1.2          tidyselect_1.2.1   
[34] farver_2.1.2        compiler_4.5.2      S7_0.2.2           
