Aligning full sample <results/1-ATAC_fastq/subsampling/106_48a_SD_full.fq.gz> to <mm10> genome annotation
Time loading reference: 00:00:00
Time loading forward index: 00:00:00
Time loading mirror index: 00:00:00
Multiseed full-index search: 00:11:33
43220072 reads; of these:
  43220072 (100.00%) were unpaired; of these:
    276255 (0.64%) aligned 0 times
    27378530 (63.35%) aligned exactly 1 time
    15565287 (36.01%) aligned >1 times
99.36% overall alignment rate
Time searching: 00:11:33
Overall time: 00:11:33
Aligning subsample <results/1-ATAC_fastq/subsampling/106_48a_SD_sub1.fq.gz> to <mm10> genome annotation
Time loading reference: 00:00:00
Time loading forward index: 00:00:00
Time loading mirror index: 00:00:00
Multiseed full-index search: 00:05:22
20000000 reads; of these:
  20000000 (100.00%) were unpaired; of these:
    127803 (0.64%) aligned 0 times
    12667612 (63.34%) aligned exactly 1 time
    7204585 (36.02%) aligned >1 times
99.36% overall alignment rate
Time searching: 00:05:22
Overall time: 00:05:22
Aligning subsample <results/1-ATAC_fastq/subsampling/106_48a_SD_sub2.fq.gz> to <mm10> genome annotation
Time loading reference: 00:00:00
Time loading forward index: 00:00:00
Time loading mirror index: 00:00:00
Multiseed full-index search: 00:04:03
15000000 reads; of these:
  15000000 (100.00%) were unpaired; of these:
    95819 (0.64%) aligned 0 times
    9502289 (63.35%) aligned exactly 1 time
    5401892 (36.01%) aligned >1 times
99.36% overall alignment rate
Time searching: 00:04:03
Overall time: 00:04:03
Logs saved in <logs/2-ATAC_align/align_106_48a_SD.log>
