Aligning full sample <results/1-ATAC_fastq/subsampling/194_BXD98_CTRL_full.fq.gz> to <mm10> genome annotation
Time loading reference: 00:00:01
Time loading forward index: 00:00:00
Time loading mirror index: 00:00:00
Multiseed full-index search: 00:23:24
80800800 reads; of these:
  80800800 (100.00%) were unpaired; of these:
    584365 (0.72%) aligned 0 times
    52094213 (64.47%) aligned exactly 1 time
    28122222 (34.80%) aligned >1 times
99.28% overall alignment rate
Time searching: 00:23:25
Overall time: 00:23:25
Aligning subsample <results/1-ATAC_fastq/subsampling/194_BXD98_CTRL_sub1.fq.gz> to <mm10> genome annotation
Time loading reference: 00:00:00
Time loading forward index: 00:00:01
Time loading mirror index: 00:00:00
Multiseed full-index search: 00:07:18
20000000 reads; of these:
  20000000 (100.00%) were unpaired; of these:
    144818 (0.72%) aligned 0 times
    12894316 (64.47%) aligned exactly 1 time
    6960866 (34.80%) aligned >1 times
99.28% overall alignment rate
Time searching: 00:07:19
Overall time: 00:07:19
Aligning subsample <results/1-ATAC_fastq/subsampling/194_BXD98_CTRL_sub2.fq.gz> to <mm10> genome annotation
Time loading reference: 00:00:00
Time loading forward index: 00:00:01
Time loading mirror index: 00:00:00
Multiseed full-index search: 00:05:35
15000000 reads; of these:
  15000000 (100.00%) were unpaired; of these:
    108253 (0.72%) aligned 0 times
    9673677 (64.49%) aligned exactly 1 time
    5218070 (34.79%) aligned >1 times
99.28% overall alignment rate
Time searching: 00:05:36
Overall time: 00:05:36
Logs saved in <logs/2-ATAC_align/align_194_BXD98_CTRL.log>
