Aligning full sample <results/1-ATAC_fastq/subsampling/081_BXD55_CTRL_full.fq.gz> to <mm10> genome annotation
Time loading reference: 00:00:00
Time loading forward index: 00:00:00
Time loading mirror index: 00:00:00
Multiseed full-index search: 00:09:36
44652069 reads; of these:
  44652069 (100.00%) were unpaired; of these:
    625035 (1.40%) aligned 0 times
    25424912 (56.94%) aligned exactly 1 time
    18602122 (41.66%) aligned >1 times
98.60% overall alignment rate
Time searching: 00:09:36
Overall time: 00:09:36
Aligning subsample <results/1-ATAC_fastq/subsampling/081_BXD55_CTRL_sub1.fq.gz> to <mm10> genome annotation
Time loading reference: 00:00:00
Time loading forward index: 00:00:01
Time loading mirror index: 00:00:00
Multiseed full-index search: 00:04:23
20000000 reads; of these:
  20000000 (100.00%) were unpaired; of these:
    279789 (1.40%) aligned 0 times
    11384938 (56.92%) aligned exactly 1 time
    8335273 (41.68%) aligned >1 times
98.60% overall alignment rate
Time searching: 00:04:24
Overall time: 00:04:24
Aligning subsample <results/1-ATAC_fastq/subsampling/081_BXD55_CTRL_sub2.fq.gz> to <mm10> genome annotation
Time loading reference: 00:00:01
Time loading forward index: 00:00:00
Time loading mirror index: 00:00:00
Multiseed full-index search: 00:03:13
15000000 reads; of these:
  15000000 (100.00%) were unpaired; of these:
    209943 (1.40%) aligned 0 times
    8541778 (56.95%) aligned exactly 1 time
    6248279 (41.66%) aligned >1 times
98.60% overall alignment rate
Time searching: 00:03:14
Overall time: 00:03:14
Logs saved in <logs/2-ATAC_align/align_081_BXD55_CTRL.log>
