Aligning full sample <results/1-ATAC_fastq/subsampling/178_BXD95_CTRL_full.fq.gz> to <mm10> genome annotation
Time loading reference: 00:00:00
Time loading forward index: 00:00:00
Time loading mirror index: 00:00:00
Multiseed full-index search: 00:18:45
69438199 reads; of these:
  69438199 (100.00%) were unpaired; of these:
    514634 (0.74%) aligned 0 times
    44751904 (64.45%) aligned exactly 1 time
    24171661 (34.81%) aligned >1 times
99.26% overall alignment rate
Time searching: 00:18:45
Overall time: 00:18:45
Aligning subsample <results/1-ATAC_fastq/subsampling/178_BXD95_CTRL_sub1.fq.gz> to <mm10> genome annotation
Time loading reference: 00:00:01
Time loading forward index: 00:00:00
Time loading mirror index: 00:00:00
Multiseed full-index search: 00:05:30
20000000 reads; of these:
  20000000 (100.00%) were unpaired; of these:
    148452 (0.74%) aligned 0 times
    12888647 (64.44%) aligned exactly 1 time
    6962901 (34.81%) aligned >1 times
99.26% overall alignment rate
Time searching: 00:05:31
Overall time: 00:05:31
Aligning subsample <results/1-ATAC_fastq/subsampling/178_BXD95_CTRL_sub2.fq.gz> to <mm10> genome annotation
Time loading reference: 00:00:00
Time loading forward index: 00:00:00
Time loading mirror index: 00:00:01
Multiseed full-index search: 00:04:07
15000000 reads; of these:
  15000000 (100.00%) were unpaired; of these:
    111347 (0.74%) aligned 0 times
    9669456 (64.46%) aligned exactly 1 time
    5219197 (34.79%) aligned >1 times
99.26% overall alignment rate
Time searching: 00:04:08
Overall time: 00:04:08
Logs saved in <logs/2-ATAC_align/align_178_BXD95_CTRL.log>
