Aligning full sample <results/1-ATAC_fastq/subsampling/001_BXD45_SD_full.fq.gz> to <mm10> genome annotation
Time loading reference: 00:00:00
Time loading forward index: 00:00:01
Time loading mirror index: 00:00:00
Multiseed full-index search: 00:19:21
59399088 reads; of these:
  59399088 (100.00%) were unpaired; of these:
    451577 (0.76%) aligned 0 times
    35594259 (59.92%) aligned exactly 1 time
    23353252 (39.32%) aligned >1 times
99.24% overall alignment rate
Time searching: 00:19:22
Overall time: 00:19:22
Aligning subsample <results/1-ATAC_fastq/subsampling/001_BXD45_SD_sub1.fq.gz> to <mm10> genome annotation
Time loading reference: 00:00:00
Time loading forward index: 00:00:00
Time loading mirror index: 00:00:01
Multiseed full-index search: 00:06:32
20000000 reads; of these:
  20000000 (100.00%) were unpaired; of these:
    152017 (0.76%) aligned 0 times
    11983296 (59.92%) aligned exactly 1 time
    7864687 (39.32%) aligned >1 times
99.24% overall alignment rate
Time searching: 00:06:33
Overall time: 00:06:33
Aligning subsample <results/1-ATAC_fastq/subsampling/001_BXD45_SD_sub2.fq.gz> to <mm10> genome annotation
Time loading reference: 00:00:00
Time loading forward index: 00:00:00
Time loading mirror index: 00:00:01
Multiseed full-index search: 00:04:56
15000000 reads; of these:
  15000000 (100.00%) were unpaired; of these:
    114294 (0.76%) aligned 0 times
    8988296 (59.92%) aligned exactly 1 time
    5897410 (39.32%) aligned >1 times
99.24% overall alignment rate
Time searching: 00:04:57
Overall time: 00:04:57
Logs saved in <logs/2-ATAC_align/align_001_BXD45_SD.log>
