Aligning full sample <results/1-ATAC_fastq/subsampling/127_BXD83_SD_full.fq.gz> to <mm10> genome annotation
Time loading reference: 00:00:01
Time loading forward index: 00:00:00
Time loading mirror index: 00:00:00
Multiseed full-index search: 00:16:20
51713470 reads; of these:
  51713470 (100.00%) were unpaired; of these:
    269417 (0.52%) aligned 0 times
    32894167 (63.61%) aligned exactly 1 time
    18549886 (35.87%) aligned >1 times
99.48% overall alignment rate
Time searching: 00:16:21
Overall time: 00:16:21
Aligning subsample <results/1-ATAC_fastq/subsampling/127_BXD83_SD_sub1.fq.gz> to <mm10> genome annotation
Time loading reference: 00:00:00
Time loading forward index: 00:00:01
Time loading mirror index: 00:00:00
Multiseed full-index search: 00:06:21
20000000 reads; of these:
  20000000 (100.00%) were unpaired; of these:
    104380 (0.52%) aligned 0 times
    12723987 (63.62%) aligned exactly 1 time
    7171633 (35.86%) aligned >1 times
99.48% overall alignment rate
Time searching: 00:06:22
Overall time: 00:06:22
Aligning subsample <results/1-ATAC_fastq/subsampling/127_BXD83_SD_sub2.fq.gz> to <mm10> genome annotation
Time loading reference: 00:00:01
Time loading forward index: 00:00:00
Time loading mirror index: 00:00:00
Multiseed full-index search: 00:04:46
15000000 reads; of these:
  15000000 (100.00%) were unpaired; of these:
    78257 (0.52%) aligned 0 times
    9539939 (63.60%) aligned exactly 1 time
    5381804 (35.88%) aligned >1 times
99.48% overall alignment rate
Time searching: 00:04:47
Overall time: 00:04:47
Logs saved in <logs/2-ATAC_align/align_127_BXD83_SD.log>
