Aligning full sample <results/1-ATAC_fastq/subsampling/080_BXD49_SD_full.fq.gz> to <mm10> genome annotation
Time loading reference: 00:00:01
Time loading forward index: 00:00:00
Time loading mirror index: 00:00:00
Multiseed full-index search: 00:15:08
52031749 reads; of these:
  52031749 (100.00%) were unpaired; of these:
    206820 (0.40%) aligned 0 times
    32667529 (62.78%) aligned exactly 1 time
    19157400 (36.82%) aligned >1 times
99.60% overall alignment rate
Time searching: 00:15:09
Overall time: 00:15:09
Aligning subsample <results/1-ATAC_fastq/subsampling/080_BXD49_SD_sub1.fq.gz> to <mm10> genome annotation
Time loading reference: 00:00:00
Time loading forward index: 00:00:01
Time loading mirror index: 00:00:00
Multiseed full-index search: 00:05:48
20000000 reads; of these:
  20000000 (100.00%) were unpaired; of these:
    79597 (0.40%) aligned 0 times
    12556047 (62.78%) aligned exactly 1 time
    7364356 (36.82%) aligned >1 times
99.60% overall alignment rate
Time searching: 00:05:50
Overall time: 00:05:50
Aligning subsample <results/1-ATAC_fastq/subsampling/080_BXD49_SD_sub2.fq.gz> to <mm10> genome annotation
Time loading reference: 00:00:00
Time loading forward index: 00:00:00
Time loading mirror index: 00:00:00
Multiseed full-index search: 00:04:23
15000000 reads; of these:
  15000000 (100.00%) were unpaired; of these:
    59615 (0.40%) aligned 0 times
    9419071 (62.79%) aligned exactly 1 time
    5521314 (36.81%) aligned >1 times
99.60% overall alignment rate
Time searching: 00:04:23
Overall time: 00:04:23
Logs saved in <logs/2-ATAC_align/align_080_BXD49_SD.log>
