Aligning full sample <results/1-ATAC_fastq/subsampling/016_BXD70_CTRL_full.fq.gz> to <mm10> genome annotation
Time loading reference: 00:00:00
Time loading forward index: 00:00:01
Time loading mirror index: 00:00:00
Multiseed full-index search: 00:12:29
50621026 reads; of these:
  50621026 (100.00%) were unpaired; of these:
    263188 (0.52%) aligned 0 times
    32401388 (64.01%) aligned exactly 1 time
    17956450 (35.47%) aligned >1 times
99.48% overall alignment rate
Time searching: 00:12:30
Overall time: 00:12:30
Aligning subsample <results/1-ATAC_fastq/subsampling/016_BXD70_CTRL_sub1.fq.gz> to <mm10> genome annotation
Time loading reference: 00:00:00
Time loading forward index: 00:00:00
Time loading mirror index: 00:00:00
Multiseed full-index search: 00:04:57
20000000 reads; of these:
  20000000 (100.00%) were unpaired; of these:
    104442 (0.52%) aligned 0 times
    12799313 (64.00%) aligned exactly 1 time
    7096245 (35.48%) aligned >1 times
99.48% overall alignment rate
Time searching: 00:04:57
Overall time: 00:04:57
Aligning subsample <results/1-ATAC_fastq/subsampling/016_BXD70_CTRL_sub2.fq.gz> to <mm10> genome annotation
Time loading reference: 00:00:00
Time loading forward index: 00:00:00
Time loading mirror index: 00:00:00
Multiseed full-index search: 00:03:42
15000000 reads; of these:
  15000000 (100.00%) were unpaired; of these:
    77959 (0.52%) aligned 0 times
    9599138 (63.99%) aligned exactly 1 time
    5322903 (35.49%) aligned >1 times
99.48% overall alignment rate
Time searching: 00:03:42
Overall time: 00:03:42
Logs saved in <logs/2-ATAC_align/align_016_BXD70_CTRL.log>
