Aligning full sample <results/1-ATAC_fastq/subsampling/198_73b_CTRL_full.fq.gz> to <mm10> genome annotation
Time loading reference: 00:00:00
Time loading forward index: 00:00:00
Time loading mirror index: 00:00:01
Multiseed full-index search: 00:13:40
50962578 reads; of these:
  50962578 (100.00%) were unpaired; of these:
    254951 (0.50%) aligned 0 times
    33070621 (64.89%) aligned exactly 1 time
    17637006 (34.61%) aligned >1 times
99.50% overall alignment rate
Time searching: 00:13:41
Overall time: 00:13:41
Aligning subsample <results/1-ATAC_fastq/subsampling/198_73b_CTRL_sub1.fq.gz> to <mm10> genome annotation
Time loading reference: 00:00:00
Time loading forward index: 00:00:01
Time loading mirror index: 00:00:00
Multiseed full-index search: 00:05:34
20000000 reads; of these:
  20000000 (100.00%) were unpaired; of these:
    100200 (0.50%) aligned 0 times
    12978223 (64.89%) aligned exactly 1 time
    6921577 (34.61%) aligned >1 times
99.50% overall alignment rate
Time searching: 00:05:35
Overall time: 00:05:35
Aligning subsample <results/1-ATAC_fastq/subsampling/198_73b_CTRL_sub2.fq.gz> to <mm10> genome annotation
Time loading reference: 00:00:01
Time loading forward index: 00:00:00
Time loading mirror index: 00:00:00
Multiseed full-index search: 00:04:15
15000000 reads; of these:
  15000000 (100.00%) were unpaired; of these:
    75059 (0.50%) aligned 0 times
    9733288 (64.89%) aligned exactly 1 time
    5191653 (34.61%) aligned >1 times
99.50% overall alignment rate
Time searching: 00:04:16
Overall time: 00:04:16
Logs saved in <logs/2-ATAC_align/align_198_73b_CTRL.log>
