Aligning full sample <results/1-ATAC_fastq/subsampling/140_BXD98_CTRL_full.fq.gz> to <mm10> genome annotation
Time loading reference: 00:00:00
Time loading forward index: 00:00:01
Time loading mirror index: 00:00:00
Multiseed full-index search: 00:06:34
32550629 reads; of these:
  32550629 (100.00%) were unpaired; of these:
    548060 (1.68%) aligned 0 times
    15557052 (47.79%) aligned exactly 1 time
    16445517 (50.52%) aligned >1 times
98.32% overall alignment rate
Time searching: 00:06:36
Overall time: 00:06:36
Aligning subsample <results/1-ATAC_fastq/subsampling/140_BXD98_CTRL_sub1.fq.gz> to <mm10> genome annotation
Time loading reference: 00:00:00
Time loading forward index: 00:00:00
Time loading mirror index: 00:00:00
Multiseed full-index search: 00:03:57
20000000 reads; of these:
  20000000 (100.00%) were unpaired; of these:
    337117 (1.69%) aligned 0 times
    9557616 (47.79%) aligned exactly 1 time
    10105267 (50.53%) aligned >1 times
98.31% overall alignment rate
Time searching: 00:03:57
Overall time: 00:03:57
Aligning subsample <results/1-ATAC_fastq/subsampling/140_BXD98_CTRL_sub2.fq.gz> to <mm10> genome annotation
Time loading reference: 00:00:00
Time loading forward index: 00:00:01
Time loading mirror index: 00:00:00
Multiseed full-index search: 00:03:01
15000000 reads; of these:
  15000000 (100.00%) were unpaired; of these:
    252639 (1.68%) aligned 0 times
    7168775 (47.79%) aligned exactly 1 time
    7578586 (50.52%) aligned >1 times
98.32% overall alignment rate
Time searching: 00:03:02
Overall time: 00:03:02
Logs saved in <logs/2-ATAC_align/align_140_BXD98_CTRL.log>
