Aligning full sample <results/1-ATAC_fastq/subsampling/052_BXD66_CTRL_full.fq.gz> to <mm10> genome annotation
Time loading reference: 00:00:00
Time loading forward index: 00:00:01
Time loading mirror index: 00:00:00
Multiseed full-index search: 00:08:15
33932832 reads; of these:
  33932832 (100.00%) were unpaired; of these:
    201565 (0.59%) aligned 0 times
    18083022 (53.29%) aligned exactly 1 time
    15648245 (46.12%) aligned >1 times
99.41% overall alignment rate
Time searching: 00:08:16
Overall time: 00:08:16
Aligning subsample <results/1-ATAC_fastq/subsampling/052_BXD66_CTRL_sub1.fq.gz> to <mm10> genome annotation
Time loading reference: 00:00:01
Time loading forward index: 00:00:00
Time loading mirror index: 00:00:00
Multiseed full-index search: 00:04:53
20000000 reads; of these:
  20000000 (100.00%) were unpaired; of these:
    118799 (0.59%) aligned 0 times
    10659375 (53.30%) aligned exactly 1 time
    9221826 (46.11%) aligned >1 times
99.41% overall alignment rate
Time searching: 00:04:54
Overall time: 00:04:54
Aligning subsample <results/1-ATAC_fastq/subsampling/052_BXD66_CTRL_sub2.fq.gz> to <mm10> genome annotation
Time loading reference: 00:00:00
Time loading forward index: 00:00:01
Time loading mirror index: 00:00:00
Multiseed full-index search: 00:03:42
15000000 reads; of these:
  15000000 (100.00%) were unpaired; of these:
    89100 (0.59%) aligned 0 times
    7992896 (53.29%) aligned exactly 1 time
    6918004 (46.12%) aligned >1 times
99.41% overall alignment rate
Time searching: 00:03:43
Overall time: 00:03:43
Logs saved in <logs/2-ATAC_align/align_052_BXD66_CTRL.log>
