Aligning full sample <results/1-ATAC_fastq/subsampling/011_BXD66_SD_full.fq.gz> to <mm10> genome annotation
Time loading reference: 00:00:00
Time loading forward index: 00:00:00
Time loading mirror index: 00:00:00
Multiseed full-index search: 00:10:01
52667645 reads; of these:
  52667645 (100.00%) were unpaired; of these:
    603968 (1.15%) aligned 0 times
    31815276 (60.41%) aligned exactly 1 time
    20248401 (38.45%) aligned >1 times
98.85% overall alignment rate
Time searching: 00:10:01
Overall time: 00:10:01
Aligning subsample <results/1-ATAC_fastq/subsampling/011_BXD66_SD_sub1.fq.gz> to <mm10> genome annotation
Time loading reference: 00:00:00
Time loading forward index: 00:00:01
Time loading mirror index: 00:00:00
Multiseed full-index search: 00:03:48
20000000 reads; of these:
  20000000 (100.00%) were unpaired; of these:
    229932 (1.15%) aligned 0 times
    12077040 (60.39%) aligned exactly 1 time
    7693028 (38.47%) aligned >1 times
98.85% overall alignment rate
Time searching: 00:03:49
Overall time: 00:03:49
Aligning subsample <results/1-ATAC_fastq/subsampling/011_BXD66_SD_sub2.fq.gz> to <mm10> genome annotation
Time loading reference: 00:00:00
Time loading forward index: 00:00:00
Time loading mirror index: 00:00:01
Multiseed full-index search: 00:02:54
15000000 reads; of these:
  15000000 (100.00%) were unpaired; of these:
    171278 (1.14%) aligned 0 times
    9063083 (60.42%) aligned exactly 1 time
    5765639 (38.44%) aligned >1 times
98.86% overall alignment rate
Time searching: 00:02:55
Overall time: 00:02:55
Logs saved in <logs/2-ATAC_align/align_011_BXD66_SD.log>
