Aligning full sample <results/1-ATAC_fastq/subsampling/180_C57Bl6_CTRL_full.fq.gz> to <mm10> genome annotation
Time loading reference: 00:00:00
Time loading forward index: 00:00:00
Time loading mirror index: 00:00:00
Multiseed full-index search: 00:12:42
49135596 reads; of these:
  49135596 (100.00%) were unpaired; of these:
    321470 (0.65%) aligned 0 times
    31379278 (63.86%) aligned exactly 1 time
    17434848 (35.48%) aligned >1 times
99.35% overall alignment rate
Time searching: 00:12:42
Overall time: 00:12:42
Aligning subsample <results/1-ATAC_fastq/subsampling/180_C57Bl6_CTRL_sub1.fq.gz> to <mm10> genome annotation
Time loading reference: 00:00:01
Time loading forward index: 00:00:00
Time loading mirror index: 00:00:00
Multiseed full-index search: 00:05:16
20000000 reads; of these:
  20000000 (100.00%) were unpaired; of these:
    131025 (0.66%) aligned 0 times
    12773456 (63.87%) aligned exactly 1 time
    7095519 (35.48%) aligned >1 times
99.34% overall alignment rate
Time searching: 00:05:17
Overall time: 00:05:17
Aligning subsample <results/1-ATAC_fastq/subsampling/180_C57Bl6_CTRL_sub2.fq.gz> to <mm10> genome annotation
Time loading reference: 00:00:00
Time loading forward index: 00:00:00
Time loading mirror index: 00:00:00
Multiseed full-index search: 00:03:56
15000000 reads; of these:
  15000000 (100.00%) were unpaired; of these:
    98267 (0.66%) aligned 0 times
    9581490 (63.88%) aligned exactly 1 time
    5320243 (35.47%) aligned >1 times
99.34% overall alignment rate
Time searching: 00:03:56
Overall time: 00:03:56
Logs saved in <logs/2-ATAC_align/align_180_C57Bl6_CTRL.log>
