Aligning full sample <results/1-ATAC_fastq/subsampling/146_C57Bl6_CTRL_full.fq.gz> to <mm10> genome annotation
Time loading reference: 00:00:00
Time loading forward index: 00:00:01
Time loading mirror index: 00:00:00
Multiseed full-index search: 00:12:55
47156114 reads; of these:
  47156114 (100.00%) were unpaired; of these:
    170655 (0.36%) aligned 0 times
    30878273 (65.48%) aligned exactly 1 time
    16107186 (34.16%) aligned >1 times
99.64% overall alignment rate
Time searching: 00:12:56
Overall time: 00:12:56
Aligning subsample <results/1-ATAC_fastq/subsampling/146_C57Bl6_CTRL_sub1.fq.gz> to <mm10> genome annotation
Time loading reference: 00:00:00
Time loading forward index: 00:00:00
Time loading mirror index: 00:00:00
Multiseed full-index search: 00:05:29
20000000 reads; of these:
  20000000 (100.00%) were unpaired; of these:
    72698 (0.36%) aligned 0 times
    13095242 (65.48%) aligned exactly 1 time
    6832060 (34.16%) aligned >1 times
99.64% overall alignment rate
Time searching: 00:05:29
Overall time: 00:05:29
Aligning subsample <results/1-ATAC_fastq/subsampling/146_C57Bl6_CTRL_sub2.fq.gz> to <mm10> genome annotation
Time loading reference: 00:00:00
Time loading forward index: 00:00:01
Time loading mirror index: 00:00:00
Multiseed full-index search: 00:04:06
15000000 reads; of these:
  15000000 (100.00%) were unpaired; of these:
    54144 (0.36%) aligned 0 times
    9821817 (65.48%) aligned exactly 1 time
    5124039 (34.16%) aligned >1 times
99.64% overall alignment rate
Time searching: 00:04:07
Overall time: 00:04:07
Logs saved in <logs/2-ATAC_align/align_146_C57Bl6_CTRL.log>
