Aligning full sample <results/1-ATAC_fastq/subsampling/222_BXD101_CTRL_full.fq.gz> to <mm10> genome annotation
Time loading reference: 00:00:01
Time loading forward index: 00:00:00
Time loading mirror index: 00:00:00
Multiseed full-index search: 00:19:16
43657930 reads; of these:
  43657930 (100.00%) were unpaired; of these:
    186430 (0.43%) aligned 0 times
    27286340 (62.50%) aligned exactly 1 time
    16185160 (37.07%) aligned >1 times
99.57% overall alignment rate
Time searching: 00:19:17
Overall time: 00:19:17
Aligning subsample <results/1-ATAC_fastq/subsampling/222_BXD101_CTRL_sub1.fq.gz> to <mm10> genome annotation
Time loading reference: 00:00:00
Time loading forward index: 00:00:00
Time loading mirror index: 00:00:00
Multiseed full-index search: 00:08:51
20000000 reads; of these:
  20000000 (100.00%) were unpaired; of these:
    85183 (0.43%) aligned 0 times
    12502608 (62.51%) aligned exactly 1 time
    7412209 (37.06%) aligned >1 times
99.57% overall alignment rate
Time searching: 00:08:51
Overall time: 00:08:51
Aligning subsample <results/1-ATAC_fastq/subsampling/222_BXD101_CTRL_sub2.fq.gz> to <mm10> genome annotation
Time loading reference: 00:00:00
Time loading forward index: 00:00:00
Time loading mirror index: 00:00:01
Multiseed full-index search: 00:06:39
15000000 reads; of these:
  15000000 (100.00%) were unpaired; of these:
    64419 (0.43%) aligned 0 times
    9375703 (62.50%) aligned exactly 1 time
    5559878 (37.07%) aligned >1 times
99.57% overall alignment rate
Time searching: 00:06:40
Overall time: 00:06:40
Logs saved in <logs/2-ATAC_align/align_222_BXD101_CTRL.log>
