Aligning full sample <results/1-ATAC_fastq/subsampling/003_BXD51_SD_full.fq.gz> to <mm10> genome annotation
Time loading reference: 00:00:00
Time loading forward index: 00:00:01
Time loading mirror index: 00:00:00
Multiseed full-index search: 00:16:01
51977435 reads; of these:
  51977435 (100.00%) were unpaired; of these:
    218177 (0.42%) aligned 0 times
    34874920 (67.10%) aligned exactly 1 time
    16884338 (32.48%) aligned >1 times
99.58% overall alignment rate
Time searching: 00:16:02
Overall time: 00:16:02
Aligning subsample <results/1-ATAC_fastq/subsampling/003_BXD51_SD_sub1.fq.gz> to <mm10> genome annotation
Time loading reference: 00:00:00
Time loading forward index: 00:00:00
Time loading mirror index: 00:00:01
Multiseed full-index search: 00:05:40
20000000 reads; of these:
  20000000 (100.00%) were unpaired; of these:
    83825 (0.42%) aligned 0 times
    13416488 (67.08%) aligned exactly 1 time
    6499687 (32.50%) aligned >1 times
99.58% overall alignment rate
Time searching: 00:05:41
Overall time: 00:05:41
Aligning subsample <results/1-ATAC_fastq/subsampling/003_BXD51_SD_sub2.fq.gz> to <mm10> genome annotation
Time loading reference: 00:00:00
Time loading forward index: 00:00:01
Time loading mirror index: 00:00:00
Multiseed full-index search: 00:04:12
15000000 reads; of these:
  15000000 (100.00%) were unpaired; of these:
    62706 (0.42%) aligned 0 times
    10064848 (67.10%) aligned exactly 1 time
    4872446 (32.48%) aligned >1 times
99.58% overall alignment rate
Time searching: 00:04:13
Overall time: 00:04:13
Logs saved in <logs/2-ATAC_align/align_003_BXD51_SD.log>
