Aligning full sample <results/1-ATAC_fastq/subsampling/215_65a_SD_full.fq.gz> to <mm10> genome annotation
Time loading reference: 00:00:00
Time loading forward index: 00:00:01
Time loading mirror index: 00:00:00
Multiseed full-index search: 00:33:41
77393387 reads; of these:
  77393387 (100.00%) were unpaired; of these:
    295105 (0.38%) aligned 0 times
    49633207 (64.13%) aligned exactly 1 time
    27465075 (35.49%) aligned >1 times
99.62% overall alignment rate
Time searching: 00:33:42
Overall time: 00:33:42
Aligning subsample <results/1-ATAC_fastq/subsampling/215_65a_SD_sub1.fq.gz> to <mm10> genome annotation
Time loading reference: 00:00:00
Time loading forward index: 00:00:01
Time loading mirror index: 00:00:00
Multiseed full-index search: 00:08:49
20000000 reads; of these:
  20000000 (100.00%) were unpaired; of these:
    76291 (0.38%) aligned 0 times
    12825502 (64.13%) aligned exactly 1 time
    7098207 (35.49%) aligned >1 times
99.62% overall alignment rate
Time searching: 00:08:50
Overall time: 00:08:50
Aligning subsample <results/1-ATAC_fastq/subsampling/215_65a_SD_sub2.fq.gz> to <mm10> genome annotation
Time loading reference: 00:00:01
Time loading forward index: 00:00:00
Time loading mirror index: 00:00:00
Multiseed full-index search: 00:06:37
15000000 reads; of these:
  15000000 (100.00%) were unpaired; of these:
    57348 (0.38%) aligned 0 times
    9621542 (64.14%) aligned exactly 1 time
    5321110 (35.47%) aligned >1 times
99.62% overall alignment rate
Time searching: 00:06:38
Overall time: 00:06:38
Logs saved in <logs/2-ATAC_align/align_215_65a_SD.log>
