Aligning full sample <results/1-ATAC_fastq/subsampling/223_BXD101_SD_full.fq.gz> to <mm10> genome annotation
Time loading reference: 00:00:00
Time loading forward index: 00:00:00
Time loading mirror index: 00:00:00
Multiseed full-index search: 00:27:33
66654028 reads; of these:
  66654028 (100.00%) were unpaired; of these:
    273836 (0.41%) aligned 0 times
    42397473 (63.61%) aligned exactly 1 time
    23982719 (35.98%) aligned >1 times
99.59% overall alignment rate
Time searching: 00:27:33
Overall time: 00:27:33
Aligning subsample <results/1-ATAC_fastq/subsampling/223_BXD101_SD_sub1.fq.gz> to <mm10> genome annotation
Time loading reference: 00:00:00
Time loading forward index: 00:00:01
Time loading mirror index: 00:00:00
Multiseed full-index search: 00:08:13
20000000 reads; of these:
  20000000 (100.00%) were unpaired; of these:
    82120 (0.41%) aligned 0 times
    12718455 (63.59%) aligned exactly 1 time
    7199425 (36.00%) aligned >1 times
99.59% overall alignment rate
Time searching: 00:08:14
Overall time: 00:08:14
Aligning subsample <results/1-ATAC_fastq/subsampling/223_BXD101_SD_sub2.fq.gz> to <mm10> genome annotation
Time loading reference: 00:00:00
Time loading forward index: 00:00:01
Time loading mirror index: 00:00:00
Multiseed full-index search: 00:06:10
15000000 reads; of these:
  15000000 (100.00%) were unpaired; of these:
    61788 (0.41%) aligned 0 times
    9543014 (63.62%) aligned exactly 1 time
    5395198 (35.97%) aligned >1 times
99.59% overall alignment rate
Time searching: 00:06:11
Overall time: 00:06:11
Logs saved in <logs/2-ATAC_align/align_223_BXD101_SD.log>
