Aligning full sample <results/1-ATAC_fastq/subsampling/162_BXD67_CTRL_full.fq.gz> to <mm10> genome annotation
Time loading reference: 00:00:00
Time loading forward index: 00:00:00
Time loading mirror index: 00:00:01
Multiseed full-index search: 00:13:17
44194451 reads; of these:
  44194451 (100.00%) were unpaired; of these:
    238428 (0.54%) aligned 0 times
    26839008 (60.73%) aligned exactly 1 time
    17117015 (38.73%) aligned >1 times
99.46% overall alignment rate
Time searching: 00:13:18
Overall time: 00:13:18
Aligning subsample <results/1-ATAC_fastq/subsampling/162_BXD67_CTRL_sub1.fq.gz> to <mm10> genome annotation
Time loading reference: 00:00:00
Time loading forward index: 00:00:00
Time loading mirror index: 00:00:00
Multiseed full-index search: 00:06:06
20000000 reads; of these:
  20000000 (100.00%) were unpaired; of these:
    108025 (0.54%) aligned 0 times
    12147728 (60.74%) aligned exactly 1 time
    7744247 (38.72%) aligned >1 times
99.46% overall alignment rate
Time searching: 00:06:06
Overall time: 00:06:06
Aligning subsample <results/1-ATAC_fastq/subsampling/162_BXD67_CTRL_sub2.fq.gz> to <mm10> genome annotation
Time loading reference: 00:00:00
Time loading forward index: 00:00:01
Time loading mirror index: 00:00:00
Multiseed full-index search: 00:04:33
15000000 reads; of these:
  15000000 (100.00%) were unpaired; of these:
    80734 (0.54%) aligned 0 times
    9108194 (60.72%) aligned exactly 1 time
    5811072 (38.74%) aligned >1 times
99.46% overall alignment rate
Time searching: 00:04:34
Overall time: 00:04:34
Logs saved in <logs/2-ATAC_align/align_162_BXD67_CTRL.log>
