Aligning full sample <results/1-ATAC_fastq/subsampling/045_BXD56_SD_full.fq.gz> to <mm10> genome annotation
Time loading reference: 00:00:00
Time loading forward index: 00:00:00
Time loading mirror index: 00:00:00
Multiseed full-index search: 00:04:28
17358514 reads; of these:
  17358514 (100.00%) were unpaired; of these:
    133474 (0.77%) aligned 0 times
    10488666 (60.42%) aligned exactly 1 time
    6736374 (38.81%) aligned >1 times
99.23% overall alignment rate
Time searching: 00:04:28
Overall time: 00:04:28
Aligning subsample <results/1-ATAC_fastq/subsampling/045_BXD56_SD_sub1.fq.gz> to <mm10> genome annotation
Time loading reference: 00:00:00
Time loading forward index: 00:00:01
Time loading mirror index: 00:00:00
Multiseed full-index search: 00:04:30
17358514 reads; of these:
  17358514 (100.00%) were unpaired; of these:
    133474 (0.77%) aligned 0 times
    10488666 (60.42%) aligned exactly 1 time
    6736374 (38.81%) aligned >1 times
99.23% overall alignment rate
Time searching: 00:04:31
Overall time: 00:04:31
Aligning subsample <results/1-ATAC_fastq/subsampling/045_BXD56_SD_sub2.fq.gz> to <mm10> genome annotation
Time loading reference: 00:00:00
Time loading forward index: 00:00:00
Time loading mirror index: 00:00:01
Multiseed full-index search: 00:03:53
15000000 reads; of these:
  15000000 (100.00%) were unpaired; of these:
    115318 (0.77%) aligned 0 times
    9063562 (60.42%) aligned exactly 1 time
    5821120 (38.81%) aligned >1 times
99.23% overall alignment rate
Time searching: 00:03:54
Overall time: 00:03:54
Logs saved in <logs/2-ATAC_align/align_045_BXD56_SD.log>
