Aligning full sample <results/1-ATAC_fastq/subsampling/119_BXD51_SD_full.fq.gz> to <mm10> genome annotation
Time loading reference: 00:00:00
Time loading forward index: 00:00:01
Time loading mirror index: 00:00:00
Multiseed full-index search: 00:09:01
34794731 reads; of these:
  34794731 (100.00%) were unpaired; of these:
    399096 (1.15%) aligned 0 times
    19111893 (54.93%) aligned exactly 1 time
    15283742 (43.93%) aligned >1 times
98.85% overall alignment rate
Time searching: 00:09:02
Overall time: 00:09:02
Aligning subsample <results/1-ATAC_fastq/subsampling/119_BXD51_SD_sub1.fq.gz> to <mm10> genome annotation
Time loading reference: 00:00:00
Time loading forward index: 00:00:01
Time loading mirror index: 00:00:00
Multiseed full-index search: 00:05:12
20000000 reads; of these:
  20000000 (100.00%) were unpaired; of these:
    229300 (1.15%) aligned 0 times
    10985761 (54.93%) aligned exactly 1 time
    8784939 (43.92%) aligned >1 times
98.85% overall alignment rate
Time searching: 00:05:13
Overall time: 00:05:13
Aligning subsample <results/1-ATAC_fastq/subsampling/119_BXD51_SD_sub2.fq.gz> to <mm10> genome annotation
Time loading reference: 00:00:00
Time loading forward index: 00:00:01
Time loading mirror index: 00:00:00
Multiseed full-index search: 00:03:53
15000000 reads; of these:
  15000000 (100.00%) were unpaired; of these:
    172219 (1.15%) aligned 0 times
    8239123 (54.93%) aligned exactly 1 time
    6588658 (43.92%) aligned >1 times
98.85% overall alignment rate
Time searching: 00:03:54
Overall time: 00:03:54
Logs saved in <logs/2-ATAC_align/align_119_BXD51_SD.log>
