Aligning full sample <results/1-ATAC_fastq/subsampling/157_BXD61_SD_full.fq.gz> to <mm10> genome annotation
Time loading reference: 00:00:01
Time loading forward index: 00:00:00
Time loading mirror index: 00:00:00
Multiseed full-index search: 00:19:08
63354237 reads; of these:
  63354237 (100.00%) were unpaired; of these:
    280439 (0.44%) aligned 0 times
    40366125 (63.71%) aligned exactly 1 time
    22707673 (35.84%) aligned >1 times
99.56% overall alignment rate
Time searching: 00:19:09
Overall time: 00:19:09
Aligning subsample <results/1-ATAC_fastq/subsampling/157_BXD61_SD_sub1.fq.gz> to <mm10> genome annotation
Time loading reference: 00:00:00
Time loading forward index: 00:00:00
Time loading mirror index: 00:00:00
Multiseed full-index search: 00:06:05
20000000 reads; of these:
  20000000 (100.00%) were unpaired; of these:
    88741 (0.44%) aligned 0 times
    12744583 (63.72%) aligned exactly 1 time
    7166676 (35.83%) aligned >1 times
99.56% overall alignment rate
Time searching: 00:06:05
Overall time: 00:06:05
Aligning subsample <results/1-ATAC_fastq/subsampling/157_BXD61_SD_sub2.fq.gz> to <mm10> genome annotation
Time loading reference: 00:00:00
Time loading forward index: 00:00:00
Time loading mirror index: 00:00:01
Multiseed full-index search: 00:04:32
15000000 reads; of these:
  15000000 (100.00%) were unpaired; of these:
    66664 (0.44%) aligned 0 times
    9555581 (63.70%) aligned exactly 1 time
    5377755 (35.85%) aligned >1 times
99.56% overall alignment rate
Time searching: 00:04:33
Overall time: 00:04:33
Logs saved in <logs/2-ATAC_align/align_157_BXD61_SD.log>
