Aligning full sample <results/1-ATAC_fastq/subsampling/141_BXD98_SD_full.fq.gz> to <mm10> genome annotation
Time loading reference: 00:00:00
Time loading forward index: 00:00:01
Time loading mirror index: 00:00:00
Multiseed full-index search: 00:06:52
33192646 reads; of these:
  33192646 (100.00%) were unpaired; of these:
    282410 (0.85%) aligned 0 times
    16095641 (48.49%) aligned exactly 1 time
    16814595 (50.66%) aligned >1 times
99.15% overall alignment rate
Time searching: 00:06:53
Overall time: 00:06:53
Aligning subsample <results/1-ATAC_fastq/subsampling/141_BXD98_SD_sub1.fq.gz> to <mm10> genome annotation
Time loading reference: 00:00:00
Time loading forward index: 00:00:01
Time loading mirror index: 00:00:00
Multiseed full-index search: 00:04:12
20000000 reads; of these:
  20000000 (100.00%) were unpaired; of these:
    170096 (0.85%) aligned 0 times
    9696295 (48.48%) aligned exactly 1 time
    10133609 (50.67%) aligned >1 times
99.15% overall alignment rate
Time searching: 00:04:13
Overall time: 00:04:13
Aligning subsample <results/1-ATAC_fastq/subsampling/141_BXD98_SD_sub2.fq.gz> to <mm10> genome annotation
Time loading reference: 00:00:00
Time loading forward index: 00:00:01
Time loading mirror index: 00:00:00
Multiseed full-index search: 00:03:08
15000000 reads; of these:
  15000000 (100.00%) were unpaired; of these:
    128041 (0.85%) aligned 0 times
    7272850 (48.49%) aligned exactly 1 time
    7599109 (50.66%) aligned >1 times
99.15% overall alignment rate
Time searching: 00:03:09
Overall time: 00:03:09
Logs saved in <logs/2-ATAC_align/align_141_BXD98_SD.log>
