Aligning full sample <results/1-ATAC_fastq/subsampling/218_DBA_CTRL_full.fq.gz> to <mm10> genome annotation
Time loading reference: 00:00:00
Time loading forward index: 00:00:01
Time loading mirror index: 00:00:00
Multiseed full-index search: 00:20:18
43639981 reads; of these:
  43639981 (100.00%) were unpaired; of these:
    278273 (0.64%) aligned 0 times
    27080065 (62.05%) aligned exactly 1 time
    16281643 (37.31%) aligned >1 times
99.36% overall alignment rate
Time searching: 00:20:19
Overall time: 00:20:19
Aligning subsample <results/1-ATAC_fastq/subsampling/218_DBA_CTRL_sub1.fq.gz> to <mm10> genome annotation
Time loading reference: 00:00:00
Time loading forward index: 00:00:01
Time loading mirror index: 00:00:00
Multiseed full-index search: 00:09:18
20000000 reads; of these:
  20000000 (100.00%) were unpaired; of these:
    127697 (0.64%) aligned 0 times
    12411485 (62.06%) aligned exactly 1 time
    7460818 (37.30%) aligned >1 times
99.36% overall alignment rate
Time searching: 00:09:19
Overall time: 00:09:19
Aligning subsample <results/1-ATAC_fastq/subsampling/218_DBA_CTRL_sub2.fq.gz> to <mm10> genome annotation
Time loading reference: 00:00:00
Time loading forward index: 00:00:00
Time loading mirror index: 00:00:00
Multiseed full-index search: 00:07:01
15000000 reads; of these:
  15000000 (100.00%) were unpaired; of these:
    95403 (0.64%) aligned 0 times
    9306108 (62.04%) aligned exactly 1 time
    5598489 (37.32%) aligned >1 times
99.36% overall alignment rate
Time searching: 00:07:01
Overall time: 00:07:01
Logs saved in <logs/2-ATAC_align/align_218_DBA_CTRL.log>
