Aligning full sample <results/1-ATAC_fastq/subsampling/033_C57Bl6_SD_full.fq.gz> to <mm10> genome annotation
Time loading reference: 00:00:01
Time loading forward index: 00:00:00
Time loading mirror index: 00:00:00
Multiseed full-index search: 00:12:09
37761902 reads; of these:
  37761902 (100.00%) were unpaired; of these:
    336652 (0.89%) aligned 0 times
    22404350 (59.33%) aligned exactly 1 time
    15020900 (39.78%) aligned >1 times
99.11% overall alignment rate
Time searching: 00:12:10
Overall time: 00:12:10
Aligning subsample <results/1-ATAC_fastq/subsampling/033_C57Bl6_SD_sub1.fq.gz> to <mm10> genome annotation
Time loading reference: 00:00:00
Time loading forward index: 00:00:01
Time loading mirror index: 00:00:00
Multiseed full-index search: 00:06:19
20000000 reads; of these:
  20000000 (100.00%) were unpaired; of these:
    177757 (0.89%) aligned 0 times
    11864956 (59.32%) aligned exactly 1 time
    7957287 (39.79%) aligned >1 times
99.11% overall alignment rate
Time searching: 00:06:20
Overall time: 00:06:20
Aligning subsample <results/1-ATAC_fastq/subsampling/033_C57Bl6_SD_sub2.fq.gz> to <mm10> genome annotation
Time loading reference: 00:00:01
Time loading forward index: 00:00:00
Time loading mirror index: 00:00:00
Multiseed full-index search: 00:04:46
15000000 reads; of these:
  15000000 (100.00%) were unpaired; of these:
    133716 (0.89%) aligned 0 times
    8900536 (59.34%) aligned exactly 1 time
    5965748 (39.77%) aligned >1 times
99.11% overall alignment rate
Time searching: 00:04:47
Overall time: 00:04:47
Logs saved in <logs/2-ATAC_align/align_033_C57Bl6_SD.log>
