Aligning full sample <results/1-ATAC_fastq/subsampling/073_BXD85_SD_full.fq.gz> to <mm10> genome annotation
Time loading reference: 00:00:00
Time loading forward index: 00:00:01
Time loading mirror index: 00:00:00
Multiseed full-index search: 00:14:49
51723624 reads; of these:
  51723624 (100.00%) were unpaired; of these:
    177237 (0.34%) aligned 0 times
    34018890 (65.77%) aligned exactly 1 time
    17527497 (33.89%) aligned >1 times
99.66% overall alignment rate
Time searching: 00:14:50
Overall time: 00:14:50
Aligning subsample <results/1-ATAC_fastq/subsampling/073_BXD85_SD_sub1.fq.gz> to <mm10> genome annotation
Time loading reference: 00:00:00
Time loading forward index: 00:00:01
Time loading mirror index: 00:00:00
Multiseed full-index search: 00:05:45
20000000 reads; of these:
  20000000 (100.00%) were unpaired; of these:
    68563 (0.34%) aligned 0 times
    13151804 (65.76%) aligned exactly 1 time
    6779633 (33.90%) aligned >1 times
99.66% overall alignment rate
Time searching: 00:05:46
Overall time: 00:05:46
Aligning subsample <results/1-ATAC_fastq/subsampling/073_BXD85_SD_sub2.fq.gz> to <mm10> genome annotation
Time loading reference: 00:00:00
Time loading forward index: 00:00:01
Time loading mirror index: 00:00:00
Multiseed full-index search: 00:04:22
15000000 reads; of these:
  15000000 (100.00%) were unpaired; of these:
    51488 (0.34%) aligned 0 times
    9864369 (65.76%) aligned exactly 1 time
    5084143 (33.89%) aligned >1 times
99.66% overall alignment rate
Time searching: 00:04:23
Overall time: 00:04:23
Logs saved in <logs/2-ATAC_align/align_073_BXD85_SD.log>
