Aligning full sample <results/1-ATAC_fastq/subsampling/009_BXD61_SD_full.fq.gz> to <mm10> genome annotation
Time loading reference: 00:00:00
Time loading forward index: 00:00:01
Time loading mirror index: 00:00:00
Multiseed full-index search: 00:09:54
47007601 reads; of these:
  47007601 (100.00%) were unpaired; of these:
    406736 (0.87%) aligned 0 times
    28487652 (60.60%) aligned exactly 1 time
    18113213 (38.53%) aligned >1 times
99.13% overall alignment rate
Time searching: 00:09:55
Overall time: 00:09:55
Aligning subsample <results/1-ATAC_fastq/subsampling/009_BXD61_SD_sub1.fq.gz> to <mm10> genome annotation
Time loading reference: 00:00:00
Time loading forward index: 00:00:00
Time loading mirror index: 00:00:00
Multiseed full-index search: 00:04:16
20000000 reads; of these:
  20000000 (100.00%) were unpaired; of these:
    172779 (0.86%) aligned 0 times
    12120437 (60.60%) aligned exactly 1 time
    7706784 (38.53%) aligned >1 times
99.14% overall alignment rate
Time searching: 00:04:16
Overall time: 00:04:16
Aligning subsample <results/1-ATAC_fastq/subsampling/009_BXD61_SD_sub2.fq.gz> to <mm10> genome annotation
Time loading reference: 00:00:00
Time loading forward index: 00:00:00
Time loading mirror index: 00:00:00
Multiseed full-index search: 00:03:16
15000000 reads; of these:
  15000000 (100.00%) were unpaired; of these:
    129893 (0.87%) aligned 0 times
    9088852 (60.59%) aligned exactly 1 time
    5781255 (38.54%) aligned >1 times
99.13% overall alignment rate
Time searching: 00:03:16
Overall time: 00:03:16
Logs saved in <logs/2-ATAC_align/align_009_BXD61_SD.log>
