Aligning full sample <results/1-ATAC_fastq/subsampling/202_DBA_CTRL_full.fq.gz> to <mm10> genome annotation
Time loading reference: 00:00:01
Time loading forward index: 00:00:00
Time loading mirror index: 00:00:00
Multiseed full-index search: 00:09:54
39692374 reads; of these:
  39692374 (100.00%) were unpaired; of these:
    346333 (0.87%) aligned 0 times
    22663028 (57.10%) aligned exactly 1 time
    16683013 (42.03%) aligned >1 times
99.13% overall alignment rate
Time searching: 00:09:55
Overall time: 00:09:55
Aligning subsample <results/1-ATAC_fastq/subsampling/202_DBA_CTRL_sub1.fq.gz> to <mm10> genome annotation
Time loading reference: 00:00:00
Time loading forward index: 00:00:01
Time loading mirror index: 00:00:00
Multiseed full-index search: 00:05:05
20000000 reads; of these:
  20000000 (100.00%) were unpaired; of these:
    174553 (0.87%) aligned 0 times
    11420769 (57.10%) aligned exactly 1 time
    8404678 (42.02%) aligned >1 times
99.13% overall alignment rate
Time searching: 00:05:06
Overall time: 00:05:06
Aligning subsample <results/1-ATAC_fastq/subsampling/202_DBA_CTRL_sub2.fq.gz> to <mm10> genome annotation
Time loading reference: 00:00:01
Time loading forward index: 00:00:00
Time loading mirror index: 00:00:00
Multiseed full-index search: 00:03:48
15000000 reads; of these:
  15000000 (100.00%) were unpaired; of these:
    130730 (0.87%) aligned 0 times
    8564954 (57.10%) aligned exactly 1 time
    6304316 (42.03%) aligned >1 times
99.13% overall alignment rate
Time searching: 00:03:49
Overall time: 00:03:49
Logs saved in <logs/2-ATAC_align/align_202_DBA_CTRL.log>
