Aligning full sample <results/1-ATAC_fastq/subsampling/078_BXD45_SD_full.fq.gz> to <mm10> genome annotation
Time loading reference: 00:00:00
Time loading forward index: 00:00:00
Time loading mirror index: 00:00:00
Multiseed full-index search: 00:12:01
46028855 reads; of these:
  46028855 (100.00%) were unpaired; of these:
    235872 (0.51%) aligned 0 times
    28055344 (60.95%) aligned exactly 1 time
    17737639 (38.54%) aligned >1 times
99.49% overall alignment rate
Time searching: 00:12:01
Overall time: 00:12:01
Aligning subsample <results/1-ATAC_fastq/subsampling/078_BXD45_SD_sub1.fq.gz> to <mm10> genome annotation
Time loading reference: 00:00:00
Time loading forward index: 00:00:01
Time loading mirror index: 00:00:00
Multiseed full-index search: 00:05:17
20000000 reads; of these:
  20000000 (100.00%) were unpaired; of these:
    102604 (0.51%) aligned 0 times
    12188855 (60.94%) aligned exactly 1 time
    7708541 (38.54%) aligned >1 times
99.49% overall alignment rate
Time searching: 00:05:18
Overall time: 00:05:18
Aligning subsample <results/1-ATAC_fastq/subsampling/078_BXD45_SD_sub2.fq.gz> to <mm10> genome annotation
Time loading reference: 00:00:00
Time loading forward index: 00:00:01
Time loading mirror index: 00:00:00
Multiseed full-index search: 00:03:58
15000000 reads; of these:
  15000000 (100.00%) were unpaired; of these:
    76695 (0.51%) aligned 0 times
    9143020 (60.95%) aligned exactly 1 time
    5780285 (38.54%) aligned >1 times
99.49% overall alignment rate
Time searching: 00:03:59
Overall time: 00:03:59
Logs saved in <logs/2-ATAC_align/align_078_BXD45_SD.log>
