Aligning full sample <results/1-ATAC_fastq/subsampling/210_BXD79_CTRL_full.fq.gz> to <mm10> genome annotation
Time loading reference: 00:00:00
Time loading forward index: 00:00:01
Time loading mirror index: 00:00:00
Multiseed full-index search: 00:16:54
50355147 reads; of these:
  50355147 (100.00%) were unpaired; of these:
    228248 (0.45%) aligned 0 times
    33086185 (65.71%) aligned exactly 1 time
    17040714 (33.84%) aligned >1 times
99.55% overall alignment rate
Time searching: 00:16:55
Overall time: 00:16:55
Aligning subsample <results/1-ATAC_fastq/subsampling/210_BXD79_CTRL_sub1.fq.gz> to <mm10> genome annotation
Time loading reference: 00:00:00
Time loading forward index: 00:00:00
Time loading mirror index: 00:00:00
Multiseed full-index search: 00:07:01
20000000 reads; of these:
  20000000 (100.00%) were unpaired; of these:
    90475 (0.45%) aligned 0 times
    13142700 (65.71%) aligned exactly 1 time
    6766825 (33.83%) aligned >1 times
99.55% overall alignment rate
Time searching: 00:07:01
Overall time: 00:07:01
Aligning subsample <results/1-ATAC_fastq/subsampling/210_BXD79_CTRL_sub2.fq.gz> to <mm10> genome annotation
Time loading reference: 00:00:00
Time loading forward index: 00:00:00
Time loading mirror index: 00:00:00
Multiseed full-index search: 00:05:09
15000000 reads; of these:
  15000000 (100.00%) were unpaired; of these:
    68119 (0.45%) aligned 0 times
    9852625 (65.68%) aligned exactly 1 time
    5079256 (33.86%) aligned >1 times
99.55% overall alignment rate
Time searching: 00:05:09
Overall time: 00:05:09
Logs saved in <logs/2-ATAC_align/align_210_BXD79_CTRL.log>
