Aligning full sample <results/1-ATAC_fastq/subsampling/030_BXD100_CTRL_full.fq.gz> to <mm10> genome annotation
Time loading reference: 00:00:00
Time loading forward index: 00:00:01
Time loading mirror index: 00:00:00
Multiseed full-index search: 00:08:20
41255383 reads; of these:
  41255383 (100.00%) were unpaired; of these:
    549707 (1.33%) aligned 0 times
    22170925 (53.74%) aligned exactly 1 time
    18534751 (44.93%) aligned >1 times
98.67% overall alignment rate
Time searching: 00:08:21
Overall time: 00:08:21
Aligning subsample <results/1-ATAC_fastq/subsampling/030_BXD100_CTRL_sub1.fq.gz> to <mm10> genome annotation
Time loading reference: 00:00:01
Time loading forward index: 00:00:00
Time loading mirror index: 00:00:00
Multiseed full-index search: 00:04:05
20000000 reads; of these:
  20000000 (100.00%) were unpaired; of these:
    266446 (1.33%) aligned 0 times
    10748975 (53.74%) aligned exactly 1 time
    8984579 (44.92%) aligned >1 times
98.67% overall alignment rate
Time searching: 00:04:06
Overall time: 00:04:06
Aligning subsample <results/1-ATAC_fastq/subsampling/030_BXD100_CTRL_sub2.fq.gz> to <mm10> genome annotation
Time loading reference: 00:00:00
Time loading forward index: 00:00:00
Time loading mirror index: 00:00:00
Multiseed full-index search: 00:03:10
15000000 reads; of these:
  15000000 (100.00%) were unpaired; of these:
    200179 (1.33%) aligned 0 times
    8059385 (53.73%) aligned exactly 1 time
    6740436 (44.94%) aligned >1 times
98.67% overall alignment rate
Time searching: 00:03:10
Overall time: 00:03:10
Logs saved in <logs/2-ATAC_align/align_030_BXD100_CTRL.log>
