Aligning full sample <results/1-ATAC_fastq/subsampling/100_BXD83_SD_full.fq.gz> to <mm10> genome annotation
Time loading reference: 00:00:00
Time loading forward index: 00:00:00
Time loading mirror index: 00:00:00
Multiseed full-index search: 00:12:05
42730832 reads; of these:
  42730832 (100.00%) were unpaired; of these:
    209607 (0.49%) aligned 0 times
    25238324 (59.06%) aligned exactly 1 time
    17282901 (40.45%) aligned >1 times
99.51% overall alignment rate
Time searching: 00:12:05
Overall time: 00:12:05
Aligning subsample <results/1-ATAC_fastq/subsampling/100_BXD83_SD_sub1.fq.gz> to <mm10> genome annotation
Time loading reference: 00:00:00
Time loading forward index: 00:00:01
Time loading mirror index: 00:00:00
Multiseed full-index search: 00:05:01
20000000 reads; of these:
  20000000 (100.00%) were unpaired; of these:
    98158 (0.49%) aligned 0 times
    11810005 (59.05%) aligned exactly 1 time
    8091837 (40.46%) aligned >1 times
99.51% overall alignment rate
Time searching: 00:05:02
Overall time: 00:05:02
Aligning subsample <results/1-ATAC_fastq/subsampling/100_BXD83_SD_sub2.fq.gz> to <mm10> genome annotation
Time loading reference: 00:00:01
Time loading forward index: 00:00:00
Time loading mirror index: 00:00:00
Multiseed full-index search: 00:03:46
15000000 reads; of these:
  15000000 (100.00%) were unpaired; of these:
    73718 (0.49%) aligned 0 times
    8859821 (59.07%) aligned exactly 1 time
    6066461 (40.44%) aligned >1 times
99.51% overall alignment rate
Time searching: 00:03:47
Overall time: 00:03:47
Logs saved in <logs/2-ATAC_align/align_100_BXD83_SD.log>
