Aligning full sample <results/1-ATAC_fastq/subsampling/165_BXD70_SD_full.fq.gz> to <mm10> genome annotation
Time loading reference: 00:00:00
Time loading forward index: 00:00:00
Time loading mirror index: 00:00:01
Multiseed full-index search: 00:13:51
46863185 reads; of these:
  46863185 (100.00%) were unpaired; of these:
    391607 (0.84%) aligned 0 times
    29524114 (63.00%) aligned exactly 1 time
    16947464 (36.16%) aligned >1 times
99.16% overall alignment rate
Time searching: 00:13:52
Overall time: 00:13:52
Aligning subsample <results/1-ATAC_fastq/subsampling/165_BXD70_SD_sub1.fq.gz> to <mm10> genome annotation
Time loading reference: 00:00:00
Time loading forward index: 00:00:01
Time loading mirror index: 00:00:00
Multiseed full-index search: 00:05:53
20000000 reads; of these:
  20000000 (100.00%) were unpaired; of these:
    167271 (0.84%) aligned 0 times
    12602078 (63.01%) aligned exactly 1 time
    7230651 (36.15%) aligned >1 times
99.16% overall alignment rate
Time searching: 00:05:54
Overall time: 00:05:54
Aligning subsample <results/1-ATAC_fastq/subsampling/165_BXD70_SD_sub2.fq.gz> to <mm10> genome annotation
Time loading reference: 00:00:01
Time loading forward index: 00:00:00
Time loading mirror index: 00:00:00
Multiseed full-index search: 00:04:21
15000000 reads; of these:
  15000000 (100.00%) were unpaired; of these:
    125400 (0.84%) aligned 0 times
    9450803 (63.01%) aligned exactly 1 time
    5423797 (36.16%) aligned >1 times
99.16% overall alignment rate
Time searching: 00:04:22
Overall time: 00:04:22
Logs saved in <logs/2-ATAC_align/align_165_BXD70_SD.log>
