Aligning full sample <results/1-ATAC_fastq/subsampling/039_BXD49_SD_full.fq.gz> to <mm10> genome annotation
Time loading reference: 00:00:00
Time loading forward index: 00:00:00
Time loading mirror index: 00:00:00
Multiseed full-index search: 00:08:18
35185133 reads; of these:
  35185133 (100.00%) were unpaired; of these:
    665426 (1.89%) aligned 0 times
    19114991 (54.33%) aligned exactly 1 time
    15404716 (43.78%) aligned >1 times
98.11% overall alignment rate
Time searching: 00:08:18
Overall time: 00:08:18
Aligning subsample <results/1-ATAC_fastq/subsampling/039_BXD49_SD_sub1.fq.gz> to <mm10> genome annotation
Time loading reference: 00:00:01
Time loading forward index: 00:00:00
Time loading mirror index: 00:00:00
Multiseed full-index search: 00:04:48
20000000 reads; of these:
  20000000 (100.00%) were unpaired; of these:
    378113 (1.89%) aligned 0 times
    10863654 (54.32%) aligned exactly 1 time
    8758233 (43.79%) aligned >1 times
98.11% overall alignment rate
Time searching: 00:04:49
Overall time: 00:04:49
Aligning subsample <results/1-ATAC_fastq/subsampling/039_BXD49_SD_sub2.fq.gz> to <mm10> genome annotation
Time loading reference: 00:00:00
Time loading forward index: 00:00:01
Time loading mirror index: 00:00:00
Multiseed full-index search: 00:03:39
15000000 reads; of these:
  15000000 (100.00%) were unpaired; of these:
    284897 (1.90%) aligned 0 times
    8147993 (54.32%) aligned exactly 1 time
    6567110 (43.78%) aligned >1 times
98.10% overall alignment rate
Time searching: 00:03:40
Overall time: 00:03:40
Logs saved in <logs/2-ATAC_align/align_039_BXD49_SD.log>
