Aligning full sample <results/1-ATAC_fastq/subsampling/072_DBA_CTRL_full.fq.gz> to <mm10> genome annotation
Time loading reference: 00:00:00
Time loading forward index: 00:00:01
Time loading mirror index: 00:00:00
Multiseed full-index search: 00:12:06
42747901 reads; of these:
  42747901 (100.00%) were unpaired; of these:
    254824 (0.60%) aligned 0 times
    25980284 (60.78%) aligned exactly 1 time
    16512793 (38.63%) aligned >1 times
99.40% overall alignment rate
Time searching: 00:12:07
Overall time: 00:12:07
Aligning subsample <results/1-ATAC_fastq/subsampling/072_DBA_CTRL_sub1.fq.gz> to <mm10> genome annotation
Time loading reference: 00:00:00
Time loading forward index: 00:00:00
Time loading mirror index: 00:00:01
Multiseed full-index search: 00:05:42
20000000 reads; of these:
  20000000 (100.00%) were unpaired; of these:
    119024 (0.60%) aligned 0 times
    12153547 (60.77%) aligned exactly 1 time
    7727429 (38.64%) aligned >1 times
99.40% overall alignment rate
Time searching: 00:05:43
Overall time: 00:05:43
Aligning subsample <results/1-ATAC_fastq/subsampling/072_DBA_CTRL_sub2.fq.gz> to <mm10> genome annotation
Time loading reference: 00:00:00
Time loading forward index: 00:00:00
Time loading mirror index: 00:00:01
Multiseed full-index search: 00:04:18
15000000 reads; of these:
  15000000 (100.00%) were unpaired; of these:
    89098 (0.59%) aligned 0 times
    9116159 (60.77%) aligned exactly 1 time
    5794743 (38.63%) aligned >1 times
99.41% overall alignment rate
Time searching: 00:04:19
Overall time: 00:04:19
Logs saved in <logs/2-ATAC_align/align_072_DBA_CTRL.log>
