Aligning full sample <results/1-ATAC_fastq/subsampling/175_BXD89_SD_full.fq.gz> to <mm10> genome annotation
Time loading reference: 00:00:00
Time loading forward index: 00:00:00
Time loading mirror index: 00:00:01
Multiseed full-index search: 00:12:10
48754219 reads; of these:
  48754219 (100.00%) were unpaired; of these:
    569351 (1.17%) aligned 0 times
    30707677 (62.98%) aligned exactly 1 time
    17477191 (35.85%) aligned >1 times
98.83% overall alignment rate
Time searching: 00:12:11
Overall time: 00:12:11
Aligning subsample <results/1-ATAC_fastq/subsampling/175_BXD89_SD_sub1.fq.gz> to <mm10> genome annotation
Time loading reference: 00:00:00
Time loading forward index: 00:00:00
Time loading mirror index: 00:00:01
Multiseed full-index search: 00:05:01
20000000 reads; of these:
  20000000 (100.00%) were unpaired; of these:
    233990 (1.17%) aligned 0 times
    12595243 (62.98%) aligned exactly 1 time
    7170767 (35.85%) aligned >1 times
98.83% overall alignment rate
Time searching: 00:05:02
Overall time: 00:05:02
Aligning subsample <results/1-ATAC_fastq/subsampling/175_BXD89_SD_sub2.fq.gz> to <mm10> genome annotation
Time loading reference: 00:00:00
Time loading forward index: 00:00:00
Time loading mirror index: 00:00:01
Multiseed full-index search: 00:03:46
15000000 reads; of these:
  15000000 (100.00%) were unpaired; of these:
    175123 (1.17%) aligned 0 times
    9447957 (62.99%) aligned exactly 1 time
    5376920 (35.85%) aligned >1 times
98.83% overall alignment rate
Time searching: 00:03:47
Overall time: 00:03:47
Logs saved in <logs/2-ATAC_align/align_175_BXD89_SD.log>
