Aligning full sample <results/1-ATAC_fastq/subsampling/111_DBA_CTRL_full.fq.gz> to <mm10> genome annotation
Time loading reference: 00:00:00
Time loading forward index: 00:00:01
Time loading mirror index: 00:00:00
Multiseed full-index search: 00:18:09
48512902 reads; of these:
  48512902 (100.00%) were unpaired; of these:
    346549 (0.71%) aligned 0 times
    28357845 (58.45%) aligned exactly 1 time
    19808508 (40.83%) aligned >1 times
99.29% overall alignment rate
Time searching: 00:18:10
Overall time: 00:18:10
Aligning subsample <results/1-ATAC_fastq/subsampling/111_DBA_CTRL_sub1.fq.gz> to <mm10> genome annotation
Time loading reference: 00:00:00
Time loading forward index: 00:00:00
Time loading mirror index: 00:00:00
Multiseed full-index search: 00:07:31
20000000 reads; of these:
  20000000 (100.00%) were unpaired; of these:
    142934 (0.71%) aligned 0 times
    11693650 (58.47%) aligned exactly 1 time
    8163416 (40.82%) aligned >1 times
99.29% overall alignment rate
Time searching: 00:07:31
Overall time: 00:07:31
Aligning subsample <results/1-ATAC_fastq/subsampling/111_DBA_CTRL_sub2.fq.gz> to <mm10> genome annotation
Time loading reference: 00:00:00
Time loading forward index: 00:00:00
Time loading mirror index: 00:00:01
Multiseed full-index search: 00:05:39
15000000 reads; of these:
  15000000 (100.00%) were unpaired; of these:
    107519 (0.72%) aligned 0 times
    8766461 (58.44%) aligned exactly 1 time
    6126020 (40.84%) aligned >1 times
99.28% overall alignment rate
Time searching: 00:05:40
Overall time: 00:05:40
Logs saved in <logs/2-ATAC_align/align_111_DBA_CTRL.log>
