Aligning full sample <results/1-ATAC_fastq/subsampling/200_C57Bl6_CTRL_full.fq.gz> to <mm10> genome annotation
Time loading reference: 00:00:00
Time loading forward index: 00:00:01
Time loading mirror index: 00:00:00
Multiseed full-index search: 00:13:37
49847225 reads; of these:
  49847225 (100.00%) were unpaired; of these:
    198583 (0.40%) aligned 0 times
    29585202 (59.35%) aligned exactly 1 time
    20063440 (40.25%) aligned >1 times
99.60% overall alignment rate
Time searching: 00:13:38
Overall time: 00:13:38
Aligning subsample <results/1-ATAC_fastq/subsampling/200_C57Bl6_CTRL_sub1.fq.gz> to <mm10> genome annotation
Time loading reference: 00:00:00
Time loading forward index: 00:00:00
Time loading mirror index: 00:00:00
Multiseed full-index search: 00:05:30
20000000 reads; of these:
  20000000 (100.00%) were unpaired; of these:
    79703 (0.40%) aligned 0 times
    11870728 (59.35%) aligned exactly 1 time
    8049569 (40.25%) aligned >1 times
99.60% overall alignment rate
Time searching: 00:05:30
Overall time: 00:05:30
Aligning subsample <results/1-ATAC_fastq/subsampling/200_C57Bl6_CTRL_sub2.fq.gz> to <mm10> genome annotation
Time loading reference: 00:00:00
Time loading forward index: 00:00:00
Time loading mirror index: 00:00:01
Multiseed full-index search: 00:04:08
15000000 reads; of these:
  15000000 (100.00%) were unpaired; of these:
    59692 (0.40%) aligned 0 times
    8900413 (59.34%) aligned exactly 1 time
    6039895 (40.27%) aligned >1 times
99.60% overall alignment rate
Time searching: 00:04:09
Overall time: 00:04:09
Logs saved in <logs/2-ATAC_align/align_200_C57Bl6_CTRL.log>
