Aligning full sample <results/1-ATAC_fastq/subsampling/092_BXD70_SD_full.fq.gz> to <mm10> genome annotation
Time loading reference: 00:00:00
Time loading forward index: 00:00:00
Time loading mirror index: 00:00:00
Multiseed full-index search: 00:16:09
44547344 reads; of these:
  44547344 (100.00%) were unpaired; of these:
    222058 (0.50%) aligned 0 times
    25539895 (57.33%) aligned exactly 1 time
    18785391 (42.17%) aligned >1 times
99.50% overall alignment rate
Time searching: 00:16:09
Overall time: 00:16:09
Aligning subsample <results/1-ATAC_fastq/subsampling/092_BXD70_SD_sub1.fq.gz> to <mm10> genome annotation
Time loading reference: 00:00:00
Time loading forward index: 00:00:00
Time loading mirror index: 00:00:01
Multiseed full-index search: 00:07:14
20000000 reads; of these:
  20000000 (100.00%) were unpaired; of these:
    99971 (0.50%) aligned 0 times
    11463564 (57.32%) aligned exactly 1 time
    8436465 (42.18%) aligned >1 times
99.50% overall alignment rate
Time searching: 00:07:15
Overall time: 00:07:15
Aligning subsample <results/1-ATAC_fastq/subsampling/092_BXD70_SD_sub2.fq.gz> to <mm10> genome annotation
Time loading reference: 00:00:01
Time loading forward index: 00:00:00
Time loading mirror index: 00:00:00
Multiseed full-index search: 00:05:22
15000000 reads; of these:
  15000000 (100.00%) were unpaired; of these:
    74882 (0.50%) aligned 0 times
    8598804 (57.33%) aligned exactly 1 time
    6326314 (42.18%) aligned >1 times
99.50% overall alignment rate
Time searching: 00:05:23
Overall time: 00:05:23
Logs saved in <logs/2-ATAC_align/align_092_BXD70_SD.log>
