Aligning full sample <results/1-ATAC_fastq/subsampling/058_BXD75_CTRL_full.fq.gz> to <mm10> genome annotation
Time loading reference: 00:00:00
Time loading forward index: 00:00:01
Time loading mirror index: 00:00:00
Multiseed full-index search: 00:13:27
47896745 reads; of these:
  47896745 (100.00%) were unpaired; of these:
    384633 (0.80%) aligned 0 times
    30837900 (64.38%) aligned exactly 1 time
    16674212 (34.81%) aligned >1 times
99.20% overall alignment rate
Time searching: 00:13:29
Overall time: 00:13:29
Aligning subsample <results/1-ATAC_fastq/subsampling/058_BXD75_CTRL_sub1.fq.gz> to <mm10> genome annotation
Time loading reference: 00:00:00
Time loading forward index: 00:00:00
Time loading mirror index: 00:00:00
Multiseed full-index search: 00:05:41
20000000 reads; of these:
  20000000 (100.00%) were unpaired; of these:
    160868 (0.80%) aligned 0 times
    12877394 (64.39%) aligned exactly 1 time
    6961738 (34.81%) aligned >1 times
99.20% overall alignment rate
Time searching: 00:05:41
Overall time: 00:05:41
Aligning subsample <results/1-ATAC_fastq/subsampling/058_BXD75_CTRL_sub2.fq.gz> to <mm10> genome annotation
Time loading reference: 00:00:00
Time loading forward index: 00:00:00
Time loading mirror index: 00:00:00
Multiseed full-index search: 00:04:18
15000000 reads; of these:
  15000000 (100.00%) were unpaired; of these:
    120375 (0.80%) aligned 0 times
    9656761 (64.38%) aligned exactly 1 time
    5222864 (34.82%) aligned >1 times
99.20% overall alignment rate
Time searching: 00:04:18
Overall time: 00:04:18
Logs saved in <logs/2-ATAC_align/align_058_BXD75_CTRL.log>
