Aligning full sample <results/1-ATAC_fastq/subsampling/031_BXD101_SD_full.fq.gz> to <mm10> genome annotation
Time loading reference: 00:00:00
Time loading forward index: 00:00:00
Time loading mirror index: 00:00:01
Multiseed full-index search: 00:08:19
38870513 reads; of these:
  38870513 (100.00%) were unpaired; of these:
    293026 (0.75%) aligned 0 times
    21547157 (55.43%) aligned exactly 1 time
    17030330 (43.81%) aligned >1 times
99.25% overall alignment rate
Time searching: 00:08:20
Overall time: 00:08:20
Aligning subsample <results/1-ATAC_fastq/subsampling/031_BXD101_SD_sub1.fq.gz> to <mm10> genome annotation
Time loading reference: 00:00:01
Time loading forward index: 00:00:00
Time loading mirror index: 00:00:00
Multiseed full-index search: 00:04:15
20000000 reads; of these:
  20000000 (100.00%) were unpaired; of these:
    150712 (0.75%) aligned 0 times
    11088956 (55.44%) aligned exactly 1 time
    8760332 (43.80%) aligned >1 times
99.25% overall alignment rate
Time searching: 00:04:16
Overall time: 00:04:16
Aligning subsample <results/1-ATAC_fastq/subsampling/031_BXD101_SD_sub2.fq.gz> to <mm10> genome annotation
Time loading reference: 00:00:01
Time loading forward index: 00:00:00
Time loading mirror index: 00:00:00
Multiseed full-index search: 00:03:17
15000000 reads; of these:
  15000000 (100.00%) were unpaired; of these:
    112727 (0.75%) aligned 0 times
    8315744 (55.44%) aligned exactly 1 time
    6571529 (43.81%) aligned >1 times
99.25% overall alignment rate
Time searching: 00:03:18
Overall time: 00:03:18
Logs saved in <logs/2-ATAC_align/align_031_BXD101_SD.log>
