Aligning full sample <results/1-ATAC_fastq/subsampling/088_BXD66_SD_full.fq.gz> to <mm10> genome annotation
Time loading reference: 00:00:00
Time loading forward index: 00:00:01
Time loading mirror index: 00:00:00
Multiseed full-index search: 00:06:51
33585420 reads; of these:
  33585420 (100.00%) were unpaired; of these:
    691847 (2.06%) aligned 0 times
    16176985 (48.17%) aligned exactly 1 time
    16716588 (49.77%) aligned >1 times
97.94% overall alignment rate
Time searching: 00:06:52
Overall time: 00:06:52
Aligning subsample <results/1-ATAC_fastq/subsampling/088_BXD66_SD_sub1.fq.gz> to <mm10> genome annotation
Time loading reference: 00:00:00
Time loading forward index: 00:00:00
Time loading mirror index: 00:00:01
Multiseed full-index search: 00:04:06
20000000 reads; of these:
  20000000 (100.00%) were unpaired; of these:
    411861 (2.06%) aligned 0 times
    9631205 (48.16%) aligned exactly 1 time
    9956934 (49.78%) aligned >1 times
97.94% overall alignment rate
Time searching: 00:04:07
Overall time: 00:04:07
Aligning subsample <results/1-ATAC_fastq/subsampling/088_BXD66_SD_sub2.fq.gz> to <mm10> genome annotation
Time loading reference: 00:00:00
Time loading forward index: 00:00:00
Time loading mirror index: 00:00:01
Multiseed full-index search: 00:03:07
15000000 reads; of these:
  15000000 (100.00%) were unpaired; of these:
    308955 (2.06%) aligned 0 times
    7224789 (48.17%) aligned exactly 1 time
    7466256 (49.78%) aligned >1 times
97.94% overall alignment rate
Time searching: 00:03:08
Overall time: 00:03:08
Logs saved in <logs/2-ATAC_align/align_088_BXD66_SD.log>
