Aligning full sample <results/1-ATAC_fastq/subsampling/203_DBA_SD_full.fq.gz> to <mm10> genome annotation
Time loading reference: 00:00:00
Time loading forward index: 00:00:00
Time loading mirror index: 00:00:00
Multiseed full-index search: 00:17:02
57827621 reads; of these:
  57827621 (100.00%) were unpaired; of these:
    419328 (0.73%) aligned 0 times
    35673774 (61.69%) aligned exactly 1 time
    21734519 (37.59%) aligned >1 times
99.27% overall alignment rate
Time searching: 00:17:02
Overall time: 00:17:02
Aligning subsample <results/1-ATAC_fastq/subsampling/203_DBA_SD_sub1.fq.gz> to <mm10> genome annotation
Time loading reference: 00:00:00
Time loading forward index: 00:00:01
Time loading mirror index: 00:00:00
Multiseed full-index search: 00:05:47
20000000 reads; of these:
  20000000 (100.00%) were unpaired; of these:
    145416 (0.73%) aligned 0 times
    12335890 (61.68%) aligned exactly 1 time
    7518694 (37.59%) aligned >1 times
99.27% overall alignment rate
Time searching: 00:05:48
Overall time: 00:05:48
Aligning subsample <results/1-ATAC_fastq/subsampling/203_DBA_SD_sub2.fq.gz> to <mm10> genome annotation
Time loading reference: 00:00:00
Time loading forward index: 00:00:01
Time loading mirror index: 00:00:00
Multiseed full-index search: 00:04:22
15000000 reads; of these:
  15000000 (100.00%) were unpaired; of these:
    109207 (0.73%) aligned 0 times
    9253194 (61.69%) aligned exactly 1 time
    5637599 (37.58%) aligned >1 times
99.27% overall alignment rate
Time searching: 00:04:23
Overall time: 00:04:23
Logs saved in <logs/2-ATAC_align/align_203_DBA_SD.log>
