Aligning full sample <results/1-ATAC_fastq/subsampling/101_BXD84_CTRL_full.fq.gz> to <mm10> genome annotation
Time loading reference: 00:00:00
Time loading forward index: 00:00:01
Time loading mirror index: 00:00:00
Multiseed full-index search: 00:11:09
40430748 reads; of these:
  40430748 (100.00%) were unpaired; of these:
    300531 (0.74%) aligned 0 times
    23244459 (57.49%) aligned exactly 1 time
    16885758 (41.76%) aligned >1 times
99.26% overall alignment rate
Time searching: 00:11:10
Overall time: 00:11:10
Aligning subsample <results/1-ATAC_fastq/subsampling/101_BXD84_CTRL_sub1.fq.gz> to <mm10> genome annotation
Time loading reference: 00:00:00
Time loading forward index: 00:00:01
Time loading mirror index: 00:00:00
Multiseed full-index search: 00:05:30
20000000 reads; of these:
  20000000 (100.00%) were unpaired; of these:
    148474 (0.74%) aligned 0 times
    11498462 (57.49%) aligned exactly 1 time
    8353064 (41.77%) aligned >1 times
99.26% overall alignment rate
Time searching: 00:05:31
Overall time: 00:05:31
Aligning subsample <results/1-ATAC_fastq/subsampling/101_BXD84_CTRL_sub2.fq.gz> to <mm10> genome annotation
Time loading reference: 00:00:00
Time loading forward index: 00:00:00
Time loading mirror index: 00:00:00
Multiseed full-index search: 00:04:08
15000000 reads; of these:
  15000000 (100.00%) were unpaired; of these:
    111426 (0.74%) aligned 0 times
    8624394 (57.50%) aligned exactly 1 time
    6264180 (41.76%) aligned >1 times
99.26% overall alignment rate
Time searching: 00:04:08
Overall time: 00:04:08
Logs saved in <logs/2-ATAC_align/align_101_BXD84_CTRL.log>
