Aligning full sample <results/1-ATAC_fastq/subsampling/104_BXD90_SD_full.fq.gz> to <mm10> genome annotation
Time loading reference: 00:00:00
Time loading forward index: 00:00:01
Time loading mirror index: 00:00:00
Multiseed full-index search: 00:13:49
50746490 reads; of these:
  50746490 (100.00%) were unpaired; of these:
    245971 (0.48%) aligned 0 times
    31448955 (61.97%) aligned exactly 1 time
    19051564 (37.54%) aligned >1 times
99.52% overall alignment rate
Time searching: 00:13:50
Overall time: 00:13:50
Aligning subsample <results/1-ATAC_fastq/subsampling/104_BXD90_SD_sub1.fq.gz> to <mm10> genome annotation
Time loading reference: 00:00:00
Time loading forward index: 00:00:00
Time loading mirror index: 00:00:00
Multiseed full-index search: 00:05:32
20000000 reads; of these:
  20000000 (100.00%) were unpaired; of these:
    96817 (0.48%) aligned 0 times
    12391829 (61.96%) aligned exactly 1 time
    7511354 (37.56%) aligned >1 times
99.52% overall alignment rate
Time searching: 00:05:32
Overall time: 00:05:32
Aligning subsample <results/1-ATAC_fastq/subsampling/104_BXD90_SD_sub2.fq.gz> to <mm10> genome annotation
Time loading reference: 00:00:00
Time loading forward index: 00:00:01
Time loading mirror index: 00:00:00
Multiseed full-index search: 00:04:09
15000000 reads; of these:
  15000000 (100.00%) were unpaired; of these:
    72675 (0.48%) aligned 0 times
    9294700 (61.96%) aligned exactly 1 time
    5632625 (37.55%) aligned >1 times
99.52% overall alignment rate
Time searching: 00:04:10
Overall time: 00:04:10
Logs saved in <logs/2-ATAC_align/align_104_BXD90_SD.log>
