Aligning full sample <results/1-ATAC_fastq/subsampling/075_BXD43_CTRL_full.fq.gz> to <mm10> genome annotation
Time loading reference: 00:00:00
Time loading forward index: 00:00:00
Time loading mirror index: 00:00:00
Multiseed full-index search: 00:17:30
44478060 reads; of these:
  44478060 (100.00%) were unpaired; of these:
    139201 (0.31%) aligned 0 times
    26836557 (60.34%) aligned exactly 1 time
    17502302 (39.35%) aligned >1 times
99.69% overall alignment rate
Time searching: 00:17:30
Overall time: 00:17:30
Aligning subsample <results/1-ATAC_fastq/subsampling/075_BXD43_CTRL_sub1.fq.gz> to <mm10> genome annotation
Time loading reference: 00:00:00
Time loading forward index: 00:00:00
Time loading mirror index: 00:00:00
Multiseed full-index search: 00:07:55
20000000 reads; of these:
  20000000 (100.00%) were unpaired; of these:
    62758 (0.31%) aligned 0 times
    12066747 (60.33%) aligned exactly 1 time
    7870495 (39.35%) aligned >1 times
99.69% overall alignment rate
Time searching: 00:07:55
Overall time: 00:07:55
Aligning subsample <results/1-ATAC_fastq/subsampling/075_BXD43_CTRL_sub2.fq.gz> to <mm10> genome annotation
Time loading reference: 00:00:01
Time loading forward index: 00:00:00
Time loading mirror index: 00:00:00
Multiseed full-index search: 00:05:57
15000000 reads; of these:
  15000000 (100.00%) were unpaired; of these:
    47011 (0.31%) aligned 0 times
    9051669 (60.34%) aligned exactly 1 time
    5901320 (39.34%) aligned >1 times
99.69% overall alignment rate
Time searching: 00:05:58
Overall time: 00:05:58
Logs saved in <logs/2-ATAC_align/align_075_BXD43_CTRL.log>
