Aligning full sample <results/1-ATAC_fastq/subsampling/020_BXD75_CTRL_full.fq.gz> to <mm10> genome annotation
Time loading reference: 00:00:00
Time loading forward index: 00:00:00
Time loading mirror index: 00:00:00
Multiseed full-index search: 00:07:08
30410139 reads; of these:
  30410139 (100.00%) were unpaired; of these:
    361451 (1.19%) aligned 0 times
    17498319 (57.54%) aligned exactly 1 time
    12550369 (41.27%) aligned >1 times
98.81% overall alignment rate
Time searching: 00:07:08
Overall time: 00:07:09
Aligning subsample <results/1-ATAC_fastq/subsampling/020_BXD75_CTRL_sub1.fq.gz> to <mm10> genome annotation
Time loading reference: 00:00:00
Time loading forward index: 00:00:00
Time loading mirror index: 00:00:01
Multiseed full-index search: 00:04:43
20000000 reads; of these:
  20000000 (100.00%) were unpaired; of these:
    237551 (1.19%) aligned 0 times
    11509131 (57.55%) aligned exactly 1 time
    8253318 (41.27%) aligned >1 times
98.81% overall alignment rate
Time searching: 00:04:44
Overall time: 00:04:44
Aligning subsample <results/1-ATAC_fastq/subsampling/020_BXD75_CTRL_sub2.fq.gz> to <mm10> genome annotation
Time loading reference: 00:00:00
Time loading forward index: 00:00:01
Time loading mirror index: 00:00:00
Multiseed full-index search: 00:03:33
15000000 reads; of these:
  15000000 (100.00%) were unpaired; of these:
    178506 (1.19%) aligned 0 times
    8630378 (57.54%) aligned exactly 1 time
    6191116 (41.27%) aligned >1 times
98.81% overall alignment rate
Time searching: 00:03:34
Overall time: 00:03:34
Logs saved in <logs/2-ATAC_align/align_020_BXD75_CTRL.log>
