Aligning full sample <results/1-ATAC_fastq/subsampling/177_BXD90_SD_full.fq.gz> to <mm10> genome annotation
Time loading reference: 00:00:01
Time loading forward index: 00:00:00
Time loading mirror index: 00:00:00
Multiseed full-index search: 00:17:17
61933907 reads; of these:
  61933907 (100.00%) were unpaired; of these:
    573175 (0.93%) aligned 0 times
    38822517 (62.68%) aligned exactly 1 time
    22538215 (36.39%) aligned >1 times
99.07% overall alignment rate
Time searching: 00:17:18
Overall time: 00:17:18
Aligning subsample <results/1-ATAC_fastq/subsampling/177_BXD90_SD_sub1.fq.gz> to <mm10> genome annotation
Time loading reference: 00:00:00
Time loading forward index: 00:00:00
Time loading mirror index: 00:00:00
Multiseed full-index search: 00:05:41
20000000 reads; of these:
  20000000 (100.00%) were unpaired; of these:
    184996 (0.92%) aligned 0 times
    12537122 (62.69%) aligned exactly 1 time
    7277882 (36.39%) aligned >1 times
99.08% overall alignment rate
Time searching: 00:05:41
Overall time: 00:05:41
Aligning subsample <results/1-ATAC_fastq/subsampling/177_BXD90_SD_sub2.fq.gz> to <mm10> genome annotation
Time loading reference: 00:00:00
Time loading forward index: 00:00:00
Time loading mirror index: 00:00:00
Multiseed full-index search: 00:04:12
15000000 reads; of these:
  15000000 (100.00%) were unpaired; of these:
    138498 (0.92%) aligned 0 times
    9400197 (62.67%) aligned exactly 1 time
    5461305 (36.41%) aligned >1 times
99.08% overall alignment rate
Time searching: 00:04:12
Overall time: 00:04:12
Logs saved in <logs/2-ATAC_align/align_177_BXD90_SD.log>
