Aligning full sample <results/1-ATAC_fastq/subsampling/053_BXD71_SD_full.fq.gz> to <mm10> genome annotation
Time loading reference: 00:00:00
Time loading forward index: 00:00:01
Time loading mirror index: 00:00:00
Multiseed full-index search: 00:18:16
70290052 reads; of these:
  70290052 (100.00%) were unpaired; of these:
    374733 (0.53%) aligned 0 times
    44480031 (63.28%) aligned exactly 1 time
    25435288 (36.19%) aligned >1 times
99.47% overall alignment rate
Time searching: 00:18:17
Overall time: 00:18:17
Aligning subsample <results/1-ATAC_fastq/subsampling/053_BXD71_SD_sub1.fq.gz> to <mm10> genome annotation
Time loading reference: 00:00:01
Time loading forward index: 00:00:00
Time loading mirror index: 00:00:00
Multiseed full-index search: 00:05:12
20000000 reads; of these:
  20000000 (100.00%) were unpaired; of these:
    106549 (0.53%) aligned 0 times
    12656011 (63.28%) aligned exactly 1 time
    7237440 (36.19%) aligned >1 times
99.47% overall alignment rate
Time searching: 00:05:13
Overall time: 00:05:13
Aligning subsample <results/1-ATAC_fastq/subsampling/053_BXD71_SD_sub2.fq.gz> to <mm10> genome annotation
Time loading reference: 00:00:00
Time loading forward index: 00:00:01
Time loading mirror index: 00:00:00
Multiseed full-index search: 00:03:55
15000000 reads; of these:
  15000000 (100.00%) were unpaired; of these:
    79663 (0.53%) aligned 0 times
    9490440 (63.27%) aligned exactly 1 time
    5429897 (36.20%) aligned >1 times
99.47% overall alignment rate
Time searching: 00:03:56
Overall time: 00:03:56
Logs saved in <logs/2-ATAC_align/align_053_BXD71_SD.log>
