Aligning full sample <results/1-ATAC_fastq/subsampling/048_BXD64_CTRL_full.fq.gz> to <mm10> genome annotation
Time loading reference: 00:00:00
Time loading forward index: 00:00:00
Time loading mirror index: 00:00:01
Multiseed full-index search: 00:11:53
42591652 reads; of these:
  42591652 (100.00%) were unpaired; of these:
    443636 (1.04%) aligned 0 times
    25974146 (60.98%) aligned exactly 1 time
    16173870 (37.97%) aligned >1 times
98.96% overall alignment rate
Time searching: 00:11:54
Overall time: 00:11:54
Aligning subsample <results/1-ATAC_fastq/subsampling/048_BXD64_CTRL_sub1.fq.gz> to <mm10> genome annotation
Time loading reference: 00:00:00
Time loading forward index: 00:00:01
Time loading mirror index: 00:00:00
Multiseed full-index search: 00:05:36
20000000 reads; of these:
  20000000 (100.00%) were unpaired; of these:
    207308 (1.04%) aligned 0 times
    12196796 (60.98%) aligned exactly 1 time
    7595896 (37.98%) aligned >1 times
98.96% overall alignment rate
Time searching: 00:05:37
Overall time: 00:05:37
Aligning subsample <results/1-ATAC_fastq/subsampling/048_BXD64_CTRL_sub2.fq.gz> to <mm10> genome annotation
Time loading reference: 00:00:00
Time loading forward index: 00:00:01
Time loading mirror index: 00:00:00
Multiseed full-index search: 00:04:13
15000000 reads; of these:
  15000000 (100.00%) were unpaired; of these:
    156265 (1.04%) aligned 0 times
    9147589 (60.98%) aligned exactly 1 time
    5696146 (37.97%) aligned >1 times
98.96% overall alignment rate
Time searching: 00:04:14
Overall time: 00:04:14
Logs saved in <logs/2-ATAC_align/align_048_BXD64_CTRL.log>
