Aligning full sample <results/1-ATAC_fastq/subsampling/022_BXD83_CTRL_full.fq.gz> to <mm10> genome annotation
Time loading reference: 00:00:00
Time loading forward index: 00:00:00
Time loading mirror index: 00:00:00
Multiseed full-index search: 00:10:56
42918864 reads; of these:
  42918864 (100.00%) were unpaired; of these:
    525099 (1.22%) aligned 0 times
    24265289 (56.54%) aligned exactly 1 time
    18128476 (42.24%) aligned >1 times
98.78% overall alignment rate
Time searching: 00:10:56
Overall time: 00:10:56
Aligning subsample <results/1-ATAC_fastq/subsampling/022_BXD83_CTRL_sub1.fq.gz> to <mm10> genome annotation
Time loading reference: 00:00:00
Time loading forward index: 00:00:00
Time loading mirror index: 00:00:00
Multiseed full-index search: 00:05:09
20000000 reads; of these:
  20000000 (100.00%) were unpaired; of these:
    244912 (1.22%) aligned 0 times
    11307646 (56.54%) aligned exactly 1 time
    8447442 (42.24%) aligned >1 times
98.78% overall alignment rate
Time searching: 00:05:09
Overall time: 00:05:09
Aligning subsample <results/1-ATAC_fastq/subsampling/022_BXD83_CTRL_sub2.fq.gz> to <mm10> genome annotation
Time loading reference: 00:00:01
Time loading forward index: 00:00:00
Time loading mirror index: 00:00:00
Multiseed full-index search: 00:03:53
15000000 reads; of these:
  15000000 (100.00%) were unpaired; of these:
    183851 (1.23%) aligned 0 times
    8479282 (56.53%) aligned exactly 1 time
    6336867 (42.25%) aligned >1 times
98.77% overall alignment rate
Time searching: 00:03:54
Overall time: 00:03:54
Logs saved in <logs/2-ATAC_align/align_022_BXD83_CTRL.log>
