Aligning full sample <results/1-ATAC_fastq/subsampling/012_BXD66_CTRL_full.fq.gz> to <mm10> genome annotation
Time loading reference: 00:00:01
Time loading forward index: 00:00:00
Time loading mirror index: 00:00:00
Multiseed full-index search: 00:10:28
53908597 reads; of these:
  53908597 (100.00%) were unpaired; of these:
    289569 (0.54%) aligned 0 times
    30994617 (57.49%) aligned exactly 1 time
    22624411 (41.97%) aligned >1 times
99.46% overall alignment rate
Time searching: 00:10:29
Overall time: 00:10:29
Aligning subsample <results/1-ATAC_fastq/subsampling/012_BXD66_CTRL_sub1.fq.gz> to <mm10> genome annotation
Time loading reference: 00:00:00
Time loading forward index: 00:00:00
Time loading mirror index: 00:00:00
Multiseed full-index search: 00:03:54
20000000 reads; of these:
  20000000 (100.00%) were unpaired; of these:
    107797 (0.54%) aligned 0 times
    11499940 (57.50%) aligned exactly 1 time
    8392263 (41.96%) aligned >1 times
99.46% overall alignment rate
Time searching: 00:03:54
Overall time: 00:03:54
Aligning subsample <results/1-ATAC_fastq/subsampling/012_BXD66_CTRL_sub2.fq.gz> to <mm10> genome annotation
Time loading reference: 00:00:00
Time loading forward index: 00:00:01
Time loading mirror index: 00:00:00
Multiseed full-index search: 00:02:57
15000000 reads; of these:
  15000000 (100.00%) were unpaired; of these:
    80611 (0.54%) aligned 0 times
    8624389 (57.50%) aligned exactly 1 time
    6295000 (41.97%) aligned >1 times
99.46% overall alignment rate
Time searching: 00:02:58
Overall time: 00:02:58
Logs saved in <logs/2-ATAC_align/align_012_BXD66_CTRL.log>
