Aligning full sample <results/1-ATAC_fastq/subsampling/085_BXD61_CTRL_full.fq.gz> to <mm10> genome annotation
Time loading reference: 00:00:00
Time loading forward index: 00:00:01
Time loading mirror index: 00:00:00
Multiseed full-index search: 00:09:48
43320424 reads; of these:
  43320424 (100.00%) were unpaired; of these:
    254562 (0.59%) aligned 0 times
    23880524 (55.13%) aligned exactly 1 time
    19185338 (44.29%) aligned >1 times
99.41% overall alignment rate
Time searching: 00:09:49
Overall time: 00:09:49
Aligning subsample <results/1-ATAC_fastq/subsampling/085_BXD61_CTRL_sub1.fq.gz> to <mm10> genome annotation
Time loading reference: 00:00:00
Time loading forward index: 00:00:00
Time loading mirror index: 00:00:01
Multiseed full-index search: 00:04:36
20000000 reads; of these:
  20000000 (100.00%) were unpaired; of these:
    117558 (0.59%) aligned 0 times
    11024907 (55.12%) aligned exactly 1 time
    8857535 (44.29%) aligned >1 times
99.41% overall alignment rate
Time searching: 00:04:37
Overall time: 00:04:37
Aligning subsample <results/1-ATAC_fastq/subsampling/085_BXD61_CTRL_sub2.fq.gz> to <mm10> genome annotation
Time loading reference: 00:00:00
Time loading forward index: 00:00:01
Time loading mirror index: 00:00:00
Multiseed full-index search: 00:03:31
15000000 reads; of these:
  15000000 (100.00%) were unpaired; of these:
    88402 (0.59%) aligned 0 times
    8268659 (55.12%) aligned exactly 1 time
    6642939 (44.29%) aligned >1 times
99.41% overall alignment rate
Time searching: 00:03:32
Overall time: 00:03:32
Logs saved in <logs/2-ATAC_align/align_085_BXD61_CTRL.log>
