Aligning full sample <results/1-ATAC_fastq/subsampling/087_BXD66_CTRL_full.fq.gz> to <mm10> genome annotation
Time loading reference: 00:00:00
Time loading forward index: 00:00:00
Time loading mirror index: 00:00:00
Multiseed full-index search: 00:10:03
38173695 reads; of these:
  38173695 (100.00%) were unpaired; of these:
    252284 (0.66%) aligned 0 times
    21467832 (56.24%) aligned exactly 1 time
    16453579 (43.10%) aligned >1 times
99.34% overall alignment rate
Time searching: 00:10:03
Overall time: 00:10:04
Aligning subsample <results/1-ATAC_fastq/subsampling/087_BXD66_CTRL_sub1.fq.gz> to <mm10> genome annotation
Time loading reference: 00:00:00
Time loading forward index: 00:00:00
Time loading mirror index: 00:00:00
Multiseed full-index search: 00:05:22
20000000 reads; of these:
  20000000 (100.00%) were unpaired; of these:
    132003 (0.66%) aligned 0 times
    11247497 (56.24%) aligned exactly 1 time
    8620500 (43.10%) aligned >1 times
99.34% overall alignment rate
Time searching: 00:05:22
Overall time: 00:05:23
Aligning subsample <results/1-ATAC_fastq/subsampling/087_BXD66_CTRL_sub2.fq.gz> to <mm10> genome annotation
Time loading reference: 00:00:00
Time loading forward index: 00:00:00
Time loading mirror index: 00:00:01
Multiseed full-index search: 00:04:00
15000000 reads; of these:
  15000000 (100.00%) were unpaired; of these:
    99337 (0.66%) aligned 0 times
    8437335 (56.25%) aligned exactly 1 time
    6463328 (43.09%) aligned >1 times
99.34% overall alignment rate
Time searching: 00:04:01
Overall time: 00:04:01
Logs saved in <logs/2-ATAC_align/align_087_BXD66_CTRL.log>
