Aligning full sample <results/1-ATAC_fastq/subsampling/055_BXD73_SD_full.fq.gz> to <mm10> genome annotation
Time loading reference: 00:00:00
Time loading forward index: 00:00:02
Time loading mirror index: 00:00:01
Multiseed full-index search: 00:15:32
47227972 reads; of these:
  47227972 (100.00%) were unpaired; of these:
    207524 (0.44%) aligned 0 times
    29667858 (62.82%) aligned exactly 1 time
    17352590 (36.74%) aligned >1 times
99.56% overall alignment rate
Time searching: 00:15:35
Overall time: 00:15:35
Aligning subsample <results/1-ATAC_fastq/subsampling/055_BXD73_SD_sub1.fq.gz> to <mm10> genome annotation
Time loading reference: 00:00:00
Time loading forward index: 00:00:01
Time loading mirror index: 00:00:00
Multiseed full-index search: 00:06:37
20000000 reads; of these:
  20000000 (100.00%) were unpaired; of these:
    87902 (0.44%) aligned 0 times
    12561543 (62.81%) aligned exactly 1 time
    7350555 (36.75%) aligned >1 times
99.56% overall alignment rate
Time searching: 00:06:38
Overall time: 00:06:38
Aligning subsample <results/1-ATAC_fastq/subsampling/055_BXD73_SD_sub2.fq.gz> to <mm10> genome annotation
Time loading reference: 00:00:00
Time loading forward index: 00:00:01
Time loading mirror index: 00:00:00
Multiseed full-index search: 00:04:58
15000000 reads; of these:
  15000000 (100.00%) were unpaired; of these:
    66055 (0.44%) aligned 0 times
    9423842 (62.83%) aligned exactly 1 time
    5510103 (36.73%) aligned >1 times
99.56% overall alignment rate
Time searching: 00:04:59
Overall time: 00:04:59
Logs saved in <logs/2-ATAC_align/align_055_BXD73_SD.log>
