Aligning full sample <results/1-ATAC_fastq/subsampling/138_65a_CTRL_full.fq.gz> to <mm10> genome annotation
Time loading reference: 00:00:00
Time loading forward index: 00:00:00
Time loading mirror index: 00:00:00
Multiseed full-index search: 00:09:29
33446210 reads; of these:
  33446210 (100.00%) were unpaired; of these:
    213726 (0.64%) aligned 0 times
    19516862 (58.35%) aligned exactly 1 time
    13715622 (41.01%) aligned >1 times
99.36% overall alignment rate
Time searching: 00:09:29
Overall time: 00:09:29
Aligning subsample <results/1-ATAC_fastq/subsampling/138_65a_CTRL_sub1.fq.gz> to <mm10> genome annotation
Time loading reference: 00:00:00
Time loading forward index: 00:00:01
Time loading mirror index: 00:00:00
Multiseed full-index search: 00:05:43
20000000 reads; of these:
  20000000 (100.00%) were unpaired; of these:
    127701 (0.64%) aligned 0 times
    11671150 (58.36%) aligned exactly 1 time
    8201149 (41.01%) aligned >1 times
99.36% overall alignment rate
Time searching: 00:05:44
Overall time: 00:05:44
Aligning subsample <results/1-ATAC_fastq/subsampling/138_65a_CTRL_sub2.fq.gz> to <mm10> genome annotation
Time loading reference: 00:00:00
Time loading forward index: 00:00:00
Time loading mirror index: 00:00:01
Multiseed full-index search: 00:04:15
15000000 reads; of these:
  15000000 (100.00%) were unpaired; of these:
    95733 (0.64%) aligned 0 times
    8754040 (58.36%) aligned exactly 1 time
    6150227 (41.00%) aligned >1 times
99.36% overall alignment rate
Time searching: 00:04:16
Overall time: 00:04:16
Logs saved in <logs/2-ATAC_align/align_138_65a_CTRL.log>
