Aligning full sample <results/1-ATAC_fastq/subsampling/036_DBA_CTRL_full.fq.gz> to <mm10> genome annotation
Time loading reference: 00:00:00
Time loading forward index: 00:00:01
Time loading mirror index: 00:00:00
Multiseed full-index search: 00:11:21
39872011 reads; of these:
  39872011 (100.00%) were unpaired; of these:
    443824 (1.11%) aligned 0 times
    23088411 (57.91%) aligned exactly 1 time
    16339776 (40.98%) aligned >1 times
98.89% overall alignment rate
Time searching: 00:11:22
Overall time: 00:11:22
Aligning subsample <results/1-ATAC_fastq/subsampling/036_DBA_CTRL_sub1.fq.gz> to <mm10> genome annotation
Time loading reference: 00:00:00
Time loading forward index: 00:00:01
Time loading mirror index: 00:00:00
Multiseed full-index search: 00:05:43
20000000 reads; of these:
  20000000 (100.00%) were unpaired; of these:
    222432 (1.11%) aligned 0 times
    11581721 (57.91%) aligned exactly 1 time
    8195847 (40.98%) aligned >1 times
98.89% overall alignment rate
Time searching: 00:05:44
Overall time: 00:05:44
Aligning subsample <results/1-ATAC_fastq/subsampling/036_DBA_CTRL_sub2.fq.gz> to <mm10> genome annotation
Time loading reference: 00:00:00
Time loading forward index: 00:00:00
Time loading mirror index: 00:00:01
Multiseed full-index search: 00:04:15
15000000 reads; of these:
  15000000 (100.00%) were unpaired; of these:
    166972 (1.11%) aligned 0 times
    8685929 (57.91%) aligned exactly 1 time
    6147099 (40.98%) aligned >1 times
98.89% overall alignment rate
Time searching: 00:04:16
Overall time: 00:04:16
Logs saved in <logs/2-ATAC_align/align_036_DBA_CTRL.log>
