Aligning full sample <results/1-ATAC_fastq/subsampling/095_BXD75_CTRL_full.fq.gz> to <mm10> genome annotation
Time loading reference: 00:00:00
Time loading forward index: 00:00:01
Time loading mirror index: 00:00:00
Multiseed full-index search: 00:13:54
51218805 reads; of these:
  51218805 (100.00%) were unpaired; of these:
    210881 (0.41%) aligned 0 times
    32317634 (63.10%) aligned exactly 1 time
    18690290 (36.49%) aligned >1 times
99.59% overall alignment rate
Time searching: 00:13:55
Overall time: 00:13:55
Aligning subsample <results/1-ATAC_fastq/subsampling/095_BXD75_CTRL_sub1.fq.gz> to <mm10> genome annotation
Time loading reference: 00:00:00
Time loading forward index: 00:00:00
Time loading mirror index: 00:00:01
Multiseed full-index search: 00:05:27
20000000 reads; of these:
  20000000 (100.00%) were unpaired; of these:
    82477 (0.41%) aligned 0 times
    12617817 (63.09%) aligned exactly 1 time
    7299706 (36.50%) aligned >1 times
99.59% overall alignment rate
Time searching: 00:05:28
Overall time: 00:05:28
Aligning subsample <results/1-ATAC_fastq/subsampling/095_BXD75_CTRL_sub2.fq.gz> to <mm10> genome annotation
Time loading reference: 00:00:00
Time loading forward index: 00:00:00
Time loading mirror index: 00:00:00
Multiseed full-index search: 00:04:24
15000000 reads; of these:
  15000000 (100.00%) were unpaired; of these:
    61567 (0.41%) aligned 0 times
    9464698 (63.10%) aligned exactly 1 time
    5473735 (36.49%) aligned >1 times
99.59% overall alignment rate
Time searching: 00:04:24
Overall time: 00:04:24
Logs saved in <logs/2-ATAC_align/align_095_BXD75_CTRL.log>
