Aligning full sample <results/1-ATAC_fastq/subsampling/167_BXD79_SD_full.fq.gz> to <mm10> genome annotation
Time loading reference: 00:00:00
Time loading forward index: 00:00:01
Time loading mirror index: 00:00:00
Multiseed full-index search: 00:19:38
46879622 reads; of these:
  46879622 (100.00%) were unpaired; of these:
    187629 (0.40%) aligned 0 times
    29120111 (62.12%) aligned exactly 1 time
    17571882 (37.48%) aligned >1 times
99.60% overall alignment rate
Time searching: 00:19:39
Overall time: 00:19:39
Aligning subsample <results/1-ATAC_fastq/subsampling/167_BXD79_SD_sub1.fq.gz> to <mm10> genome annotation
Time loading reference: 00:00:00
Time loading forward index: 00:00:01
Time loading mirror index: 00:00:00
Multiseed full-index search: 00:08:29
20000000 reads; of these:
  20000000 (100.00%) were unpaired; of these:
    79875 (0.40%) aligned 0 times
    12422739 (62.11%) aligned exactly 1 time
    7497386 (37.49%) aligned >1 times
99.60% overall alignment rate
Time searching: 00:08:30
Overall time: 00:08:30
Aligning subsample <results/1-ATAC_fastq/subsampling/167_BXD79_SD_sub2.fq.gz> to <mm10> genome annotation
Time loading reference: 00:00:00
Time loading forward index: 00:00:00
Time loading mirror index: 00:00:00
Multiseed full-index search: 00:06:23
15000000 reads; of these:
  15000000 (100.00%) were unpaired; of these:
    59957 (0.40%) aligned 0 times
    9317473 (62.12%) aligned exactly 1 time
    5622570 (37.48%) aligned >1 times
99.60% overall alignment rate
Time searching: 00:06:23
Overall time: 00:06:23
Logs saved in <logs/2-ATAC_align/align_167_BXD79_SD.log>
