Aligning full sample <results/1-ATAC_fastq/subsampling/074_BXD85_CTRL_full.fq.gz> to <mm10> genome annotation
Time loading reference: 00:00:00
Time loading forward index: 00:00:01
Time loading mirror index: 00:00:00
Multiseed full-index search: 00:14:15
56933457 reads; of these:
  56933457 (100.00%) were unpaired; of these:
    472268 (0.83%) aligned 0 times
    35981383 (63.20%) aligned exactly 1 time
    20479806 (35.97%) aligned >1 times
99.17% overall alignment rate
Time searching: 00:14:16
Overall time: 00:14:16
Aligning subsample <results/1-ATAC_fastq/subsampling/074_BXD85_CTRL_sub1.fq.gz> to <mm10> genome annotation
Time loading reference: 00:00:00
Time loading forward index: 00:00:00
Time loading mirror index: 00:00:00
Multiseed full-index search: 00:05:03
20000000 reads; of these:
  20000000 (100.00%) were unpaired; of these:
    165641 (0.83%) aligned 0 times
    12638739 (63.19%) aligned exactly 1 time
    7195620 (35.98%) aligned >1 times
99.17% overall alignment rate
Time searching: 00:05:03
Overall time: 00:05:03
Aligning subsample <results/1-ATAC_fastq/subsampling/074_BXD85_CTRL_sub2.fq.gz> to <mm10> genome annotation
Time loading reference: 00:00:00
Time loading forward index: 00:00:01
Time loading mirror index: 00:00:00
Multiseed full-index search: 00:03:48
15000000 reads; of these:
  15000000 (100.00%) were unpaired; of these:
    124448 (0.83%) aligned 0 times
    9479225 (63.19%) aligned exactly 1 time
    5396327 (35.98%) aligned >1 times
99.17% overall alignment rate
Time searching: 00:03:49
Overall time: 00:03:49
Logs saved in <logs/2-ATAC_align/align_074_BXD85_CTRL.log>
