Aligning full sample <results/1-ATAC_fastq/subsampling/184_BXD43_CTRL_full.fq.gz> to <mm10> genome annotation
Time loading reference: 00:00:00
Time loading forward index: 00:00:01
Time loading mirror index: 00:00:00
Multiseed full-index search: 00:12:59
40379615 reads; of these:
  40379615 (100.00%) were unpaired; of these:
    309574 (0.77%) aligned 0 times
    22114401 (54.77%) aligned exactly 1 time
    17955640 (44.47%) aligned >1 times
99.23% overall alignment rate
Time searching: 00:13:00
Overall time: 00:13:00
Aligning subsample <results/1-ATAC_fastq/subsampling/184_BXD43_CTRL_sub1.fq.gz> to <mm10> genome annotation
Time loading reference: 00:00:00
Time loading forward index: 00:00:00
Time loading mirror index: 00:00:00
Multiseed full-index search: 00:06:26
20000000 reads; of these:
  20000000 (100.00%) were unpaired; of these:
    153347 (0.77%) aligned 0 times
    10952062 (54.76%) aligned exactly 1 time
    8894591 (44.47%) aligned >1 times
99.23% overall alignment rate
Time searching: 00:06:26
Overall time: 00:06:26
Aligning subsample <results/1-ATAC_fastq/subsampling/184_BXD43_CTRL_sub2.fq.gz> to <mm10> genome annotation
Time loading reference: 00:00:00
Time loading forward index: 00:00:01
Time loading mirror index: 00:00:00
Multiseed full-index search: 00:04:48
15000000 reads; of these:
  15000000 (100.00%) were unpaired; of these:
    114870 (0.77%) aligned 0 times
    8215339 (54.77%) aligned exactly 1 time
    6669791 (44.47%) aligned >1 times
99.23% overall alignment rate
Time searching: 00:04:49
Overall time: 00:04:49
Logs saved in <logs/2-ATAC_align/align_184_BXD43_CTRL.log>
