Aligning full sample <results/1-ATAC_fastq/subsampling/057_BXD75_SD_full.fq.gz> to <mm10> genome annotation
Time loading reference: 00:00:00
Time loading forward index: 00:00:01
Time loading mirror index: 00:00:00
Multiseed full-index search: 00:13:04
50499605 reads; of these:
  50499605 (100.00%) were unpaired; of these:
    636793 (1.26%) aligned 0 times
    33661337 (66.66%) aligned exactly 1 time
    16201475 (32.08%) aligned >1 times
98.74% overall alignment rate
Time searching: 00:13:05
Overall time: 00:13:05
Aligning subsample <results/1-ATAC_fastq/subsampling/057_BXD75_SD_sub1.fq.gz> to <mm10> genome annotation
Time loading reference: 00:00:00
Time loading forward index: 00:00:01
Time loading mirror index: 00:00:00
Multiseed full-index search: 00:05:15
20000000 reads; of these:
  20000000 (100.00%) were unpaired; of these:
    252138 (1.26%) aligned 0 times
    13329853 (66.65%) aligned exactly 1 time
    6418009 (32.09%) aligned >1 times
98.74% overall alignment rate
Time searching: 00:05:16
Overall time: 00:05:16
Aligning subsample <results/1-ATAC_fastq/subsampling/057_BXD75_SD_sub2.fq.gz> to <mm10> genome annotation
Time loading reference: 00:00:00
Time loading forward index: 00:00:00
Time loading mirror index: 00:00:00
Multiseed full-index search: 00:03:56
15000000 reads; of these:
  15000000 (100.00%) were unpaired; of these:
    189327 (1.26%) aligned 0 times
    9998057 (66.65%) aligned exactly 1 time
    4812616 (32.08%) aligned >1 times
98.74% overall alignment rate
Time searching: 00:03:56
Overall time: 00:03:56
Logs saved in <logs/2-ATAC_align/align_057_BXD75_SD.log>
