Aligning full sample <results/1-ATAC_fastq/subsampling/110_C57Bl6_SD_full.fq.gz> to <mm10> genome annotation
Time loading reference: 00:00:00
Time loading forward index: 00:00:00
Time loading mirror index: 00:00:01
Multiseed full-index search: 00:11:40
43356231 reads; of these:
  43356231 (100.00%) were unpaired; of these:
    211189 (0.49%) aligned 0 times
    26651472 (61.47%) aligned exactly 1 time
    16493570 (38.04%) aligned >1 times
99.51% overall alignment rate
Time searching: 00:11:41
Overall time: 00:11:41
Aligning subsample <results/1-ATAC_fastq/subsampling/110_C57Bl6_SD_sub1.fq.gz> to <mm10> genome annotation
Time loading reference: 00:00:00
Time loading forward index: 00:00:01
Time loading mirror index: 00:00:00
Multiseed full-index search: 00:05:19
20000000 reads; of these:
  20000000 (100.00%) were unpaired; of these:
    97314 (0.49%) aligned 0 times
    12293885 (61.47%) aligned exactly 1 time
    7608801 (38.04%) aligned >1 times
99.51% overall alignment rate
Time searching: 00:05:20
Overall time: 00:05:20
Aligning subsample <results/1-ATAC_fastq/subsampling/110_C57Bl6_SD_sub2.fq.gz> to <mm10> genome annotation
Time loading reference: 00:00:00
Time loading forward index: 00:00:00
Time loading mirror index: 00:00:01
Multiseed full-index search: 00:04:02
15000000 reads; of these:
  15000000 (100.00%) were unpaired; of these:
    73121 (0.49%) aligned 0 times
    9218851 (61.46%) aligned exactly 1 time
    5708028 (38.05%) aligned >1 times
99.51% overall alignment rate
Time searching: 00:04:03
Overall time: 00:04:03
Logs saved in <logs/2-ATAC_align/align_110_C57Bl6_SD.log>
