Aligning full sample <results/1-ATAC_fastq/subsampling/147_C57Bl6_SD_full.fq.gz> to <mm10> genome annotation
Time loading reference: 00:00:00
Time loading forward index: 00:00:00
Time loading mirror index: 00:00:01
Multiseed full-index search: 00:09:38
38670497 reads; of these:
  38670497 (100.00%) were unpaired; of these:
    191790 (0.50%) aligned 0 times
    22058632 (57.04%) aligned exactly 1 time
    16420075 (42.46%) aligned >1 times
99.50% overall alignment rate
Time searching: 00:09:39
Overall time: 00:09:39
Aligning subsample <results/1-ATAC_fastq/subsampling/147_C57Bl6_SD_sub1.fq.gz> to <mm10> genome annotation
Time loading reference: 00:00:00
Time loading forward index: 00:00:00
Time loading mirror index: 00:00:00
Multiseed full-index search: 00:05:01
20000000 reads; of these:
  20000000 (100.00%) were unpaired; of these:
    99139 (0.50%) aligned 0 times
    11410243 (57.05%) aligned exactly 1 time
    8490618 (42.45%) aligned >1 times
99.50% overall alignment rate
Time searching: 00:05:01
Overall time: 00:05:01
Aligning subsample <results/1-ATAC_fastq/subsampling/147_C57Bl6_SD_sub2.fq.gz> to <mm10> genome annotation
Time loading reference: 00:00:00
Time loading forward index: 00:00:01
Time loading mirror index: 00:00:00
Multiseed full-index search: 00:03:47
15000000 reads; of these:
  15000000 (100.00%) were unpaired; of these:
    74318 (0.50%) aligned 0 times
    8554527 (57.03%) aligned exactly 1 time
    6371155 (42.47%) aligned >1 times
99.50% overall alignment rate
Time searching: 00:03:48
Overall time: 00:03:48
Logs saved in <logs/2-ATAC_align/align_147_C57Bl6_SD.log>
