Reading inputs
Loading required namespace: edgeR
null device 
          1 
null device 
          1 
R version 4.5.2 (2025-10-31)
Platform: x86_64-pc-linux-gnu
Running under: Ubuntu 22.04.5 LTS

Matrix products: default
BLAS/LAPACK: /usr/lib/x86_64-linux-gnu/openblas-pthread/libopenblasp-r0.3.20.so;  LAPACK version 3.10.0

locale:
 [1] LC_CTYPE=C.UTF-8       LC_NUMERIC=C           LC_TIME=C.UTF-8       
 [4] LC_COLLATE=C.UTF-8     LC_MONETARY=C.UTF-8    LC_MESSAGES=C.UTF-8   
 [7] LC_PAPER=C.UTF-8       LC_NAME=C              LC_ADDRESS=C          
[10] LC_TELEPHONE=C         LC_MEASUREMENT=C.UTF-8 LC_IDENTIFICATION=C   

time zone: Etc/UTC
tzcode source: system (glibc)

attached base packages:
[1] grid      stats     graphics  grDevices utils     datasets  methods  
[8] base     

other attached packages:
[1] optparse_1.8.2        pheatmap_1.0.13       circlize_0.4.18      
[4] ComplexHeatmap_2.26.1

loaded via a namespace (and not attached):
 [1] crayon_1.5.3        doParallel_1.0.17   cli_3.6.6          
 [4] rlang_1.3.0         png_0.1-9           generics_0.1.4     
 [7] clue_0.3-68         glue_1.8.1          statmod_1.5.2      
[10] S4Vectors_0.48.1    rjson_0.2.23        colorspace_2.1-3   
[13] GlobalOptions_0.1.4 stats4_4.5.2        locfit_1.5-9.12    
[16] scales_1.4.0        IRanges_2.44.0      foreach_1.5.2      
[19] lifecycle_1.0.5     cluster_2.1.8.1     compiler_4.5.2     
[22] codetools_0.2-20    RColorBrewer_1.1-3  limma_3.66.0       
[25] edgeR_4.8.2         lattice_0.22-7      farver_2.1.2       
[28] digest_0.6.39       R6_2.6.1            parallel_4.5.2     
[31] shape_1.4.6.1       GetoptLong_1.1.1    gtable_0.3.6       
[34] iterators_1.0.14    matrixStats_1.5.0   BiocGenerics_0.56.0
