Estimate differential activity for 73b _sub2
BED files: results/12-BXD_footprints/motifs/73b_CTRL_sub2_mpbs.bed,results/12-BXD_footprints/motifs/73b_SD_sub2_mpbs.bed
BAM files: results/12-BXD_footprints/bams/73b_CTRL_sub2.bam,results/12-BXD_footprints/bams/73b_SD_sub2.bam
groups: CTRL,SD
 48 cpus are detected and 20 of them will be used...

generating signal for each motif and condition...

generating signal for condition CTRL 

[W::hts_idx_load3] The index file is older than the data file: results/12-BXD_footprints/bams/73b_CTRL_sub2.bam.bai
[W::hts_idx_load3] The index file is older than the data file: results/12-BXD_footprints/bams/73b_CTRL_sub2.bam.bai
[W::hts_idx_load3] The index file is older than the data file: results/12-BXD_footprints/bams/73b_CTRL_sub2.bam.bai
[W::hts_idx_load3] The index file is older than the data file: results/12-BXD_footprints/bams/73b_CTRL_sub2.bam.bai
[W::hts_idx_load3] The index file is older than the data file: results/12-BXD_footprints/bams/73b_CTRL_sub2.bam.bai
[W::hts_idx_load3] The index file is older than the data file: results/12-BXD_footprints/bams/73b_CTRL_sub2.bam.bai
[W::hts_idx_load3] The index file is older than the data file: results/12-BXD_footprints/bams/73b_CTRL_sub2.bam.bai
[W::hts_idx_load3] The index file is older than the data file: results/12-BXD_footprints/bams/73b_CTRL_sub2.bam.bai
[W::hts_idx_load3] The index file is older than the data file: results/12-BXD_footprints/bams/73b_CTRL_sub2.bam.bai
[W::hts_idx_load3] The index file is older than the data file: results/12-BXD_footprints/bams/73b_CTRL_sub2.bam.bai
[W::hts_idx_load3] The index file is older than the data file: results/12-BXD_footprints/bams/73b_CTRL_sub2.bam.bai
[W::hts_idx_load3] The index file is older than the data file: results/12-BXD_footprints/bams/73b_CTRL_sub2.bam.bai
[W::hts_idx_load3] The index file is older than the data file: results/12-BXD_footprints/bams/73b_CTRL_sub2.bam.bai
[W::hts_idx_load3] The index file is older than the data file: results/12-BXD_footprints/bams/73b_CTRL_sub2.bam.bai
[W::hts_idx_load3] The index file is older than the data file: results/12-BXD_footprints/bams/73b_CTRL_sub2.bam.bai
[W::hts_idx_load3] The index file is older than the data file: results/12-BXD_footprints/bams/73b_CTRL_sub2.bam.bai
[W::hts_idx_load3] The index file is older than the data file: results/12-BXD_footprints/bams/73b_CTRL_sub2.bam.bai
[W::hts_idx_load3] The index file is older than the data file: results/12-BXD_footprints/bams/73b_CTRL_sub2.bam.bai
[W::hts_idx_load3] The index file is older than the data file: results/12-BXD_footprints/bams/73b_CTRL_sub2.bam.bai
[W::hts_idx_load3] The index file is older than the data file: results/12-BXD_footprints/bams/73b_CTRL_sub2.bam.bai
[W::hts_idx_load3] The index file is older than the data file: results/12-BXD_footprints/bams/73b_CTRL_sub2.bam.bai
[W::hts_idx_load3] The index file is older than the data file: results/12-BXD_footprints/bams/73b_CTRL_sub2.bam.bai
[W::hts_idx_load3] The index file is older than the data file: results/12-BXD_footprints/bams/73b_CTRL_sub2.bam.bai
[W::hts_idx_load3] The index file is older than the data file: results/12-BXD_footprints/bams/73b_CTRL_sub2.bam.bai
[W::hts_idx_load3] The index file is older than the data file: results/12-BXD_footprints/bams/73b_CTRL_sub2.bam.bai
[W::hts_idx_load3] The index file is older than the data file: results/12-BXD_footprints/bams/73b_CTRL_sub2.bam.bai
[W::hts_idx_load3] The index file is older than the data file: results/12-BXD_footprints/bams/73b_CTRL_sub2.bam.bai
[W::hts_idx_load3] The index file is older than the data file: results/12-BXD_footprints/bams/73b_CTRL_sub2.bam.bai
[W::hts_idx_load3] The index file is older than the data file: results/12-BXD_footprints/bams/73b_CTRL_sub2.bam.bai
[W::hts_idx_load3] The index file is older than the data file: results/12-BXD_footprints/bams/73b_CTRL_sub2.bam.bai
[W::hts_idx_load3] The index file is older than the data file: results/12-BXD_footprints/bams/73b_CTRL_sub2.bam.bai
[W::hts_idx_load3] The index file is older than the data file: results/12-BXD_footprints/bams/73b_CTRL_sub2.bam.bai
[W::hts_idx_load3] The index file is older than the data file: results/12-BXD_footprints/bams/73b_CTRL_sub2.bam.bai
[W::hts_idx_load3] The index file is older than the data file: results/12-BXD_footprints/bams/73b_CTRL_sub2.bam.bai
[W::hts_idx_load3] The index file is older than the data file: results/12-BXD_footprints/bams/73b_CTRL_sub2.bam.bai
[W::hts_idx_load3] The index file is older than the data file: results/12-BXD_footprints/bams/73b_CTRL_sub2.bam.bai
[W::hts_idx_load3] The index file is older than the data file: results/12-BXD_footprints/bams/73b_CTRL_sub2.bam.bai
[W::hts_idx_load3] The index file is older than the data file: results/12-BXD_footprints/bams/73b_CTRL_sub2.bam.bai
[W::hts_idx_load3] The index file is older than the data file: results/12-BXD_footprints/bams/73b_CTRL_sub2.bam.bai
[W::hts_idx_load3] The index file is older than the data file: results/12-BXD_footprints/bams/73b_CTRL_sub2.bam.bai
[W::hts_idx_load3] The index file is older than the data file: results/12-BXD_footprints/bams/73b_CTRL_sub2.bam.bai
[W::hts_idx_load3] The index file is older than the data file: results/12-BXD_footprints/bams/73b_CTRL_sub2.bam.bai
[W::hts_idx_load3] The index file is older than the data file: results/12-BXD_footprints/bams/73b_CTRL_sub2.bam.bai
[W::hts_idx_load3] The index file is older than the data file: results/12-BXD_footprints/bams/73b_CTRL_sub2.bam.bai
[W::hts_idx_load3] The index file is older than the data file: results/12-BXD_footprints/bams/73b_CTRL_sub2.bam.bai
[W::hts_idx_load3] The index file is older than the data file: results/12-BXD_footprints/bams/73b_CTRL_sub2.bam.bai
[W::hts_idx_load3] The index file is older than the data file: results/12-BXD_footprints/bams/73b_CTRL_sub2.bam.bai
[W::hts_idx_load3] The index file is older than the data file: results/12-BXD_footprints/bams/73b_CTRL_sub2.bam.bai
[W::hts_idx_load3] The index file is older than the data file: results/12-BXD_footprints/bams/73b_CTRL_sub2.bam.bai
[W::hts_idx_load3] The index file is older than the data file: results/12-BXD_footprints/bams/73b_CTRL_sub2.bam.bai
[W::hts_idx_load3] The index file is older than the data file: results/12-BXD_footprints/bams/73b_CTRL_sub2.bam.bai
[W::hts_idx_load3] The index file is older than the data file: results/12-BXD_footprints/bams/73b_CTRL_sub2.bam.bai
[W::hts_idx_load3] The index file is older than the data file: results/12-BXD_footprints/bams/73b_CTRL_sub2.bam.bai
[W::hts_idx_load3] The index file is older than the data file: results/12-BXD_footprints/bams/73b_CTRL_sub2.bam.bai
[W::hts_idx_load3] The index file is older than the data file: results/12-BXD_footprints/bams/73b_CTRL_sub2.bam.bai
[W::hts_idx_load3] The index file is older than the data file: results/12-BXD_footprints/bams/73b_CTRL_sub2.bam.bai
[W::hts_idx_load3] The index file is older than the data file: results/12-BXD_footprints/bams/73b_CTRL_sub2.bam.bai
[W::hts_idx_load3] The index file is older than the data file: results/12-BXD_footprints/bams/73b_CTRL_sub2.bam.bai
[W::hts_idx_load3] The index file is older than the data file: results/12-BXD_footprints/bams/73b_CTRL_sub2.bam.bai
[W::hts_idx_load3] The index file is older than the data file: results/12-BXD_footprints/bams/73b_CTRL_sub2.bam.bai
[W::hts_idx_load3] The index file is older than the data file: results/12-BXD_footprints/bams/73b_CTRL_sub2.bam.bai
[W::hts_idx_load3] The index file is older than the data file: results/12-BXD_footprints/bams/73b_CTRL_sub2.bam.bai
[W::hts_idx_load3] The index file is older than the data file: results/12-BXD_footprints/bams/73b_CTRL_sub2.bam.bai
[W::hts_idx_load3] The index file is older than the data file: results/12-BXD_footprints/bams/73b_CTRL_sub2.bam.bai
[W::hts_idx_load3] The index file is older than the data file: results/12-BXD_footprints/bams/73b_CTRL_sub2.bam.bai
[W::hts_idx_load3] The index file is older than the data file: results/12-BXD_footprints/bams/73b_CTRL_sub2.bam.bai
[W::hts_idx_load3] The index file is older than the data file: results/12-BXD_footprints/bams/73b_CTRL_sub2.bam.bai
[W::hts_idx_load3] The index file is older than the data file: results/12-BXD_footprints/bams/73b_CTRL_sub2.bam.bai
[W::hts_idx_load3] The index file is older than the data file: results/12-BXD_footprints/bams/73b_CTRL_sub2.bam.bai
[W::hts_idx_load3] The index file is older than the data file: results/12-BXD_footprints/bams/73b_CTRL_sub2.bam.bai
[W::hts_idx_load3] The index file is older than the data file: results/12-BXD_footprints/bams/73b_CTRL_sub2.bam.bai
[W::hts_idx_load3] The index file is older than the data file: results/12-BXD_footprints/bams/73b_CTRL_sub2.bam.bai
[W::hts_idx_load3] The index file is older than the data file: results/12-BXD_footprints/bams/73b_CTRL_sub2.bam.bai
[W::hts_idx_load3] The index file is older than the data file: results/12-BXD_footprints/bams/73b_CTRL_sub2.bam.bai
[W::hts_idx_load3] The index file is older than the data file: results/12-BXD_footprints/bams/73b_CTRL_sub2.bam.bai
[W::hts_idx_load3] The index file is older than the data file: results/12-BXD_footprints/bams/73b_CTRL_sub2.bam.bai
[W::hts_idx_load3] The index file is older than the data file: results/12-BXD_footprints/bams/73b_CTRL_sub2.bam.bai
[W::hts_idx_load3] The index file is older than the data file: results/12-BXD_footprints/bams/73b_CTRL_sub2.bam.bai
[W::hts_idx_load3] The index file is older than the data file: results/12-BXD_footprints/bams/73b_CTRL_sub2.bam.bai
[W::hts_idx_load3] The index file is older than the data file: results/12-BXD_footprints/bams/73b_CTRL_sub2.bam.bai
[W::hts_idx_load3] The index file is older than the data file: results/12-BXD_footprints/bams/73b_CTRL_sub2.bam.bai
[W::hts_idx_load3] The index file is older than the data file: results/12-BXD_footprints/bams/73b_CTRL_sub2.bam.bai
[W::hts_idx_load3] The index file is older than the data file: results/12-BXD_footprints/bams/73b_CTRL_sub2.bam.bai
[W::hts_idx_load3] The index file is older than the data file: results/12-BXD_footprints/bams/73b_CTRL_sub2.bam.bai
[W::hts_idx_load3] The index file is older than the data file: results/12-BXD_footprints/bams/73b_CTRL_sub2.bam.bai
[W::hts_idx_load3] The index file is older than the data file: results/12-BXD_footprints/bams/73b_CTRL_sub2.bam.bai
[W::hts_idx_load3] The index file is older than the data file: results/12-BXD_footprints/bams/73b_CTRL_sub2.bam.bai
[W::hts_idx_load3] The index file is older than the data file: results/12-BXD_footprints/bams/73b_CTRL_sub2.bam.bai
[W::hts_idx_load3] The index file is older than the data file: results/12-BXD_footprints/bams/73b_CTRL_sub2.bam.bai
[W::hts_idx_load3] The index file is older than the data file: results/12-BXD_footprints/bams/73b_CTRL_sub2.bam.bai
[W::hts_idx_load3] The index file is older than the data file: results/12-BXD_footprints/bams/73b_CTRL_sub2.bam.bai
[W::hts_idx_load3] The index file is older than the data file: results/12-BXD_footprints/bams/73b_CTRL_sub2.bam.bai
[W::hts_idx_load3] The index file is older than the data file: results/12-BXD_footprints/bams/73b_CTRL_sub2.bam.bai
[W::hts_idx_load3] The index file is older than the data file: results/12-BXD_footprints/bams/73b_CTRL_sub2.bam.bai
[W::hts_idx_load3] The index file is older than the data file: results/12-BXD_footprints/bams/73b_CTRL_sub2.bam.bai
[W::hts_idx_load3] The index file is older than the data file: results/12-BXD_footprints/bams/73b_CTRL_sub2.bam.bai
[W::hts_idx_load3] The index file is older than the data file: results/12-BXD_footprints/bams/73b_CTRL_sub2.bam.bai
[W::hts_idx_load3] The index file is older than the data file: results/12-BXD_footprints/bams/73b_CTRL_sub2.bam.bai
[W::hts_idx_load3] The index file is older than the data file: results/12-BXD_footprints/bams/73b_CTRL_sub2.bam.bai
[W::hts_idx_load3] The index file is older than the data file: results/12-BXD_footprints/bams/73b_CTRL_sub2.bam.bai
[W::hts_idx_load3] The index file is older than the data file: results/12-BXD_footprints/bams/73b_CTRL_sub2.bam.bai
[W::hts_idx_load3] The index file is older than the data file: results/12-BXD_footprints/bams/73b_CTRL_sub2.bam.bai
[W::hts_idx_load3] The index file is older than the data file: results/12-BXD_footprints/bams/73b_CTRL_sub2.bam.bai
[W::hts_idx_load3] The index file is older than the data file: results/12-BXD_footprints/bams/73b_CTRL_sub2.bam.bai
[W::hts_idx_load3] The index file is older than the data file: results/12-BXD_footprints/bams/73b_CTRL_sub2.bam.bai
[W::hts_idx_load3] The index file is older than the data file: results/12-BXD_footprints/bams/73b_CTRL_sub2.bam.bai
[W::hts_idx_load3] The index file is older than the data file: results/12-BXD_footprints/bams/73b_CTRL_sub2.bam.bai
[W::hts_idx_load3] The index file is older than the data file: results/12-BXD_footprints/bams/73b_CTRL_sub2.bam.bai
[W::hts_idx_load3] The index file is older than the data file: results/12-BXD_footprints/bams/73b_CTRL_sub2.bam.bai
[W::hts_idx_load3] The index file is older than the data file: results/12-BXD_footprints/bams/73b_CTRL_sub2.bam.bai
[W::hts_idx_load3] The index file is older than the data file: results/12-BXD_footprints/bams/73b_CTRL_sub2.bam.bai
[W::hts_idx_load3] The index file is older than the data file: results/12-BXD_footprints/bams/73b_CTRL_sub2.bam.bai
[W::hts_idx_load3] The index file is older than the data file: results/12-BXD_footprints/bams/73b_CTRL_sub2.bam.bai
[W::hts_idx_load3] The index file is older than the data file: results/12-BXD_footprints/bams/73b_CTRL_sub2.bam.bai
[W::hts_idx_load3] The index file is older than the data file: results/12-BXD_footprints/bams/73b_CTRL_sub2.bam.bai
[W::hts_idx_load3] The index file is older than the data file: results/12-BXD_footprints/bams/73b_CTRL_sub2.bam.bai
[W::hts_idx_load3] The index file is older than the data file: results/12-BXD_footprints/bams/73b_CTRL_sub2.bam.bai
[W::hts_idx_load3] The index file is older than the data file: results/12-BXD_footprints/bams/73b_CTRL_sub2.bam.bai
[W::hts_idx_load3] The index file is older than the data file: results/12-BXD_footprints/bams/73b_CTRL_sub2.bam.bai
[W::hts_idx_load3] The index file is older than the data file: results/12-BXD_footprints/bams/73b_CTRL_sub2.bam.bai
[W::hts_idx_load3] The index file is older than the data file: results/12-BXD_footprints/bams/73b_CTRL_sub2.bam.bai
[W::hts_idx_load3] The index file is older than the data file: results/12-BXD_footprints/bams/73b_CTRL_sub2.bam.bai
[W::hts_idx_load3] The index file is older than the data file: results/12-BXD_footprints/bams/73b_CTRL_sub2.bam.bai
[W::hts_idx_load3] The index file is older than the data file: results/12-BXD_footprints/bams/73b_CTRL_sub2.bam.bai
[W::hts_idx_load3] The index file is older than the data file: results/12-BXD_footprints/bams/73b_CTRL_sub2.bam.bai
[W::hts_idx_load3] The index file is older than the data file: results/12-BXD_footprints/bams/73b_CTRL_sub2.bam.bai
[W::hts_idx_load3] The index file is older than the data file: results/12-BXD_footprints/bams/73b_CTRL_sub2.bam.bai
[W::hts_idx_load3] The index file is older than the data file: results/12-BXD_footprints/bams/73b_CTRL_sub2.bam.bai
[W::hts_idx_load3] The index file is older than the data file: results/12-BXD_footprints/bams/73b_CTRL_sub2.bam.bai
[W::hts_idx_load3] The index file is older than the data file: results/12-BXD_footprints/bams/73b_CTRL_sub2.bam.bai
[W::hts_idx_load3] The index file is older than the data file: results/12-BXD_footprints/bams/73b_CTRL_sub2.bam.bai
[W::hts_idx_load3] The index file is older than the data file: results/12-BXD_footprints/bams/73b_CTRL_sub2.bam.bai
[W::hts_idx_load3] The index file is older than the data file: results/12-BXD_footprints/bams/73b_CTRL_sub2.bam.bai
[W::hts_idx_load3] The index file is older than the data file: results/12-BXD_footprints/bams/73b_CTRL_sub2.bam.bai
[W::hts_idx_load3] The index file is older than the data file: results/12-BXD_footprints/bams/73b_CTRL_sub2.bam.bai
[W::hts_idx_load3] The index file is older than the data file: results/12-BXD_footprints/bams/73b_CTRL_sub2.bam.bai
[W::hts_idx_load3] The index file is older than the data file: results/12-BXD_footprints/bams/73b_CTRL_sub2.bam.bai
[W::hts_idx_load3] The index file is older than the data file: results/12-BXD_footprints/bams/73b_CTRL_sub2.bam.bai
[W::hts_idx_load3] The index file is older than the data file: results/12-BXD_footprints/bams/73b_CTRL_sub2.bam.bai
[W::hts_idx_load3] The index file is older than the data file: results/12-BXD_footprints/bams/73b_CTRL_sub2.bam.bai
[W::hts_idx_load3] The index file is older than the data file: results/12-BXD_footprints/bams/73b_CTRL_sub2.bam.bai
[W::hts_idx_load3] The index file is older than the data file: results/12-BXD_footprints/bams/73b_CTRL_sub2.bam.bai
[W::hts_idx_load3] The index file is older than the data file: results/12-BXD_footprints/bams/73b_CTRL_sub2.bam.bai
[W::hts_idx_load3] The index file is older than the data file: results/12-BXD_footprints/bams/73b_CTRL_sub2.bam.bai
[W::hts_idx_load3] The index file is older than the data file: results/12-BXD_footprints/bams/73b_CTRL_sub2.bam.bai
[W::hts_idx_load3] The index file is older than the data file: results/12-BXD_footprints/bams/73b_CTRL_sub2.bam.bai
[W::hts_idx_load3] The index file is older than the data file: results/12-BXD_footprints/bams/73b_CTRL_sub2.bam.bai
[W::hts_idx_load3] The index file is older than the data file: results/12-BXD_footprints/bams/73b_CTRL_sub2.bam.bai
[W::hts_idx_load3] The index file is older than the data file: results/12-BXD_footprints/bams/73b_CTRL_sub2.bam.bai
[W::hts_idx_load3] The index file is older than the data file: results/12-BXD_footprints/bams/73b_CTRL_sub2.bam.bai
[W::hts_idx_load3] The index file is older than the data file: results/12-BXD_footprints/bams/73b_CTRL_sub2.bam.bai
[W::hts_idx_load3] The index file is older than the data file: results/12-BXD_footprints/bams/73b_CTRL_sub2.bam.bai
[W::hts_idx_load3] The index file is older than the data file: results/12-BXD_footprints/bams/73b_CTRL_sub2.bam.bai
[W::hts_idx_load3] The index file is older than the data file: results/12-BXD_footprints/bams/73b_CTRL_sub2.bam.bai
[W::hts_idx_load3] The index file is older than the data file: results/12-BXD_footprints/bams/73b_CTRL_sub2.bam.bai
[W::hts_idx_load3] The index file is older than the data file: results/12-BXD_footprints/bams/73b_CTRL_sub2.bam.bai
[W::hts_idx_load3] The index file is older than the data file: results/12-BXD_footprints/bams/73b_CTRL_sub2.bam.bai
[W::hts_idx_load3] The index file is older than the data file: results/12-BXD_footprints/bams/73b_CTRL_sub2.bam.bai
[W::hts_idx_load3] The index file is older than the data file: results/12-BXD_footprints/bams/73b_CTRL_sub2.bam.bai
[W::hts_idx_load3] The index file is older than the data file: results/12-BXD_footprints/bams/73b_CTRL_sub2.bam.bai
[W::hts_idx_load3] The index file is older than the data file: results/12-BXD_footprints/bams/73b_CTRL_sub2.bam.bai
[W::hts_idx_load3] The index file is older than the data file: results/12-BXD_footprints/bams/73b_CTRL_sub2.bam.bai
[W::hts_idx_load3] The index file is older than the data file: results/12-BXD_footprints/bams/73b_CTRL_sub2.bam.bai
[W::hts_idx_load3] The index file is older than the data file: results/12-BXD_footprints/bams/73b_CTRL_sub2.bam.bai
[W::hts_idx_load3] The index file is older than the data file: results/12-BXD_footprints/bams/73b_CTRL_sub2.bam.bai
[W::hts_idx_load3] The index file is older than the data file: results/12-BXD_footprints/bams/73b_CTRL_sub2.bam.bai
[W::hts_idx_load3] The index file is older than the data file: results/12-BXD_footprints/bams/73b_CTRL_sub2.bam.bai
[W::hts_idx_load3] The index file is older than the data file: results/12-BXD_footprints/bams/73b_CTRL_sub2.bam.bai
[W::hts_idx_load3] The index file is older than the data file: results/12-BXD_footprints/bams/73b_CTRL_sub2.bam.bai
[W::hts_idx_load3] The index file is older than the data file: results/12-BXD_footprints/bams/73b_CTRL_sub2.bam.bai
[W::hts_idx_load3] The index file is older than the data file: results/12-BXD_footprints/bams/73b_CTRL_sub2.bam.bai
[W::hts_idx_load3] The index file is older than the data file: results/12-BXD_footprints/bams/73b_CTRL_sub2.bam.bai
[W::hts_idx_load3] The index file is older than the data file: results/12-BXD_footprints/bams/73b_CTRL_sub2.bam.bai
[W::hts_idx_load3] The index file is older than the data file: results/12-BXD_footprints/bams/73b_CTRL_sub2.bam.bai
[W::hts_idx_load3] The index file is older than the data file: results/12-BXD_footprints/bams/73b_CTRL_sub2.bam.bai
[W::hts_idx_load3] The index file is older than the data file: results/12-BXD_footprints/bams/73b_CTRL_sub2.bam.bai
[W::hts_idx_load3] The index file is older than the data file: results/12-BXD_footprints/bams/73b_CTRL_sub2.bam.bai
[W::hts_idx_load3] The index file is older than the data file: results/12-BXD_footprints/bams/73b_CTRL_sub2.bam.bai
[W::hts_idx_load3] The index file is older than the data file: results/12-BXD_footprints/bams/73b_CTRL_sub2.bam.bai
[W::hts_idx_load3] The index file is older than the data file: results/12-BXD_footprints/bams/73b_CTRL_sub2.bam.bai
[W::hts_idx_load3] The index file is older than the data file: results/12-BXD_footprints/bams/73b_CTRL_sub2.bam.bai
[W::hts_idx_load3] The index file is older than the data file: results/12-BXD_footprints/bams/73b_CTRL_sub2.bam.bai
[W::hts_idx_load3] The index file is older than the data file: results/12-BXD_footprints/bams/73b_CTRL_sub2.bam.bai
[W::hts_idx_load3] The index file is older than the data file: results/12-BXD_footprints/bams/73b_CTRL_sub2.bam.bai
[W::hts_idx_load3] The index file is older than the data file: results/12-BXD_footprints/bams/73b_CTRL_sub2.bam.bai
[W::hts_idx_load3] The index file is older than the data file: results/12-BXD_footprints/bams/73b_CTRL_sub2.bam.bai
[W::hts_idx_load3] The index file is older than the data file: results/12-BXD_footprints/bams/73b_CTRL_sub2.bam.bai
[W::hts_idx_load3] The index file is older than the data file: results/12-BXD_footprints/bams/73b_CTRL_sub2.bam.bai
[W::hts_idx_load3] The index file is older than the data file: results/12-BXD_footprints/bams/73b_CTRL_sub2.bam.bai
[W::hts_idx_load3] The index file is older than the data file: results/12-BXD_footprints/bams/73b_CTRL_sub2.bam.bai
[W::hts_idx_load3] The index file is older than the data file: results/12-BXD_footprints/bams/73b_CTRL_sub2.bam.bai
[W::hts_idx_load3] The index file is older than the data file: results/12-BXD_footprints/bams/73b_CTRL_sub2.bam.bai
[W::hts_idx_load3] The index file is older than the data file: results/12-BXD_footprints/bams/73b_CTRL_sub2.bam.bai
[W::hts_idx_load3] The index file is older than the data file: results/12-BXD_footprints/bams/73b_CTRL_sub2.bam.bai
[W::hts_idx_load3] The index file is older than the data file: results/12-BXD_footprints/bams/73b_CTRL_sub2.bam.bai
[W::hts_idx_load3] The index file is older than the data file: results/12-BXD_footprints/bams/73b_CTRL_sub2.bam.bai
[W::hts_idx_load3] The index file is older than the data file: results/12-BXD_footprints/bams/73b_CTRL_sub2.bam.bai
[W::hts_idx_load3] The index file is older than the data file: results/12-BXD_footprints/bams/73b_CTRL_sub2.bam.bai
[W::hts_idx_load3] The index file is older than the data file: results/12-BXD_footprints/bams/73b_CTRL_sub2.bam.bai
[W::hts_idx_load3] The index file is older than the data file: results/12-BXD_footprints/bams/73b_CTRL_sub2.bam.bai
[W::hts_idx_load3] The index file is older than the data file: results/12-BXD_footprints/bams/73b_CTRL_sub2.bam.bai
[W::hts_idx_load3] The index file is older than the data file: results/12-BXD_footprints/bams/73b_CTRL_sub2.bam.bai
[W::hts_idx_load3] The index file is older than the data file: results/12-BXD_footprints/bams/73b_CTRL_sub2.bam.bai
[W::hts_idx_load3] The index file is older than the data file: results/12-BXD_footprints/bams/73b_CTRL_sub2.bam.bai
[W::hts_idx_load3] The index file is older than the data file: results/12-BXD_footprints/bams/73b_CTRL_sub2.bam.bai
[W::hts_idx_load3] The index file is older than the data file: results/12-BXD_footprints/bams/73b_CTRL_sub2.bam.bai
[W::hts_idx_load3] The index file is older than the data file: results/12-BXD_footprints/bams/73b_CTRL_sub2.bam.bai
[W::hts_idx_load3] The index file is older than the data file: results/12-BXD_footprints/bams/73b_CTRL_sub2.bam.bai
[W::hts_idx_load3] The index file is older than the data file: results/12-BXD_footprints/bams/73b_CTRL_sub2.bam.bai
[W::hts_idx_load3] The index file is older than the data file: results/12-BXD_footprints/bams/73b_CTRL_sub2.bam.bai
[W::hts_idx_load3] The index file is older than the data file: results/12-BXD_footprints/bams/73b_CTRL_sub2.bam.bai
[W::hts_idx_load3] The index file is older than the data file: results/12-BXD_footprints/bams/73b_CTRL_sub2.bam.bai
[W::hts_idx_load3] The index file is older than the data file: results/12-BXD_footprints/bams/73b_CTRL_sub2.bam.bai
[W::hts_idx_load3] The index file is older than the data file: results/12-BXD_footprints/bams/73b_CTRL_sub2.bam.bai
[W::hts_idx_load3] The index file is older than the data file: results/12-BXD_footprints/bams/73b_CTRL_sub2.bam.bai
[W::hts_idx_load3] The index file is older than the data file: results/12-BXD_footprints/bams/73b_CTRL_sub2.bam.bai
[W::hts_idx_load3] The index file is older than the data file: results/12-BXD_footprints/bams/73b_CTRL_sub2.bam.bai[W::hts_idx_load3] 
The index file is older than the data file: results/12-BXD_footprints/bams/73b_CTRL_sub2.bam.bai
[W::hts_idx_load3] The index file is older than the data file: results/12-BXD_footprints/bams/73b_CTRL_sub2.bam.bai
[W::hts_idx_load3] The index file is older than the data file: results/12-BXD_footprints/bams/73b_CTRL_sub2.bam.bai
[W::hts_idx_load3] The index file is older than the data file: results/12-BXD_footprints/bams/73b_CTRL_sub2.bam.bai
[W::hts_idx_load3] The index file is older than the data file: results/12-BXD_footprints/bams/73b_CTRL_sub2.bam.bai
[W::hts_idx_load3] The index file is older than the data file: results/12-BXD_footprints/bams/73b_CTRL_sub2.bam.bai
[W::hts_idx_load3] The index file is older than the data file: results/12-BXD_footprints/bams/73b_CTRL_sub2.bam.bai
[W::hts_idx_load3] The index file is older than the data file: results/12-BXD_footprints/bams/73b_CTRL_sub2.bam.bai
[W::hts_idx_load3] The index file is older than the data file: results/12-BXD_footprints/bams/73b_CTRL_sub2.bam.bai
[W::hts_idx_load3] The index file is older than the data file: results/12-BXD_footprints/bams/73b_CTRL_sub2.bam.bai
[W::hts_idx_load3] The index file is older than the data file: results/12-BXD_footprints/bams/73b_CTRL_sub2.bam.bai
[W::hts_idx_load3] The index file is older than the data file: results/12-BXD_footprints/bams/73b_CTRL_sub2.bam.bai
[W::hts_idx_load3] The index file is older than the data file: results/12-BXD_footprints/bams/73b_CTRL_sub2.bam.bai
[W::hts_idx_load3] The index file is older than the data file: results/12-BXD_footprints/bams/73b_CTRL_sub2.bam.bai
[W::hts_idx_load3] The index file is older than the data file: results/12-BXD_footprints/bams/73b_CTRL_sub2.bam.bai
[W::hts_idx_load3] The index file is older than the data file: results/12-BXD_footprints/bams/73b_CTRL_sub2.bam.bai
[W::hts_idx_load3] The index file is older than the data file: results/12-BXD_footprints/bams/73b_CTRL_sub2.bam.bai
[W::hts_idx_load3] The index file is older than the data file: results/12-BXD_footprints/bams/73b_CTRL_sub2.bam.bai
[W::hts_idx_load3] The index file is older than the data file: results/12-BXD_footprints/bams/73b_CTRL_sub2.bam.bai
[W::hts_idx_load3] The index file is older than the data file: results/12-BXD_footprints/bams/73b_CTRL_sub2.bam.bai
[W::hts_idx_load3] The index file is older than the data file: results/12-BXD_footprints/bams/73b_CTRL_sub2.bam.bai
[W::hts_idx_load3] The index file is older than the data file: results/12-BXD_footprints/bams/73b_CTRL_sub2.bam.bai
[W::hts_idx_load3] The index file is older than the data file: results/12-BXD_footprints/bams/73b_CTRL_sub2.bam.bai
[W::hts_idx_load3] The index file is older than the data file: results/12-BXD_footprints/bams/73b_CTRL_sub2.bam.bai
[W::hts_idx_load3] The index file is older than the data file: results/12-BXD_footprints/bams/73b_CTRL_sub2.bam.bai
[W::hts_idx_load3] The index file is older than the data file: results/12-BXD_footprints/bams/73b_CTRL_sub2.bam.bai
[W::hts_idx_load3] The index file is older than the data file: results/12-BXD_footprints/bams/73b_CTRL_sub2.bam.bai
[W::hts_idx_load3] The index file is older than the data file: results/12-BXD_footprints/bams/73b_CTRL_sub2.bam.bai
[W::hts_idx_load3] The index file is older than the data file: results/12-BXD_footprints/bams/73b_CTRL_sub2.bam.bai
[W::hts_idx_load3] The index file is older than the data file: results/12-BXD_footprints/bams/73b_CTRL_sub2.bam.bai
[W::hts_idx_load3] The index file is older than the data file: results/12-BXD_footprints/bams/73b_CTRL_sub2.bam.bai
[W::hts_idx_load3] The index file is older than the data file: results/12-BXD_footprints/bams/73b_CTRL_sub2.bam.bai
[W::hts_idx_load3] The index file is older than the data file: results/12-BXD_footprints/bams/73b_CTRL_sub2.bam.bai
[W::hts_idx_load3] The index file is older than the data file: results/12-BXD_footprints/bams/73b_CTRL_sub2.bam.bai
[W::hts_idx_load3] The index file is older than the data file: results/12-BXD_footprints/bams/73b_CTRL_sub2.bam.bai
[W::hts_idx_load3] The index file is older than the data file: results/12-BXD_footprints/bams/73b_CTRL_sub2.bam.bai
[W::hts_idx_load3] The index file is older than the data file: results/12-BXD_footprints/bams/73b_CTRL_sub2.bam.bai
[W::hts_idx_load3] The index file is older than the data file: results/12-BXD_footprints/bams/73b_CTRL_sub2.bam.bai
[W::hts_idx_load3] The index file is older than the data file: results/12-BXD_footprints/bams/73b_CTRL_sub2.bam.bai
[W::hts_idx_load3] The index file is older than the data file: results/12-BXD_footprints/bams/73b_CTRL_sub2.bam.bai
[W::hts_idx_load3] The index file is older than the data file: results/12-BXD_footprints/bams/73b_CTRL_sub2.bam.bai
[W::hts_idx_load3] The index file is older than the data file: results/12-BXD_footprints/bams/73b_CTRL_sub2.bam.bai
[W::hts_idx_load3] The index file is older than the data file: results/12-BXD_footprints/bams/73b_CTRL_sub2.bam.bai
[W::hts_idx_load3] The index file is older than the data file: results/12-BXD_footprints/bams/73b_CTRL_sub2.bam.bai
[W::hts_idx_load3] The index file is older than the data file: results/12-BXD_footprints/bams/73b_CTRL_sub2.bam.bai
[W::hts_idx_load3] The index file is older than the data file: results/12-BXD_footprints/bams/73b_CTRL_sub2.bam.bai
[W::hts_idx_load3] The index file is older than the data file: results/12-BXD_footprints/bams/73b_CTRL_sub2.bam.bai
[W::hts_idx_load3] The index file is older than the data file: results/12-BXD_footprints/bams/73b_CTRL_sub2.bam.bai
[W::hts_idx_load3] The index file is older than the data file: results/12-BXD_footprints/bams/73b_CTRL_sub2.bam.bai
[W::hts_idx_load3] The index file is older than the data file: results/12-BXD_footprints/bams/73b_CTRL_sub2.bam.bai
[W::hts_idx_load3] The index file is older than the data file: results/12-BXD_footprints/bams/73b_CTRL_sub2.bam.bai
[W::hts_idx_load3] The index file is older than the data file: results/12-BXD_footprints/bams/73b_CTRL_sub2.bam.bai
[W::hts_idx_load3] The index file is older than the data file: results/12-BXD_footprints/bams/73b_CTRL_sub2.bam.bai
[W::hts_idx_load3] The index file is older than the data file: results/12-BXD_footprints/bams/73b_CTRL_sub2.bam.bai
[W::hts_idx_load3] The index file is older than the data file: results/12-BXD_footprints/bams/73b_CTRL_sub2.bam.bai
[W::hts_idx_load3] The index file is older than the data file: results/12-BXD_footprints/bams/73b_CTRL_sub2.bam.bai
[W::hts_idx_load3] The index file is older than the data file: results/12-BXD_footprints/bams/73b_CTRL_sub2.bam.bai
[W::hts_idx_load3] The index file is older than the data file: results/12-BXD_footprints/bams/73b_CTRL_sub2.bam.bai
[W::hts_idx_load3] The index file is older than the data file: results/12-BXD_footprints/bams/73b_CTRL_sub2.bam.bai
[W::hts_idx_load3] The index file is older than the data file: results/12-BXD_footprints/bams/73b_CTRL_sub2.bam.bai
[W::hts_idx_load3] The index file is older than the data file: results/12-BXD_footprints/bams/73b_CTRL_sub2.bam.bai
[W::hts_idx_load3] The index file is older than the data file: results/12-BXD_footprints/bams/73b_CTRL_sub2.bam.bai
[W::hts_idx_load3] The index file is older than the data file: results/12-BXD_footprints/bams/73b_CTRL_sub2.bam.bai
[W::hts_idx_load3] The index file is older than the data file: results/12-BXD_footprints/bams/73b_CTRL_sub2.bam.bai
[W::hts_idx_load3] The index file is older than the data file: results/12-BXD_footprints/bams/73b_CTRL_sub2.bam.bai
[W::hts_idx_load3] The index file is older than the data file: results/12-BXD_footprints/bams/73b_CTRL_sub2.bam.bai
[W::hts_idx_load3] The index file is older than the data file: results/12-BXD_footprints/bams/73b_CTRL_sub2.bam.bai
[W::hts_idx_load3] The index file is older than the data file: results/12-BXD_footprints/bams/73b_CTRL_sub2.bam.bai
[W::hts_idx_load3] The index file is older than the data file: results/12-BXD_footprints/bams/73b_CTRL_sub2.bam.bai
[W::hts_idx_load3] The index file is older than the data file: results/12-BXD_footprints/bams/73b_CTRL_sub2.bam.bai
[W::hts_idx_load3] The index file is older than the data file: results/12-BXD_footprints/bams/73b_CTRL_sub2.bam.bai
[W::hts_idx_load3] The index file is older than the data file: results/12-BXD_footprints/bams/73b_CTRL_sub2.bam.bai
[W::hts_idx_load3] The index file is older than the data file: results/12-BXD_footprints/bams/73b_CTRL_sub2.bam.bai
[W::hts_idx_load3] The index file is older than the data file: results/12-BXD_footprints/bams/73b_CTRL_sub2.bam.bai
[W::hts_idx_load3] The index file is older than the data file: results/12-BXD_footprints/bams/73b_CTRL_sub2.bam.bai
[W::hts_idx_load3] The index file is older than the data file: results/12-BXD_footprints/bams/73b_CTRL_sub2.bam.bai
[W::hts_idx_load3] The index file is older than the data file: results/12-BXD_footprints/bams/73b_CTRL_sub2.bam.bai
[W::hts_idx_load3] The index file is older than the data file: results/12-BXD_footprints/bams/73b_CTRL_sub2.bam.bai
[W::hts_idx_load3] The index file is older than the data file: results/12-BXD_footprints/bams/73b_CTRL_sub2.bam.bai
[W::hts_idx_load3] The index file is older than the data file: results/12-BXD_footprints/bams/73b_CTRL_sub2.bam.bai
[W::hts_idx_load3] The index file is older than the data file: results/12-BXD_footprints/bams/73b_CTRL_sub2.bam.bai
[W::hts_idx_load3] The index file is older than the data file: results/12-BXD_footprints/bams/73b_CTRL_sub2.bam.bai
[W::hts_idx_load3] The index file is older than the data file: results/12-BXD_footprints/bams/73b_CTRL_sub2.bam.bai
[W::hts_idx_load3] The index file is older than the data file: results/12-BXD_footprints/bams/73b_CTRL_sub2.bam.bai
[W::hts_idx_load3] The index file is older than the data file: results/12-BXD_footprints/bams/73b_CTRL_sub2.bam.bai
[W::hts_idx_load3] The index file is older than the data file: results/12-BXD_footprints/bams/73b_CTRL_sub2.bam.bai
[W::hts_idx_load3] The index file is older than the data file: results/12-BXD_footprints/bams/73b_CTRL_sub2.bam.bai
[W::hts_idx_load3] The index file is older than the data file: results/12-BXD_footprints/bams/73b_CTRL_sub2.bam.bai
[W::hts_idx_load3] The index file is older than the data file: results/12-BXD_footprints/bams/73b_CTRL_sub2.bam.bai
[W::hts_idx_load3] The index file is older than the data file: results/12-BXD_footprints/bams/73b_CTRL_sub2.bam.bai
[W::hts_idx_load3] The index file is older than the data file: results/12-BXD_footprints/bams/73b_CTRL_sub2.bam.bai
[W::hts_idx_load3] The index file is older than the data file: results/12-BXD_footprints/bams/73b_CTRL_sub2.bam.bai
[W::hts_idx_load3] The index file is older than the data file: results/12-BXD_footprints/bams/73b_CTRL_sub2.bam.bai
[W::hts_idx_load3] The index file is older than the data file: results/12-BXD_footprints/bams/73b_CTRL_sub2.bam.bai
[W::hts_idx_load3] The index file is older than the data file: results/12-BXD_footprints/bams/73b_CTRL_sub2.bam.bai
[W::hts_idx_load3] The index file is older than the data file: results/12-BXD_footprints/bams/73b_CTRL_sub2.bam.bai
[W::hts_idx_load3] The index file is older than the data file: results/12-BXD_footprints/bams/73b_CTRL_sub2.bam.bai
[W::hts_idx_load3] The index file is older than the data file: results/12-BXD_footprints/bams/73b_CTRL_sub2.bam.bai
[W::hts_idx_load3] The index file is older than the data file: results/12-BXD_footprints/bams/73b_CTRL_sub2.bam.bai
[W::hts_idx_load3] The index file is older than the data file: results/12-BXD_footprints/bams/73b_CTRL_sub2.bam.bai
[W::hts_idx_load3] The index file is older than the data file: results/12-BXD_footprints/bams/73b_CTRL_sub2.bam.bai
[W::hts_idx_load3] The index file is older than the data file: results/12-BXD_footprints/bams/73b_CTRL_sub2.bam.bai
[W::hts_idx_load3] The index file is older than the data file: results/12-BXD_footprints/bams/73b_CTRL_sub2.bam.bai
[W::hts_idx_load3] The index file is older than the data file: results/12-BXD_footprints/bams/73b_CTRL_sub2.bam.bai
[W::hts_idx_load3] The index file is older than the data file: results/12-BXD_footprints/bams/73b_CTRL_sub2.bam.bai
[W::hts_idx_load3] The index file is older than the data file: results/12-BXD_footprints/bams/73b_CTRL_sub2.bam.bai
[W::hts_idx_load3] The index file is older than the data file: results/12-BXD_footprints/bams/73b_CTRL_sub2.bam.bai
[W::hts_idx_load3] The index file is older than the data file: results/12-BXD_footprints/bams/73b_CTRL_sub2.bam.bai
[W::hts_idx_load3] The index file is older than the data file: results/12-BXD_footprints/bams/73b_CTRL_sub2.bam.bai
[W::hts_idx_load3] The index file is older than the data file: results/12-BXD_footprints/bams/73b_CTRL_sub2.bam.bai
[W::hts_idx_load3] The index file is older than the data file: results/12-BXD_footprints/bams/73b_CTRL_sub2.bam.bai
[W::hts_idx_load3] The index file is older than the data file: results/12-BXD_footprints/bams/73b_CTRL_sub2.bam.bai
[W::hts_idx_load3] The index file is older than the data file: results/12-BXD_footprints/bams/73b_CTRL_sub2.bam.bai
[W::hts_idx_load3] The index file is older than the data file: results/12-BXD_footprints/bams/73b_CTRL_sub2.bam.bai
[W::hts_idx_load3] The index file is older than the data file: results/12-BXD_footprints/bams/73b_CTRL_sub2.bam.bai
[W::hts_idx_load3] The index file is older than the data file: results/12-BXD_footprints/bams/73b_CTRL_sub2.bam.bai
[W::hts_idx_load3] The index file is older than the data file: results/12-BXD_footprints/bams/73b_CTRL_sub2.bam.bai
[W::hts_idx_load3] The index file is older than the data file: results/12-BXD_footprints/bams/73b_CTRL_sub2.bam.bai
[W::hts_idx_load3] The index file is older than the data file: results/12-BXD_footprints/bams/73b_CTRL_sub2.bam.bai
[W::hts_idx_load3] The index file is older than the data file: results/12-BXD_footprints/bams/73b_CTRL_sub2.bam.bai
[W::hts_idx_load3] The index file is older than the data file: results/12-BXD_footprints/bams/73b_CTRL_sub2.bam.bai
[W::hts_idx_load3] The index file is older than the data file: results/12-BXD_footprints/bams/73b_CTRL_sub2.bam.bai
[W::hts_idx_load3] The index file is older than the data file: results/12-BXD_footprints/bams/73b_CTRL_sub2.bam.bai
[W::hts_idx_load3] The index file is older than the data file: results/12-BXD_footprints/bams/73b_CTRL_sub2.bam.bai
[W::hts_idx_load3] The index file is older than the data file: results/12-BXD_footprints/bams/73b_CTRL_sub2.bam.bai
[W::hts_idx_load3] The index file is older than the data file: results/12-BXD_footprints/bams/73b_CTRL_sub2.bam.bai
[W::hts_idx_load3] The index file is older than the data file: results/12-BXD_footprints/bams/73b_CTRL_sub2.bam.bai
[W::hts_idx_load3] The index file is older than the data file: results/12-BXD_footprints/bams/73b_CTRL_sub2.bam.bai
[W::hts_idx_load3] The index file is older than the data file: results/12-BXD_footprints/bams/73b_CTRL_sub2.bam.bai
[W::hts_idx_load3] The index file is older than the data file: results/12-BXD_footprints/bams/73b_CTRL_sub2.bam.bai
[W::hts_idx_load3] The index file is older than the data file: results/12-BXD_footprints/bams/73b_CTRL_sub2.bam.bai
[W::hts_idx_load3] The index file is older than the data file: results/12-BXD_footprints/bams/73b_CTRL_sub2.bam.bai
[W::hts_idx_load3] The index file is older than the data file: results/12-BXD_footprints/bams/73b_CTRL_sub2.bam.bai
[W::hts_idx_load3] The index file is older than the data file: results/12-BXD_footprints/bams/73b_CTRL_sub2.bam.bai
[W::hts_idx_load3] The index file is older than the data file: results/12-BXD_footprints/bams/73b_CTRL_sub2.bam.bai
[W::hts_idx_load3] The index file is older than the data file: results/12-BXD_footprints/bams/73b_CTRL_sub2.bam.bai
[W::hts_idx_load3] The index file is older than the data file: results/12-BXD_footprints/bams/73b_CTRL_sub2.bam.bai
[W::hts_idx_load3] The index file is older than the data file: results/12-BXD_footprints/bams/73b_CTRL_sub2.bam.bai
[W::hts_idx_load3] The index file is older than the data file: results/12-BXD_footprints/bams/73b_CTRL_sub2.bam.bai
[W::hts_idx_load3] The index file is older than the data file: results/12-BXD_footprints/bams/73b_CTRL_sub2.bam.bai
[W::hts_idx_load3] The index file is older than the data file: results/12-BXD_footprints/bams/73b_CTRL_sub2.bam.bai
[W::hts_idx_load3] The index file is older than the data file: results/12-BXD_footprints/bams/73b_CTRL_sub2.bam.bai
[W::hts_idx_load3] The index file is older than the data file: results/12-BXD_footprints/bams/73b_CTRL_sub2.bam.bai
[W::hts_idx_load3] The index file is older than the data file: results/12-BXD_footprints/bams/73b_CTRL_sub2.bam.bai
[W::hts_idx_load3] The index file is older than the data file: results/12-BXD_footprints/bams/73b_CTRL_sub2.bam.bai
[W::hts_idx_load3] The index file is older than the data file: results/12-BXD_footprints/bams/73b_CTRL_sub2.bam.bai
[W::hts_idx_load3] The index file is older than the data file: results/12-BXD_footprints/bams/73b_CTRL_sub2.bam.bai
[W::hts_idx_load3] The index file is older than the data file: results/12-BXD_footprints/bams/73b_CTRL_sub2.bam.bai
[W::hts_idx_load3] The index file is older than the data file: results/12-BXD_footprints/bams/73b_CTRL_sub2.bam.bai
[W::hts_idx_load3] The index file is older than the data file: results/12-BXD_footprints/bams/73b_CTRL_sub2.bam.bai
[W::hts_idx_load3] The index file is older than the data file: results/12-BXD_footprints/bams/73b_CTRL_sub2.bam.bai
[W::hts_idx_load3] The index file is older than the data file: results/12-BXD_footprints/bams/73b_CTRL_sub2.bam.bai
[W::hts_idx_load3] The index file is older than the data file: results/12-BXD_footprints/bams/73b_CTRL_sub2.bam.bai
[W::hts_idx_load3] The index file is older than the data file: results/12-BXD_footprints/bams/73b_CTRL_sub2.bam.bai
[W::hts_idx_load3] The index file is older than the data file: results/12-BXD_footprints/bams/73b_CTRL_sub2.bam.bai
[W::hts_idx_load3] The index file is older than the data file: results/12-BXD_footprints/bams/73b_CTRL_sub2.bam.bai
[W::hts_idx_load3] The index file is older than the data file: results/12-BXD_footprints/bams/73b_CTRL_sub2.bam.bai
[W::hts_idx_load3] The index file is older than the data file: results/12-BXD_footprints/bams/73b_CTRL_sub2.bam.bai
[W::hts_idx_load3] The index file is older than the data file: results/12-BXD_footprints/bams/73b_CTRL_sub2.bam.bai
[W::hts_idx_load3] The index file is older than the data file: results/12-BXD_footprints/bams/73b_CTRL_sub2.bam.bai
[W::hts_idx_load3] The index file is older than the data file: results/12-BXD_footprints/bams/73b_CTRL_sub2.bam.bai
[W::hts_idx_load3] The index file is older than the data file: results/12-BXD_footprints/bams/73b_CTRL_sub2.bam.bai
[W::hts_idx_load3] The index file is older than the data file: results/12-BXD_footprints/bams/73b_CTRL_sub2.bam.bai
[W::hts_idx_load3] The index file is older than the data file: results/12-BXD_footprints/bams/73b_CTRL_sub2.bam.bai
[W::hts_idx_load3] The index file is older than the data file: results/12-BXD_footprints/bams/73b_CTRL_sub2.bam.bai
[W::hts_idx_load3] The index file is older than the data file: results/12-BXD_footprints/bams/73b_CTRL_sub2.bam.bai
[W::hts_idx_load3] The index file is older than the data file: results/12-BXD_footprints/bams/73b_CTRL_sub2.bam.bai
[W::hts_idx_load3] The index file is older than the data file: results/12-BXD_footprints/bams/73b_CTRL_sub2.bam.bai
[W::hts_idx_load3] The index file is older than the data file: results/12-BXD_footprints/bams/73b_CTRL_sub2.bam.bai
[W::hts_idx_load3] The index file is older than the data file: results/12-BXD_footprints/bams/73b_CTRL_sub2.bam.bai
[W::hts_idx_load3] The index file is older than the data file: results/12-BXD_footprints/bams/73b_CTRL_sub2.bam.bai
[W::hts_idx_load3] The index file is older than the data file: results/12-BXD_footprints/bams/73b_CTRL_sub2.bam.bai
[W::hts_idx_load3] The index file is older than the data file: results/12-BXD_footprints/bams/73b_CTRL_sub2.bam.bai
[W::hts_idx_load3] The index file is older than the data file: results/12-BXD_footprints/bams/73b_CTRL_sub2.bam.bai
[W::hts_idx_load3] The index file is older than the data file: results/12-BXD_footprints/bams/73b_CTRL_sub2.bam.bai
[W::hts_idx_load3] The index file is older than the data file: results/12-BXD_footprints/bams/73b_CTRL_sub2.bam.bai
[W::hts_idx_load3] The index file is older than the data file: results/12-BXD_footprints/bams/73b_CTRL_sub2.bam.bai
[W::hts_idx_load3] The index file is older than the data file: results/12-BXD_footprints/bams/73b_CTRL_sub2.bam.bai
[W::hts_idx_load3] The index file is older than the data file: results/12-BXD_footprints/bams/73b_CTRL_sub2.bam.bai
[W::hts_idx_load3] The index file is older than the data file: results/12-BXD_footprints/bams/73b_CTRL_sub2.bam.bai
[W::hts_idx_load3] The index file is older than the data file: results/12-BXD_footprints/bams/73b_CTRL_sub2.bam.bai
[W::hts_idx_load3] The index file is older than the data file: results/12-BXD_footprints/bams/73b_CTRL_sub2.bam.bai
[W::hts_idx_load3] The index file is older than the data file: results/12-BXD_footprints/bams/73b_CTRL_sub2.bam.bai
[W::hts_idx_load3] The index file is older than the data file: results/12-BXD_footprints/bams/73b_CTRL_sub2.bam.bai
[W::hts_idx_load3] The index file is older than the data file: results/12-BXD_footprints/bams/73b_CTRL_sub2.bam.bai
[W::hts_idx_load3] The index file is older than the data file: results/12-BXD_footprints/bams/73b_CTRL_sub2.bam.bai
[W::hts_idx_load3] The index file is older than the data file: results/12-BXD_footprints/bams/73b_CTRL_sub2.bam.bai
[W::hts_idx_load3] The index file is older than the data file: results/12-BXD_footprints/bams/73b_CTRL_sub2.bam.bai
[W::hts_idx_load3] The index file is older than the data file: results/12-BXD_footprints/bams/73b_CTRL_sub2.bam.bai
[W::hts_idx_load3] The index file is older than the data file: results/12-BXD_footprints/bams/73b_CTRL_sub2.bam.bai
[W::hts_idx_load3] The index file is older than the data file: results/12-BXD_footprints/bams/73b_CTRL_sub2.bam.bai
[W::hts_idx_load3] The index file is older than the data file: results/12-BXD_footprints/bams/73b_CTRL_sub2.bam.bai
[W::hts_idx_load3] The index file is older than the data file: results/12-BXD_footprints/bams/73b_CTRL_sub2.bam.bai
[W::hts_idx_load3] The index file is older than the data file: results/12-BXD_footprints/bams/73b_CTRL_sub2.bam.bai
[W::hts_idx_load3] The index file is older than the data file: results/12-BXD_footprints/bams/73b_CTRL_sub2.bam.bai
[W::hts_idx_load3] The index file is older than the data file: results/12-BXD_footprints/bams/73b_CTRL_sub2.bam.bai
[W::hts_idx_load3] The index file is older than the data file: results/12-BXD_footprints/bams/73b_CTRL_sub2.bam.bai
[W::hts_idx_load3] The index file is older than the data file: results/12-BXD_footprints/bams/73b_CTRL_sub2.bam.bai
[W::hts_idx_load3] The index file is older than the data file: results/12-BXD_footprints/bams/73b_CTRL_sub2.bam.bai
[W::hts_idx_load3] The index file is older than the data file: results/12-BXD_footprints/bams/73b_CTRL_sub2.bam.bai
[W::hts_idx_load3] [W::hts_idx_load3] The index file is older than the data file: results/12-BXD_footprints/bams/73b_CTRL_sub2.bam.baiThe index file is older than the data file: results/12-BXD_footprints/bams/73b_CTRL_sub2.bam.bai

[W::hts_idx_load3] The index file is older than the data file: results/12-BXD_footprints/bams/73b_CTRL_sub2.bam.bai
[W::hts_idx_load3] The index file is older than the data file: results/12-BXD_footprints/bams/73b_CTRL_sub2.bam.bai
[W::hts_idx_load3] The index file is older than the data file: results/12-BXD_footprints/bams/73b_CTRL_sub2.bam.bai
[W::hts_idx_load3] The index file is older than the data file: results/12-BXD_footprints/bams/73b_CTRL_sub2.bam.bai
[W::hts_idx_load3] The index file is older than the data file: results/12-BXD_footprints/bams/73b_CTRL_sub2.bam.bai
[W::hts_idx_load3] The index file is older than the data file: results/12-BXD_footprints/bams/73b_CTRL_sub2.bam.bai
[W::hts_idx_load3] The index file is older than the data file: results/12-BXD_footprints/bams/73b_CTRL_sub2.bam.bai
[W::hts_idx_load3] The index file is older than the data file: results/12-BXD_footprints/bams/73b_CTRL_sub2.bam.bai
[W::hts_idx_load3] The index file is older than the data file: results/12-BXD_footprints/bams/73b_CTRL_sub2.bam.bai
[W::hts_idx_load3] The index file is older than the data file: results/12-BXD_footprints/bams/73b_CTRL_sub2.bam.bai
[W::hts_idx_load3] The index file is older than the data file: results/12-BXD_footprints/bams/73b_CTRL_sub2.bam.bai
[W::hts_idx_load3] The index file is older than the data file: results/12-BXD_footprints/bams/73b_CTRL_sub2.bam.bai
[W::hts_idx_load3] The index file is older than the data file: results/12-BXD_footprints/bams/73b_CTRL_sub2.bam.bai
[W::hts_idx_load3] The index file is older than the data file: results/12-BXD_footprints/bams/73b_CTRL_sub2.bam.bai
[W::hts_idx_load3] The index file is older than the data file: results/12-BXD_footprints/bams/73b_CTRL_sub2.bam.bai
[W::hts_idx_load3] The index file is older than the data file: results/12-BXD_footprints/bams/73b_CTRL_sub2.bam.bai
[W::hts_idx_load3] The index file is older than the data file: results/12-BXD_footprints/bams/73b_CTRL_sub2.bam.bai
[W::hts_idx_load3] The index file is older than the data file: results/12-BXD_footprints/bams/73b_CTRL_sub2.bam.bai
[W::hts_idx_load3] The index file is older than the data file: results/12-BXD_footprints/bams/73b_CTRL_sub2.bam.bai
[W::hts_idx_load3] The index file is older than the data file: results/12-BXD_footprints/bams/73b_CTRL_sub2.bam.bai
[W::hts_idx_load3] The index file is older than the data file: results/12-BXD_footprints/bams/73b_CTRL_sub2.bam.bai
[W::hts_idx_load3] The index file is older than the data file: results/12-BXD_footprints/bams/73b_CTRL_sub2.bam.bai
[W::hts_idx_load3] The index file is older than the data file: results/12-BXD_footprints/bams/73b_CTRL_sub2.bam.bai
[W::hts_idx_load3] The index file is older than the data file: results/12-BXD_footprints/bams/73b_CTRL_sub2.bam.bai
[W::hts_idx_load3] The index file is older than the data file: results/12-BXD_footprints/bams/73b_CTRL_sub2.bam.bai
[W::hts_idx_load3] The index file is older than the data file: results/12-BXD_footprints/bams/73b_CTRL_sub2.bam.bai
[W::hts_idx_load3] The index file is older than the data file: results/12-BXD_footprints/bams/73b_CTRL_sub2.bam.bai
[W::hts_idx_load3] The index file is older than the data file: results/12-BXD_footprints/bams/73b_CTRL_sub2.bam.bai
[W::hts_idx_load3] The index file is older than the data file: results/12-BXD_footprints/bams/73b_CTRL_sub2.bam.bai
[W::hts_idx_load3] The index file is older than the data file: results/12-BXD_footprints/bams/73b_CTRL_sub2.bam.bai
[W::hts_idx_load3] The index file is older than the data file: results/12-BXD_footprints/bams/73b_CTRL_sub2.bam.bai
[W::hts_idx_load3] The index file is older than the data file: results/12-BXD_footprints/bams/73b_CTRL_sub2.bam.bai
[W::hts_idx_load3] The index file is older than the data file: results/12-BXD_footprints/bams/73b_CTRL_sub2.bam.bai
[W::hts_idx_load3] The index file is older than the data file: results/12-BXD_footprints/bams/73b_CTRL_sub2.bam.bai
[W::hts_idx_load3] The index file is older than the data file: results/12-BXD_footprints/bams/73b_CTRL_sub2.bam.bai
[W::hts_idx_load3] The index file is older than the data file: results/12-BXD_footprints/bams/73b_CTRL_sub2.bam.bai
[W::hts_idx_load3] The index file is older than the data file: results/12-BXD_footprints/bams/73b_CTRL_sub2.bam.bai
[W::hts_idx_load3] The index file is older than the data file: results/12-BXD_footprints/bams/73b_CTRL_sub2.bam.bai
[W::hts_idx_load3] The index file is older than the data file: results/12-BXD_footprints/bams/73b_CTRL_sub2.bam.bai
[W::hts_idx_load3] The index file is older than the data file: results/12-BXD_footprints/bams/73b_CTRL_sub2.bam.bai
[W::hts_idx_load3] The index file is older than the data file: results/12-BXD_footprints/bams/73b_CTRL_sub2.bam.bai
[W::hts_idx_load3] The index file is older than the data file: results/12-BXD_footprints/bams/73b_CTRL_sub2.bam.bai
[W::hts_idx_load3] The index file is older than the data file: results/12-BXD_footprints/bams/73b_CTRL_sub2.bam.bai
[W::hts_idx_load3] The index file is older than the data file: results/12-BXD_footprints/bams/73b_CTRL_sub2.bam.bai
[W::hts_idx_load3] The index file is older than the data file: results/12-BXD_footprints/bams/73b_CTRL_sub2.bam.bai
[W::hts_idx_load3] The index file is older than the data file: results/12-BXD_footprints/bams/73b_CTRL_sub2.bam.bai
[W::hts_idx_load3] The index file is older than the data file: results/12-BXD_footprints/bams/73b_CTRL_sub2.bam.bai
[W::hts_idx_load3] The index file is older than the data file: results/12-BXD_footprints/bams/73b_CTRL_sub2.bam.bai
[W::hts_idx_load3] The index file is older than the data file: results/12-BXD_footprints/bams/73b_CTRL_sub2.bam.bai
[W::hts_idx_load3] The index file is older than the data file: results/12-BXD_footprints/bams/73b_CTRL_sub2.bam.bai
[W::hts_idx_load3] The index file is older than the data file: results/12-BXD_footprints/bams/73b_CTRL_sub2.bam.bai
[W::hts_idx_load3] The index file is older than the data file: results/12-BXD_footprints/bams/73b_CTRL_sub2.bam.bai
[W::hts_idx_load3] The index file is older than the data file: results/12-BXD_footprints/bams/73b_CTRL_sub2.bam.bai
[W::hts_idx_load3] The index file is older than the data file: results/12-BXD_footprints/bams/73b_CTRL_sub2.bam.bai
[W::hts_idx_load3] The index file is older than the data file: results/12-BXD_footprints/bams/73b_CTRL_sub2.bam.bai
[W::hts_idx_load3] The index file is older than the data file: results/12-BXD_footprints/bams/73b_CTRL_sub2.bam.bai
[W::hts_idx_load3] The index file is older than the data file: results/12-BXD_footprints/bams/73b_CTRL_sub2.bam.bai
[W::hts_idx_load3] The index file is older than the data file: results/12-BXD_footprints/bams/73b_CTRL_sub2.bam.bai
[W::hts_idx_load3] The index file is older than the data file: results/12-BXD_footprints/bams/73b_CTRL_sub2.bam.bai
[W::hts_idx_load3] The index file is older than the data file: results/12-BXD_footprints/bams/73b_CTRL_sub2.bam.bai
[W::hts_idx_load3] The index file is older than the data file: results/12-BXD_footprints/bams/73b_CTRL_sub2.bam.bai
[W::hts_idx_load3] The index file is older than the data file: results/12-BXD_footprints/bams/73b_CTRL_sub2.bam.bai
[W::hts_idx_load3] The index file is older than the data file: results/12-BXD_footprints/bams/73b_CTRL_sub2.bam.bai
[W::hts_idx_load3] The index file is older than the data file: results/12-BXD_footprints/bams/73b_CTRL_sub2.bam.bai
[W::hts_idx_load3] The index file is older than the data file: results/12-BXD_footprints/bams/73b_CTRL_sub2.bam.bai
[W::hts_idx_load3] The index file is older than the data file: results/12-BXD_footprints/bams/73b_CTRL_sub2.bam.bai
[W::hts_idx_load3] The index file is older than the data file: results/12-BXD_footprints/bams/73b_CTRL_sub2.bam.bai
[W::hts_idx_load3] The index file is older than the data file: results/12-BXD_footprints/bams/73b_CTRL_sub2.bam.bai
[W::hts_idx_load3] The index file is older than the data file: results/12-BXD_footprints/bams/73b_CTRL_sub2.bam.bai
[W::hts_idx_load3] The index file is older than the data file: results/12-BXD_footprints/bams/73b_CTRL_sub2.bam.bai
[W::hts_idx_load3] The index file is older than the data file: results/12-BXD_footprints/bams/73b_CTRL_sub2.bam.bai
[W::hts_idx_load3] The index file is older than the data file: results/12-BXD_footprints/bams/73b_CTRL_sub2.bam.bai
[W::hts_idx_load3] The index file is older than the data file: results/12-BXD_footprints/bams/73b_CTRL_sub2.bam.bai
[W::hts_idx_load3] The index file is older than the data file: results/12-BXD_footprints/bams/73b_CTRL_sub2.bam.bai
[W::hts_idx_load3] The index file is older than the data file: results/12-BXD_footprints/bams/73b_CTRL_sub2.bam.bai
[W::hts_idx_load3] The index file is older than the data file: results/12-BXD_footprints/bams/73b_CTRL_sub2.bam.bai
[W::hts_idx_load3] The index file is older than the data file: results/12-BXD_footprints/bams/73b_CTRL_sub2.bam.bai
[W::hts_idx_load3] The index file is older than the data file: results/12-BXD_footprints/bams/73b_CTRL_sub2.bam.bai
[W::hts_idx_load3] The index file is older than the data file: results/12-BXD_footprints/bams/73b_CTRL_sub2.bam.bai
[W::hts_idx_load3] The index file is older than the data file: results/12-BXD_footprints/bams/73b_CTRL_sub2.bam.bai
[W::hts_idx_load3] The index file is older than the data file: results/12-BXD_footprints/bams/73b_CTRL_sub2.bam.bai
[W::hts_idx_load3] The index file is older than the data file: results/12-BXD_footprints/bams/73b_CTRL_sub2.bam.bai
[W::hts_idx_load3] The index file is older than the data file: results/12-BXD_footprints/bams/73b_CTRL_sub2.bam.bai
[W::hts_idx_load3] The index file is older than the data file: results/12-BXD_footprints/bams/73b_CTRL_sub2.bam.bai
[W::hts_idx_load3] The index file is older than the data file: results/12-BXD_footprints/bams/73b_CTRL_sub2.bam.bai
[W::hts_idx_load3] The index file is older than the data file: results/12-BXD_footprints/bams/73b_CTRL_sub2.bam.bai
[W::hts_idx_load3] The index file is older than the data file: results/12-BXD_footprints/bams/73b_CTRL_sub2.bam.bai
[W::hts_idx_load3] The index file is older than the data file: results/12-BXD_footprints/bams/73b_CTRL_sub2.bam.bai
[W::hts_idx_load3] The index file is older than the data file: results/12-BXD_footprints/bams/73b_CTRL_sub2.bam.bai
[W::hts_idx_load3] The index file is older than the data file: results/12-BXD_footprints/bams/73b_CTRL_sub2.bam.bai
[W::hts_idx_load3] The index file is older than the data file: results/12-BXD_footprints/bams/73b_CTRL_sub2.bam.bai
[W::hts_idx_load3] The index file is older than the data file: results/12-BXD_footprints/bams/73b_CTRL_sub2.bam.bai
[W::hts_idx_load3] The index file is older than the data file: results/12-BXD_footprints/bams/73b_CTRL_sub2.bam.bai
[W::hts_idx_load3] The index file is older than the data file: results/12-BXD_footprints/bams/73b_CTRL_sub2.bam.bai
[W::hts_idx_load3] The index file is older than the data file: results/12-BXD_footprints/bams/73b_CTRL_sub2.bam.bai
[W::hts_idx_load3] The index file is older than the data file: results/12-BXD_footprints/bams/73b_CTRL_sub2.bam.bai
[W::hts_idx_load3] The index file is older than the data file: results/12-BXD_footprints/bams/73b_CTRL_sub2.bam.bai
[W::hts_idx_load3] The index file is older than the data file: results/12-BXD_footprints/bams/73b_CTRL_sub2.bam.bai
[W::hts_idx_load3] The index file is older than the data file: results/12-BXD_footprints/bams/73b_CTRL_sub2.bam.bai
[W::hts_idx_load3] The index file is older than the data file: results/12-BXD_footprints/bams/73b_CTRL_sub2.bam.bai
[W::hts_idx_load3] The index file is older than the data file: results/12-BXD_footprints/bams/73b_CTRL_sub2.bam.bai
[W::hts_idx_load3] The index file is older than the data file: results/12-BXD_footprints/bams/73b_CTRL_sub2.bam.bai
[W::hts_idx_load3] The index file is older than the data file: results/12-BXD_footprints/bams/73b_CTRL_sub2.bam.bai
[W::hts_idx_load3] The index file is older than the data file: results/12-BXD_footprints/bams/73b_CTRL_sub2.bam.bai
[W::hts_idx_load3] The index file is older than the data file: results/12-BXD_footprints/bams/73b_CTRL_sub2.bam.bai
[W::hts_idx_load3] The index file is older than the data file: results/12-BXD_footprints/bams/73b_CTRL_sub2.bam.bai
[W::hts_idx_load3] The index file is older than the data file: results/12-BXD_footprints/bams/73b_CTRL_sub2.bam.bai
[W::hts_idx_load3] The index file is older than the data file: results/12-BXD_footprints/bams/73b_CTRL_sub2.bam.bai
[W::hts_idx_load3] The index file is older than the data file: results/12-BXD_footprints/bams/73b_CTRL_sub2.bam.bai
[W::hts_idx_load3] The index file is older than the data file: results/12-BXD_footprints/bams/73b_CTRL_sub2.bam.bai
[W::hts_idx_load3] The index file is older than the data file: results/12-BXD_footprints/bams/73b_CTRL_sub2.bam.bai
[W::hts_idx_load3] The index file is older than the data file: results/12-BXD_footprints/bams/73b_CTRL_sub2.bam.bai
[W::hts_idx_load3] The index file is older than the data file: results/12-BXD_footprints/bams/73b_CTRL_sub2.bam.bai
[W::hts_idx_load3] The index file is older than the data file: results/12-BXD_footprints/bams/73b_CTRL_sub2.bam.bai
[W::hts_idx_load3] The index file is older than the data file: results/12-BXD_footprints/bams/73b_CTRL_sub2.bam.bai
[W::hts_idx_load3] The index file is older than the data file: results/12-BXD_footprints/bams/73b_CTRL_sub2.bam.bai
[W::hts_idx_load3] The index file is older than the data file: results/12-BXD_footprints/bams/73b_CTRL_sub2.bam.bai
[W::hts_idx_load3] The index file is older than the data file: results/12-BXD_footprints/bams/73b_CTRL_sub2.bam.bai
[W::hts_idx_load3] The index file is older than the data file: results/12-BXD_footprints/bams/73b_CTRL_sub2.bam.bai
[W::hts_idx_load3] The index file is older than the data file: results/12-BXD_footprints/bams/73b_CTRL_sub2.bam.bai
[W::hts_idx_load3] The index file is older than the data file: results/12-BXD_footprints/bams/73b_CTRL_sub2.bam.bai
[W::hts_idx_load3] The index file is older than the data file: results/12-BXD_footprints/bams/73b_CTRL_sub2.bam.bai
[W::hts_idx_load3] The index file is older than the data file: results/12-BXD_footprints/bams/73b_CTRL_sub2.bam.bai
[W::hts_idx_load3] The index file is older than the data file: results/12-BXD_footprints/bams/73b_CTRL_sub2.bam.bai
[W::hts_idx_load3] The index file is older than the data file: results/12-BXD_footprints/bams/73b_CTRL_sub2.bam.bai
[W::hts_idx_load3] The index file is older than the data file: results/12-BXD_footprints/bams/73b_CTRL_sub2.bam.bai
[W::hts_idx_load3] The index file is older than the data file: results/12-BXD_footprints/bams/73b_CTRL_sub2.bam.bai
[W::hts_idx_load3] The index file is older than the data file: results/12-BXD_footprints/bams/73b_CTRL_sub2.bam.bai
[W::hts_idx_load3] The index file is older than the data file: results/12-BXD_footprints/bams/73b_CTRL_sub2.bam.bai
[W::hts_idx_load3] The index file is older than the data file: results/12-BXD_footprints/bams/73b_CTRL_sub2.bam.bai
[W::hts_idx_load3] The index file is older than the data file: results/12-BXD_footprints/bams/73b_CTRL_sub2.bam.bai
[W::hts_idx_load3] The index file is older than the data file: results/12-BXD_footprints/bams/73b_CTRL_sub2.bam.bai
[W::hts_idx_load3] The index file is older than the data file: results/12-BXD_footprints/bams/73b_CTRL_sub2.bam.bai
[W::hts_idx_load3] The index file is older than the data file: results/12-BXD_footprints/bams/73b_CTRL_sub2.bam.bai
[W::hts_idx_load3] The index file is older than the data file: results/12-BXD_footprints/bams/73b_CTRL_sub2.bam.bai
[W::hts_idx_load3] The index file is older than the data file: results/12-BXD_footprints/bams/73b_CTRL_sub2.bam.bai
[W::hts_idx_load3] The index file is older than the data file: results/12-BXD_footprints/bams/73b_CTRL_sub2.bam.bai
[W::hts_idx_load3] The index file is older than the data file: results/12-BXD_footprints/bams/73b_CTRL_sub2.bam.bai
[W::hts_idx_load3] The index file is older than the data file: results/12-BXD_footprints/bams/73b_CTRL_sub2.bam.bai
[W::hts_idx_load3] The index file is older than the data file: results/12-BXD_footprints/bams/73b_CTRL_sub2.bam.bai
[W::hts_idx_load3] The index file is older than the data file: results/12-BXD_footprints/bams/73b_CTRL_sub2.bam.bai
[W::hts_idx_load3] The index file is older than the data file: results/12-BXD_footprints/bams/73b_CTRL_sub2.bam.bai
[W::hts_idx_load3] The index file is older than the data file: results/12-BXD_footprints/bams/73b_CTRL_sub2.bam.bai
[W::hts_idx_load3] The index file is older than the data file: results/12-BXD_footprints/bams/73b_CTRL_sub2.bam.bai
[W::hts_idx_load3] The index file is older than the data file: results/12-BXD_footprints/bams/73b_CTRL_sub2.bam.bai
[W::hts_idx_load3] The index file is older than the data file: results/12-BXD_footprints/bams/73b_CTRL_sub2.bam.bai
[W::hts_idx_load3] The index file is older than the data file: results/12-BXD_footprints/bams/73b_CTRL_sub2.bam.bai
[W::hts_idx_load3] The index file is older than the data file: results/12-BXD_footprints/bams/73b_CTRL_sub2.bam.bai
[W::hts_idx_load3] The index file is older than the data file: results/12-BXD_footprints/bams/73b_CTRL_sub2.bam.bai
[W::hts_idx_load3] The index file is older than the data file: results/12-BXD_footprints/bams/73b_CTRL_sub2.bam.bai
[W::hts_idx_load3] The index file is older than the data file: results/12-BXD_footprints/bams/73b_CTRL_sub2.bam.bai
[W::hts_idx_load3] The index file is older than the data file: results/12-BXD_footprints/bams/73b_CTRL_sub2.bam.bai
[W::hts_idx_load3] The index file is older than the data file: results/12-BXD_footprints/bams/73b_CTRL_sub2.bam.bai
[W::hts_idx_load3] The index file is older than the data file: results/12-BXD_footprints/bams/73b_CTRL_sub2.bam.bai
[W::hts_idx_load3] The index file is older than the data file: results/12-BXD_footprints/bams/73b_CTRL_sub2.bam.bai
[W::hts_idx_load3] The index file is older than the data file: results/12-BXD_footprints/bams/73b_CTRL_sub2.bam.bai
[W::hts_idx_load3] The index file is older than the data file: results/12-BXD_footprints/bams/73b_CTRL_sub2.bam.bai
[W::hts_idx_load3] The index file is older than the data file: results/12-BXD_footprints/bams/73b_CTRL_sub2.bam.bai
[W::hts_idx_load3] The index file is older than the data file: results/12-BXD_footprints/bams/73b_CTRL_sub2.bam.bai
[W::hts_idx_load3] The index file is older than the data file: results/12-BXD_footprints/bams/73b_CTRL_sub2.bam.bai
[W::hts_idx_load3] The index file is older than the data file: results/12-BXD_footprints/bams/73b_CTRL_sub2.bam.bai
[W::hts_idx_load3] The index file is older than the data file: results/12-BXD_footprints/bams/73b_CTRL_sub2.bam.bai
[W::hts_idx_load3] The index file is older than the data file: results/12-BXD_footprints/bams/73b_CTRL_sub2.bam.bai
[W::hts_idx_load3] The index file is older than the data file: results/12-BXD_footprints/bams/73b_CTRL_sub2.bam.bai
[W::hts_idx_load3] The index file is older than the data file: results/12-BXD_footprints/bams/73b_CTRL_sub2.bam.bai
[W::hts_idx_load3] The index file is older than the data file: results/12-BXD_footprints/bams/73b_CTRL_sub2.bam.bai
[W::hts_idx_load3] The index file is older than the data file: results/12-BXD_footprints/bams/73b_CTRL_sub2.bam.bai
[W::hts_idx_load3] The index file is older than the data file: results/12-BXD_footprints/bams/73b_CTRL_sub2.bam.bai
[W::hts_idx_load3] The index file is older than the data file: results/12-BXD_footprints/bams/73b_CTRL_sub2.bam.bai
[W::hts_idx_load3] The index file is older than the data file: results/12-BXD_footprints/bams/73b_CTRL_sub2.bam.bai
[W::hts_idx_load3] The index file is older than the data file: results/12-BXD_footprints/bams/73b_CTRL_sub2.bam.bai
[W::hts_idx_load3] The index file is older than the data file: results/12-BXD_footprints/bams/73b_CTRL_sub2.bam.bai
[W::hts_idx_load3] The index file is older than the data file: results/12-BXD_footprints/bams/73b_CTRL_sub2.bam.bai
[W::hts_idx_load3] The index file is older than the data file: results/12-BXD_footprints/bams/73b_CTRL_sub2.bam.bai
[W::hts_idx_load3] The index file is older than the data file: results/12-BXD_footprints/bams/73b_CTRL_sub2.bam.bai
[W::hts_idx_load3] The index file is older than the data file: results/12-BXD_footprints/bams/73b_CTRL_sub2.bam.bai
[W::hts_idx_load3] The index file is older than the data file: results/12-BXD_footprints/bams/73b_CTRL_sub2.bam.bai
[W::hts_idx_load3] The index file is older than the data file: results/12-BXD_footprints/bams/73b_CTRL_sub2.bam.bai
[W::hts_idx_load3] The index file is older than the data file: results/12-BXD_footprints/bams/73b_CTRL_sub2.bam.bai
[W::hts_idx_load3] The index file is older than the data file: results/12-BXD_footprints/bams/73b_CTRL_sub2.bam.bai
[W::hts_idx_load3] The index file is older than the data file: results/12-BXD_footprints/bams/73b_CTRL_sub2.bam.bai
[W::hts_idx_load3] The index file is older than the data file: results/12-BXD_footprints/bams/73b_CTRL_sub2.bam.bai
[W::hts_idx_load3] The index file is older than the data file: results/12-BXD_footprints/bams/73b_CTRL_sub2.bam.bai
[W::hts_idx_load3] The index file is older than the data file: results/12-BXD_footprints/bams/73b_CTRL_sub2.bam.bai
[W::hts_idx_load3] The index file is older than the data file: results/12-BXD_footprints/bams/73b_CTRL_sub2.bam.bai
[W::hts_idx_load3] The index file is older than the data file: results/12-BXD_footprints/bams/73b_CTRL_sub2.bam.bai
[W::hts_idx_load3] The index file is older than the data file: results/12-BXD_footprints/bams/73b_CTRL_sub2.bam.bai
[W::hts_idx_load3] The index file is older than the data file: results/12-BXD_footprints/bams/73b_CTRL_sub2.bam.bai
[W::hts_idx_load3] The index file is older than the data file: results/12-BXD_footprints/bams/73b_CTRL_sub2.bam.bai
[W::hts_idx_load3] The index file is older than the data file: results/12-BXD_footprints/bams/73b_CTRL_sub2.bam.bai
[W::hts_idx_load3] The index file is older than the data file: results/12-BXD_footprints/bams/73b_CTRL_sub2.bam.bai
[W::hts_idx_load3] The index file is older than the data file: results/12-BXD_footprints/bams/73b_CTRL_sub2.bam.bai
[W::hts_idx_load3] The index file is older than the data file: results/12-BXD_footprints/bams/73b_CTRL_sub2.bam.bai
[W::hts_idx_load3] The index file is older than the data file: results/12-BXD_footprints/bams/73b_CTRL_sub2.bam.bai
[W::hts_idx_load3] The index file is older than the data file: results/12-BXD_footprints/bams/73b_CTRL_sub2.bam.bai
[W::hts_idx_load3] The index file is older than the data file: results/12-BXD_footprints/bams/73b_CTRL_sub2.bam.bai
[W::hts_idx_load3] The index file is older than the data file: results/12-BXD_footprints/bams/73b_CTRL_sub2.bam.bai
[W::hts_idx_load3] The index file is older than the data file: results/12-BXD_footprints/bams/73b_CTRL_sub2.bam.bai
[W::hts_idx_load3] The index file is older than the data file: results/12-BXD_footprints/bams/73b_CTRL_sub2.bam.bai
[W::hts_idx_load3] The index file is older than the data file: results/12-BXD_footprints/bams/73b_CTRL_sub2.bam.bai
[W::hts_idx_load3] The index file is older than the data file: results/12-BXD_footprints/bams/73b_CTRL_sub2.bam.bai
[W::hts_idx_load3] The index file is older than the data file: results/12-BXD_footprints/bams/73b_CTRL_sub2.bam.bai
[W::hts_idx_load3] The index file is older than the data file: results/12-BXD_footprints/bams/73b_CTRL_sub2.bam.bai
[W::hts_idx_load3] The index file is older than the data file: results/12-BXD_footprints/bams/73b_CTRL_sub2.bam.bai
[W::hts_idx_load3] The index file is older than the data file: results/12-BXD_footprints/bams/73b_CTRL_sub2.bam.bai
[W::hts_idx_load3] The index file is older than the data file: results/12-BXD_footprints/bams/73b_CTRL_sub2.bam.bai
[W::hts_idx_load3] The index file is older than the data file: results/12-BXD_footprints/bams/73b_CTRL_sub2.bam.bai
[W::hts_idx_load3] The index file is older than the data file: results/12-BXD_footprints/bams/73b_CTRL_sub2.bam.bai
[W::hts_idx_load3] The index file is older than the data file: results/12-BXD_footprints/bams/73b_CTRL_sub2.bam.bai
[W::hts_idx_load3] The index file is older than the data file: results/12-BXD_footprints/bams/73b_CTRL_sub2.bam.bai
[W::hts_idx_load3] The index file is older than the data file: results/12-BXD_footprints/bams/73b_CTRL_sub2.bam.bai
[W::hts_idx_load3] The index file is older than the data file: results/12-BXD_footprints/bams/73b_CTRL_sub2.bam.bai
[W::hts_idx_load3] The index file is older than the data file: results/12-BXD_footprints/bams/73b_CTRL_sub2.bam.bai
[W::hts_idx_load3] The index file is older than the data file: results/12-BXD_footprints/bams/73b_CTRL_sub2.bam.bai
[W::hts_idx_load3] The index file is older than the data file: results/12-BXD_footprints/bams/73b_CTRL_sub2.bam.bai
[W::hts_idx_load3] The index file is older than the data file: results/12-BXD_footprints/bams/73b_CTRL_sub2.bam.bai
[W::hts_idx_load3] The index file is older than the data file: results/12-BXD_footprints/bams/73b_CTRL_sub2.bam.bai
[W::hts_idx_load3] The index file is older than the data file: results/12-BXD_footprints/bams/73b_CTRL_sub2.bam.bai
[W::hts_idx_load3] The index file is older than the data file: results/12-BXD_footprints/bams/73b_CTRL_sub2.bam.bai
[W::hts_idx_load3] The index file is older than the data file: results/12-BXD_footprints/bams/73b_CTRL_sub2.bam.bai
[W::hts_idx_load3] The index file is older than the data file: results/12-BXD_footprints/bams/73b_CTRL_sub2.bam.bai
[W::hts_idx_load3] The index file is older than the data file: results/12-BXD_footprints/bams/73b_CTRL_sub2.bam.bai
[W::hts_idx_load3] The index file is older than the data file: results/12-BXD_footprints/bams/73b_CTRL_sub2.bam.bai
[W::hts_idx_load3] The index file is older than the data file: results/12-BXD_footprints/bams/73b_CTRL_sub2.bam.bai
[W::hts_idx_load3] The index file is older than the data file: results/12-BXD_footprints/bams/73b_CTRL_sub2.bam.bai
[W::hts_idx_load3] The index file is older than the data file: results/12-BXD_footprints/bams/73b_CTRL_sub2.bam.bai
[W::hts_idx_load3] The index file is older than the data file: results/12-BXD_footprints/bams/73b_CTRL_sub2.bam.bai
[W::hts_idx_load3] The index file is older than the data file: results/12-BXD_footprints/bams/73b_CTRL_sub2.bam.bai
[W::hts_idx_load3] The index file is older than the data file: results/12-BXD_footprints/bams/73b_CTRL_sub2.bam.bai
[W::hts_idx_load3] The index file is older than the data file: results/12-BXD_footprints/bams/73b_CTRL_sub2.bam.bai
[W::hts_idx_load3] The index file is older than the data file: results/12-BXD_footprints/bams/73b_CTRL_sub2.bam.bai
[W::hts_idx_load3] The index file is older than the data file: results/12-BXD_footprints/bams/73b_CTRL_sub2.bam.bai
[W::hts_idx_load3] The index file is older than the data file: results/12-BXD_footprints/bams/73b_CTRL_sub2.bam.bai
[W::hts_idx_load3] The index file is older than the data file: results/12-BXD_footprints/bams/73b_CTRL_sub2.bam.bai
[W::hts_idx_load3] The index file is older than the data file: results/12-BXD_footprints/bams/73b_CTRL_sub2.bam.bai
[W::hts_idx_load3] The index file is older than the data file: results/12-BXD_footprints/bams/73b_CTRL_sub2.bam.bai
[W::hts_idx_load3] The index file is older than the data file: results/12-BXD_footprints/bams/73b_CTRL_sub2.bam.bai
[W::hts_idx_load3] The index file is older than the data file: results/12-BXD_footprints/bams/73b_CTRL_sub2.bam.bai
[W::hts_idx_load3] The index file is older than the data file: results/12-BXD_footprints/bams/73b_CTRL_sub2.bam.bai
[W::hts_idx_load3] The index file is older than the data file: results/12-BXD_footprints/bams/73b_CTRL_sub2.bam.bai
[W::hts_idx_load3] The index file is older than the data file: results/12-BXD_footprints/bams/73b_CTRL_sub2.bam.bai
[W::hts_idx_load3] The index file is older than the data file: results/12-BXD_footprints/bams/73b_CTRL_sub2.bam.bai
[W::hts_idx_load3] The index file is older than the data file: results/12-BXD_footprints/bams/73b_CTRL_sub2.bam.bai
[W::hts_idx_load3] The index file is older than the data file: results/12-BXD_footprints/bams/73b_CTRL_sub2.bam.bai
[W::hts_idx_load3] The index file is older than the data file: results/12-BXD_footprints/bams/73b_CTRL_sub2.bam.bai
[W::hts_idx_load3] The index file is older than the data file: results/12-BXD_footprints/bams/73b_CTRL_sub2.bam.bai
[W::hts_idx_load3] The index file is older than the data file: results/12-BXD_footprints/bams/73b_CTRL_sub2.bam.bai
[W::hts_idx_load3] The index file is older than the data file: results/12-BXD_footprints/bams/73b_CTRL_sub2.bam.bai
[W::hts_idx_load3] The index file is older than the data file: results/12-BXD_footprints/bams/73b_CTRL_sub2.bam.bai
[W::hts_idx_load3] The index file is older than the data file: results/12-BXD_footprints/bams/73b_CTRL_sub2.bam.bai
[W::hts_idx_load3] The index file is older than the data file: results/12-BXD_footprints/bams/73b_CTRL_sub2.bam.bai
[W::hts_idx_load3] The index file is older than the data file: results/12-BXD_footprints/bams/73b_CTRL_sub2.bam.bai
[W::hts_idx_load3] The index file is older than the data file: results/12-BXD_footprints/bams/73b_CTRL_sub2.bam.bai
[W::hts_idx_load3] The index file is older than the data file: results/12-BXD_footprints/bams/73b_CTRL_sub2.bam.bai
[W::hts_idx_load3] The index file is older than the data file: results/12-BXD_footprints/bams/73b_CTRL_sub2.bam.bai
[W::hts_idx_load3] The index file is older than the data file: results/12-BXD_footprints/bams/73b_CTRL_sub2.bam.bai
[W::hts_idx_load3] The index file is older than the data file: results/12-BXD_footprints/bams/73b_CTRL_sub2.bam.bai
[W::hts_idx_load3] The index file is older than the data file: results/12-BXD_footprints/bams/73b_CTRL_sub2.bam.bai
[W::hts_idx_load3] The index file is older than the data file: results/12-BXD_footprints/bams/73b_CTRL_sub2.bam.bai
[W::hts_idx_load3] The index file is older than the data file: results/12-BXD_footprints/bams/73b_CTRL_sub2.bam.bai
[W::hts_idx_load3] The index file is older than the data file: results/12-BXD_footprints/bams/73b_CTRL_sub2.bam.bai
[W::hts_idx_load3] The index file is older than the data file: results/12-BXD_footprints/bams/73b_CTRL_sub2.bam.bai
[W::hts_idx_load3] The index file is older than the data file: results/12-BXD_footprints/bams/73b_CTRL_sub2.bam.bai
[W::hts_idx_load3] The index file is older than the data file: results/12-BXD_footprints/bams/73b_CTRL_sub2.bam.bai
[W::hts_idx_load3] The index file is older than the data file: results/12-BXD_footprints/bams/73b_CTRL_sub2.bam.bai
[W::hts_idx_load3] The index file is older than the data file: results/12-BXD_footprints/bams/73b_CTRL_sub2.bam.bai
[W::hts_idx_load3] The index file is older than the data file: results/12-BXD_footprints/bams/73b_CTRL_sub2.bam.bai
[W::hts_idx_load3] The index file is older than the data file: results/12-BXD_footprints/bams/73b_CTRL_sub2.bam.bai
[W::hts_idx_load3] The index file is older than the data file: results/12-BXD_footprints/bams/73b_CTRL_sub2.bam.bai
[W::hts_idx_load3] The index file is older than the data file: results/12-BXD_footprints/bams/73b_CTRL_sub2.bam.bai
[W::hts_idx_load3] The index file is older than the data file: results/12-BXD_footprints/bams/73b_CTRL_sub2.bam.bai
[W::hts_idx_load3] The index file is older than the data file: results/12-BXD_footprints/bams/73b_CTRL_sub2.bam.bai
[W::hts_idx_load3] The index file is older than the data file: results/12-BXD_footprints/bams/73b_CTRL_sub2.bam.bai
[W::hts_idx_load3] The index file is older than the data file: results/12-BXD_footprints/bams/73b_CTRL_sub2.bam.bai
[W::hts_idx_load3] The index file is older than the data file: results/12-BXD_footprints/bams/73b_CTRL_sub2.bam.bai
[W::hts_idx_load3] The index file is older than the data file: results/12-BXD_footprints/bams/73b_CTRL_sub2.bam.bai
[W::hts_idx_load3] The index file is older than the data file: results/12-BXD_footprints/bams/73b_CTRL_sub2.bam.bai
[W::hts_idx_load3] The index file is older than the data file: results/12-BXD_footprints/bams/73b_CTRL_sub2.bam.bai
[W::hts_idx_load3] The index file is older than the data file: results/12-BXD_footprints/bams/73b_CTRL_sub2.bam.bai
[W::hts_idx_load3] The index file is older than the data file: results/12-BXD_footprints/bams/73b_CTRL_sub2.bam.bai
[W::hts_idx_load3] The index file is older than the data file: results/12-BXD_footprints/bams/73b_CTRL_sub2.bam.bai
[W::hts_idx_load3] The index file is older than the data file: results/12-BXD_footprints/bams/73b_CTRL_sub2.bam.bai
[W::hts_idx_load3] The index file is older than the data file: results/12-BXD_footprints/bams/73b_CTRL_sub2.bam.bai
[W::hts_idx_load3] The index file is older than the data file: results/12-BXD_footprints/bams/73b_CTRL_sub2.bam.bai
[W::hts_idx_load3] The index file is older than the data file: results/12-BXD_footprints/bams/73b_CTRL_sub2.bam.bai
[W::hts_idx_load3] The index file is older than the data file: results/12-BXD_footprints/bams/73b_CTRL_sub2.bam.bai
[W::hts_idx_load3] The index file is older than the data file: results/12-BXD_footprints/bams/73b_CTRL_sub2.bam.bai
[W::hts_idx_load3] The index file is older than the data file: results/12-BXD_footprints/bams/73b_CTRL_sub2.bam.bai
[W::hts_idx_load3] The index file is older than the data file: results/12-BXD_footprints/bams/73b_CTRL_sub2.bam.bai
[W::hts_idx_load3] The index file is older than the data file: results/12-BXD_footprints/bams/73b_CTRL_sub2.bam.bai
[W::hts_idx_load3] The index file is older than the data file: results/12-BXD_footprints/bams/73b_CTRL_sub2.bam.bai
[W::hts_idx_load3] The index file is older than the data file: results/12-BXD_footprints/bams/73b_CTRL_sub2.bam.bai
[W::hts_idx_load3] The index file is older than the data file: results/12-BXD_footprints/bams/73b_CTRL_sub2.bam.bai
[W::hts_idx_load3] The index file is older than the data file: results/12-BXD_footprints/bams/73b_CTRL_sub2.bam.bai
[W::hts_idx_load3] The index file is older than the data file: results/12-BXD_footprints/bams/73b_CTRL_sub2.bam.bai
[W::hts_idx_load3] The index file is older than the data file: results/12-BXD_footprints/bams/73b_CTRL_sub2.bam.bai
[W::hts_idx_load3] The index file is older than the data file: results/12-BXD_footprints/bams/73b_CTRL_sub2.bam.bai
[W::hts_idx_load3] The index file is older than the data file: results/12-BXD_footprints/bams/73b_CTRL_sub2.bam.bai
[W::hts_idx_load3] The index file is older than the data file: results/12-BXD_footprints/bams/73b_CTRL_sub2.bam.bai
[W::hts_idx_load3] The index file is older than the data file: results/12-BXD_footprints/bams/73b_CTRL_sub2.bam.bai
[W::hts_idx_load3] The index file is older than the data file: results/12-BXD_footprints/bams/73b_CTRL_sub2.bam.bai
[W::hts_idx_load3] The index file is older than the data file: results/12-BXD_footprints/bams/73b_CTRL_sub2.bam.bai
[W::hts_idx_load3] The index file is older than the data file: results/12-BXD_footprints/bams/73b_CTRL_sub2.bam.bai
[W::hts_idx_load3] The index file is older than the data file: results/12-BXD_footprints/bams/73b_CTRL_sub2.bam.bai
[W::hts_idx_load3] The index file is older than the data file: results/12-BXD_footprints/bams/73b_CTRL_sub2.bam.bai
[W::hts_idx_load3] The index file is older than the data file: results/12-BXD_footprints/bams/73b_CTRL_sub2.bam.bai
[W::hts_idx_load3] The index file is older than the data file: results/12-BXD_footprints/bams/73b_CTRL_sub2.bam.bai
[W::hts_idx_load3] The index file is older than the data file: results/12-BXD_footprints/bams/73b_CTRL_sub2.bam.bai
[W::hts_idx_load3] The index file is older than the data file: results/12-BXD_footprints/bams/73b_CTRL_sub2.bam.bai
[W::hts_idx_load3] The index file is older than the data file: results/12-BXD_footprints/bams/73b_CTRL_sub2.bam.bai
[W::hts_idx_load3] The index file is older than the data file: results/12-BXD_footprints/bams/73b_CTRL_sub2.bam.bai
[W::hts_idx_load3] The index file is older than the data file: results/12-BXD_footprints/bams/73b_CTRL_sub2.bam.bai
[W::hts_idx_load3] The index file is older than the data file: results/12-BXD_footprints/bams/73b_CTRL_sub2.bam.bai
[W::hts_idx_load3] The index file is older than the data file: results/12-BXD_footprints/bams/73b_CTRL_sub2.bam.bai
[W::hts_idx_load3] The index file is older than the data file: results/12-BXD_footprints/bams/73b_CTRL_sub2.bam.bai
[W::hts_idx_load3] The index file is older than the data file: results/12-BXD_footprints/bams/73b_CTRL_sub2.bam.bai
[W::hts_idx_load3] The index file is older than the data file: results/12-BXD_footprints/bams/73b_CTRL_sub2.bam.bai
[W::hts_idx_load3] The index file is older than the data file: results/12-BXD_footprints/bams/73b_CTRL_sub2.bam.bai
[W::hts_idx_load3] The index file is older than the data file: results/12-BXD_footprints/bams/73b_CTRL_sub2.bam.bai
[W::hts_idx_load3] The index file is older than the data file: results/12-BXD_footprints/bams/73b_CTRL_sub2.bam.bai
[W::hts_idx_load3] The index file is older than the data file: results/12-BXD_footprints/bams/73b_CTRL_sub2.bam.bai
[W::hts_idx_load3] The index file is older than the data file: results/12-BXD_footprints/bams/73b_CTRL_sub2.bam.bai
[W::hts_idx_load3] The index file is older than the data file: results/12-BXD_footprints/bams/73b_CTRL_sub2.bam.bai
[W::hts_idx_load3] The index file is older than the data file: results/12-BXD_footprints/bams/73b_CTRL_sub2.bam.bai
[W::hts_idx_load3] The index file is older than the data file: results/12-BXD_footprints/bams/73b_CTRL_sub2.bam.bai
[W::hts_idx_load3] The index file is older than the data file: results/12-BXD_footprints/bams/73b_CTRL_sub2.bam.bai
[W::hts_idx_load3] The index file is older than the data file: results/12-BXD_footprints/bams/73b_CTRL_sub2.bam.bai
generating signal for condition SD 

signal generation is done!

generating line plot for each motif...


[total time: 0h 5m 40s]
Logs saved in <logs/12-BXD_footprints/diff_73b_sub2.log>
