Reading files
Footprints are significantly different between SD and CTRL in all strains for these TF: MA0464.2.BHLHE40
MA0506.1.NRF1
MA0632.2.TCFL5
MA1099.2.HES1
MA1513.1.KLF15
MA1650.1.ZBTB14 
[1] "TF MA0526.3.USF2 has 34 samples after filtering"
[1] "TF MA0522.3.TCF3 has 34 samples after filtering"
[1] "TF MA0467.1.Crx has 34 samples after filtering"
[1] "TF MA1140.2.JUNB(var.2) has 34 samples after filtering"
[1] "TF MA1134.1.FOS::JUNB has 34 samples after filtering"
[1] "TF MA0461.2.Atoh1 has 34 samples after filtering"
[1] "TF MA1621.1.Rbpjl has 34 samples after filtering"
[1] "TF MA0103.3.ZEB1 has 34 samples after filtering"
[1] "TF MA1521.1.MAFA has 34 samples after filtering"
[1] "TF MA0062.3.GABPA has 34 samples after filtering"
[1] "TF MA0772.1.IRF7 has 34 samples after filtering"
[1] "TF MA1656.1.ZNF449 has 34 samples after filtering"
[1] "TF MA0693.2.VDR has 34 samples after filtering"
[1] "TF MA0831.2.TFE3 has 34 samples after filtering"
[1] "TF MA1145.1.FOSL2::JUND(var.2) has 34 samples after filtering"
[1] "TF MA0748.2.YY2 has 34 samples after filtering"
[1] "TF MA0716.1.PRRX1 has 34 samples after filtering"
[1] "TF MA1136.1.FOSB::JUNB(var.2) has 34 samples after filtering"
[1] "TF MA1580.1.ZBTB32 has 34 samples after filtering"
[1] "TF MA1478.1.DMRTA2 has 34 samples after filtering"
[1] "TF MA0142.1.Pou5f1::Sox2 has 34 samples after filtering"
[1] "TF MA0844.1.XBP1 has 34 samples after filtering"
[1] "TF MA1148.1.PPARA::RXRA has 34 samples after filtering"
[1] "TF MA0654.1.ISX has 34 samples after filtering"
[1] "TF MA0875.1.BARX1 has 34 samples after filtering"
[1] "TF MA1608.1.Isl1 has 34 samples after filtering"
[1] "TF MA1499.1.HOXB4 has 34 samples after filtering"
[1] "TF MA1527.1.NFIC(var.2) has 34 samples after filtering"
[1] "TF MA0100.3.MYB has 34 samples after filtering"
[1] "TF MA0621.1.mix-a has 34 samples after filtering"
[1] "TF MA1558.1.SNAI1 has 34 samples after filtering"
[1] "TF MA0051.1.IRF2 has 34 samples after filtering"
[1] "TF MA0648.1.GSC has 34 samples after filtering"
[1] "TF MA1120.1.SOX13 has 34 samples after filtering"
[1] "TF MA1123.2.TWIST1 has 34 samples after filtering"
[1] "TF MA0125.1.Nobox has 34 samples after filtering"
[1] "TF MA0474.2.ERG has 34 samples after filtering"
[1] "TF MA0524.2.TFAP2C has 34 samples after filtering"
[1] "TF MA1619.1.Ptf1a(var.2) has 34 samples after filtering"
[1] "TF MA0511.2.RUNX2 has 34 samples after filtering"
[1] "TF MA0512.2.Rxra has 34 samples after filtering"
[1] "TF MA0035.4.GATA1 has 34 samples after filtering"
[1] "TF MA1101.2.BACH2 has 34 samples after filtering"
[1] "TF MA1494.1.HNF4A(var.2) has 34 samples after filtering"
[1] "TF MA0767.1.GCM2 has 34 samples after filtering"
[1] "TF MA0883.1.Dmbx1 has 34 samples after filtering"
[1] "TF MA0663.1.MLX has 34 samples after filtering"
[1] "TF MA1555.1.RXRB(var.2) has 34 samples after filtering"
[1] "TF MA0836.2.CEBPD has 34 samples after filtering"
[1] "TF MA0851.1.Foxj3 has 34 samples after filtering"
[1] "TF MA0597.1.THAP1 has 34 samples after filtering"
[1] "TF MA0907.1.HOXC13 has 34 samples after filtering"
[1] "TF MA0634.1.ALX3 has 34 samples after filtering"
[1] "TF MA0688.1.TBX2 has 34 samples after filtering"
[1] "TF MA1487.1.FOXE1 has 34 samples after filtering"
[1] "TF MA0084.1.SRY has 34 samples after filtering"
[1] "TF MA0596.1.SREBF2 has 34 samples after filtering"
[1] "TF MA0130.1.ZNF354C has 34 samples after filtering"
[1] "TF MA0611.1.Dux has 34 samples after filtering"
[1] "TF MA0852.2.FOXK1 has 34 samples after filtering"
[1] "TF MA0766.2.GATA5 has 34 samples after filtering"
[1] "TF MA1102.2.CTCFL has 34 samples after filtering"
[1] "TF MA0689.1.TBX20 has 34 samples after filtering"
[1] "TF MA0007.3.Ar has 34 samples after filtering"
[1] "TF MA0705.1.Lhx8 has 34 samples after filtering"
[1] "TF MA0004.1.Arnt has 34 samples after filtering"
[1] "TF MA0653.1.IRF9 has 34 samples after filtering"
[1] "TF MA1139.1.FOSL2::JUNB(var.2) has 34 samples after filtering"
[1] "TF MA0713.1.PHOX2A has 34 samples after filtering"
[1] "TF MA0614.1.Foxj2 has 34 samples after filtering"
[1] "TF MA0514.1.Sox3 has 34 samples after filtering"
[1] "TF MA0813.1.TFAP2B(var.3) has 34 samples after filtering"
[1] "TF MA1122.1.TFDP1 has 34 samples after filtering"
[1] "TF MA0033.2.FOXL1 has 34 samples after filtering"
[1] "TF MA0638.1.CREB3 has 34 samples after filtering"
[1] "TF MA0478.1.FOSL2 has 34 samples after filtering"
[1] "TF MA0025.2.NFIL3 has 34 samples after filtering"
[1] "TF MA0669.1.NEUROG2 has 34 samples after filtering"
[1] "TF MA0790.1.POU4F1 has 34 samples after filtering"
[1] "TF MA1683.1.FOXA3 has 34 samples after filtering"
[1] "TF MA1520.1.MAF has 34 samples after filtering"
[1] "TF MA0821.1.HES5 has 34 samples after filtering"
[1] "TF MA0619.1.LIN54 has 34 samples after filtering"
[1] "TF MA0853.1.Alx4 has 33 samples after filtering"
[1] "TF MA1464.1.ARNT2 has 34 samples after filtering"
[1] "TF MA0087.1.Sox5 has 34 samples after filtering"
[1] "TF MA0135.1.Lhx3 has 34 samples after filtering"
[1] "TF MA0058.3.MAX has 34 samples after filtering"
[1] "TF MA0706.1.MEOX2 has 34 samples after filtering"
[1] "TF MA1152.1.SOX15 has 34 samples after filtering"
[1] "TF MA0805.1.TBX1 has 34 samples after filtering"
[1] "TF MA1576.1.THRB(var.3) has 34 samples after filtering"
[1] "TF MA0863.1.MTF1 has 34 samples after filtering"
[1] "TF MA0802.1.TBR1 has 34 samples after filtering"
[1] "TF MA0038.2.GFI1 has 34 samples after filtering"
[1] "TF MA0762.1.ETV2 has 34 samples after filtering"
[1] "TF MA0496.3.MAFK has 34 samples after filtering"
[1] "TF MA0124.2.Nkx3-1 has 34 samples after filtering"
[1] "TF MA0850.1.FOXP3 has 34 samples after filtering"
[1] "TF MA0505.1.Nr5a2 has 34 samples after filtering"
[1] "TF MA1606.1.Foxf1 has 34 samples after filtering"
[1] "TF MA1578.1.VEZF1 has 34 samples after filtering"
[1] "TF MA1106.1.HIF1A has 34 samples after filtering"
[1] "TF MA0137.3.STAT1 has 34 samples after filtering"
[1] "TF MA0661.1.MEOX1 has 34 samples after filtering"
[1] "TF MA1500.1.HOXB6 has 34 samples after filtering"
[1] "TF MA1119.1.SIX2 has 34 samples after filtering"
[1] "TF MA1481.1.DRGX has 34 samples after filtering"
[1] "TF MA0722.1.VAX1 has 34 samples after filtering"
[1] "TF MA0047.3.FOXA2 has 34 samples after filtering"
[1] "TF MA0846.1.FOXC2 has 34 samples after filtering"
[1] "TF MA1493.1.HES6 has 34 samples after filtering"
[1] "TF MA0914.1.ISL2 has 34 samples after filtering"
[1] "TF MA0658.1.LHX6 has 34 samples after filtering"
[1] "TF MA0122.3.Nkx3-2 has 34 samples after filtering"
[1] "TF MA0647.1.GRHL1 has 34 samples after filtering"
[1] "TF MA0764.2.ETV4 has 34 samples after filtering"
[1] "TF MA0157.2.FOXO3 has 34 samples after filtering"
[1] "TF MA0136.2.ELF5 has 34 samples after filtering"
[1] "TF MA0521.1.Tcf12 has 34 samples after filtering"
[1] "TF MA0146.2.Zfx has 34 samples after filtering"
[1] "TF MA0074.1.RXRA::VDR has 34 samples after filtering"
[1] "TF MA0607.1.Bhlha15 has 34 samples after filtering"
[1] "TF MA0517.1.STAT1::STAT2 has 34 samples after filtering"
[1] "TF MA0675.1.NKX6-2 has 34 samples after filtering"
[1] "TF MA0828.1.SREBF2(var.2) has 34 samples after filtering"
[1] "TF MA0030.1.FOXF2 has 34 samples after filtering"
[1] "TF MA0709.1.Msx3 has 34 samples after filtering"
[1] "TF MA0503.1.Nkx2-5(var.2) has 34 samples after filtering"
[1] "TF MA0861.1.TP73 has 34 samples after filtering"
[1] "TF MA0009.2.TBXT has 34 samples after filtering"
[1] "TF MA1133.1.JUN::JUNB(var.2) has 34 samples after filtering"
[1] "TF MA0859.1.Rarg has 34 samples after filtering"
[1] "TF MA0489.1.JUN(var.2) has 34 samples after filtering"
[1] "TF MA0101.1.REL has 34 samples after filtering"
[1] "TF MA0803.1.TBX15 has 34 samples after filtering"
[1] "TF MA0734.2.GLI2 has 34 samples after filtering"
[1] "TF MA1532.1.NR1D2 has 34 samples after filtering"
[1] "TF MA1657.1.ZNF652 has 34 samples after filtering"
[1] "TF MA0758.1.E2F7 has 34 samples after filtering"
[1] "TF MA1645.1.NKX2-2 has 34 samples after filtering"
[1] "TF MA0442.2.SOX10 has 34 samples after filtering"
[1] "TF MA0887.1.EVX1 has 34 samples after filtering"
[1] "TF MA0088.2.ZNF143 has 34 samples after filtering"
[1] "TF MA0650.2.HOXA13 has 34 samples after filtering"
[1] "TF MA1553.1.RARG(var.3) has 34 samples after filtering"
[1] "TF MA1529.1.NHLH2 has 34 samples after filtering"
[1] "TF MA0109.1.HLTF has 34 samples after filtering"
[1] "TF MA0107.1.RELA has 34 samples after filtering"
[1] "TF MA0067.1.Pax2 has 34 samples after filtering"
[1] "TF MA0645.1.ETV6 has 34 samples after filtering"
[1] "TF MA0027.2.EN1 has 34 samples after filtering"
[1] "TF MA1579.1.ZBTB26 has 34 samples after filtering"
[1] "TF MA0147.3.MYC has 34 samples after filtering"
[1] "TF MA0598.3.EHF has 34 samples after filtering"
[1] "TF MA0782.2.PKNOX1 has 34 samples after filtering"
[1] "TF MA1604.1.Ebf2 has 34 samples after filtering"
[1] "TF MA1630.1.Znf281 has 34 samples after filtering"
[1] "TF MA0670.1.NFIA has 34 samples after filtering"
[1] "TF MA0164.1.Nr2e3 has 34 samples after filtering"
[1] "TF MA1118.1.SIX1 has 34 samples after filtering"
[1] "TF MA0837.1.CEBPE has 34 samples after filtering"
[1] "TF MA0491.2.JUND has 34 samples after filtering"
[1] "TF MA0476.1.FOS has 34 samples after filtering"
[1] "TF MA0069.1.PAX6 has 34 samples after filtering"
[1] "TF MA0867.2.SOX4 has 34 samples after filtering"
[1] "TF MA0866.1.SOX21 has 34 samples after filtering"
[1] "TF MA0815.1.TFAP2C(var.3) has 34 samples after filtering"
[1] "TF MA0622.1.Mlxip has 34 samples after filtering"
[1] "TF MA0731.1.BCL6B has 34 samples after filtering"
[1] "TF MA0668.1.NEUROD2 has 34 samples after filtering"
[1] "TF MA1138.1.FOSL2::JUNB has 34 samples after filtering"
[1] "TF MA1636.1.CEBPG(var.2) has 34 samples after filtering"
[1] "TF MA0701.2.LHX9 has 34 samples after filtering"
[1] "TF MA1627.1.Wt1 has 34 samples after filtering"
[1] "TF MA0507.1.POU2F2 has 34 samples after filtering"
[1] "TF MA0081.2.SPIB has 34 samples after filtering"
[1] "TF MA0145.3.TFCP2 has 34 samples after filtering"
[1] "TF MA1153.1.Smad4 has 34 samples after filtering"
[1] "TF MA0483.1.Gfi1b has 34 samples after filtering"
[1] "TF MA0473.3.ELF1 has 34 samples after filtering"
[1] "TF MA0793.1.POU6F2 has 34 samples after filtering"
[1] "TF MA1602.1.ZSCAN29 has 34 samples after filtering"
[1] "TF MA1629.1.Zic2 has 34 samples after filtering"
[1] "TF MA0728.1.Nr2f6(var.2) has 34 samples after filtering"
[1] "TF MA0814.2.TFAP2C(var.2) has 34 samples after filtering"
[1] "TF MA0832.1.Tcf21 has 34 samples after filtering"
[1] "TF MA1637.1.EBF3 has 34 samples after filtering"
[1] "TF MA1651.1.ZFP42 has 34 samples after filtering"
[1] "TF MA0835.2.BATF3 has 34 samples after filtering"
[1] "TF MA0676.1.Nr2e1 has 34 samples after filtering"
[1] "TF MA0046.2.HNF1A has 34 samples after filtering"
[1] "TF MA0500.2.MYOG has 34 samples after filtering"
[1] "TF MA0768.1.LEF1 has 34 samples after filtering"
[1] "TF MA1474.1.CREB3L4 has 34 samples after filtering"
[1] "TF MA0908.1.HOXD11 has 34 samples after filtering"
[1] "TF MA0874.1.Arx has 34 samples after filtering"
[1] "TF MA1127.1.FOSB::JUN has 34 samples after filtering"
[1] "TF MA1496.1.HOXA4 has 34 samples after filtering"
[1] "TF MA0761.2.ETV1 has 34 samples after filtering"
[1] "TF MA0898.1.Hmx3 has 34 samples after filtering"
[1] "TF MA1575.1.THRB(var.2) has 34 samples after filtering"
[1] "TF MA0691.1.TFAP4 has 34 samples after filtering"
[1] "TF MA1652.1.ZKSCAN5 has 34 samples after filtering"
[1] "TF MA1564.1.SP9 has 34 samples after filtering"
[1] "TF MA0744.2.SCRT2 has 34 samples after filtering"
[1] "TF MA0162.4.EGR1 has 34 samples after filtering"
[1] "TF MA0495.3.MAFF has 34 samples after filtering"
[1] "TF MA1596.1.ZNF460 has 34 samples after filtering"
[1] "TF MA1121.1.TEAD2 has 34 samples after filtering"
[1] "TF MA1146.1.NR1H4::RXRA has 34 samples after filtering"
[1] "TF MA0623.2.NEUROG1 has 34 samples after filtering"
[1] "TF MA0466.2.CEBPB has 34 samples after filtering"
[1] "TF MA0066.1.PPARG has 34 samples after filtering"
[1] "TF MA1466.1.ATF6 has 34 samples after filtering"
[1] "TF MA0834.1.ATF7 has 34 samples after filtering"
[1] "TF MA0673.1.NKX2-8 has 34 samples after filtering"
[1] "TF MA1653.1.ZNF148 has 34 samples after filtering"
[1] "TF MA0115.1.NR1H2::RXRA has 34 samples after filtering"
[1] "TF MA0117.2.Mafb has 34 samples after filtering"
[1] "TF MA0671.1.NFIX has 34 samples after filtering"
[1] "TF MA0882.1.DLX6 has 34 samples after filtering"
[1] "TF MA0618.1.LBX1 has 34 samples after filtering"
[1] "TF MA0161.2.NFIC has 34 samples after filtering"
[1] "TF MA0630.1.SHOX has 34 samples after filtering"
[1] "TF MA1644.1.NFYC has 34 samples after filtering"
[1] "TF MA0870.1.Sox1 has 34 samples after filtering"
[1] "TF MA0899.1.HOXA10 has 34 samples after filtering"
[1] "TF MA0667.1.MYF6 has 34 samples after filtering"
[1] "TF MA1468.1.ATOH7 has 34 samples after filtering"
[1] "TF MA0600.2.RFX2 has 34 samples after filtering"
[1] "TF MA1511.1.KLF10 has 34 samples after filtering"
[1] "TF MA1655.1.ZNF341 has 34 samples after filtering"
[1] "TF MA1549.1.POU6F1(var.2) has 34 samples after filtering"
[1] "TF MA0613.1.FOXG1 has 34 samples after filtering"
[1] "TF MA0845.1.FOXB1 has 34 samples after filtering"
[1] "TF MA0778.1.NFKB2 has 34 samples after filtering"
[1] "TF MA0119.1.NFIC::TLX1 has 34 samples after filtering"
[1] "TF MA1601.1.ZNF75D has 34 samples after filtering"
[1] "TF MA0465.2.CDX2 has 34 samples after filtering"
[1] "TF MA0842.2.NRL has 34 samples after filtering"
[1] "TF MA0770.1.HSF2 has 34 samples after filtering"
[1] "TF MA0809.2.TEAD4 has 34 samples after filtering"
[1] "TF MA1419.1.IRF4 has 34 samples after filtering"
[1] "TF MA0760.1.ERF has 34 samples after filtering"
[1] "TF MA0798.2.RFX3 has 34 samples after filtering"
[1] "TF MA1135.1.FOSB::JUNB has 34 samples after filtering"
[1] "TF MA0485.2.HOXC9 has 34 samples after filtering"
[1] "TF MA0903.1.HOXB3 has 34 samples after filtering"
[1] "TF MA0714.1.PITX3 has 34 samples after filtering"
[1] "TF MA1503.1.HOXB9 has 34 samples after filtering"
[1] "TF MA0464.2.BHLHE40 has 34 samples after filtering"
[1] "TF MA1147.1.NR4A2::RXRA has 22 samples after filtering"
[1] "TF MA0902.2.HOXB2 has 34 samples after filtering"
[1] "TF MA0017.2.NR2F1 has 34 samples after filtering"
[1] "TF MA1623.1.Stat2 has 34 samples after filtering"
[1] "TF MA1470.1.BACH2(var.2) has 34 samples after filtering"
[1] "TF MA0604.1.Atf1 has 34 samples after filtering"
[1] "TF MA0509.2.RFX1 has 34 samples after filtering"
[1] "TF MA1562.1.SOX14 has 34 samples after filtering"
[1] "TF MA0628.1.POU6F1 has 34 samples after filtering"
[1] "TF MA1472.1.BHLHA15(var.2) has 34 samples after filtering"
[1] "TF MA0037.3.GATA3 has 34 samples after filtering"
[1] "TF MA0041.1.Foxd3 has 34 samples after filtering"
[1] "TF MA1554.1.RFX7 has 34 samples after filtering"
[1] "TF MA0797.1.TGIF2 has 34 samples after filtering"
[1] "TF MA1643.1.NFIB has 34 samples after filtering"
[1] "TF MA1600.1.ZNF684 has 34 samples after filtering"
[1] "TF MA1498.1.HOXA7 has 34 samples after filtering"
[1] "TF MA0818.1.BHLHE22 has 34 samples after filtering"
[1] "TF MA1547.1.PITX2 has 34 samples after filtering"
[1] "TF MA1110.1.NR1H4 has 34 samples after filtering"
[1] "TF MA0830.2.TCF4 has 34 samples after filtering"
[1] "TF MA0625.1.NFATC3 has 34 samples after filtering"
[1] "TF MA0783.1.PKNOX2 has 34 samples after filtering"
[1] "TF MA1559.1.SNAI3 has 34 samples after filtering"
[1] "TF MA0774.1.MEIS2 has 34 samples after filtering"
[1] "TF MA1530.1.NKX6-3 has 34 samples after filtering"
[1] "TF MA1581.1.ZBTB6 has 34 samples after filtering"
[1] "TF MA0502.2.NFYB has 34 samples after filtering"
[1] "TF MA0042.2.FOXI1 has 34 samples after filtering"
[1] "TF MA0155.1.INSM1 has 34 samples after filtering"
[1] "TF MA0519.1.Stat5a::Stat5b has 34 samples after filtering"
[1] "TF MA0806.1.TBX4 has 34 samples after filtering"
[1] "TF MA0523.1.TCF7L2 has 34 samples after filtering"
[1] "TF MA0811.1.TFAP2B has 34 samples after filtering"
[1] "TF MA0880.1.Dlx3 has 34 samples after filtering"
[1] "TF MA1149.1.RARA::RXRG has 34 samples after filtering"
[1] "TF MA0710.1.NOTO has 34 samples after filtering"
[1] "TF MA1512.1.KLF11 has 34 samples after filtering"
[1] "TF MA0694.1.ZBTB7B has 34 samples after filtering"
[1] "TF MA1633.1.BACH1 has 34 samples after filtering"
[1] "TF MA0788.1.POU3F3 has 34 samples after filtering"
[1] "TF MA0823.1.HEY1 has 34 samples after filtering"
[1] "TF MA0462.2.BATF::JUN has 34 samples after filtering"
[1] "TF MA0801.1.MGA has 34 samples after filtering"
[1] "TF MA0751.1.ZIC4 has 34 samples after filtering"
[1] "TF MA0153.2.HNF1B has 34 samples after filtering"
[1] "TF MA0098.3.ETS1 has 34 samples after filtering"
[1] "TF MA0812.1.TFAP2B(var.2) has 34 samples after filtering"
[1] "TF MA0840.1.Creb5 has 34 samples after filtering"
[1] "TF MA0873.1.HOXD12 has 25 samples after filtering"
[1] "TF MA1142.1.FOSL1::JUND has 34 samples after filtering"
[1] "TF MA0703.2.LMX1B has 34 samples after filtering"
[1] "TF MA0912.2.HOXD3 has 34 samples after filtering"
[1] "TF MA1483.1.ELF2 has 34 samples after filtering"
[1] "TF MA0031.1.FOXD1 has 34 samples after filtering"
[1] "TF MA0664.1.MLXIPL has 34 samples after filtering"
[1] "TF MA0624.1.NFATC1 has 34 samples after filtering"
[1] "TF MA0077.1.SOX9 has 34 samples after filtering"
[1] "TF MA0869.1.Sox11 has 34 samples after filtering"
[1] "TF MA0475.2.FLI1 has 34 samples after filtering"
[1] "TF MA0520.1.Stat6 has 34 samples after filtering"
[1] "TF MA0896.1.Hmx1 has 34 samples after filtering"
[1] "TF MA0727.1.NR3C2 has 34 samples after filtering"
[1] "TF MA1150.1.RORB has 34 samples after filtering"
[1] "TF MA0711.1.OTX1 has 34 samples after filtering"
[1] "TF MA0879.1.Dlx1 has 34 samples after filtering"
[1] "TF MA0139.1.CTCF has 34 samples after filtering"
[1] "TF MA1113.2.PBX2 has 34 samples after filtering"
[1] "TF MA0681.2.PHOX2B has 34 samples after filtering"
[1] "TF MA0003.4.TFAP2A has 34 samples after filtering"
[1] "TF MA0633.1.Twist2 has 34 samples after filtering"
[1] "TF MA1594.1.ZNF382 has 34 samples after filtering"
[1] "TF MA0071.1.RORA has 34 samples after filtering"
[1] "TF MA0894.1.HESX1 has 34 samples after filtering"
[1] "TF MA1642.1.NEUROG2(var.2) has 34 samples after filtering"
[1] "TF MA0665.1.MSC has 34 samples after filtering"
[1] "TF MA0910.2.HOXD8 has 34 samples after filtering"
[1] "TF MA0093.3.USF1 has 34 samples after filtering"
[1] "TF MA0056.2.MZF1 has 34 samples after filtering"
[1] "TF MA0151.1.Arid3a has 34 samples after filtering"
[1] "TF MA0857.1.Rarb has 34 samples after filtering"
[1] "TF MA0800.1.EOMES has 34 samples after filtering"
[1] "TF MA1563.1.SOX18 has 34 samples after filtering"
[1] "TF MA1502.1.HOXB8 has 34 samples after filtering"
[1] "TF MA0060.3.NFYA has 34 samples after filtering"
[1] "TF MA1518.1.LHX1 has 34 samples after filtering"
[1] "TF MA0148.4.FOXA1 has 34 samples after filtering"
[1] "TF MA0794.1.PROX1 has 34 samples after filtering"
[1] "TF MA0753.2.ZNF740 has 34 samples after filtering"
[1] "TF MA0820.1.FIGLA has 34 samples after filtering"
[1] "TF MA0810.1.TFAP2A(var.2) has 34 samples after filtering"
[1] "TF MA0132.2.PDX1 has 34 samples after filtering"
[1] "TF MA0639.1.DBP has 34 samples after filtering"
[1] "TF MA1628.1.Zic1::Zic2 has 34 samples after filtering"
[1] "TF MA0068.2.PAX4 has 34 samples after filtering"
[1] "TF MA0160.1.NR4A2 has 34 samples after filtering"
[1] "TF MA0829.2.SREBF1(var.2) has 34 samples after filtering"
[1] "TF MA0105.4.NFKB1 has 34 samples after filtering"
[1] "TF MA0680.1.PAX7 has 34 samples after filtering"
[1] "TF MA0492.1.JUND(var.2) has 34 samples after filtering"
[1] "TF MA0843.1.TEF has 34 samples after filtering"
[1] "TF MA0736.1.GLIS2 has 34 samples after filtering"
[1] "TF MA1522.1.MAZ has 34 samples after filtering"
[1] "TF MA1471.1.BARX2 has 34 samples after filtering"
[1] "TF MA0885.1.Dlx2 has 34 samples after filtering"
[1] "TF MA0471.2.E2F6 has 34 samples after filtering"
[1] "TF MA0730.1.RARA(var.2) has 34 samples after filtering"
[1] "TF MA0795.1.SMAD3 has 34 samples after filtering"
[1] "TF MA0504.1.NR2C2 has 34 samples after filtering"
[1] "TF MA1569.1.TFAP2E has 34 samples after filtering"
[1] "TF MA0787.1.POU3F2 has 34 samples after filtering"
[1] "TF MA1506.1.HOXD10 has 33 samples after filtering"
[1] "TF MA1111.1.NR2F2 has 34 samples after filtering"
[1] "TF MA0627.2.POU2F3 has 34 samples after filtering"
[1] "TF MA0854.1.Alx1 has 34 samples after filtering"
[1] "TF MA0905.1.HOXC10 has 34 samples after filtering"
[1] "TF MA0643.1.Esrrg has 34 samples after filtering"
[1] "TF MA0690.1.TBX21 has 34 samples after filtering"
[1] "TF MA1514.1.KLF17 has 34 samples after filtering"
[1] "TF MA0674.1.NKX6-1 has 34 samples after filtering"
[1] "TF MA0698.1.ZBTB18 has 34 samples after filtering"
[1] "TF MA0717.1.RAX2 has 34 samples after filtering"
[1] "TF MA1607.1.Foxl2 has 34 samples after filtering"
[1] "TF MA0592.3.ESRRA has 34 samples after filtering"
[1] "TF MA0707.1.MNX1 has 34 samples after filtering"
[1] "TF MA0089.2.NFE2L1 has 34 samples after filtering"
[1] "TF MA1534.1.NR1I3 has 34 samples after filtering"
[1] "TF MA0608.1.Creb3l2 has 34 samples after filtering"
[1] "TF MA0144.2.STAT3 has 34 samples after filtering"
[1] "TF MA0906.1.HOXC12 has 33 samples after filtering"
[1] "TF MA1641.1.MYF5 has 34 samples after filtering"
[1] "TF MA0817.1.BHLHE23 has 34 samples after filtering"
[1] "TF MA0610.1.DMRT3 has 34 samples after filtering"
[1] "TF MA1631.1.ASCL1(var.2) has 34 samples after filtering"
[1] "TF MA0679.2.ONECUT1 has 34 samples after filtering"
[1] "TF MA0092.1.Hand1::Tcf3 has 34 samples after filtering"
[1] "TF MA1475.1.CREB3L4(var.2) has 34 samples after filtering"
[1] "TF MA0014.3.PAX5 has 34 samples after filtering"
[1] "TF MA0662.1.MIXL1 has 34 samples after filtering"
[1] "TF MA0704.1.Lhx4 has 34 samples after filtering"
[1] "TF MA1421.1.TCF7L1 has 34 samples after filtering"
[1] "TF MA0881.1.Dlx4 has 34 samples after filtering"
[1] "TF MA1599.1.ZNF682 has 34 samples after filtering"
[1] "TF MA1650.1.ZBTB14 has 34 samples after filtering"
[1] "TF MA0715.1.PROP1 has 34 samples after filtering"
[1] "TF MA1515.1.KLF2 has 34 samples after filtering"
[1] "TF MA0079.4.SP1 has 34 samples after filtering"
[1] "TF MA0660.1.MEF2B has 34 samples after filtering"
[1] "TF MA0158.2.HOXA5 has 34 samples after filtering"
[1] "TF MA0141.3.ESRRB has 34 samples after filtering"
[1] "TF MA0789.1.POU3F4 has 34 samples after filtering"
[1] "TF MA0481.3.FOXP1 has 34 samples after filtering"
[1] "TF MA0781.1.PAX9 has 33 samples after filtering"
[1] "TF MA0872.1.TFAP2A(var.3) has 34 samples after filtering"
[1] "TF MA0150.2.Nfe2l2 has 34 samples after filtering"
[1] "TF MA1624.1.Stat5a has 34 samples after filtering"
[1] "TF MA1504.1.HOXC4 has 34 samples after filtering"
[1] "TF MA0616.2.HES2 has 34 samples after filtering"
[1] "TF MA0477.2.FOSL1 has 34 samples after filtering"
[1] "TF MA0685.1.SP4 has 34 samples after filtering"
[1] "TF MA1519.1.LHX5 has 34 samples after filtering"
[1] "TF MA0612.2.EMX1 has 34 samples after filtering"
[1] "TF MA0513.1.SMAD2::SMAD3::SMAD4 has 34 samples after filtering"
[1] "TF MA0649.1.HEY2 has 34 samples after filtering"
[1] "TF MA0479.1.FOXH1 has 34 samples after filtering"
[1] "TF MA1517.1.KLF6 has 34 samples after filtering"
[1] "TF MA0484.2.HNF4G has 34 samples after filtering"
[1] "TF MA1625.1.Stat5b has 34 samples after filtering"
[1] "TF MA0871.2.TFEC has 34 samples after filtering"
[1] "TF MA0606.1.NFAT5 has 34 samples after filtering"
[1] "TF MA0695.1.ZBTB7C has 34 samples after filtering"
[1] "TF MA1573.1.THAP11 has 34 samples after filtering"
[1] "TF MA0742.1.Klf12 has 34 samples after filtering"
[1] "TF MA0039.4.KLF4 has 34 samples after filtering"
[1] "TF MA0841.1.NFE2 has 34 samples after filtering"
[1] "TF MA0498.2.MEIS1 has 34 samples after filtering"
[1] "TF MA0472.2.EGR2 has 34 samples after filtering"
[1] "TF MA0486.2.HSF1 has 34 samples after filtering"
[1] "TF MA0858.1.Rarb(var.2) has 34 samples after filtering"
[1] "TF MA0747.1.SP8 has 34 samples after filtering"
[1] "TF MA0602.1.Arid5a has 34 samples after filtering"
[1] "TF MA0646.1.GCM1 has 34 samples after filtering"
[1] "TF MA0114.4.HNF4A has 34 samples after filtering"
[1] "TF MA0029.1.Mecom has 34 samples after filtering"
[1] "TF MA1592.1.ZNF274 has 34 samples after filtering"
[1] "TF MA1542.1.OSR1 has 34 samples after filtering"
[1] "TF MA1635.1.BHLHE22(var.2) has 34 samples after filtering"
[1] "TF MA1505.1.HOXC8 has 34 samples after filtering"
[1] "TF MA0028.2.ELK1 has 34 samples after filtering"
[1] "TF MA0048.2.NHLH1 has 34 samples after filtering"
[1] "TF MA1491.1.GLI3 has 34 samples after filtering"
[1] "TF MA1141.1.FOS::JUND has 34 samples after filtering"
[1] "TF MA0063.2.NKX2-5 has 34 samples after filtering"
[1] "TF MA0684.2.RUNX3 has 34 samples after filtering"
[1] "TF MA0849.1.FOXO6 has 34 samples after filtering"
[1] "TF MA0106.3.TP53 has 34 samples after filtering"
[1] "TF MA0904.2.HOXB5 has 34 samples after filtering"
[1] "TF MA0593.1.FOXP2 has 34 samples after filtering"
[1] "TF MA1479.1.DMRTC2 has 34 samples after filtering"
[1] "TF MA0075.3.PRRX2 has 34 samples after filtering"
[1] "TF MA0099.3.FOS::JUN has 34 samples after filtering"
[1] "TF MA0732.1.EGR3 has 34 samples after filtering"
[1] "TF MA0860.1.Rarg(var.2) has 34 samples after filtering"
[1] "TF MA1103.2.FOXK2 has 34 samples after filtering"
[1] "TF MA0516.2.SP2 has 34 samples after filtering"
[1] "TF MA0036.3.GATA2 has 34 samples after filtering"
[1] "TF MA0057.1.MZF1(var.2) has 34 samples after filtering"
[1] "TF MA0108.2.TBP has 34 samples after filtering"
[1] "TF MA0868.2.SOX8 has 34 samples after filtering"
[1] "TF MA0636.1.BHLHE41 has 34 samples after filtering"
[1] "TF MA0833.2.ATF4 has 34 samples after filtering"
[1] "TF MA1155.1.ZSCAN4 has 34 samples after filtering"
[1] "TF MA1476.1.DLX5 has 34 samples after filtering"
[1] "TF MA0480.1.Foxo1 has 34 samples after filtering"
[1] "TF MA0765.2.ETV5 has 34 samples after filtering"
[1] "TF MA0816.1.Ascl2 has 34 samples after filtering"
[1] "TF MA0019.1.Ddit3::Cebpa has 34 samples after filtering"
[1] "TF MA1117.1.RELB has 34 samples after filtering"
[1] "TF MA1538.1.NR2F1(var.3) has 33 samples after filtering"
[1] "TF MA1572.1.TGIF2LY has 34 samples after filtering"
[1] "TF MA1533.1.NR1I2 has 34 samples after filtering"
[1] "TF MA1473.1.CDX4 has 34 samples after filtering"
[1] "TF MA0895.1.HMBOX1 has 34 samples after filtering"
[1] "TF MA1574.1.THRB has 34 samples after filtering"
[1] "TF MA1603.1.Dmrt1 has 34 samples after filtering"
[1] "TF MA0865.1.E2F8 has 34 samples after filtering"
[1] "TF MA1556.1.RXRG(var.2) has 34 samples after filtering"
[1] "TF MA0659.2.MAFG has 34 samples after filtering"
[1] "TF MA0838.1.CEBPG has 34 samples after filtering"
[1] "TF MA1484.1.ETS2 has 34 samples after filtering"
[1] "TF MA0773.1.MEF2D has 34 samples after filtering"
[1] "TF MA0599.1.KLF5 has 34 samples after filtering"
[1] "TF MA1570.1.TFAP4(var.2) has 34 samples after filtering"
[1] "TF MA0826.1.OLIG1 has 34 samples after filtering"
[1] "TF MA1463.1.ARGFX has 34 samples after filtering"
[1] "TF MA1589.1.ZNF140 has 34 samples after filtering"
[1] "TF MA1571.1.TGIF2LX has 34 samples after filtering"
[1] "TF MA0080.5.SPI1 has 34 samples after filtering"
[1] "TF MA1640.1.MEIS2(var.2) has 34 samples after filtering"
[1] "TF MA1647.1.PRDM4 has 34 samples after filtering"
[1] "TF MA0601.1.Arid3b has 34 samples after filtering"
[1] "TF MA0149.1.EWSR1-FLI1 has 34 samples after filtering"
[1] "TF MA1548.1.PLAGL2 has 34 samples after filtering"
[1] "TF MA0651.1.HOXC11 has 32 samples after filtering"
[1] "TF MA0799.1.RFX4 has 34 samples after filtering"
[1] "TF MA1107.2.KLF9 has 34 samples after filtering"
[1] "TF MA0163.1.PLAG1 has 34 samples after filtering"
[1] "TF MA0856.1.RXRG has 34 samples after filtering"
[1] "TF MA0901.2.HOXB13 has 34 samples after filtering"
[1] "TF MA0756.1.ONECUT2 has 31 samples after filtering"
[1] "TF MA1497.1.HOXA6 has 34 samples after filtering"
[1] "TF MA1125.1.ZNF384 has 34 samples after filtering"
[1] "TF MA1528.1.NFIX(var.2) has 34 samples after filtering"
[1] "TF MA0791.1.POU4F3 has 34 samples after filtering"
[1] "TF MA0786.1.POU3F1 has 34 samples after filtering"
[1] "TF MA0078.1.Sox17 has 34 samples after filtering"
[1] "TF MA0725.1.VSX1 has 34 samples after filtering"
[1] "TF MA0771.1.HSF4 has 34 samples after filtering"
[1] "TF MA0050.2.IRF1 has 34 samples after filtering"
[1] "TF MA0750.2.ZBTB7A has 34 samples after filtering"
[1] "TF MA1638.1.HAND2 has 34 samples after filtering"
[1] "TF MA1104.2.GATA6 has 34 samples after filtering"
[1] "TF MA1485.1.FERD3L has 34 samples after filtering"
[1] "TF MA0682.2.PITX1 has 34 samples after filtering"
[1] "TF MA0018.4.CREB1 has 34 samples after filtering"
[1] "TF MA0112.3.ESR1 has 34 samples after filtering"
[1] "TF MA1597.1.ZNF528 has 34 samples after filtering"
[1] "TF MA0006.1.Ahr::Arnt has 34 samples after filtering"
[1] "TF MA1132.1.JUN::JUNB has 34 samples after filtering"
[1] "TF MA0848.1.FOXO4 has 34 samples after filtering"
[1] "TF MA1535.1.NR2C1 has 34 samples after filtering"
[1] "TF MA0678.1.OLIG2 has 34 samples after filtering"
[1] "TF MA1151.1.RORC has 34 samples after filtering"
[1] "TF MA1124.1.ZNF24 has 34 samples after filtering"
[1] "TF MA0721.1.UNCX has 34 samples after filtering"
[1] "TF MA1565.1.TBX18 has 34 samples after filtering"
[1] "TF MA1516.1.KLF3 has 34 samples after filtering"
[1] "TF MA0102.4.CEBPA has 34 samples after filtering"
[1] "TF MA0847.2.FOXD2 has 34 samples after filtering"
[1] "TF MA0724.1.VENTX has 33 samples after filtering"
[1] "TF MA0677.1.Nr2f6 has 34 samples after filtering"
[1] "TF MA0752.1.ZNF410 has 34 samples after filtering"
[1] "TF MA1099.2.HES1 has 34 samples after filtering"
[1] "TF MA0528.2.ZNF263 has 34 samples after filtering"
[1] "TF MA0259.1.ARNT::HIF1A has 34 samples after filtering"
[1] "TF MA0719.1.RHOXF1 has 34 samples after filtering"
[1] "TF MA0746.2.SP3 has 34 samples after filtering"
[1] "TF MA1109.1.NEUROD1 has 34 samples after filtering"
[1] "TF MA1568.1.TCF21(var.2) has 34 samples after filtering"
[1] "TF MA0116.1.Znf423 has 34 samples after filtering"
[1] "TF MA1550.1.PPARD has 34 samples after filtering"
[1] "TF MA0757.1.ONECUT3 has 34 samples after filtering"
[1] "TF MA0510.2.RFX5 has 34 samples after filtering"
[1] "TF MA0159.1.RARA::RXRA has 34 samples after filtering"
[1] "TF MA1566.1.TBX3 has 34 samples after filtering"
[1] "TF MA1632.1.ATF2 has 34 samples after filtering"
[1] "TF MA0040.1.Foxq1 has 34 samples after filtering"
[1] "TF MA0723.1.VAX2 has 34 samples after filtering"
[1] "TF MA1560.1.SOHLH2 has 34 samples after filtering"
[1] "TF MA0515.1.Sox6 has 34 samples after filtering"
[1] "TF MA0463.2.BCL6 has 34 samples after filtering"
[1] "TF MA0499.2.MYOD1 has 34 samples after filtering"
[1] "TF MA1588.1.ZNF136 has 34 samples after filtering"
[1] "TF MA1129.1.FOSL1::JUN(var.2) has 34 samples after filtering"
[1] "TF MA0785.1.POU2F1 has 34 samples after filtering"
[1] "TF MA0152.1.NFATC2 has 34 samples after filtering"
[1] "TF MA1531.1.NR1D1 has 34 samples after filtering"
[1] "TF MA1116.1.RBPJ has 34 samples after filtering"
[1] "TF MA1523.1.MSANTD3 has 34 samples after filtering"
[1] "TF MA0143.4.SOX2 has 34 samples after filtering"
[1] "TF MA0888.1.EVX2 has 34 samples after filtering"
[1] "TF MA0090.3.TEAD1 has 34 samples after filtering"
[1] "TF MA0482.2.GATA4 has 34 samples after filtering"
[1] "TF MA1616.1.Prdm15 has 34 samples after filtering"
[1] "TF MA1567.1.TBX6 has 34 samples after filtering"
[1] "TF MA0876.1.BSX has 34 samples after filtering"
[1] "TF MA0595.1.SREBF1 has 34 samples after filtering"
[1] "TF MA0792.1.POU5F1B has 34 samples after filtering"
[1] "TF MA1618.1.Ptf1a has 34 samples after filtering"
[1] "TF MA0032.2.FOXC1 has 34 samples after filtering"
[1] "TF MA0052.4.MEF2A has 34 samples after filtering"
[1] "TF MA0138.2.REST has 34 samples after filtering"
[1] "TF MA0043.3.HLF has 34 samples after filtering"
[1] "TF MA0699.1.LBX2 has 34 samples after filtering"
[1] "TF MA1649.1.ZBTB12 has 34 samples after filtering"
[1] "TF MA0759.1.ELK3 has 34 samples after filtering"
[1] "TF MA1639.1.MEIS1(var.2) has 34 samples after filtering"
[1] "TF MA0889.1.GBX1 has 34 samples after filtering"
[1] "TF MA1114.1.PBX3 has 34 samples after filtering"
[1] "TF MA0775.1.MEIS3 has 34 samples after filtering"
[1] "TF MA0687.1.SPIC has 34 samples after filtering"
[1] "TF MA0111.1.Spz1 has 34 samples after filtering"
[1] "TF MA0900.2.HOXA2 has 34 samples after filtering"
[1] "TF MA0696.1.ZIC1 has 34 samples after filtering"
[1] "TF MA0862.1.GMEB2 has 12 samples after filtering"
[1] "TF MA0839.1.CREB3L1 has 34 samples after filtering"
[1] "TF MA0780.1.PAX3 has 34 samples after filtering"
[1] "TF MA1539.1.NR2F6(var.3) has 34 samples after filtering"
[1] "TF MA0493.1.Klf1 has 34 samples after filtering"
[1] "TF MA0494.1.Nr1h3::Rxra has 34 samples after filtering"
[1] "TF MA1654.1.ZNF16 has 34 samples after filtering"
[1] "TF MA0620.3.MITF has 34 samples after filtering"
[1] "TF MA1115.1.POU5F1 has 34 samples after filtering"
[1] "TF MA0641.1.ELF4 has 34 samples after filtering"
[1] "TF MA0104.4.MYCN has 34 samples after filtering"
[1] "TF MA0913.2.HOXD9 has 34 samples after filtering"
[1] "TF MA0642.1.EN2 has 34 samples after filtering"
[1] "TF MA1615.1.Plagl1 has 34 samples after filtering"
[1] "TF MA0796.1.TGIF1 has 34 samples after filtering"
[1] "TF MA1513.1.KLF15 has 34 samples after filtering"
[1] "TF MA0745.2.SNAI2 has 34 samples after filtering"
[1] "TF MA1144.1.FOSL2::JUND has 34 samples after filtering"
[1] "TF MA1128.1.FOSL1::JUN has 34 samples after filtering"
[1] "TF MA0692.1.TFEB has 34 samples after filtering"
[1] "TF MA0072.1.RORA(var.2) has 34 samples after filtering"
[1] "TF MA0892.1.GSX1 has 34 samples after filtering"
[1] "TF MA0073.1.RREB1 has 34 samples after filtering"
[1] "TF MA0655.1.JDP2 has 34 samples after filtering"
[1] "TF MA1105.2.GRHL2 has 34 samples after filtering"
[1] "TF MA0855.1.RXRB has 34 samples after filtering"
[1] "TF MA0769.2.TCF7 has 34 samples after filtering"
[1] "TF MA0807.1.TBX5 has 34 samples after filtering"
[1] "TF MA0501.1.MAF::NFE2 has 34 samples after filtering"
[1] "TF MA1577.1.TLX2 has 34 samples after filtering"
[1] "TF MA0652.1.IRF8 has 34 samples after filtering"
[1] "TF MA0258.2.ESR2 has 34 samples after filtering"
[1] "TF MA0468.1.DUX4 has 34 samples after filtering"
[1] "TF MA0083.3.SRF has 34 samples after filtering"
[1] "TF MA0683.1.POU4F2 has 34 samples after filtering"
[1] "TF MA0740.1.KLF14 has 34 samples after filtering"
[1] "TF MA0909.2.HOXD13 has 34 samples after filtering"
[1] "TF MA0743.2.SCRT1 has 34 samples after filtering"
[1] "TF MA1126.1.FOS::JUN(var.2) has 34 samples after filtering"
[1] "TF MA0605.2.ATF3 has 34 samples after filtering"
[1] "TF MA0891.1.GSC2 has 34 samples after filtering"
[1] "TF MA1584.1.ZIC5 has 34 samples after filtering"
[1] "TF MA1495.1.HOXA1 has 34 samples after filtering"
[1] "TF MA0488.1.JUN has 34 samples after filtering"
[1] "TF MA0140.2.GATA1::TAL1 has 34 samples after filtering"
[1] "TF MA0822.1.HES7 has 34 samples after filtering"
[1] "TF MA1143.1.FOSL1::JUND(var.2) has 34 samples after filtering"
[1] "TF MA1467.1.ATOH1(var.2) has 34 samples after filtering"
[1] "TF MA0591.1.Bach1::Mafk has 34 samples after filtering"
[1] "TF MA1537.1.NR2F1(var.2) has 34 samples after filtering"
[1] "TF MA0640.2.ELF3 has 34 samples after filtering"
[1] "TF MA1648.1.TCF12(var.2) has 34 samples after filtering"
[1] "TF MA1100.2.ASCL1 has 34 samples after filtering"
[1] "TF MA0686.1.SPDEF has 34 samples after filtering"
[1] "TF MA0884.1.DUXA has 34 samples after filtering"
[1] "TF MA0819.1.CLOCK has 34 samples after filtering"
[1] "TF MA0808.1.TEAD3 has 34 samples after filtering"
[1] "TF MA1634.1.BATF has 34 samples after filtering"
[1] "TF MA0490.2.JUNB has 34 samples after filtering"
[1] "TF MA0506.1.NRF1 has 34 samples after filtering"
[1] "TF MA0065.2.Pparg::Rxra has 34 samples after filtering"
[1] "TF MA0113.3.NR3C1 has 34 samples after filtering"
[1] "TF MA0890.1.GBX2 has 34 samples after filtering"
[1] "TF MA0893.2.GSX2 has 34 samples after filtering"
[1] "TF MA0631.1.Six3 has 31 samples after filtering"
[1] "TF MA0626.1.Npas2 has 34 samples after filtering"
[1] "TF MA1585.1.ZKSCAN1 has 34 samples after filtering"
[1] "TF MA0076.2.ELK4 has 34 samples after filtering"
[1] "TF MA0059.1.MAX::MYC has 34 samples after filtering"
[1] "TF MA1112.2.NR4A1 has 34 samples after filtering"
[1] "TF MA0738.1.HIC2 has 34 samples after filtering"
[1] "TF MA0697.1.ZIC3 has 34 samples after filtering"
[1] "TF MA0763.1.ETV3 has 34 samples after filtering"
[1] "TF MA0708.1.MSX2 has 34 samples after filtering"
[1] "TF MA0741.1.KLF16 has 34 samples after filtering"
[1] "TF MA1561.1.SOX12 has 34 samples after filtering"
[1] "TF MA1541.1.NR6A1 has 34 samples after filtering"
[1] "TF MA1137.1.FOSL1::JUNB has 34 samples after filtering"
[1] "TF MA1418.1.IRF3 has 34 samples after filtering"
[1] "TF MA0518.1.Stat4 has 34 samples after filtering"
[1] "TF MA1154.1.ZNF282 has 34 samples after filtering"
[1] "TF MA1480.1.DPRX has 34 samples after filtering"
[1] "TF MA0700.2.LHX2 has 34 samples after filtering"
[1] "TF MA0525.2.TP63 has 34 samples after filtering"
[1] "TF MA0156.2.FEV has 34 samples after filtering"
[1] "TF MA1507.1.HOXD4 has 34 samples after filtering"
[1] "TF MA1552.1.RARB(var.3) has 34 samples after filtering"
[1] "TF MA0002.2.RUNX1 has 34 samples after filtering"
[1] "TF MA0720.1.Shox2 has 34 samples after filtering"
[1] "TF MA0886.1.EMX2 has 34 samples after filtering"
[1] "TF MA1420.1.IRF5 has 33 samples after filtering"
[1] "TF MA0095.2.YY1 has 34 samples after filtering"
[1] "TF MA1131.1.FOSL2::JUN(var.2) has 34 samples after filtering"
[1] "TF MA0154.4.EBF1 has 34 samples after filtering"
[1] "TF MA0644.1.ESX1 has 34 samples after filtering"
[1] "TF MA1587.1.ZNF135 has 34 samples after filtering"
[1] "TF MA0712.2.OTX2 has 34 samples after filtering"
[1] "TF MA0804.1.TBX19 has 34 samples after filtering"
[1] "TF MA0609.2.CREM has 34 samples after filtering"
[1] "TF MA0779.1.PAX1 has 34 samples after filtering"
[1] "TF MA0878.2.CDX1 has 34 samples after filtering"
[1] "TF MA1646.1.OSR2 has 34 samples after filtering"
[1] "TF MA1524.1.MSGN1 has 34 samples after filtering"
[1] "TF MA1540.1.NR5A1 has 34 samples after filtering"
[1] "TF MA0718.1.RAX has 34 samples after filtering"
[1] "TF MA0666.1.MSX1 has 34 samples after filtering"
[1] "TF MA0657.1.KLF13 has 34 samples after filtering"
[1] "TF MA1525.1.NFATC4 has 34 samples after filtering"
[1] "TF MA0726.1.VSX2 has 34 samples after filtering"
[1] "TF MA0508.3.PRDM1 has 34 samples after filtering"
[1] "TF MA0825.1.MNT has 34 samples after filtering"
[1] "TF MA0702.2.LMX1A has 34 samples after filtering"
[1] "TF MA0784.1.POU1F1 has 34 samples after filtering"
[1] "TF MA0091.1.TAL1::TCF3 has 34 samples after filtering"
[1] "TF MA1508.1.IKZF1 has 34 samples after filtering"
[1] "TF MA0897.1.Hmx2 has 34 samples after filtering"
[1] "TF MA1557.1.SMAD5 has 34 samples after filtering"
[1] "TF MA0672.1.NKX2-3 has 34 samples after filtering"
[1] "TF MA1108.2.MXI1 has 34 samples after filtering"
[1] "TF MA0603.1.Arntl has 34 samples after filtering"
[1] "TF MA1620.1.Ptf1a(var.3) has 34 samples after filtering"
[1] "TF MA0739.1.Hic1 has 34 samples after filtering"
[1] "TF MA0733.1.EGR4 has 34 samples after filtering"
[1] "TF MA1593.1.ZNF317 has 34 samples after filtering"
[1] "TF MA0497.1.MEF2C has 34 samples after filtering"
[1] "TF MA1622.1.Smad2::Smad3 has 34 samples after filtering"
[1] "TF MA0070.1.PBX1 has 34 samples after filtering"
[1] "TF MA0735.1.GLIS1 has 34 samples after filtering"
[1] "TF MA1501.1.HOXB7 has 34 samples after filtering"
[1] "TF MA0737.1.GLIS3 has 34 samples after filtering"
[1] "TF MA1536.1.NR2C2(var.2) has 34 samples after filtering"
[1] "TF MA1130.1.FOSL2::JUN has 34 samples after filtering"
[1] "TF MA0827.1.OLIG3 has 34 samples after filtering"
[1] "TF MA0729.1.RARA has 34 samples after filtering"
[1] "TF MA0632.2.TCFL5 has 34 samples after filtering"
[1] "TF MA0656.1.JDP2(var.2) has 34 samples after filtering"
[1] "TF MA0911.1.Hoxa11 has 11 samples after filtering"
[1] "TF MA0629.1.Rhox11 has 16 samples after filtering"
[1] "TF MA0635.1.BARHL2 has 8 samples after filtering"
[1] "93 out of 725 TFs have statistically differential activity"
null device 
          1 
R version 4.5.2 (2025-10-31)
Platform: x86_64-pc-linux-gnu
Running under: Ubuntu 22.04.5 LTS

Matrix products: default
BLAS/LAPACK: /usr/lib/x86_64-linux-gnu/openblas-pthread/libopenblasp-r0.3.20.so;  LAPACK version 3.10.0

locale:
 [1] LC_CTYPE=en_US.UTF-8       LC_NUMERIC=C              
 [3] LC_TIME=en_US.UTF-8        LC_COLLATE=en_US.UTF-8    
 [5] LC_MONETARY=en_US.UTF-8    LC_MESSAGES=en_US.UTF-8   
 [7] LC_PAPER=en_US.UTF-8       LC_NAME=C                 
 [9] LC_ADDRESS=C               LC_TELEPHONE=C            
[11] LC_MEASUREMENT=en_US.UTF-8 LC_IDENTIFICATION=C       

time zone: Etc/UTC
tzcode source: system (glibc)

attached base packages:
[1] grid      stats     graphics  grDevices utils     datasets  methods  
[8] base     

other attached packages:
[1] optparse_1.8.2        dendsort_0.3.4        RColorBrewer_1.1-3   
[4] ComplexHeatmap_2.26.1 ggrepel_0.9.8         ggplot2_4.0.3        

loaded via a namespace (and not attached):
 [1] gtable_0.3.6        dplyr_1.2.1         compiler_4.5.2     
 [4] rjson_0.2.23        crayon_1.5.3        tidyselect_1.2.1   
 [7] Rcpp_1.1.2          parallel_4.5.2      cluster_2.1.8.1    
[10] IRanges_2.44.0      scales_1.4.0        png_0.1-9          
[13] R6_2.6.1            labeling_0.4.3      generics_0.1.4     
[16] shape_1.4.6.1       BiocGenerics_0.56.0 iterators_1.0.14   
[19] GetoptLong_1.1.1    circlize_0.4.18     tibble_3.3.1       
[22] pillar_1.11.1       rlang_1.3.0         GlobalOptions_0.1.4
[25] S7_0.2.2            doParallel_1.0.17   cli_3.6.6          
[28] withr_3.0.3         magrittr_2.0.5      digest_0.6.39      
[31] foreach_1.5.2       clue_0.3-68         lifecycle_1.0.5    
[34] S4Vectors_0.48.1    vctrs_0.7.3         glue_1.8.1         
[37] farver_2.1.2        codetools_0.2-20    stats4_4.5.2       
[40] colorspace_2.1-3    matrixStats_1.5.0   tools_4.5.2        
[43] pkgconfig_2.0.3    
