Loading packages
Checking arguments
Reading inputs
[1] "Genome size: 2491878275bp"
Meta tags detected: __no_feature, __ambiguous, __too_low_aQual, __not_aligned, __alignment_not_unique
[1] "Frip > 0.3: 0"
[1] "Frip > 0.2: 0.00884955752212389"
[1] "Plotting QC results"
[1] "Plot Read Summary"
[1] "Plot Duplicate summary"
[1] "Plot Peak summary"
[1] "Plot Fraction of reads in peaks"
[1] "Samples with most peaks identified:"
             Strain Treatment  Peaks
7-C57Bl6-216 C57Bl6      CTRL 146120
7-C57Bl6-217 C57Bl6        SD 153601
7-DBA-218       DBA      CTRL 139243
7-DBA-219       DBA        SD 134027
null device 
          1 
R version 4.5.2 (2025-10-31)
Platform: x86_64-pc-linux-gnu
Running under: Ubuntu 22.04.5 LTS

Matrix products: default
BLAS/LAPACK: /usr/lib/x86_64-linux-gnu/openblas-pthread/libopenblasp-r0.3.20.so;  LAPACK version 3.10.0

locale:
 [1] LC_CTYPE=C.UTF-8       LC_NUMERIC=C           LC_TIME=C.UTF-8       
 [4] LC_COLLATE=C.UTF-8     LC_MONETARY=C.UTF-8    LC_MESSAGES=C.UTF-8   
 [7] LC_PAPER=C.UTF-8       LC_NAME=C              LC_ADDRESS=C          
[10] LC_TELEPHONE=C         LC_MEASUREMENT=C.UTF-8 LC_IDENTIFICATION=C   

time zone: Etc/UTC
tzcode source: system (glibc)

attached base packages:
[1] stats     graphics  grDevices utils     datasets  methods   base     

other attached packages:
[1] optparse_1.8.2 ggplot2_4.0.3  tidyr_1.3.2    dplyr_1.2.1    edgeR_4.8.2   
[6] limma_3.66.0  

loaded via a namespace (and not attached):
 [1] vctrs_0.7.3        cli_3.6.6          rlang_1.3.0        purrr_1.2.2       
 [5] generics_0.1.4     S7_0.2.2           labeling_0.4.3     glue_1.8.1        
 [9] statmod_1.5.2      locfit_1.5-9.12    scales_1.4.0       grid_4.5.2        
[13] tibble_3.3.1       lifecycle_1.0.5    compiler_4.5.2     RColorBrewer_1.1-3
[17] pkgconfig_2.0.3    farver_2.1.2       lattice_0.22-7     R6_2.6.1          
[21] tidyselect_1.2.1   pillar_1.11.1      magrittr_2.0.5     withr_3.0.3       
[25] gtable_0.3.6      
