[1] "Reading results/9-ATAC_qtl/data/atacchr14.json"
Warning message:
In recode_geno(sheet, genotypes) : 3746 genotypes treated as missing: "H"
Object of class cross2 (crosstype "risib")

Total individuals               62
No. genotyped individuals       62
No. phenotyped individuals      62
No. with both geno & pheno      62

No. phenotypes               18218
No. covariates                   0
No. phenotype covariates         4

No. chromosomes                 20
Total markers                 7320

No. markers by chr:
  1   2   3   4   5   6   7   8   9  10  11  12  13  14  15  16  17  18  19   X 
636 583 431 460 470 449 437 319 447 317 375 308 244 281 247 272 291 250 310 193 
null device 
          1 
[1] "Running addictive model"
[1] "Saving results"
R version 4.5.2 (2025-10-31)
Platform: x86_64-pc-linux-gnu
Running under: Ubuntu 22.04.5 LTS

Matrix products: default
BLAS/LAPACK: /usr/lib/x86_64-linux-gnu/openblas-pthread/libopenblasp-r0.3.20.so;  LAPACK version 3.10.0

locale:
 [1] LC_CTYPE=C.UTF-8       LC_NUMERIC=C           LC_TIME=C.UTF-8       
 [4] LC_COLLATE=C.UTF-8     LC_MONETARY=C.UTF-8    LC_MESSAGES=C.UTF-8   
 [7] LC_PAPER=C.UTF-8       LC_NAME=C              LC_ADDRESS=C          
[10] LC_TELEPHONE=C         LC_MEASUREMENT=C.UTF-8 LC_IDENTIFICATION=C   

time zone: Etc/UTC
tzcode source: system (glibc)

attached base packages:
[1] stats     graphics  grDevices utils     datasets  methods   base     

other attached packages:
[1] optparse_1.8.2 qtl2_0.46     

loaded via a namespace (and not attached):
 [1] fastmap_1.2.0     bit_4.6.0         cachem_1.1.0      blob_1.3.0       
 [5] parallel_4.5.2    memoise_2.0.1     bit64_4.8.2       cli_3.6.6        
 [9] RSQLite_3.53.3    vctrs_0.7.3       DBI_1.3.0         data.table_1.18.4
[13] compiler_4.5.2    tools_4.5.2       Rcpp_1.1.2        otel_0.2.0       
[17] jsonlite_2.0.0    rlang_1.3.0      
