Calling peaks with mitochondrial DNA for results/4-ATAC_genotype/corrected_bams/name/040_BXD49_CTRL_full.nm.bam results/4-ATAC_genotype/corrected_bams/name/079_BXD49_CTRL_full.nm.bam results/4-ATAC_genotype/corrected_bams/name/116_BXD49_CTRL_full.nm.bam
Processing experimental file #0: results/4-ATAC_genotype/corrected_bams/name/040_BXD49_CTRL_full.nm.bam
Warning! Read K00382:109:HJ5Y5BBXY:1:1109:7588:28428 prevented from extending below 0 on chrM
Warning! Read K00382:109:HJ5Y5BBXY:1:1115:10754:20832 prevented from extending below 0 on chrM
Warning! Read K00382:109:HJ5Y5BBXY:1:1120:9902:34336 prevented from extending below 0 on chrM
Warning! Read K00382:109:HJ5Y5BBXY:1:1123:18832:2123 prevented from extending below 0 on chrM
Warning! Read K00382:109:HJ5Y5BBXY:1:2118:5274:12040 prevented from extending below 0 on chrM
Warning! Read K00382:109:HJ5Y5BBXY:1:2123:9293:12357 prevented from extending past 16299 on chrM
Warning! Read K00382:109:HJ5Y5BBXY:2:2104:4097:30292 prevented from extending below 0 on chrM
Warning! Read K00382:109:HJ5Y5BBXY:3:1123:11383:38170 prevented from extending past 16299 on chrM
Warning! Read K00382:109:HJ5Y5BBXY:3:2115:16133:19460 prevented from extending below 0 on chrM
Warning! Read K00382:109:HJ5Y5BBXY:3:2120:20811:36710 prevented from extending below 0 on chrM
Warning! Read K00382:109:HJ5Y5BBXY:3:2220:24556:13447 prevented from extending below 0 on chrM
Warning! Read K00382:109:HJ5Y5BBXY:4:1109:18467:36657 prevented from extending below 0 on chrM
Warning! Read K00382:115:HKHC5BBXY:1:1119:12104:43603 prevented from extending below 0 on chrM
Warning! Read K00382:115:HKHC5BBXY:1:1205:12479:18511 prevented from extending past 16299 on chrM
Warning! Read K00382:115:HKHC5BBXY:1:1212:12824:28463 prevented from extending past 16299 on chrM
Warning! Read K00382:115:HKHC5BBXY:1:1224:16924:10528 prevented from extending below 0 on chrM
Warning! Read K00382:115:HKHC5BBXY:1:1225:24424:45045 prevented from extending past 16299 on chrM
Warning! Read K00382:115:HKHC5BBXY:1:2228:5244:33404 prevented from extending past 16299 on chrM
Warning! Read K00382:115:HKHC5BBXY:2:1201:8176:35989 prevented from extending below 0 on chrM
Warning! Read K00382:118:HKHCJBBXY:1:1102:15168:16735 prevented from extending below 0 on chrM
Warning! Read K00382:118:HKHCJBBXY:1:1110:17939:11653 prevented from extending below 0 on chrM
Warning! Read K00382:118:HKHCJBBXY:1:1111:12763:45203 prevented from extending below 0 on chrM
Warning! Read K00382:118:HKHCJBBXY:1:1114:15818:19408 prevented from extending below 0 on chrM
Warning! Read K00382:118:HKHCJBBXY:1:1214:4340:24419 prevented from extending past 16299 on chrM
Warning! Read K00382:118:HKHCJBBXY:1:1222:14154:40578 prevented from extending below 0 on chrM
Warning! Read K00382:118:HKHCJBBXY:1:1222:21836:31382 prevented from extending below 0 on chrM
Warning! Read K00382:109:HJ5Y5BBXY:1:1112:14996:3283 prevented from extending past 16299 on chrM
Warning! Read K00382:109:HJ5Y5BBXY:1:2126:15564:33105 prevented from extending below 0 on chrM
Warning! Read K00382:109:HJ5Y5BBXY:4:1112:6492:47208 prevented from extending below 0 on chrM
Warning! Read K00382:109:HJ5Y5BBXY:4:2125:6502:17790 prevented from extending below 0 on chrM
Warning! Read K00382:109:HJ5Y5BBXY:4:2204:18659:32947 prevented from extending below 0 on chrM
Warning! Read K00382:109:HJ5Y5BBXY:4:2207:5315:13130 prevented from extending past 16299 on chrM
Warning! Read K00382:115:HKHC5BBXY:1:1218:25550:8453 prevented from extending below 0 on chrM
Warning! Read K00382:115:HKHC5BBXY:1:2107:21146:43831 prevented from extending past 16299 on chrM
Warning! Read K00382:115:HKHC5BBXY:2:1102:19400:41757 prevented from extending past 16299 on chrM
Warning! Read K00382:115:HKHC5BBXY:2:1120:24139:17122 prevented from extending past 16299 on chrM
Warning! Read K00382:118:HKHCJBBXY:1:1102:9648:12726 prevented from extending past 16299 on chrM
Warning! Read K00382:118:HKHCJBBXY:1:1115:8653:26476 prevented from extending past 16299 on chrM
Warning! Read K00382:118:HKHCJBBXY:1:1116:4736:35936 prevented from extending past 16299 on chrM
Warning! Read K00382:118:HKHCJBBXY:1:1217:6289:38381 prevented from extending past 16299 on chrM
Warning! Read K00382:120:HKHGNBBXY:7:1112:21034:27953 prevented from extending past 16299 on chrM
Warning! Read K00382:120:HKHGNBBXY:7:1207:7953:11161 prevented from extending past 16299 on chrM
Warning! Read K00382:109:HJ5Y5BBXY:2:2222:5741:31417 prevented from extending past 16299 on chrM
Warning! Read K00382:109:HJ5Y5BBXY:1:1211:7902:46803 prevented from extending past 16299 on chrM
Warning! Read K00382:115:HKHC5BBXY:1:1226:26433:22854 prevented from extending past 16299 on chrM
Warning! Read K00382:115:HKHC5BBXY:1:2108:19542:42460 prevented from extending past 16299 on chrM
Warning! Read K00382:115:HKHC5BBXY:2:1110:24048:37079 prevented from extending past 16299 on chrM
Warning! Read K00382:118:HKHCJBBXY:1:1102:4462:4374 prevented from extending below 0 on chrM
Warning! Read K00382:118:HKHCJBBXY:1:1107:20466:21658 prevented from extending below 0 on chrM
Warning! Read K00382:118:HKHCJBBXY:1:1124:3853:18968 prevented from extending past 16299 on chrM
Warning! Read K00382:118:HKHCJBBXY:1:2102:24505:32912 prevented from extending below 0 on chrM
Warning! Read K00382:120:HKHGNBBXY:7:2107:14702:17122 prevented from extending below 0 on chrM
Warning! Read K00382:109:HJ5Y5BBXY:4:1207:22607:29202 prevented from extending past 16299 on chrM
Warning! Read K00382:118:HKHCJBBXY:1:1208:16153:33492 prevented from extending below 0 on chrM
Warning! Read K00382:109:HJ5Y5BBXY:1:1217:7699:46838 prevented from extending past 16299 on chrM
Warning! Read K00382:115:HKHC5BBXY:1:2123:7547:15240 prevented from extending past 16299 on chrM
Warning! Read K00382:118:HKHCJBBXY:1:2204:13362:40403 prevented from extending below 0 on chrM
Warning! Read K00382:115:HKHC5BBXY:2:2114:7060:9262 prevented from extending below 0 on chrM
Warning! Read K00382:120:HKHGNBBXY:7:2228:10713:35813 prevented from extending past 16299 on chrM
Warning! Read K00382:118:HKHCJBBXY:1:1103:7852:16014 prevented from extending past 16299 on chrM
Warning! Read K00382:109:HJ5Y5BBXY:3:2218:17980:33141 prevented from extending past 16299 on chrM
Warning! Read K00382:115:HKHC5BBXY:1:1220:11688:21817 prevented from extending past 16299 on chrM
Warning! Read K00382:118:HKHCJBBXY:1:1113:22912:6765 prevented from extending below 0 on chrM
Warning! Read K00382:109:HJ5Y5BBXY:1:2105:7334:43638 prevented from extending below 0 on chrM
Warning! Read K00382:109:HJ5Y5BBXY:2:1206:12327:23487 prevented from extending below 0 on chrM
Warning! Read K00382:118:HKHCJBBXY:1:1116:16802:16260 prevented from extending past 16299 on chrM
Warning! Read K00382:115:HKHC5BBXY:1:2121:21542:9244 prevented from extending below 0 on chrM
Warning! Read K00382:120:HKHGNBBXY:7:2210:20121:20146 prevented from extending past 16299 on chrM
Warning! Read K00382:115:HKHC5BBXY:1:2118:15321:48052 prevented from extending below 0 on chrM
Warning! Read K00382:118:HKHCJBBXY:1:1124:18974:40702 prevented from extending past 16299 on chrM
Warning! Read K00382:120:HKHGNBBXY:7:2114:13321:25808 prevented from extending past 16299 on chrM
Warning! Read K00382:115:HKHC5BBXY:1:2214:12662:28885 prevented from extending past 16299 on chrM
Warning! Read K00382:109:HJ5Y5BBXY:3:2125:29579:32525 prevented from extending past 16299 on chrM
Warning! Read K00382:118:HKHCJBBXY:1:1108:25723:12304 prevented from extending past 16299 on chrM
Warning! Read K00382:118:HKHCJBBXY:1:2212:22150:23979 prevented from extending past 16299 on chrM
Warning! Read K00382:118:HKHCJBBXY:1:2110:27996:8682 prevented from extending past 16299 on chrM
Warning! Read K00382:109:HJ5Y5BBXY:4:2209:30056:28709 prevented from extending past 16299 on chrM
Warning! Read K00382:109:HJ5Y5BBXY:1:2222:27001:5868 prevented from extending below 0 on chrM
Warning! Read K00382:115:HKHC5BBXY:1:2207:25794:37642 prevented from extending past 16299 on chrM
Warning! Read K00382:109:HJ5Y5BBXY:3:1209:13190:4971 prevented from extending below 0 on chrM
Warning! Read K00382:118:HKHCJBBXY:1:1113:8704:31206 prevented from extending below 0 on chrM
Warning! Read K00382:118:HKHCJBBXY:1:1105:1438:8207 prevented from extending below 0 on chrM
Warning! Read K00382:109:HJ5Y5BBXY:3:2202:1367:42126 prevented from extending below 0 on chrM
Warning! Read K00382:115:HKHC5BBXY:1:2203:1448:44482 prevented from extending past 16299 on chrM
Warning! Read K00382:118:HKHCJBBXY:1:1105:27184:6501 prevented from extending below 0 on chrM
Warning! Read K00382:115:HKHC5BBXY:1:1219:1509:3020 prevented from extending below 0 on chrM
Warning! Read K00382:109:HJ5Y5BBXY:1:1101:1661:39541 prevented from extending below 0 on chrM
Warning! Read K00382:109:HJ5Y5BBXY:4:1210:15453:34002 prevented from extending past 16299 on chrM
Warning! Read K00382:120:HKHGNBBXY:7:2105:15635:4637 prevented from extending past 16299 on chrM
Warning! Read K00382:115:HKHC5BBXY:1:2119:20527:28129 prevented from extending below 0 on chrM
Warning! Read K00382:115:HKHC5BBXY:1:1225:14123:32121 prevented from extending below 0 on chrM
Warning! Read K00382:109:HJ5Y5BBXY:3:2207:1316:8559 prevented from extending below 0 on chrM
Warning! Read K00382:118:HKHCJBBXY:1:1202:28209:14572 prevented from extending past 16299 on chrM
Warning! Read K00382:115:HKHC5BBXY:2:2125:10581:6536 prevented from extending below 0 on chrM
Warning! Read K00382:109:HJ5Y5BBXY:1:1211:22556:25527 prevented from extending past 16299 on chrM
Warning! Read K00382:109:HJ5Y5BBXY:3:2101:7507:32789 prevented from extending past 16299 on chrM
Warning! Read K00382:109:HJ5Y5BBXY:3:2217:23165:11565 prevented from extending below 0 on chrM
Warning! Read K00382:115:HKHC5BBXY:1:1207:14204:42354 prevented from extending below 0 on chrM
Warning! Read K00382:118:HKHCJBBXY:1:1113:6502:33510 prevented from extending past 16299 on chrM
Warning! Read K00382:109:HJ5Y5BBXY:4:1227:17797:2193 prevented from extending past 16299 on chrM
Warning! Read K00382:109:HJ5Y5BBXY:1:1203:28706:33756 prevented from extending below 0 on chrM
Warning! Read K00382:109:HJ5Y5BBXY:1:1209:12276:10774 prevented from extending past 16299 on chrM
Warning! Read K00382:109:HJ5Y5BBXY:1:1223:6715:44746 prevented from extending below 0 on chrM
Warning! Read K00382:118:HKHCJBBXY:1:1203:27651:8189 prevented from extending past 16299 on chrM
Warning! Read K00382:109:HJ5Y5BBXY:1:1109:19634:36007 prevented from extending below 0 on chrM
Warning! Read K00382:109:HJ5Y5BBXY:3:1121:8044:1261 prevented from extending past 16299 on chrM
Warning! Read K00382:118:HKHCJBBXY:1:2101:26169:25773 prevented from extending past 16299 on chrM
Warning! Read K00382:109:HJ5Y5BBXY:2:1216:6888:20392 prevented from extending below 0 on chrM
Warning! Read K00382:109:HJ5Y5BBXY:4:1110:30543:21957 prevented from extending below 0 on chrM
Warning! Read K00382:109:HJ5Y5BBXY:4:1204:21136:23382 prevented from extending below 0 on chrM
Warning! Read K00382:120:HKHGNBBXY:7:1203:30320:41757 prevented from extending below 0 on chrM
Warning! Read K00382:109:HJ5Y5BBXY:4:2111:14813:35884 prevented from extending below 0 on chrM
Warning! Read K00382:109:HJ5Y5BBXY:3:2116:20506:42442 prevented from extending past 16299 on chrM
Warning! Read K00382:109:HJ5Y5BBXY:1:1118:2808:7943 prevented from extending below 0 on chrM
Warning! Read K00382:109:HJ5Y5BBXY:3:2118:8521:31242 prevented from extending past 16299 on chrM
Warning! Read K00382:115:HKHC5BBXY:2:1203:18193:21342 prevented from extending past 1976 on chr4_JH584295_random
Warning! Read K00382:109:HJ5Y5BBXY:3:1113:19431:27989 prevented from extending past 16299 on chrM
Warning! Read K00382:109:HJ5Y5BBXY:1:1111:24008:16999 prevented from extending past 16299 on chrM
Warning! Read K00382:109:HJ5Y5BBXY:2:1222:10632:16225 prevented from extending below 0 on chrM
Warning! Read K00382:115:HKHC5BBXY:2:2117:8724:5464 prevented from extending past 16299 on chrM
Warning! Read K00382:109:HJ5Y5BBXY:1:2102:13941:47524 prevented from extending past 16299 on chrM
Warning! Read K00382:109:HJ5Y5BBXY:2:1124:8460:28534 prevented from extending below 0 on chrM
Warning! Read K00382:109:HJ5Y5BBXY:3:2202:4533:18458 prevented from extending below 0 on chrM
Warning! Read K00382:115:HKHC5BBXY:2:1215:26037:8207 prevented from extending below 0 on chrM
Warning! Read K00382:115:HKHC5BBXY:1:1205:11261:29870 prevented from extending past 16299 on chrM
Warning! Read K00382:109:HJ5Y5BBXY:1:1214:15859:38539 prevented from extending past 16299 on chrM
Warning! Read K00382:109:HJ5Y5BBXY:1:2206:5944:9965 prevented from extending below 0 on chrM
Warning! Read K00382:109:HJ5Y5BBXY:4:1108:12672:3336 prevented from extending past 16299 on chrM
(another 12 warning messages suppressed)
  BAM records analyzed:    35659975
    Unmapped:                703446
    MAPQ < 30:              8151301
    Paired alignments:            0
    Unpaired alignments:   26805228
  PCR duplicates --
    Paired aln sets:              0
      duplicates:                 0 (0.0%)
    Discordant aln sets:          0
      duplicates:                 0 (0.0%)
    Singleton aln sets:    26805228
      duplicates:           8823599 (32.9%)
  Fragments analyzed:      17981629
    Full fragments:               0
    Half fragments:        17981629
      (from unpaired alns)
    ATAC-seq cut sites:    17981629
      (expanded to length 100bp)
- control file #0 not provided -
  Background pileup value: 0.711944
Processing experimental file #1: results/4-ATAC_genotype/corrected_bams/name/079_BXD49_CTRL_full.nm.bam
Warning! Read K00382:106:HJ57YBBXY:5:2218:20679:15240 prevented from extending below 0 on chrM
Warning! Read K00382:106:HJ57YBBXY:6:2113:9090:4022 prevented from extending past 16299 on chrM
Warning! Read K00382:106:HJ57YBBXY:7:2124:5944:34512 prevented from extending below 0 on chrM
Warning! Read K00382:106:HJ57YBBXY:8:1101:15331:24788 prevented from extending past 16299 on chrM
Warning! Read K00382:106:HJ57YBBXY:8:2110:15442:31488 prevented from extending below 0 on chrM
Warning! Read K00382:106:HJ57YBBXY:8:2204:10033:19654 prevented from extending past 40056 on chrUn_GL456239
Warning! Read K00382:111:HKHK5BBXY:2:1104:14519:11390 prevented from extending below 0 on chrM
Warning! Read K00382:111:HKHK5BBXY:2:1105:7324:24349 prevented from extending below 0 on chrM
Warning! Read K00382:111:HKHK5BBXY:2:1106:24627:14484 prevented from extending past 16299 on chrM
Warning! Read K00382:111:HKHK5BBXY:2:1106:25164:25369 prevented from extending past 16299 on chrM
Warning! Read K00382:111:HKHK5BBXY:2:1127:10653:3987 prevented from extending past 16299 on chrM
Warning! Read K00382:111:HKHK5BBXY:2:1227:19827:17772 prevented from extending below 0 on chrM
Warning! Read K00382:111:HKHK5BBXY:2:2113:25033:7521 prevented from extending below 0 on chrM
Warning! Read K00382:111:HKHK5BBXY:3:2225:8014:37431 prevented from extending below 0 on chrM
Warning! Read K00382:125:HKHL3BBXY:6:2212:4279:7293 prevented from extending below 0 on chrM
Warning! Read K00382:106:HJ57YBBXY:5:2128:8136:6871 prevented from extending below 0 on chrM
Warning! Read K00382:106:HJ57YBBXY:6:2213:16599:37537 prevented from extending below 0 on chrM
Warning! Read K00382:106:HJ57YBBXY:7:1222:27894:35163 prevented from extending past 16299 on chrM
Warning! Read K00382:106:HJ57YBBXY:8:1207:10287:44500 prevented from extending past 16299 on chrM
Warning! Read K00382:106:HJ57YBBXY:8:2120:6735:39611 prevented from extending below 0 on chrM
Warning! Read K00382:111:HKHK5BBXY:2:1101:16914:22784 prevented from extending below 0 on chrM
Warning! Read K00382:111:HKHK5BBXY:2:1225:8156:8312 prevented from extending below 0 on chrM
Warning! Read K00382:111:HKHK5BBXY:3:2128:5497:38029 prevented from extending past 16299 on chrM
Warning! Read K00382:111:HKHK5BBXY:3:2226:8734:15082 prevented from extending below 0 on chrM
Warning! Read K00382:111:HKHK5BBXY:4:1214:24819:14396 prevented from extending below 0 on chrM
Warning! Read K00382:111:HKHK5BBXY:2:1107:26717:18634 prevented from extending past 16299 on chrM
Warning! Read K00382:106:HJ57YBBXY:5:1220:20405:39910 prevented from extending past 16299 on chrM
Warning! Read K00382:106:HJ57YBBXY:6:1216:11901:20217 prevented from extending below 0 on chrM
Warning! Read K00382:111:HKHK5BBXY:2:1110:22556:3547 prevented from extending below 0 on chrM
Warning! Read K00382:111:HKHK5BBXY:2:1110:28493:38310 prevented from extending past 16299 on chrM
Warning! Read K00382:111:HKHK5BBXY:2:1118:14915:43339 prevented from extending below 0 on chrM
Warning! Read K00382:111:HKHK5BBXY:2:1227:25266:40174 prevented from extending below 0 on chrM
Warning! Read K00382:111:HKHK5BBXY:3:1219:21866:14484 prevented from extending below 0 on chrM
Warning! Read K00382:111:HKHK5BBXY:4:1122:21917:33668 prevented from extending below 0 on chrM
Warning! Read K00382:125:HKHL3BBXY:6:2120:3762:3301 prevented from extending past 16299 on chrM
Warning! Read K00382:106:HJ57YBBXY:5:1224:6634:46047 prevented from extending past 16299 on chrM
Warning! Read K00382:106:HJ57YBBXY:8:2114:26636:3969 prevented from extending past 16299 on chrM
Warning! Read K00382:111:HKHK5BBXY:2:1203:21065:47805 prevented from extending below 0 on chrM
Warning! Read K00382:111:HKHK5BBXY:5:2104:12581:39647 prevented from extending past 16299 on chrM
Warning! Read K00382:125:HKHL3BBXY:6:1122:12428:42442 prevented from extending below 0 on chrM
Warning! Read K00382:111:HKHK5BBXY:4:1215:28199:30767 prevented from extending past 16299 on chrM
Warning! Read K00382:111:HKHK5BBXY:5:1224:4422:7644 prevented from extending past 16299 on chrM
Warning! Read K00382:125:HKHL3BBXY:6:2221:24302:1050 prevented from extending below 0 on chrM
Warning! Read K00382:111:HKHK5BBXY:2:1103:19055:11196 prevented from extending below 0 on chrM
Warning! Read K00382:111:HKHK5BBXY:2:1216:26575:19021 prevented from extending past 16299 on chrM
Warning! Read K00382:106:HJ57YBBXY:8:1210:22221:19074 prevented from extending below 0 on chrM
Warning! Read K00382:106:HJ57YBBXY:8:2103:3924:26371 prevented from extending past 336933 on chrX_GL456233_random
Warning! Read K00382:111:HKHK5BBXY:3:1226:16336:33598 prevented from extending below 0 on chrM
Warning! Read K00382:125:HKHL3BBXY:6:2107:17381:48597 prevented from extending past 16299 on chrM
Warning! Read K00382:111:HKHK5BBXY:2:1221:26189:21553 prevented from extending past 16299 on chrM
Warning! Read K00382:111:HKHK5BBXY:5:2111:11779:46944 prevented from extending past 40056 on chrUn_GL456239
Warning! Read K00382:106:HJ57YBBXY:8:2209:20182:19408 prevented from extending past 1976 on chr4_JH584295_random
Warning! Read K00382:111:HKHK5BBXY:2:1114:16193:27514 prevented from extending past 16299 on chrM
Warning! Read K00382:111:HKHK5BBXY:4:2109:26758:26547 prevented from extending below 0 on chrM
Warning! Read K00382:125:HKHL3BBXY:6:1227:8856:9455 prevented from extending past 16299 on chrM
Warning! Read K00382:111:HKHK5BBXY:5:1116:29315:6185 prevented from extending below 0 on chrM
Warning! Read K00382:125:HKHL3BBXY:6:1109:11089:27989 prevented from extending past 16299 on chrM
Warning! Read K00382:111:HKHK5BBXY:4:2201:18182:27021 prevented from extending past 16299 on chrM
Warning! Read K00382:125:HKHL3BBXY:6:2206:21653:21078 prevented from extending below 0 on chrM
Warning! Read K00382:111:HKHK5BBXY:2:2108:10876:30116 prevented from extending past 16299 on chrM
Warning! Read K00382:106:HJ57YBBXY:6:2219:4807:29694 prevented from extending past 16299 on chrM
Warning! Read K00382:106:HJ57YBBXY:8:1116:22617:42196 prevented from extending past 16299 on chrM
Warning! Read K00382:125:HKHL3BBXY:6:1125:15899:14062 prevented from extending past 16299 on chrM
Warning! Read K00382:111:HKHK5BBXY:4:2213:18365:2088 prevented from extending past 16299 on chrM
Warning! Read K00382:111:HKHK5BBXY:2:2110:9110:19109 prevented from extending below 0 on chrM
Warning! Read K00382:106:HJ57YBBXY:6:2127:16944:8383 prevented from extending past 1976 on chr4_JH584295_random
Warning! Read K00382:125:HKHL3BBXY:6:2103:7090:26863 prevented from extending past 16299 on chrM
Warning! Read K00382:125:HKHL3BBXY:6:1215:15321:46223 prevented from extending past 16299 on chrM
Warning! Read K00382:111:HKHK5BBXY:5:2201:30097:6343 prevented from extending past 16299 on chrM
Warning! Read K00382:106:HJ57YBBXY:8:2118:2514:15276 prevented from extending past 16299 on chrM
Warning! Read K00382:125:HKHL3BBXY:6:1107:4361:48896 prevented from extending past 16299 on chrM
Warning! Read K00382:125:HKHL3BBXY:6:1208:18051:48772 prevented from extending below 0 on chrM
Warning! Read K00382:106:HJ57YBBXY:8:2227:27783:25474 prevented from extending below 0 on chrM
Warning! Read K00382:111:HKHK5BBXY:2:1111:29406:26810 prevented from extending past 16299 on chrM
Warning! Read K00382:106:HJ57YBBXY:7:1217:4878:23206 prevented from extending below 0 on chr4_JH584295_random
Warning! Read K00382:111:HKHK5BBXY:5:1212:16447:41739 prevented from extending below 0 on chrM
Warning! Read K00382:111:HKHK5BBXY:3:1204:5223:14660 prevented from extending past 16299 on chrM
Warning! Read K00382:111:HKHK5BBXY:2:1107:8836:15961 prevented from extending below 0 on chrM
Warning! Read K00382:125:HKHL3BBXY:6:2109:25956:49036 prevented from extending past 16299 on chrM
Warning! Read K00382:106:HJ57YBBXY:5:1125:20293:1877 prevented from extending past 16299 on chrM
Warning! Read K00382:125:HKHL3BBXY:6:1124:12225:47577 prevented from extending past 1976 on chr4_JH584295_random
Warning! Read K00382:125:HKHL3BBXY:6:1218:22221:35602 prevented from extending past 14945 on chr4_JH584292_random
Warning! Read K00382:111:HKHK5BBXY:3:1110:31862:11970 prevented from extending below 0 on chrM
Warning! Read K00382:111:HKHK5BBXY:2:1117:13768:29817 prevented from extending below 0 on chrM
Warning! Read K00382:106:HJ57YBBXY:6:2219:2118:44236 prevented from extending past 16299 on chrM
Warning! Read K00382:111:HKHK5BBXY:2:2218:9019:15996 prevented from extending past 16299 on chrM
Warning! Read K00382:106:HJ57YBBXY:5:1112:25986:6607 prevented from extending below 0 on chrM
Warning! Read K00382:125:HKHL3BBXY:6:1227:22262:42495 prevented from extending below 0 on chrM
Warning! Read K00382:111:HKHK5BBXY:5:2226:18294:26582 prevented from extending past 16299 on chrM
Warning! Read K00382:106:HJ57YBBXY:7:2212:32086:12146 prevented from extending below 0 on chrM
Warning! Read K00382:125:HKHL3BBXY:6:2207:22394:6677 prevented from extending below 0 on chrM
Warning! Read K00382:111:HKHK5BBXY:3:1119:1407:31259 prevented from extending past 16299 on chrM
Warning! Read K00382:111:HKHK5BBXY:2:1222:12449:21131 prevented from extending past 16299 on chrM
Warning! Read K00382:106:HJ57YBBXY:8:1104:16214:48544 prevented from extending below 0 on chrM
Warning! Read K00382:125:HKHL3BBXY:6:1108:4076:9227 prevented from extending below 0 on chr4_JH584295_random
Warning! Read K00382:125:HKHL3BBXY:6:1208:5852:31048 prevented from extending past 16299 on chrM
Warning! Read K00382:125:HKHL3BBXY:6:2217:13200:2985 prevented from extending past 1976 on chr4_JH584295_random
Warning! Read K00382:125:HKHL3BBXY:6:1102:4452:34002 prevented from extending past 24323 on chrUn_GL456394
Warning! Read K00382:111:HKHK5BBXY:3:1209:26068:35972 prevented from extending below 0 on chrM
Warning! Read K00382:125:HKHL3BBXY:6:2226:17675:48720 prevented from extending below 0 on chrM
Warning! Read K00382:125:HKHL3BBXY:6:1225:31883:43831 prevented from extending past 16299 on chrM
Warning! Read K00382:111:HKHK5BBXY:2:1205:15108:4180 prevented from extending past 16299 on chrM
Warning! Read K00382:111:HKHK5BBXY:2:2108:20375:43867 prevented from extending below 0 on chrM
Warning! Read K00382:111:HKHK5BBXY:2:1117:6451:16401 prevented from extending below 0 on chrM
Warning! Read K00382:111:HKHK5BBXY:3:1106:29772:46258 prevented from extending past 16299 on chrM
Warning! Read K00382:106:HJ57YBBXY:5:1215:12845:18405 prevented from extending below 0 on chrM
Warning! Read K00382:106:HJ57YBBXY:6:1221:4635:1437 prevented from extending below 0 on chrM
Warning! Read K00382:106:HJ57YBBXY:5:2218:4422:9473 prevented from extending past 16299 on chrM
Warning! Read K00382:111:HKHK5BBXY:5:1223:23257:17350 prevented from extending past 16299 on chrM
Warning! Read K00382:111:HKHK5BBXY:2:2210:9841:11653 prevented from extending below 0 on chrM
Warning! Read K00382:106:HJ57YBBXY:5:2101:10521:45678 prevented from extending below 0 on chrM
Warning! Read K00382:106:HJ57YBBXY:5:1109:14722:29712 prevented from extending below 0 on chrM
Warning! Read K00382:106:HJ57YBBXY:7:1204:3305:35251 prevented from extending past 16299 on chrM
Warning! Read K00382:106:HJ57YBBXY:5:1215:12236:36306 prevented from extending below 0 on chrM
Warning! Read K00382:106:HJ57YBBXY:5:2213:3102:8453 prevented from extending past 16299 on chrM
Warning! Read K00382:125:HKHL3BBXY:6:2124:7811:25158 prevented from extending below 0 on chrM
Warning! Read K00382:106:HJ57YBBXY:5:1209:10125:35532 prevented from extending below 0 on chrM
Warning! Read K00382:106:HJ57YBBXY:6:1120:32512:46504 prevented from extending past 16299 on chrM
Warning! Read K00382:106:HJ57YBBXY:8:1206:21968:37027 prevented from extending past 16299 on chrM
Warning! Read K00382:106:HJ57YBBXY:8:2105:25398:30099 prevented from extending below 0 on chrM
Warning! Read K00382:106:HJ57YBBXY:8:2128:11962:40297 prevented from extending past 16299 on chrM
Warning! Read K00382:106:HJ57YBBXY:7:2226:14519:45889 prevented from extending past 16299 on chrM
Warning! Read K00382:106:HJ57YBBXY:7:2104:31395:7011 prevented from extending below 0 on chrM
Warning! Read K00382:106:HJ57YBBXY:5:1116:4340:14713 prevented from extending below 0 on chrM
Warning! Read K00382:106:HJ57YBBXY:8:2215:2321:1894 prevented from extending past 16299 on chrM
Warning! Read K00382:111:HKHK5BBXY:4:1212:12286:47120 prevented from extending below 0 on chrM
Warning! Read K00382:111:HKHK5BBXY:4:1205:29477:18845 prevented from extending past 16299 on chrM
Warning! Read K00382:106:HJ57YBBXY:6:1212:17198:41634 prevented from extending below 0 on chrM
(another 22 warning messages suppressed)
  BAM records analyzed:    49708185
    Unmapped:                334168
    MAPQ < 30:              8517975
    Paired alignments:            0
    Unpaired alignments:   40856042
  PCR duplicates --
    Paired aln sets:              0
      duplicates:                 0 (0.0%)
    Discordant aln sets:          0
      duplicates:                 0 (0.0%)
    Singleton aln sets:    40856042
      duplicates:           7610526 (18.6%)
  Fragments analyzed:      33245516
    Full fragments:               0
    Half fragments:        33245516
      (from unpaired alns)
    ATAC-seq cut sites:    33245516
      (expanded to length 100bp)
- control file #1 not provided -
  Background pileup value: 1.315466
Processing experimental file #2: results/4-ATAC_genotype/corrected_bams/name/116_BXD49_CTRL_full.nm.bam
Warning! Read K00382:107:HJ55YBBXY:8:2113:17665:20674 prevented from extending below 0 on chrM
Warning! Read K00382:115:HKHC5BBXY:6:2119:8755:13992 prevented from extending below 0 on chrM
Warning! Read K00382:115:HKHC5BBXY:7:1111:14377:25703 prevented from extending past 16299 on chrM
Warning! Read K00382:115:HKHC5BBXY:7:2228:9465:33123 prevented from extending below 0 on chrM
Warning! Read K00382:118:HKHCJBBXY:2:1101:26068:46135 prevented from extending below 0 on chrM
Warning! Read K00382:118:HKHCJBBXY:2:1101:26677:37765 prevented from extending below 0 on chrM
Warning! Read K00382:118:HKHCJBBXY:2:1124:19979:35409 prevented from extending below 0 on chrM
Warning! Read K00382:118:HKHCJBBXY:2:1128:24606:39031 prevented from extending below 0 on chrM
Warning! Read K00382:118:HKHCJBBXY:2:1215:10835:28252 prevented from extending below 0 on chrM
Warning! Read K00382:118:HKHCJBBXY:2:1222:29721:31329 prevented from extending below 0 on chrM
Warning! Read K00382:118:HKHCJBBXY:2:2108:21197:5024 prevented from extending below 0 on chrM
Warning! Read K00382:118:HKHCJBBXY:3:2215:22374:30028 prevented from extending below 0 on chrM
Warning! Read K00382:118:HKHCJBBXY:3:2217:11190:37730 prevented from extending past 16299 on chrM
Warning! Read K00382:118:HKHCJBBXY:3:2224:19573:24296 prevented from extending below 0 on chrM
Warning! Read K00382:115:HKHC5BBXY:7:1103:7628:8629 prevented from extending past 16299 on chrM
Warning! Read K00382:115:HKHC5BBXY:7:2121:9881:22837 prevented from extending below 0 on chrM
Warning! Read K00382:115:HKHC5BBXY:7:2210:6685:30802 prevented from extending below 0 on chrM
Warning! Read K00382:118:HKHCJBBXY:2:1107:24038:10968 prevented from extending below 0 on chrM
Warning! Read K00382:118:HKHCJBBXY:2:1110:4188:42935 prevented from extending past 16299 on chrM
Warning! Read K00382:118:HKHCJBBXY:2:1207:12946:39717 prevented from extending below 0 on chrM
Warning! Read K00382:118:HKHCJBBXY:2:1217:24870:39840 prevented from extending past 16299 on chrM
Warning! Read K00382:118:HKHCJBBXY:3:2214:5832:8752 prevented from extending below 0 on chrM
Warning! Read K00382:115:HKHC5BBXY:7:1219:10835:8453 prevented from extending below 0 on chrM
Warning! Read K00382:107:HJ55YBBXY:5:1103:11698:46135 prevented from extending past 16299 on chrM
Warning! Read K00382:115:HKHC5BBXY:8:1110:10480:17438 prevented from extending past 16299 on chrM
Warning! Read K00382:118:HKHCJBBXY:2:1122:16001:3512 prevented from extending below 0 on chrM
Warning! Read K00382:118:HKHCJBBXY:2:1228:15473:29430 prevented from extending past 16299 on chrM
Warning! Read K00382:118:HKHCJBBXY:2:2225:6157:9244 prevented from extending past 16299 on chrM
Warning! Read K00382:118:HKHCJBBXY:3:1113:2372:9860 prevented from extending past 16299 on chrM
Warning! Read K00382:118:HKHCJBBXY:3:1206:17584:1437 prevented from extending past 16299 on chrM
Warning! Read K00382:118:HKHCJBBXY:3:2215:20192:37853 prevented from extending below 0 on chrM
Warning! Read K00382:118:HKHCJBBXY:2:1115:12845:18863 prevented from extending below 0 on chrM
Warning! Read K00382:118:HKHCJBBXY:2:1218:8856:34776 prevented from extending past 16299 on chrM
Warning! Read K00382:118:HKHCJBBXY:2:2211:4371:3090 prevented from extending below 0 on chrM
Warning! Read K00382:107:HJ55YBBXY:5:1103:28128:42319 prevented from extending past 16299 on chrM
Warning! Read K00382:115:HKHC5BBXY:6:1217:22891:41616 prevented from extending past 16299 on chrM
Warning! Read K00382:115:HKHC5BBXY:7:1208:6441:45502 prevented from extending below 0 on chrM
Warning! Read K00382:118:HKHCJBBXY:2:1101:10845:44130 prevented from extending below 0 on chrM
Warning! Read K00382:107:HJ55YBBXY:5:1217:22353:13500 prevented from extending past 16299 on chrM
Warning! Read K00382:118:HKHCJBBXY:2:1219:23267:44271 prevented from extending past 16299 on chrM
Warning! Read K00382:118:HKHCJBBXY:2:2106:21166:4620 prevented from extending past 16299 on chrM
Warning! Read K00382:118:HKHCJBBXY:2:1203:11525:5886 prevented from extending past 16299 on chrM
Warning! Read K00382:118:HKHCJBBXY:2:2117:28270:31875 prevented from extending below 0 on chrM
Warning! Read K00382:118:HKHCJBBXY:3:1120:12327:33475 prevented from extending past 16299 on chrM
Warning! Read K00382:118:HKHCJBBXY:3:2123:13311:37114 prevented from extending past 16299 on chrM
Warning! Read K00382:107:HJ55YBBXY:5:2122:6573:24806 prevented from extending past 16299 on chrM
Warning! Read K00382:115:HKHC5BBXY:8:2121:7202:40069 prevented from extending past 16299 on chrM
Warning! Read K00382:118:HKHCJBBXY:3:1108:11414:35690 prevented from extending past 16299 on chrM
Warning! Read K00382:118:HKHCJBBXY:3:2203:29569:31804 prevented from extending below 0 on chrM
Warning! Read K00382:118:HKHCJBBXY:2:1206:24698:29800 prevented from extending past 16299 on chrM
Warning! Read K00382:118:HKHCJBBXY:3:2111:7070:14027 prevented from extending past 16299 on chrM
Warning! Read K00382:115:HKHC5BBXY:7:2212:12418:41792 prevented from extending past 16299 on chrM
Warning! Read K00382:107:HJ55YBBXY:5:1203:7598:36886 prevented from extending below 0 on chrM
Warning! Read K00382:118:HKHCJBBXY:2:1115:28067:17632 prevented from extending below 0 on chrM
Warning! Read K00382:118:HKHCJBBXY:3:1221:12936:8260 prevented from extending past 16299 on chrM
Warning! Read K00382:115:HKHC5BBXY:6:2126:13159:3090 prevented from extending below 0 on chrM
Warning! Read K00382:118:HKHCJBBXY:2:1105:4645:33070 prevented from extending past 16299 on chrM
Warning! Read K00382:118:HKHCJBBXY:2:1111:8958:12445 prevented from extending past 16299 on chrM
Warning! Read K00382:118:HKHCJBBXY:2:1112:9587:3899 prevented from extending past 16299 on chrM
Warning! Read K00382:118:HKHCJBBXY:3:1202:10115:8787 prevented from extending past 16299 on chrM
Warning! Read K00382:118:HKHCJBBXY:3:2126:5274:6941 prevented from extending past 16299 on chrM
Warning! Read K00382:115:HKHC5BBXY:6:1209:6197:49159 prevented from extending past 16299 on chrM
Warning! Read K00382:115:HKHC5BBXY:6:2210:16285:29641 prevented from extending past 16299 on chrM
Warning! Read K00382:118:HKHCJBBXY:2:2226:10135:12761 prevented from extending below 0 on chrM
Warning! Read K00382:115:HKHC5BBXY:6:1113:30523:44289 prevented from extending below 0 on chrM
Warning! Read K00382:115:HKHC5BBXY:6:2225:5365:23311 prevented from extending below 0 on chrM
Warning! Read K00382:107:HJ55YBBXY:5:1102:4391:14836 prevented from extending below 0 on chrM
Warning! Read K00382:115:HKHC5BBXY:8:2114:24129:36306 prevented from extending past 1976 on chr4_JH584295_random
Warning! Read K00382:107:HJ55YBBXY:7:2212:17523:22010 prevented from extending below 0 on chrM
Warning! Read K00382:115:HKHC5BBXY:6:2212:10145:32789 prevented from extending past 16299 on chrM
Warning! Read K00382:115:HKHC5BBXY:7:2121:13961:30538 prevented from extending below 0 on chrM
Warning! Read K00382:118:HKHCJBBXY:2:2205:11231:2141 prevented from extending past 16299 on chrM
Warning! Read K00382:115:HKHC5BBXY:7:2114:5680:2369 prevented from extending below 0 on chrM
Warning! Read K00382:118:HKHCJBBXY:2:1102:3711:11196 prevented from extending below 0 on chrM
Warning! Read K00382:115:HKHC5BBXY:6:2212:28686:13429 prevented from extending below 0 on chrM
Warning! Read K00382:115:HKHC5BBXY:7:1214:9140:10651 prevented from extending past 16299 on chrM
Warning! Read K00382:118:HKHCJBBXY:3:2127:28473:39400 prevented from extending below 0 on chrM
Warning! Read K00382:118:HKHCJBBXY:2:2106:31659:29272 prevented from extending past 16299 on chrM
Warning! Read K00382:118:HKHCJBBXY:3:2127:18649:19531 prevented from extending past 16299 on chrM
Warning! Read K00382:115:HKHC5BBXY:7:2110:22384:28709 prevented from extending past 16299 on chrM
Warning! Read K00382:118:HKHCJBBXY:2:1124:16904:11337 prevented from extending past 16299 on chrM
Warning! Read K00382:107:HJ55YBBXY:7:1109:3742:36991 prevented from extending below 0 on chrM
Warning! Read K00382:115:HKHC5BBXY:8:1106:2767:28903 prevented from extending below 0 on chrUn_GL456390
Warning! Read K00382:118:HKHCJBBXY:3:2216:24485:3160 prevented from extending below 0 on chrM
Warning! Read K00382:118:HKHCJBBXY:2:2112:25246:5991 prevented from extending below 0 on chrM
Warning! Read K00382:115:HKHC5BBXY:8:1215:28869:48350 prevented from extending past 16299 on chrM
Warning! Read K00382:115:HKHC5BBXY:8:2206:9688:36886 prevented from extending below 0 on chrUn_GL456387
Warning! Read K00382:115:HKHC5BBXY:6:1116:24748:29430 prevented from extending past 21240 on chrUn_GL456396
Warning! Read K00382:115:HKHC5BBXY:6:1204:32065:1138 prevented from extending past 16299 on chrM
Warning! Read K00382:107:HJ55YBBXY:5:1222:9506:27039 prevented from extending below 0 on chr4_JH584295_random
Warning! Read K00382:118:HKHCJBBXY:3:1118:32786:31048 prevented from extending past 16299 on chrM
Warning! Read K00382:118:HKHCJBBXY:3:2127:26250:33791 prevented from extending below 0 on chrM
Warning! Read K00382:118:HKHCJBBXY:2:2106:29102:5499 prevented from extending past 16299 on chrM
Warning! Read K00382:107:HJ55YBBXY:6:1216:32015:16418 prevented from extending below 0 on chrM
Warning! Read K00382:107:HJ55YBBXY:8:1207:14793:25509 prevented from extending below 0 on chrM
Warning! Read K00382:118:HKHCJBBXY:2:2222:6208:21395 prevented from extending past 1976 on chr4_JH584295_random
Warning! Read K00382:118:HKHCJBBXY:2:1128:8105:10792 prevented from extending below 0 on chrM
Warning! Read K00382:107:HJ55YBBXY:6:2116:31345:27883 prevented from extending past 16299 on chrM
Warning! Read K00382:107:HJ55YBBXY:5:2228:9678:5569 prevented from extending past 16299 on chrM
Warning! Read K00382:118:HKHCJBBXY:3:2126:31954:44658 prevented from extending below 0 on chrM
Warning! Read K00382:118:HKHCJBBXY:3:2126:15189:3723 prevented from extending past 16299 on chrM
Warning! Read K00382:107:HJ55YBBXY:7:2123:3265:9192 prevented from extending below 0 on chrM
Warning! Read K00382:118:HKHCJBBXY:3:2101:8349:42829 prevented from extending past 16299 on chrM
Warning! Read K00382:115:HKHC5BBXY:6:1108:28280:48597 prevented from extending below 0 on chrM
Warning! Read K00382:107:HJ55YBBXY:5:2215:9059:8857 prevented from extending past 16299 on chrM
Warning! Read K00382:115:HKHC5BBXY:7:1218:10622:11354 prevented from extending below 0 on chrM
Warning! Read K00382:115:HKHC5BBXY:8:2212:15595:2387 prevented from extending past 1976 on chr4_JH584295_random
Warning! Read K00382:115:HKHC5BBXY:6:1120:5122:17860 prevented from extending below 0 on chrUn_GL456239
Warning! Read K00382:107:HJ55YBBXY:5:2119:12104:8084 prevented from extending past 16299 on chrM
Warning! Read K00382:107:HJ55YBBXY:7:1209:19461:26951 prevented from extending below 0 on chrM
Warning! Read K00382:107:HJ55YBBXY:6:2101:30218:24560 prevented from extending below 0 on chrM
Warning! Read K00382:107:HJ55YBBXY:5:1103:15067:41809 prevented from extending past 16299 on chrM
Warning! Read K00382:107:HJ55YBBXY:6:2101:18517:14590 prevented from extending below 0 on chrM
Warning! Read K00382:115:HKHC5BBXY:6:1217:21450:28604 prevented from extending past 1976 on chr4_JH584295_random
Warning! Read K00382:107:HJ55YBBXY:6:2214:29843:37202 prevented from extending past 16299 on chrM
Warning! Read K00382:115:HKHC5BBXY:7:2201:23683:12251 prevented from extending below 0 on chrM
Warning! Read K00382:115:HKHC5BBXY:7:2217:25631:6624 prevented from extending past 16299 on chrM
Warning! Read K00382:107:HJ55YBBXY:7:2110:23520:26142 prevented from extending past 1976 on chr4_JH584295_random
Warning! Read K00382:107:HJ55YBBXY:5:1208:18487:22379 prevented from extending past 16299 on chrM
Warning! Read K00382:107:HJ55YBBXY:5:1106:24079:22432 prevented from extending below 0 on chrM
Warning! Read K00382:115:HKHC5BBXY:7:1208:29264:24947 prevented from extending past 16299 on chrM
Warning! Read K00382:115:HKHC5BBXY:6:1206:27641:10036 prevented from extending below 0 on chrM
Warning! Read K00382:115:HKHC5BBXY:7:1124:9394:26142 prevented from extending below 0 on chrM
Warning! Read K00382:107:HJ55YBBXY:5:2217:24566:19724 prevented from extending past 16299 on chrM
Warning! Read K00382:107:HJ55YBBXY:5:2204:11363:45766 prevented from extending past 24685 on chrUn_GL456387
Warning! Read K00382:115:HKHC5BBXY:8:1108:17888:19548 prevented from extending below 0 on chrM
Warning! Read K00382:107:HJ55YBBXY:5:2209:24880:29870 prevented from extending below 0 on chrM
Warning! Read K00382:107:HJ55YBBXY:8:2127:7060:16612 prevented from extending past 16299 on chrM
(another 22 warning messages suppressed)
  BAM records analyzed:    43691877
    Unmapped:                434595
    MAPQ < 30:              8150562
    Paired alignments:            0
    Unpaired alignments:   35106720
  PCR duplicates --
    Paired aln sets:              0
      duplicates:                 0 (0.0%)
    Discordant aln sets:          0
      duplicates:                 0 (0.0%)
    Singleton aln sets:    35106720
      duplicates:           7692942 (21.9%)
  Fragments analyzed:      27413778
    Full fragments:               0
    Half fragments:        27413778
      (from unpaired alns)
    ATAC-seq cut sites:    27413778
      (expanded to length 100bp)
- control file #2 not provided -
  Background pileup value: 1.085021
Peak-calling parameters:
  Genome length: 2491894574bp
  Significance threshold: -log(q) > 1.301
  Min. AUC: 200.000
  Max. gap between sites: 100bp
Peaks identified: 20365 (12855300bp)
Logs saved in <logs/5-ATAC_peaks/mito_BXD49_CTRL.log>
