Calling peaks with mitochondrial DNA for results/4-ATAC_genotype/corrected_bams/name/005_BXD55_SD_full.nm.bam results/4-ATAC_genotype/corrected_bams/name/082_BXD55_SD_full.nm.bam results/4-ATAC_genotype/corrected_bams/name/121_BXD55_SD_full.nm.bam
Processing experimental file #0: results/4-ATAC_genotype/corrected_bams/name/005_BXD55_SD_full.nm.bam
Warning! Read K00382:110:HKHKHBBXY:1:1108:28199:26898 prevented from extending below 0 on chrM
Warning! Read K00382:110:HKHKHBBXY:1:1117:14377:37589 prevented from extending past 16299 on chrM
Warning! Read K00382:110:HKHKHBBXY:1:1210:6786:25457 prevented from extending below 0 on chrM
Warning! Read K00382:110:HKHKHBBXY:2:2126:22769:27443 prevented from extending below 0 on chrM
Warning! Read K00382:110:HKHKHBBXY:3:1113:29112:13042 prevented from extending past 16299 on chrM
Warning! Read K00382:110:HKHKHBBXY:3:2219:6187:4409 prevented from extending below 0 on chrM
Warning! Read K00382:110:HKHKHBBXY:4:2108:5152:41405 prevented from extending below 0 on chrM
Warning! Read K00382:111:HKHK5BBXY:1:1102:3183:27197 prevented from extending below 0 on chrM
Warning! Read K00382:111:HKHK5BBXY:1:1103:3802:40121 prevented from extending below 0 on chrM
Warning! Read K00382:111:HKHK5BBXY:1:1117:8258:48720 prevented from extending below 0 on chrM
Warning! Read K00382:110:HKHKHBBXY:1:1108:17797:40244 prevented from extending below 0 on chrM
Warning! Read K00382:110:HKHKHBBXY:1:1118:23186:19021 prevented from extending below 0 on chrM
Warning! Read K00382:110:HKHKHBBXY:1:1125:19055:9789 prevented from extending below 0 on chrM
Warning! Read K00382:110:HKHKHBBXY:1:2115:5172:47524 prevented from extending past 16299 on chrM
Warning! Read K00382:110:HKHKHBBXY:2:2117:10247:46082 prevented from extending below 0 on chrM
Warning! Read K00382:110:HKHKHBBXY:2:2206:11617:17087 prevented from extending past 16299 on chrM
Warning! Read K00382:110:HKHKHBBXY:3:1123:22039:40104 prevented from extending past 16299 on chrM
Warning! Read K00382:110:HKHKHBBXY:4:1114:24068:3600 prevented from extending below 0 on chrM
Warning! Read K00382:111:HKHK5BBXY:1:1101:10460:19373 prevented from extending past 16299 on chrM
Warning! Read K00382:111:HKHK5BBXY:1:1104:19177:13166 prevented from extending below 0 on chrM
Warning! Read K00382:111:HKHK5BBXY:1:1115:19877:44412 prevented from extending below 0 on chrM
Warning! Read K00382:111:HKHK5BBXY:1:1226:26981:47753 prevented from extending below 0 on chrM
Warning! Read K00382:111:HKHK5BBXY:1:2202:13271:34899 prevented from extending below 0 on chrM
Warning! Read K00382:111:HKHK5BBXY:1:2204:15808:19460 prevented from extending past 16299 on chrM
Warning! Read K00382:110:HKHKHBBXY:1:1114:9942:14748 prevented from extending past 16299 on chrM
Warning! Read K00382:110:HKHKHBBXY:3:2125:19634:3688 prevented from extending past 40056 on chrUn_GL456239
Warning! Read K00382:110:HKHKHBBXY:4:1115:4229:13640 prevented from extending past 16299 on chrM
Warning! Read K00382:110:HKHKHBBXY:4:2217:7466:10844 prevented from extending past 16299 on chrM
Warning! Read K00382:111:HKHK5BBXY:1:1206:12550:21588 prevented from extending below 0 on chrM
Warning! Read K00382:111:HKHK5BBXY:1:1213:28300:1683 prevented from extending below 0 on chrM
Warning! Read K00382:111:HKHK5BBXY:1:1226:9343:7556 prevented from extending past 16299 on chrM
Warning! Read K00382:111:HKHK5BBXY:1:2202:13859:5218 prevented from extending below 0 on chrM
Warning! Read K00382:111:HKHK5BBXY:1:2217:7507:21571 prevented from extending past 16299 on chrM
Warning! Read K00382:110:HKHKHBBXY:1:1115:29559:37062 prevented from extending below 0 on chrM
Warning! Read K00382:110:HKHKHBBXY:2:2113:7912:36868 prevented from extending past 16299 on chrM
Warning! Read K00382:111:HKHK5BBXY:1:2102:24403:3653 prevented from extending below 0 on chrM
Warning! Read K00382:110:HKHKHBBXY:3:1117:19238:26283 prevented from extending below 0 on chrM
Warning! Read K00382:110:HKHKHBBXY:3:1215:23409:22784 prevented from extending past 16299 on chrM
Warning! Read K00382:111:HKHK5BBXY:1:1222:12012:5851 prevented from extending past 16299 on chrM
Warning! Read K00382:111:HKHK5BBXY:1:2111:18700:18564 prevented from extending past 16299 on chrM
Warning! Read K00382:110:HKHKHBBXY:1:1107:8542:47208 prevented from extending past 16299 on chrM
Warning! Read K00382:110:HKHKHBBXY:4:1112:29934:21078 prevented from extending past 16299 on chrM
Warning! Read K00382:110:HKHKHBBXY:4:1203:9861:25580 prevented from extending past 16299 on chrM
Warning! Read K00382:110:HKHKHBBXY:4:2127:5629:24577 prevented from extending past 16299 on chrM
Warning! Read K00382:110:HKHKHBBXY:4:2224:24556:20304 prevented from extending below 0 on chrM
Warning! Read K00382:111:HKHK5BBXY:1:1102:17594:14185 prevented from extending below 0 on chrM
Warning! Read K00382:111:HKHK5BBXY:1:1109:20395:48052 prevented from extending past 16299 on chrM
Warning! Read K00382:111:HKHK5BBXY:1:1115:5558:23153 prevented from extending past 16299 on chrM
Warning! Read K00382:111:HKHK5BBXY:1:2120:10805:28727 prevented from extending below 0 on chrM
Warning! Read K00382:111:HKHK5BBXY:1:1114:3204:14467 prevented from extending past 16299 on chrM
Warning! Read K00382:110:HKHKHBBXY:4:1224:26382:25087 prevented from extending below 0 on chrM
Warning! Read K00382:110:HKHKHBBXY:2:1115:5142:31224 prevented from extending past 31704 on chrUn_GL456360
Warning! Read K00382:111:HKHK5BBXY:1:1113:11921:8506 prevented from extending past 16299 on chrM
Warning! Read K00382:110:HKHKHBBXY:1:2103:3528:25791 prevented from extending below 0 on chrM
Warning! Read K00382:111:HKHK5BBXY:1:1213:18061:11794 prevented from extending past 16299 on chrM
Warning! Read K00382:111:HKHK5BBXY:1:1225:25581:24753 prevented from extending below 0 on chrM
Warning! Read K00382:110:HKHKHBBXY:3:2219:9861:43867 prevented from extending past 16299 on chrM
Warning! Read K00382:111:HKHK5BBXY:1:1112:15757:32384 prevented from extending below 0 on chrM
Warning! Read K00382:110:HKHKHBBXY:2:2124:9831:12796 prevented from extending past 16299 on chrM
Warning! Read K00382:110:HKHKHBBXY:2:2125:4137:17632 prevented from extending below 0 on chrM
Warning! Read K00382:110:HKHKHBBXY:4:1220:26382:32578 prevented from extending below 0 on chrM
Warning! Read K00382:111:HKHK5BBXY:1:2213:21440:30134 prevented from extending past 16299 on chrM
Warning! Read K00382:111:HKHK5BBXY:1:2220:31832:19970 prevented from extending past 16299 on chrM
Warning! Read K00382:110:HKHKHBBXY:3:1120:7111:48772 prevented from extending below 0 on chrM
Warning! Read K00382:110:HKHKHBBXY:4:2203:24383:19513 prevented from extending past 16299 on chrM
Warning! Read K00382:110:HKHKHBBXY:3:2117:29488:24700 prevented from extending below 0 on chrM
Warning! Read K00382:111:HKHK5BBXY:1:1109:29965:49194 prevented from extending below 0 on chrM
Warning! Read K00382:111:HKHK5BBXY:1:1102:14113:31189 prevented from extending past 16299 on chrM
Warning! Read K00382:110:HKHKHBBXY:3:2124:17969:9385 prevented from extending below 0 on chrM
Warning! Read K00382:110:HKHKHBBXY:3:1127:17503:15434 prevented from extending past 16299 on chrM
Warning! Read K00382:110:HKHKHBBXY:4:2209:22881:48913 prevented from extending past 16299 on chrM
Warning! Read K00382:110:HKHKHBBXY:1:1104:4543:3952 prevented from extending below 0 on chrM
Warning! Read K00382:111:HKHK5BBXY:1:1118:30472:2949 prevented from extending below 0 on chrM
Warning! Read K00382:111:HKHK5BBXY:1:2103:3762:5095 prevented from extending past 16299 on chrM
Warning! Read K00382:110:HKHKHBBXY:3:2125:22668:11442 prevented from extending past 16299 on chrM
Warning! Read K00382:111:HKHK5BBXY:1:1105:10886:23768 prevented from extending past 16299 on chrM
Warning! Read K00382:111:HKHK5BBXY:1:1126:2057:38961 prevented from extending below 0 on chrM
Warning! Read K00382:110:HKHKHBBXY:1:1225:23977:20181 prevented from extending below 0 on chrM
Warning! Read K00382:110:HKHKHBBXY:2:2105:28929:46205 prevented from extending below 0 on chrM
Warning! Read K00382:111:HKHK5BBXY:1:2125:17594:37396 prevented from extending past 16299 on chrM
Warning! Read K00382:110:HKHKHBBXY:3:2119:25093:48913 prevented from extending past 16299 on chrM
Warning! Read K00382:110:HKHKHBBXY:1:2218:29437:32209 prevented from extending past 16299 on chrM
Warning! Read K00382:110:HKHKHBBXY:3:2105:11972:22344 prevented from extending past 16299 on chrM
Warning! Read K00382:110:HKHKHBBXY:1:1118:1215:44042 prevented from extending past 16299 on chrM
Warning! Read K00382:111:HKHK5BBXY:1:1115:3924:26898 prevented from extending below 0 on chr4_JH584295_random
Warning! Read K00382:110:HKHKHBBXY:3:1202:12946:34899 prevented from extending below 0 on chrM
Warning! Read K00382:111:HKHK5BBXY:1:1110:3315:23804 prevented from extending past 16299 on chrM
Warning! Read K00382:110:HKHKHBBXY:4:1226:27986:17175 prevented from extending past 1976 on chr4_JH584295_random
Warning! Read K00382:110:HKHKHBBXY:3:1101:30695:4075 prevented from extending past 16299 on chrM
Warning! Read K00382:111:HKHK5BBXY:1:1113:1418:23575 prevented from extending below 0 on chrM
Warning! Read K00382:110:HKHKHBBXY:2:2220:31558:12884 prevented from extending past 40056 on chrUn_GL456239
Warning! Read K00382:110:HKHKHBBXY:1:1213:8968:44957 prevented from extending past 1976 on chr4_JH584295_random
Warning! Read K00382:110:HKHKHBBXY:2:2209:12642:8981 prevented from extending below 0 on chrM
Warning! Read K00382:110:HKHKHBBXY:4:2108:9607:6114 prevented from extending past 38659 on chrUn_GL456383
Warning! Read K00382:110:HKHKHBBXY:1:1114:1276:4796 prevented from extending past 16299 on chrM
Warning! Read K00382:110:HKHKHBBXY:4:2111:27641:34231 prevented from extending below 0 on chrM
Warning! Read K00382:110:HKHKHBBXY:1:2107:12266:25034 prevented from extending past 16299 on chrM
Warning! Read K00382:110:HKHKHBBXY:3:2119:17807:31400 prevented from extending below 0 on chr4_JH584295_random
Warning! Read K00382:111:HKHK5BBXY:1:2116:19309:27074 prevented from extending below 0 on chrM
Warning! Read K00382:111:HKHK5BBXY:1:2118:19857:16489 prevented from extending past 16299 on chrM
Warning! Read K00382:110:HKHKHBBXY:4:2122:4594:3829 prevented from extending past 16299 on chrM
Warning! Read K00382:111:HKHK5BBXY:1:1105:14610:19671 prevented from extending below 0 on chrM
Warning! Read K00382:110:HKHKHBBXY:1:2210:23378:36446 prevented from extending below 0 on chrM
Warning! Read K00382:110:HKHKHBBXY:4:1216:5142:27004 prevented from extending past 16299 on chrM
Warning! Read K00382:110:HKHKHBBXY:1:1228:30594:6044 prevented from extending past 16299 on chrM
Warning! Read K00382:110:HKHKHBBXY:4:2204:5254:37361 prevented from extending below 0 on chrM
Warning! Read K00382:110:HKHKHBBXY:2:1119:7212:19900 prevented from extending below 0 on chrM
Warning! Read K00382:111:HKHK5BBXY:1:1209:17807:43462 prevented from extending past 16299 on chrM
Warning! Read K00382:110:HKHKHBBXY:1:1120:23673:1613 prevented from extending below 0 on chrM
Warning! Read K00382:110:HKHKHBBXY:2:2216:12621:21606 prevented from extending below 0 on chrM
Warning! Read K00382:110:HKHKHBBXY:3:2104:12905:38275 prevented from extending past 16299 on chrM
Warning! Read K00382:110:HKHKHBBXY:1:1127:30330:15152 prevented from extending past 16299 on chrM
Warning! Read K00382:110:HKHKHBBXY:1:2118:18812:26635 prevented from extending below 0 on chrM
Warning! Read K00382:111:HKHK5BBXY:1:1126:19380:48298 prevented from extending below 0 on chrM
Warning! Read K00382:114:HKH5VBBXY:8:1128:23855:48350 prevented from extending past 16299 on chrM
Warning! Read K00382:110:HKHKHBBXY:2:1122:2169:32508 prevented from extending below 0 on chrM
Warning! Read K00382:111:HKHK5BBXY:1:1119:4391:17263 prevented from extending past 16299 on chrM
Warning! Read K00382:110:HKHKHBBXY:2:2105:14783:6396 prevented from extending past 16299 on chrM
Warning! Read K00382:110:HKHKHBBXY:1:2218:6147:27057 prevented from extending below 0 on chrM
Warning! Read K00382:110:HKHKHBBXY:2:1104:9587:3125 prevented from extending below 0 on chrM
Warning! Read K00382:110:HKHKHBBXY:1:1103:11972:27303 prevented from extending past 16299 on chrM
Warning! Read K00382:110:HKHKHBBXY:4:1202:8379:5147 prevented from extending below 0 on chr4_JH584295_random
Warning! Read K00382:110:HKHKHBBXY:3:2227:28838:48509 prevented from extending below 0 on chrM
Warning! Read K00382:110:HKHKHBBXY:1:1102:30705:12779 prevented from extending below 0 on chrM
Warning! Read K00382:110:HKHKHBBXY:1:2110:13443:13992 prevented from extending past 16299 on chrM
Warning! Read K00382:110:HKHKHBBXY:4:2227:8389:45889 prevented from extending below 0 on chr4_JH584295_random
Warning! Read K00382:110:HKHKHBBXY:1:2128:13413:25896 prevented from extending below 0 on chrM
Warning! Read K00382:110:HKHKHBBXY:2:1207:7923:2985 prevented from extending past 16299 on chrM
(another 17 warning messages suppressed)
  BAM records analyzed:    61749971
    Unmapped:                619358
    MAPQ < 30:              9833934
    Paired alignments:            0
    Unpaired alignments:   51296679
  PCR duplicates --
    Paired aln sets:              0
      duplicates:                 0 (0.0%)
    Discordant aln sets:          0
      duplicates:                 0 (0.0%)
    Singleton aln sets:    51296679
      duplicates:           9554741 (18.6%)
  Fragments analyzed:      41741938
    Full fragments:               0
    Half fragments:        41741938
      (from unpaired alns)
    ATAC-seq cut sites:    41741938
      (expanded to length 100bp)
- control file #0 not provided -
  Background pileup value: 1.652612
Processing experimental file #1: results/4-ATAC_genotype/corrected_bams/name/082_BXD55_SD_full.nm.bam
Warning! Read K00382:106:HJ57YBBXY:5:1206:5771:36253 prevented from extending below 0 on chrM
Warning! Read K00382:106:HJ57YBBXY:5:2122:5507:45572 prevented from extending below 0 on chrM
Warning! Read K00382:106:HJ57YBBXY:5:2223:18304:16401 prevented from extending past 16299 on chrM
Warning! Read K00382:106:HJ57YBBXY:6:1228:9536:16471 prevented from extending below 0 on chrM
Warning! Read K00382:111:HKHK5BBXY:2:1105:23541:3248 prevented from extending below 0 on chrM
Warning! Read K00382:111:HKHK5BBXY:2:1205:16833:32912 prevented from extending below 0 on chrM
Warning! Read K00382:111:HKHK5BBXY:2:2208:6695:13658 prevented from extending past 16299 on chrM
Warning! Read K00382:111:HKHK5BBXY:2:2212:6847:42020 prevented from extending past 16299 on chrM
Warning! Read K00382:111:HKHK5BBXY:3:1121:16407:21553 prevented from extending past 16299 on chrM
Warning! Read K00382:111:HKHK5BBXY:3:2119:21602:3899 prevented from extending below 0 on chrM
Warning! Read K00382:125:HKHL3BBXY:6:1101:15128:29712 prevented from extending below 0 on chrM
Warning! Read K00382:125:HKHL3BBXY:6:1111:14773:40139 prevented from extending below 0 on chrM
Warning! Read K00382:125:HKHL3BBXY:6:2120:10886:1437 prevented from extending past 16299 on chrM
Warning! Read K00382:125:HKHL3BBXY:6:2215:29041:1209 prevented from extending past 16299 on chrM
Warning! Read K00382:106:HJ57YBBXY:5:1213:5913:38328 prevented from extending past 16299 on chrM
Warning! Read K00382:106:HJ57YBBXY:6:1218:19654:34037 prevented from extending below 0 on chrM
Warning! Read K00382:106:HJ57YBBXY:8:2109:27448:29782 prevented from extending past 16299 on chrM
Warning! Read K00382:111:HKHK5BBXY:2:1210:20862:33809 prevented from extending below 0 on chrM
Warning! Read K00382:111:HKHK5BBXY:2:1220:16488:8682 prevented from extending below 0 on chrM
Warning! Read K00382:111:HKHK5BBXY:2:1221:15108:41071 prevented from extending past 16299 on chrM
Warning! Read K00382:111:HKHK5BBXY:3:1121:15767:6835 prevented from extending below 0 on chrM
Warning! Read K00382:111:HKHK5BBXY:3:2222:10003:14994 prevented from extending past 16299 on chrM
Warning! Read K00382:125:HKHL3BBXY:6:1119:24353:30116 prevented from extending past 16299 on chrM
Warning! Read K00382:125:HKHL3BBXY:6:1204:9475:15276 prevented from extending below 0 on chrM
Warning! Read K00382:125:HKHL3BBXY:6:2109:10510:36376 prevented from extending below 0 on chrM
Warning! Read K00382:125:HKHL3BBXY:6:2201:6411:16190 prevented from extending below 0 on chrUn_GL456366
Warning! Read K00382:111:HKHK5BBXY:2:1116:10460:38574 prevented from extending past 16299 on chrM
Warning! Read K00382:106:HJ57YBBXY:5:2128:26524:12286 prevented from extending past 16299 on chrM
Warning! Read K00382:106:HJ57YBBXY:6:1206:23693:1859 prevented from extending below 0 on chrM
Warning! Read K00382:106:HJ57YBBXY:7:1122:7324:18054 prevented from extending past 16299 on chrM
Warning! Read K00382:106:HJ57YBBXY:7:1206:10379:39559 prevented from extending past 16299 on chrM
Warning! Read K00382:106:HJ57YBBXY:8:1209:15605:41932 prevented from extending past 40056 on chrUn_GL456239
Warning! Read K00382:111:HKHK5BBXY:2:1201:28371:27514 prevented from extending below 0 on chrM
Warning! Read K00382:111:HKHK5BBXY:2:1226:16955:2809 prevented from extending below 0 on chrM
Warning! Read K00382:111:HKHK5BBXY:2:2214:2991:2176 prevented from extending below 0 on chrM
Warning! Read K00382:111:HKHK5BBXY:3:1216:20618:46821 prevented from extending below 0 on chrM
Warning! Read K00382:111:HKHK5BBXY:4:1109:4574:48245 prevented from extending past 16299 on chrM
Warning! Read K00382:111:HKHK5BBXY:4:1215:12297:19988 prevented from extending past 16299 on chrM
Warning! Read K00382:125:HKHL3BBXY:6:2103:24342:25492 prevented from extending past 16299 on chrM
Warning! Read K00382:106:HJ57YBBXY:8:1127:19451:33897 prevented from extending below 0 on chrM
Warning! Read K00382:125:HKHL3BBXY:6:1201:16305:38820 prevented from extending below 0 on chrM
Warning! Read K00382:106:HJ57YBBXY:5:1207:21288:45660 prevented from extending below 0 on chrM
Warning! Read K00382:106:HJ57YBBXY:5:1221:7801:48421 prevented from extending below 0 on chrM
Warning! Read K00382:111:HKHK5BBXY:2:1123:28148:41827 prevented from extending past 16299 on chrM
Warning! Read K00382:111:HKHK5BBXY:2:1228:19441:12427 prevented from extending below 0 on chrM
Warning! Read K00382:111:HKHK5BBXY:3:2208:27113:15311 prevented from extending past 16299 on chrM
Warning! Read K00382:111:HKHK5BBXY:4:1103:15645:7046 prevented from extending below 0 on chrM
Warning! Read K00382:111:HKHK5BBXY:4:2219:20547:8963 prevented from extending below 0 on chrM
Warning! Read K00382:125:HKHL3BBXY:6:1125:9252:35462 prevented from extending below 0 on chr1_GL456221_random
Warning! Read K00382:125:HKHL3BBXY:6:1124:4564:37853 prevented from extending past 16299 on chrM
Warning! Read K00382:106:HJ57YBBXY:7:1205:21420:35725 prevented from extending past 16299 on chrM
Warning! Read K00382:111:HKHK5BBXY:2:1106:14001:25966 prevented from extending past 16299 on chrM
Warning! Read K00382:111:HKHK5BBXY:3:1122:26829:33211 prevented from extending past 16299 on chrM
Warning! Read K00382:111:HKHK5BBXY:5:2226:24769:44693 prevented from extending below 0 on chrM
Warning! Read K00382:125:HKHL3BBXY:6:1118:21633:18441 prevented from extending past 16299 on chrM
Warning! Read K00382:125:HKHL3BBXY:6:2114:17239:22010 prevented from extending below 0 on chrM
Warning! Read K00382:125:HKHL3BBXY:6:2216:23652:15750 prevented from extending below 0 on chrM
Warning! Read K00382:125:HKHL3BBXY:6:2107:6096:34073 prevented from extending past 16299 on chrM
Warning! Read K00382:111:HKHK5BBXY:2:1120:23987:28956 prevented from extending past 16299 on chrM
Warning! Read K00382:111:HKHK5BBXY:2:1124:18051:15715 prevented from extending below 0 on chrM
Warning! Read K00382:111:HKHK5BBXY:2:1207:28838:30890 prevented from extending past 16299 on chrM
Warning! Read K00382:111:HKHK5BBXY:4:2121:2676:20621 prevented from extending below 0 on chrM
Warning! Read K00382:106:HJ57YBBXY:6:2106:6989:25843 prevented from extending below 0 on chrM
Warning! Read K00382:111:HKHK5BBXY:2:1220:21349:17245 prevented from extending below 0 on chrM
Warning! Read K00382:111:HKHK5BBXY:2:1127:23581:27197 prevented from extending below 0 on chrM
Warning! Read K00382:111:HKHK5BBXY:3:1118:10947:15258 prevented from extending past 16299 on chrM
Warning! Read K00382:125:HKHL3BBXY:6:2209:3051:8576 prevented from extending past 16299 on chrM
Warning! Read K00382:106:HJ57YBBXY:5:1120:12753:37519 prevented from extending past 16299 on chrM
Warning! Read K00382:106:HJ57YBBXY:8:1112:16143:33651 prevented from extending past 16299 on chrM
Warning! Read K00382:125:HKHL3BBXY:6:1228:10815:13904 prevented from extending past 40056 on chrUn_GL456239
Warning! Read K00382:106:HJ57YBBXY:6:2127:27407:44588 prevented from extending past 16299 on chrM
Warning! Read K00382:111:HKHK5BBXY:3:1110:24332:5077 prevented from extending below 0 on chrM
Warning! Read K00382:125:HKHL3BBXY:6:2218:20740:19812 prevented from extending past 16299 on chrM
Warning! Read K00382:111:HKHK5BBXY:2:1118:24566:8119 prevented from extending below 0 on chrM
Warning! Read K00382:125:HKHL3BBXY:6:1203:4229:49194 prevented from extending past 16299 on chrM
Warning! Read K00382:125:HKHL3BBXY:6:1116:13433:48685 prevented from extending past 16299 on chrM
Warning! Read K00382:125:HKHL3BBXY:6:2115:14357:48737 prevented from extending past 16299 on chrM
Warning! Read K00382:125:HKHL3BBXY:6:2115:15432:49089 prevented from extending past 16299 on chrM
Warning! Read K00382:125:HKHL3BBXY:6:1112:22394:48808 prevented from extending below 0 on chrM
Warning! Read K00382:111:HKHK5BBXY:5:1220:7628:9192 prevented from extending below 0 on chrM
Warning! Read K00382:125:HKHL3BBXY:6:1225:19979:14273 prevented from extending past 1976 on chr4_JH584295_random
Warning! Read K00382:125:HKHL3BBXY:6:2118:4645:43726 prevented from extending past 16299 on chrM
Warning! Read K00382:125:HKHL3BBXY:6:1213:29782:41774 prevented from extending past 16299 on chrM
Warning! Read K00382:125:HKHL3BBXY:6:2118:6573:25404 prevented from extending past 16299 on chrM
Warning! Read K00382:111:HKHK5BBXY:3:2226:30492:15504 prevented from extending below 0 on chrM
Warning! Read K00382:106:HJ57YBBXY:8:2105:15706:26599 prevented from extending below 0 on chr4_JH584295_random
Warning! Read K00382:125:HKHL3BBXY:6:1114:23470:28586 prevented from extending past 16299 on chrM
Warning! Read K00382:106:HJ57YBBXY:5:2215:22820:29430 prevented from extending past 1976 on chr4_JH584295_random
Warning! Read K00382:125:HKHL3BBXY:6:2206:28828:49194 prevented from extending past 16299 on chrM
Warning! Read K00382:106:HJ57YBBXY:5:2220:1742:35462 prevented from extending below 0 on chrM
Warning! Read K00382:111:HKHK5BBXY:3:1107:2280:30872 prevented from extending below 0 on chrM
Warning! Read K00382:106:HJ57YBBXY:6:2113:8582:37818 prevented from extending past 1976 on chr4_JH584295_random
Warning! Read K00382:106:HJ57YBBXY:8:1113:32563:3020 prevented from extending below 0 on chrM
Warning! Read K00382:111:HKHK5BBXY:3:1101:10033:14625 prevented from extending below 0 on chrM
Warning! Read K00382:111:HKHK5BBXY:2:1126:1144:35374 prevented from extending past 16299 on chrM
Warning! Read K00382:125:HKHL3BBXY:6:1224:31761:2193 prevented from extending past 31704 on chrUn_GL456360
Warning! Read K00382:125:HKHL3BBXY:6:1202:991:37044 prevented from extending below 0 on chrM
Warning! Read K00382:125:HKHL3BBXY:6:2216:4066:16172 prevented from extending past 16299 on chrM
Warning! Read K00382:111:HKHK5BBXY:3:1222:20699:32156 prevented from extending below 0 on chrM
Warning! Read K00382:111:HKHK5BBXY:2:1204:31588:45502 prevented from extending past 16299 on chrM
Warning! Read K00382:111:HKHK5BBXY:3:2107:22333:42126 prevented from extending below 0 on chrM
Warning! Read K00382:125:HKHL3BBXY:6:2210:21521:49054 prevented from extending below 0 on chrM
Warning! Read K00382:111:HKHK5BBXY:2:1110:9973:45994 prevented from extending past 16299 on chrM
Warning! Read K00382:125:HKHL3BBXY:6:1222:5619:32402 prevented from extending below 0 on chrM
Warning! Read K00382:111:HKHK5BBXY:4:2201:30563:39717 prevented from extending past 16299 on chrM
Warning! Read K00382:111:HKHK5BBXY:4:1205:27275:10071 prevented from extending below 0 on chrM
Warning! Read K00382:125:HKHL3BBXY:6:2114:12439:40280 prevented from extending below 0 on chrM
Warning! Read K00382:106:HJ57YBBXY:7:1106:19238:33281 prevented from extending past 16299 on chrM
Warning! Read K00382:111:HKHK5BBXY:4:2212:29873:4901 prevented from extending past 16299 on chrM
Warning! Read K00382:106:HJ57YBBXY:8:2117:8268:38468 prevented from extending past 16299 on chrM
Warning! Read K00382:106:HJ57YBBXY:7:1228:18203:47735 prevented from extending below 0 on chrM
Warning! Read K00382:106:HJ57YBBXY:6:2113:3802:10651 prevented from extending below 0 on chrM
Warning! Read K00382:106:HJ57YBBXY:5:1126:2037:47682 prevented from extending below 0 on chrM
Warning! Read K00382:125:HKHL3BBXY:6:1226:7841:29501 prevented from extending past 16299 on chrM
Warning! Read K00382:106:HJ57YBBXY:5:2221:18730:21922 prevented from extending past 16299 on chrM
Warning! Read K00382:106:HJ57YBBXY:8:2202:5507:36464 prevented from extending below 0 on chrM
Warning! Read K00382:125:HKHL3BBXY:6:1224:28706:48913 prevented from extending below 0 on chrM
Warning! Read K00382:106:HJ57YBBXY:7:1114:10196:45185 prevented from extending below 0 on chrM
Warning! Read K00382:125:HKHL3BBXY:6:2126:17584:14097 prevented from extending past 16299 on chrM
Warning! Read K00382:106:HJ57YBBXY:8:1210:27661:48368 prevented from extending below 0 on chrM
Warning! Read K00382:106:HJ57YBBXY:5:1115:15250:42337 prevented from extending below 0 on chrM
Warning! Read K00382:125:HKHL3BBXY:6:1214:21673:20164 prevented from extending past 16299 on chrM
Warning! Read K00382:106:HJ57YBBXY:6:2110:26727:16964 prevented from extending past 16299 on chrM
Warning! Read K00382:106:HJ57YBBXY:8:1128:20679:16893 prevented from extending below 0 on chrM
Warning! Read K00382:106:HJ57YBBXY:5:1126:8197:23329 prevented from extending below 0 on chrM
Warning! Read K00382:106:HJ57YBBXY:8:2117:3072:37906 prevented from extending below 0 on chr4_JH584295_random
Warning! Read K00382:106:HJ57YBBXY:5:2124:6218:31329 prevented from extending past 1976 on chr4_JH584295_random
Warning! Read K00382:106:HJ57YBBXY:6:2204:21552:23364 prevented from extending past 16299 on chrM
(another 18 warning messages suppressed)
  BAM records analyzed:    52147613
    Unmapped:                314653
    MAPQ < 30:             10061359
    Paired alignments:            0
    Unpaired alignments:   41771601
  PCR duplicates --
    Paired aln sets:              0
      duplicates:                 0 (0.0%)
    Discordant aln sets:          0
      duplicates:                 0 (0.0%)
    Singleton aln sets:    41771601
      duplicates:           9809375 (23.5%)
  Fragments analyzed:      31962226
    Full fragments:               0
    Half fragments:        31962226
      (from unpaired alns)
    ATAC-seq cut sites:    31962226
      (expanded to length 100bp)
- control file #1 not provided -
  Background pileup value: 1.264950
Processing experimental file #2: results/4-ATAC_genotype/corrected_bams/name/121_BXD55_SD_full.nm.bam
Warning! Read K00382:107:HJ55YBBXY:5:1103:10115:6888 prevented from extending past 16299 on chrM
Warning! Read K00382:107:HJ55YBBXY:5:1220:26961:3829 prevented from extending past 16299 on chrM
Warning! Read K00382:107:HJ55YBBXY:6:1213:5619:34371 prevented from extending below 0 on chrM
Warning! Read K00382:107:HJ55YBBXY:6:2109:24434:28112 prevented from extending past 40056 on chrUn_GL456239
Warning! Read K00382:107:HJ55YBBXY:8:1221:4959:18810 prevented from extending past 16299 on chrM
Warning! Read K00382:115:HKHC5BBXY:6:2121:24373:16612 prevented from extending below 0 on chrM
Warning! Read K00382:115:HKHC5BBXY:7:1217:25256:29255 prevented from extending below 0 on chrM
Warning! Read K00382:115:HKHC5BBXY:7:1222:12449:24472 prevented from extending past 16299 on chrM
Warning! Read K00382:115:HKHC5BBXY:8:1110:23947:41299 prevented from extending past 16299 on chrM
Warning! Read K00382:115:HKHC5BBXY:8:1218:20496:44640 prevented from extending below 0 on chrM
Warning! Read K00382:118:HKHCJBBXY:2:1108:4878:28586 prevented from extending below 0 on chrM
Warning! Read K00382:118:HKHCJBBXY:2:1111:18599:33475 prevented from extending past 16299 on chrM
Warning! Read K00382:118:HKHCJBBXY:2:1113:21308:34090 prevented from extending below 0 on chrM
Warning! Read K00382:118:HKHCJBBXY:2:1115:23115:30433 prevented from extending below 0 on chrM
Warning! Read K00382:118:HKHCJBBXY:2:1119:16234:31453 prevented from extending below 0 on chrM
Warning! Read K00382:118:HKHCJBBXY:2:1120:13119:29852 prevented from extending below 0 on chrM
Warning! Read K00382:118:HKHCJBBXY:2:1124:7537:4075 prevented from extending below 0 on chrM
Warning! Read K00382:118:HKHCJBBXY:2:1218:4026:14906 prevented from extending below 0 on chrM
Warning! Read K00382:118:HKHCJBBXY:2:2202:15666:20304 prevented from extending below 0 on chrM
Warning! Read K00382:118:HKHCJBBXY:3:1120:11546:39471 prevented from extending below 0 on chrM
Warning! Read K00382:118:HKHCJBBXY:3:1208:20649:20146 prevented from extending past 16299 on chrM
Warning! Read K00382:118:HKHCJBBXY:3:1216:13108:3530 prevented from extending below 0 on chrM
Warning! Read K00382:107:HJ55YBBXY:5:1119:16417:7820 prevented from extending below 0 on chrM
Warning! Read K00382:107:HJ55YBBXY:7:1121:17421:19513 prevented from extending past 16299 on chrM
Warning! Read K00382:107:HJ55YBBXY:7:1121:23368:36323 prevented from extending past 16299 on chrM
Warning! Read K00382:115:HKHC5BBXY:8:1114:18436:11354 prevented from extending below 0 on chrM
Warning! Read K00382:118:HKHCJBBXY:2:1101:16579:48790 prevented from extending past 16299 on chrM
Warning! Read K00382:118:HKHCJBBXY:2:1108:15158:37748 prevented from extending below 0 on chrM
Warning! Read K00382:118:HKHCJBBXY:2:1114:3062:41792 prevented from extending past 16299 on chrM
Warning! Read K00382:118:HKHCJBBXY:2:1126:15767:47348 prevented from extending below 0 on chrM
Warning! Read K00382:118:HKHCJBBXY:2:1206:26291:39559 prevented from extending below 0 on chrM
Warning! Read K00382:118:HKHCJBBXY:2:1214:13727:24823 prevented from extending past 16299 on chrM
Warning! Read K00382:118:HKHCJBBXY:2:2212:6360:46838 prevented from extending past 16299 on chrM
Warning! Read K00382:118:HKHCJBBXY:3:1124:29437:35936 prevented from extending below 0 on chrM
Warning! Read K00382:118:HKHCJBBXY:3:2104:24241:12620 prevented from extending past 16299 on chrM
Warning! Read K00382:107:HJ55YBBXY:8:1110:25804:35725 prevented from extending past 16299 on chrM
Warning! Read K00382:115:HKHC5BBXY:6:1101:4645:12919 prevented from extending past 16299 on chrM
Warning! Read K00382:115:HKHC5BBXY:7:2208:24312:4374 prevented from extending past 16299 on chrM
Warning! Read K00382:118:HKHCJBBXY:2:1123:11150:21588 prevented from extending below 0 on chrM
Warning! Read K00382:118:HKHCJBBXY:2:1202:7375:26265 prevented from extending below 0 on chrM
Warning! Read K00382:118:HKHCJBBXY:2:1223:21673:10704 prevented from extending below 0 on chrM
Warning! Read K00382:118:HKHCJBBXY:3:2108:8856:10651 prevented from extending below 0 on chrM
Warning! Read K00382:115:HKHC5BBXY:7:1116:22769:29800 prevented from extending past 16299 on chrM
Warning! Read K00382:115:HKHC5BBXY:8:1228:25976:13728 prevented from extending past 16299 on chrM
Warning! Read K00382:118:HKHCJBBXY:2:1204:20446:1226 prevented from extending past 16299 on chrM
Warning! Read K00382:118:HKHCJBBXY:2:2215:9394:20621 prevented from extending past 16299 on chrM
Warning! Read K00382:118:HKHCJBBXY:2:1202:24048:47876 prevented from extending below 0 on chrM
Warning! Read K00382:118:HKHCJBBXY:3:1126:21176:6642 prevented from extending below 0 on chrM
Warning! Read K00382:118:HKHCJBBXY:3:1201:24921:5183 prevented from extending below 0 on chrM
Warning! Read K00382:118:HKHCJBBXY:2:1105:4279:27514 prevented from extending past 16299 on chrM
Warning! Read K00382:118:HKHCJBBXY:2:1109:26737:14590 prevented from extending below 0 on chrM
Warning! Read K00382:118:HKHCJBBXY:3:1209:11850:43269 prevented from extending below 0 on chrM
Warning! Read K00382:118:HKHCJBBXY:2:2113:19025:36183 prevented from extending below 0 on chrM
Warning! Read K00382:118:HKHCJBBXY:3:1210:25550:39471 prevented from extending past 16299 on chrM
Warning! Read K00382:118:HKHCJBBXY:2:2121:7070:1508 prevented from extending past 16299 on chrM
Warning! Read K00382:118:HKHCJBBXY:2:2225:2098:35022 prevented from extending below 0 on chrM
Warning! Read K00382:118:HKHCJBBXY:2:1205:13575:18652 prevented from extending past 16299 on chrM
Warning! Read K00382:115:HKHC5BBXY:6:2218:19136:3494 prevented from extending below 0 on chrM
Warning! Read K00382:107:HJ55YBBXY:5:1127:23490:38433 prevented from extending past 16299 on chrM
Warning! Read K00382:107:HJ55YBBXY:8:2112:19339:44394 prevented from extending below 0 on chrM
Warning! Read K00382:115:HKHC5BBXY:7:2218:27275:40385 prevented from extending below 0 on chrM
Warning! Read K00382:118:HKHCJBBXY:2:2119:16427:34178 prevented from extending past 16299 on chrM
Warning! Read K00382:107:HJ55YBBXY:6:2217:23419:23118 prevented from extending past 1976 on chr4_JH584295_random
Warning! Read K00382:118:HKHCJBBXY:3:1117:4036:8242 prevented from extending past 16299 on chrM
Warning! Read K00382:107:HJ55YBBXY:5:1214:6725:49054 prevented from extending below 0 on chrM
Warning! Read K00382:107:HJ55YBBXY:7:2215:20496:41721 prevented from extending below 0 on chrM
Warning! Read K00382:107:HJ55YBBXY:6:1124:18903:5657 prevented from extending past 16299 on chrM
Warning! Read K00382:107:HJ55YBBXY:8:1102:16417:18476 prevented from extending below 0 on chrM
Warning! Read K00382:115:HKHC5BBXY:6:1218:27052:40983 prevented from extending past 16299 on chrM
Warning! Read K00382:107:HJ55YBBXY:7:2115:16366:36534 prevented from extending past 16299 on chrM
Warning! Read K00382:115:HKHC5BBXY:7:2111:22465:21993 prevented from extending below 0 on chrM
Warning! Read K00382:115:HKHC5BBXY:6:2210:7547:40983 prevented from extending past 16299 on chrM
Warning! Read K00382:107:HJ55YBBXY:6:2105:11870:49107 prevented from extending past 16299 on chrM
Warning! Read K00382:107:HJ55YBBXY:5:2206:16072:12462 prevented from extending past 16299 on chrM
Warning! Read K00382:118:HKHCJBBXY:3:2121:11738:18810 prevented from extending below 0 on chrM
Warning! Read K00382:118:HKHCJBBXY:2:1219:31994:45537 prevented from extending past 16299 on chrM
Warning! Read K00382:107:HJ55YBBXY:6:1115:29335:40332 prevented from extending below 0 on chrUn_GL456390
Warning! Read K00382:118:HKHCJBBXY:3:1105:32786:34108 prevented from extending below 0 on chrM
Warning! Read K00382:118:HKHCJBBXY:3:1110:4523:37079 prevented from extending below 0 on chrM
Warning! Read K00382:107:HJ55YBBXY:5:2203:27326:30802 prevented from extending past 16299 on chrM
Warning! Read K00382:107:HJ55YBBXY:6:2111:16975:47542 prevented from extending past 16299 on chrM
Warning! Read K00382:107:HJ55YBBXY:8:2127:19522:6273 prevented from extending past 16299 on chrM
Warning! Read K00382:118:HKHCJBBXY:3:2126:22820:46170 prevented from extending below 0 on chrM
Warning! Read K00382:115:HKHC5BBXY:8:1223:18670:11126 prevented from extending past 40056 on chrUn_GL456239
Warning! Read K00382:107:HJ55YBBXY:7:2203:31335:49142 prevented from extending past 16299 on chrM
Warning! Read K00382:118:HKHCJBBXY:3:2126:23713:4391 prevented from extending past 16299 on chrM
Warning! Read K00382:115:HKHC5BBXY:8:2217:16772:5728 prevented from extending below 0 on chrUn_GL456392
Warning! Read K00382:118:HKHCJBBXY:3:2124:13849:5165 prevented from extending below 0 on chrUn_GL456389
Warning! Read K00382:118:HKHCJBBXY:3:2127:12946:11372 prevented from extending past 16299 on chrM
Warning! Read K00382:115:HKHC5BBXY:6:1101:12418:44640 prevented from extending past 16299 on chrM
Warning! Read K00382:115:HKHC5BBXY:8:1226:22820:24437 prevented from extending past 16299 on chrM
Warning! Read K00382:115:HKHC5BBXY:7:1226:10257:40227 prevented from extending past 16299 on chrM
Warning! Read K00382:115:HKHC5BBXY:6:2101:16630:42689 prevented from extending past 1976 on chr4_JH584295_random
Warning! Read K00382:118:HKHCJBBXY:3:2126:16721:29272 prevented from extending past 16299 on chrM
Warning! Read K00382:115:HKHC5BBXY:6:1103:10226:27057 prevented from extending below 0 on chr4_JH584295_random
Warning! Read K00382:115:HKHC5BBXY:7:1206:26068:34881 prevented from extending below 0 on chrM
Warning! Read K00382:107:HJ55YBBXY:6:1127:26616:3512 prevented from extending past 40056 on chrUn_GL456239
Warning! Read K00382:118:HKHCJBBXY:2:1126:22191:21764 prevented from extending below 0 on chrM
Warning! Read K00382:118:HKHCJBBXY:2:2216:5771:47471 prevented from extending past 16299 on chrM
Warning! Read K00382:115:HKHC5BBXY:6:2117:20141:25457 prevented from extending below 0 on chrM
Warning! Read K00382:118:HKHCJBBXY:2:1110:27559:10176 prevented from extending past 16299 on chrM
Warning! Read K00382:115:HKHC5BBXY:6:2103:11180:1314 prevented from extending below 0 on chrM
Warning! Read K00382:115:HKHC5BBXY:8:2214:18193:28059 prevented from extending below 0 on chrM
Warning! Read K00382:107:HJ55YBBXY:8:2216:25611:39506 prevented from extending below 0 on chrM
Warning! Read K00382:118:HKHCJBBXY:2:1104:14834:2088 prevented from extending past 16299 on chrM
Warning! Read K00382:107:HJ55YBBXY:6:2126:13585:39242 prevented from extending past 40056 on chrUn_GL456239
Warning! Read K00382:107:HJ55YBBXY:5:2221:23003:23909 prevented from extending below 0 on chrM
Warning! Read K00382:118:HKHCJBBXY:2:2226:14306:48192 prevented from extending past 16299 on chrM
Warning! Read K00382:118:HKHCJBBXY:3:2116:23794:46803 prevented from extending past 72385 on chrUn_GL456379
Warning! Read K00382:107:HJ55YBBXY:5:1120:21734:13271 prevented from extending past 16299 on chrM
Warning! Read K00382:115:HKHC5BBXY:6:2217:9790:36288 prevented from extending below 0 on chrM
Warning! Read K00382:115:HKHC5BBXY:6:2102:12621:13623 prevented from extending below 0 on chrM
Warning! Read K00382:107:HJ55YBBXY:5:1224:6573:41335 prevented from extending below 0 on chrM
Warning! Read K00382:118:HKHCJBBXY:3:2117:5792:1719 prevented from extending past 16299 on chrM
Warning! Read K00382:107:HJ55YBBXY:5:2217:3082:9367 prevented from extending past 16299 on chrM
Warning! Read K00382:115:HKHC5BBXY:6:2205:7385:26740 prevented from extending below 0 on chrM
Warning! Read K00382:118:HKHCJBBXY:3:2222:7060:11548 prevented from extending past 16299 on chrM
Warning! Read K00382:107:HJ55YBBXY:6:2118:7598:31294 prevented from extending below 0 on chrM
Warning! Read K00382:107:HJ55YBBXY:7:2107:6268:38521 prevented from extending below 0 on chrM
Warning! Read K00382:107:HJ55YBBXY:5:1121:19228:2000 prevented from extending below 0 on chrM
Warning! Read K00382:115:HKHC5BBXY:6:1113:7486:38029 prevented from extending past 16299 on chrM
Warning! Read K00382:107:HJ55YBBXY:5:2124:29538:5481 prevented from extending below 0 on chrM
Warning! Read K00382:107:HJ55YBBXY:5:2120:5091:28674 prevented from extending below 0 on chrM
Warning! Read K00382:107:HJ55YBBXY:5:1115:15442:33703 prevented from extending below 0 on chrM
Warning! Read K00382:107:HJ55YBBXY:8:1103:20253:7046 prevented from extending past 16299 on chrM
Warning! Read K00382:115:HKHC5BBXY:8:2117:11728:34055 prevented from extending past 16299 on chrM
Warning! Read K00382:115:HKHC5BBXY:6:1123:30949:9473 prevented from extending past 16299 on chrM
Warning! Read K00382:107:HJ55YBBXY:6:2110:5487:46416 prevented from extending past 1976 on chr4_JH584295_random
(another 20 warning messages suppressed)
  BAM records analyzed:    49316300
    Unmapped:                165936
    MAPQ < 30:              8375624
    Paired alignments:            0
    Unpaired alignments:   40774740
  PCR duplicates --
    Paired aln sets:              0
      duplicates:                 0 (0.0%)
    Discordant aln sets:          0
      duplicates:                 0 (0.0%)
    Singleton aln sets:    40774740
      duplicates:           7637601 (18.7%)
  Fragments analyzed:      33137139
    Full fragments:               0
    Half fragments:        33137139
      (from unpaired alns)
    ATAC-seq cut sites:    33137139
      (expanded to length 100bp)
- control file #2 not provided -
  Background pileup value: 1.312250
Peak-calling parameters:
  Genome length: 2491894574bp
  Significance threshold: -log(q) > 1.301
  Min. AUC: 200.000
  Max. gap between sites: 100bp
Peaks identified: 17495 (11355039bp)
Logs saved in <logs/5-ATAC_peaks/mito_BXD55_SD.log>
