Calling peaks with mitochondrial DNA for results/4-ATAC_genotype/corrected_bams/name/075_BXD43_CTRL_full.nm.bam results/4-ATAC_genotype/corrected_bams/name/148_BXD43_CTRL_full.nm.bam results/4-ATAC_genotype/corrected_bams/name/184_BXD43_CTRL_full.nm.bam
Processing experimental file #0: results/4-ATAC_genotype/corrected_bams/name/075_BXD43_CTRL_full.nm.bam
Warning! Read K00382:110:HKHKHBBXY:1:1112:5396:17456 prevented from extending below 0 on chrM
Warning! Read K00382:110:HKHKHBBXY:1:1126:15290:24929 prevented from extending below 0 on chrM
Warning! Read K00382:110:HKHKHBBXY:1:1210:18923:11038 prevented from extending below 0 on chrM
Warning! Read K00382:110:HKHKHBBXY:1:1221:3985:5200 prevented from extending past 16299 on chrM
Warning! Read K00382:110:HKHKHBBXY:1:2125:12418:30960 prevented from extending past 16299 on chrM
Warning! Read K00382:110:HKHKHBBXY:1:2127:17827:25070 prevented from extending past 16299 on chrM
Warning! Read K00382:110:HKHKHBBXY:2:1217:14133:22467 prevented from extending below 0 on chrM
Warning! Read K00382:110:HKHKHBBXY:2:1219:21582:38152 prevented from extending past 16299 on chrM
Warning! Read K00382:110:HKHKHBBXY:3:2227:6573:44992 prevented from extending below 0 on chrM
Warning! Read K00382:111:HKHK5BBXY:1:1114:16569:19126 prevented from extending below 0 on chrM
Warning! Read K00382:111:HKHK5BBXY:1:1219:24545:38750 prevented from extending below 0 on chrM
Warning! Read K00382:111:HKHK5BBXY:1:1222:22607:37079 prevented from extending past 16299 on chrM
Warning! Read K00382:111:HKHK5BBXY:1:2214:10734:17456 prevented from extending past 16299 on chrM
Warning! Read K00382:114:HKH5VBBXY:8:1108:15290:38082 prevented from extending below 0 on chrM
Warning! Read K00382:114:HKH5VBBXY:8:1128:4482:41968 prevented from extending below 0 on chrM
Warning! Read K00382:114:HKH5VBBXY:8:1222:14996:3283 prevented from extending past 16299 on chrM
Warning! Read K00382:110:HKHKHBBXY:1:1101:14296:31505 prevented from extending below 0 on chrM
Warning! Read K00382:110:HKHKHBBXY:1:1111:26230:28973 prevented from extending below 0 on chrM
Warning! Read K00382:110:HKHKHBBXY:1:1114:10145:46399 prevented from extending past 16299 on chrM
Warning! Read K00382:110:HKHKHBBXY:1:1114:11129:44728 prevented from extending below 0 on chrM
Warning! Read K00382:110:HKHKHBBXY:1:1116:26149:43955 prevented from extending below 0 on chrM
Warning! Read K00382:110:HKHKHBBXY:1:2122:15788:31910 prevented from extending below 0 on chrM
Warning! Read K00382:110:HKHKHBBXY:1:2209:8755:3407 prevented from extending below 0 on chrM
Warning! Read K00382:110:HKHKHBBXY:2:1115:14377:47260 prevented from extending below 0 on chrM
Warning! Read K00382:110:HKHKHBBXY:2:1221:8623:13904 prevented from extending below 0 on chrM
Warning! Read K00382:111:HKHK5BBXY:1:1209:25438:38504 prevented from extending past 16299 on chrM
Warning! Read K00382:111:HKHK5BBXY:1:2222:22039:37959 prevented from extending past 24323 on chrUn_GL456394
Warning! Read K00382:111:HKHK5BBXY:1:2227:14539:36112 prevented from extending past 16299 on chrM
Warning! Read K00382:114:HKH5VBBXY:8:1218:5172:18722 prevented from extending past 16299 on chrM
Warning! Read K00382:110:HKHKHBBXY:1:1206:7141:19496 prevented from extending below 0 on chrM
Warning! Read K00382:110:HKHKHBBXY:1:1103:5030:15909 prevented from extending past 16299 on chrM
Warning! Read K00382:110:HKHKHBBXY:1:1111:19624:12532 prevented from extending below 0 on chrM
Warning! Read K00382:110:HKHKHBBXY:1:1112:10805:37167 prevented from extending past 16299 on chrM
Warning! Read K00382:110:HKHKHBBXY:1:1214:3731:10211 prevented from extending below 0 on chrM
Warning! Read K00382:110:HKHKHBBXY:1:2220:9354:18687 prevented from extending past 16299 on chrM
Warning! Read K00382:110:HKHKHBBXY:2:1207:13656:7855 prevented from extending past 16299 on chrM
Warning! Read K00382:110:HKHKHBBXY:2:2214:9211:41370 prevented from extending past 16299 on chrM
Warning! Read K00382:110:HKHKHBBXY:3:1227:11515:14414 prevented from extending past 16299 on chrM
Warning! Read K00382:110:HKHKHBBXY:3:2106:4269:23593 prevented from extending below 0 on chrM
Warning! Read K00382:110:HKHKHBBXY:4:1210:10470:19214 prevented from extending below 0 on chrM
Warning! Read K00382:110:HKHKHBBXY:4:2204:21521:28692 prevented from extending past 16299 on chrM
Warning! Read K00382:110:HKHKHBBXY:1:1225:21481:37976 prevented from extending below 0 on chrM
Warning! Read K00382:110:HKHKHBBXY:2:2108:29021:12462 prevented from extending past 16299 on chrM
Warning! Read K00382:110:HKHKHBBXY:1:1102:12621:40772 prevented from extending past 16299 on chrM
Warning! Read K00382:110:HKHKHBBXY:1:1103:5934:43638 prevented from extending below 0 on chrM
Warning! Read K00382:110:HKHKHBBXY:1:1103:10927:33193 prevented from extending past 16299 on chrM
Warning! Read K00382:110:HKHKHBBXY:1:1105:28219:8295 prevented from extending below 0 on chrM
Warning! Read K00382:110:HKHKHBBXY:2:1122:15118:18933 prevented from extending below 0 on chrM
Warning! Read K00382:110:HKHKHBBXY:1:1101:12946:19742 prevented from extending below 0 on chrM
Warning! Read K00382:110:HKHKHBBXY:1:1101:9506:36253 prevented from extending below 0 on chrM
Warning! Read K00382:110:HKHKHBBXY:1:1104:23317:38416 prevented from extending below 0 on chrM
Warning! Read K00382:111:HKHK5BBXY:1:1109:4513:29677 prevented from extending past 16299 on chrM
Warning! Read K00382:110:HKHKHBBXY:1:1106:5030:14150 prevented from extending below 0 on chrM
Warning! Read K00382:110:HKHKHBBXY:1:2110:23094:13271 prevented from extending below 0 on chrM
Warning! Read K00382:110:HKHKHBBXY:3:2225:4411:2352 prevented from extending past 16299 on chrM
Warning! Read K00382:110:HKHKHBBXY:3:2205:5690:22256 prevented from extending past 16299 on chrM
Warning! Read K00382:110:HKHKHBBXY:3:2226:5944:38873 prevented from extending past 16299 on chrM
Warning! Read K00382:111:HKHK5BBXY:1:1122:4584:20902 prevented from extending below 0 on chrM
Warning! Read K00382:111:HKHK5BBXY:1:1223:17310:23786 prevented from extending below 0 on chrM
Warning! Read K00382:114:HKH5VBBXY:8:2118:7080:32930 prevented from extending past 16299 on chrM
Warning! Read K00382:110:HKHKHBBXY:1:1227:5477:13201 prevented from extending below 0 on chrM
Warning! Read K00382:110:HKHKHBBXY:1:2212:22942:14168 prevented from extending past 16299 on chrM
Warning! Read K00382:110:HKHKHBBXY:1:1202:21450:21289 prevented from extending past 16299 on chrM
Warning! Read K00382:110:HKHKHBBXY:1:1210:10439:24507 prevented from extending past 16299 on chrM
Warning! Read K00382:110:HKHKHBBXY:1:2128:22698:18458 prevented from extending below 0 on chrM
Warning! Read K00382:110:HKHKHBBXY:2:2101:10358:39945 prevented from extending below 0 on chrM
Warning! Read K00382:114:HKH5VBBXY:8:1106:5792:28833 prevented from extending past 16299 on chrM
Warning! Read K00382:110:HKHKHBBXY:1:1109:3397:3723 prevented from extending below 0 on chrM
Warning! Read K00382:110:HKHKHBBXY:1:1104:20111:28358 prevented from extending past 16299 on chrM
Warning! Read K00382:111:HKHK5BBXY:1:2128:19431:46944 prevented from extending below 0 on chrM
Warning! Read K00382:110:HKHKHBBXY:1:1211:4655:49124 prevented from extending past 16299 on chrM
Warning! Read K00382:110:HKHKHBBXY:2:2205:7608:18230 prevented from extending below 0 on chrUn_GL456393
Warning! Read K00382:110:HKHKHBBXY:1:1115:10510:49071 prevented from extending past 16299 on chrM
Warning! Read K00382:110:HKHKHBBXY:2:1214:15950:35004 prevented from extending past 16299 on chrM
Warning! Read K00382:110:HKHKHBBXY:2:2224:17939:13095 prevented from extending past 55711 on chrUn_GL456393
Warning! Read K00382:110:HKHKHBBXY:2:1215:11525:49071 prevented from extending past 16299 on chrM
Warning! Read K00382:114:HKH5VBBXY:8:2108:19045:49159 prevented from extending past 16299 on chrM
Warning! Read K00382:111:HKHK5BBXY:1:2126:17584:6501 prevented from extending past 16299 on chrM
Warning! Read K00382:110:HKHKHBBXY:3:2115:13626:48843 prevented from extending past 16299 on chrM
Warning! Read K00382:110:HKHKHBBXY:1:2116:5426:14519 prevented from extending below 0 on chrM
Warning! Read K00382:110:HKHKHBBXY:4:2124:23541:21922 prevented from extending below 0 on chrM
Warning! Read K00382:111:HKHK5BBXY:1:2106:7070:35374 prevented from extending below 0 on chrM
Warning! Read K00382:111:HKHK5BBXY:1:2119:2909:33826 prevented from extending below 0 on chrM
Warning! Read K00382:110:HKHKHBBXY:1:2219:1519:39400 prevented from extending past 16299 on chrM
Warning! Read K00382:110:HKHKHBBXY:1:2215:3315:48948 prevented from extending past 16299 on chrM
Warning! Read K00382:110:HKHKHBBXY:4:2117:22891:16049 prevented from extending past 16299 on chrM
Warning! Read K00382:110:HKHKHBBXY:1:1103:1306:20533 prevented from extending below 0 on chrM
Warning! Read K00382:110:HKHKHBBXY:1:1222:4117:28252 prevented from extending below 0 on chrM
Warning! Read K00382:111:HKHK5BBXY:1:2211:24241:28270 prevented from extending past 1976 on chr4_JH584295_random
Warning! Read K00382:114:HKH5VBBXY:8:1116:24840:48579 prevented from extending past 16299 on chrM
Warning! Read K00382:111:HKHK5BBXY:1:2206:7030:38855 prevented from extending below 0 on chrM
Warning! Read K00382:110:HKHKHBBXY:4:1118:32806:36569 prevented from extending past 16299 on chrM
Warning! Read K00382:110:HKHKHBBXY:1:1120:11941:48772 prevented from extending past 16299 on chrM
Warning! Read K00382:110:HKHKHBBXY:1:2203:22130:23839 prevented from extending past 40056 on chrUn_GL456239
Warning! Read K00382:110:HKHKHBBXY:3:2228:31812:30872 prevented from extending past 14945 on chr4_JH584292_random
Warning! Read K00382:110:HKHKHBBXY:4:2213:4959:6994 prevented from extending past 16299 on chrM
Warning! Read K00382:114:HKH5VBBXY:8:2220:18700:39242 prevented from extending below 0 on chr4_JH584295_random
Warning! Read K00382:110:HKHKHBBXY:2:2207:17868:7134 prevented from extending past 24323 on chrUn_GL456394
Warning! Read K00382:110:HKHKHBBXY:2:2102:20070:33070 prevented from extending below 0 on chrM
Warning! Read K00382:114:HKH5VBBXY:8:2108:16051:48649 prevented from extending below 0 on chrM
Warning! Read K00382:110:HKHKHBBXY:4:2119:20740:21360 prevented from extending past 1976 on chr4_JH584295_random
Warning! Read K00382:114:HKH5VBBXY:8:1111:22039:1314 prevented from extending past 16299 on chrM
Warning! Read K00382:110:HKHKHBBXY:1:1111:9414:11724 prevented from extending below 0 on chrM
Warning! Read K00382:110:HKHKHBBXY:1:1205:9973:27848 prevented from extending past 16299 on chrM
Warning! Read K00382:110:HKHKHBBXY:1:1120:31406:5798 prevented from extending below 0 on chrM
Warning! Read K00382:110:HKHKHBBXY:1:1119:27590:23311 prevented from extending past 16299 on chrM
Warning! Read K00382:110:HKHKHBBXY:1:1206:14194:4497 prevented from extending past 16299 on chrM
Warning! Read K00382:111:HKHK5BBXY:1:2123:23784:21887 prevented from extending past 16299 on chrM
Warning! Read K00382:114:HKH5VBBXY:8:1209:4706:44429 prevented from extending below 0 on chrM
Warning! Read K00382:110:HKHKHBBXY:1:1228:12571:27250 prevented from extending past 16299 on chrM
Warning! Read K00382:110:HKHKHBBXY:1:2224:16082:8119 prevented from extending below 0 on chrM
Warning! Read K00382:110:HKHKHBBXY:1:1121:11241:48263 prevented from extending below 0 on chrM
Warning! Read K00382:110:HKHKHBBXY:4:2102:15057:23892 prevented from extending past 16299 on chrM
Warning! Read K00382:110:HKHKHBBXY:2:1228:10977:21113 prevented from extending below 0 on chrM
Warning! Read K00382:111:HKHK5BBXY:1:1106:1265:26265 prevented from extending past 16299 on chrM
Warning! Read K00382:110:HKHKHBBXY:3:2224:9475:17667 prevented from extending past 16299 on chrM
Warning! Read K00382:114:HKH5VBBXY:8:2110:19268:48808 prevented from extending below 0 on chrM
Warning! Read K00382:110:HKHKHBBXY:4:2218:27559:47383 prevented from extending below 0 on chr4_JH584295_random
Warning! Read K00382:110:HKHKHBBXY:1:1104:29234:3758 prevented from extending below 0 on chrM
Warning! Read K00382:110:HKHKHBBXY:1:1216:7557:33580 prevented from extending below 0 on chrM
Warning! Read K00382:110:HKHKHBBXY:1:2120:3620:15574 prevented from extending past 16299 on chrM
Warning! Read K00382:110:HKHKHBBXY:3:1126:16244:40227 prevented from extending past 16299 on chrM
Warning! Read K00382:110:HKHKHBBXY:1:2221:12763:33809 prevented from extending below 0 on chrM
Warning! Read K00382:110:HKHKHBBXY:2:2221:18578:46662 prevented from extending past 40056 on chrUn_GL456239
Warning! Read K00382:110:HKHKHBBXY:4:1127:22201:36552 prevented from extending below 0 on chrM
Warning! Read K00382:110:HKHKHBBXY:1:1118:19492:30063 prevented from extending below 0 on chrM
Warning! Read K00382:110:HKHKHBBXY:1:2209:19015:31417 prevented from extending past 16299 on chrM
Warning! Read K00382:110:HKHKHBBXY:1:2110:32157:33791 prevented from extending past 16299 on chrM
(another 20 warning messages suppressed)
  BAM records analyzed:    44478060
    Unmapped:                139201
    MAPQ < 30:              7827724
    Paired alignments:            0
    Unpaired alignments:   36511135
  PCR duplicates --
    Paired aln sets:              0
      duplicates:                 0 (0.0%)
    Discordant aln sets:          0
      duplicates:                 0 (0.0%)
    Singleton aln sets:    36511135
      duplicates:           8205422 (22.5%)
  Fragments analyzed:      28305713
    Full fragments:               0
    Half fragments:        28305713
      (from unpaired alns)
    ATAC-seq cut sites:    28305713
      (expanded to length 100bp)
- control file #0 not provided -
  Background pileup value: 1.120337
Processing experimental file #1: results/4-ATAC_genotype/corrected_bams/name/148_BXD43_CTRL_full.nm.bam
Warning! Read K00382:109:HJ5Y5BBXY:5:1108:23906:6378 prevented from extending past 16299 on chrM
Warning! Read K00382:109:HJ5Y5BBXY:5:1201:24799:29976 prevented from extending past 16299 on chrM
Warning! Read K00382:109:HJ5Y5BBXY:6:2102:11048:45607 prevented from extending past 16299 on chrM
Warning! Read K00382:109:HJ5Y5BBXY:6:2221:15493:19935 prevented from extending below 0 on chrM
Warning! Read K00382:109:HJ5Y5BBXY:7:1219:10744:9842 prevented from extending past 16299 on chrM
Warning! Read K00382:115:HKHC5BBXY:3:1101:20730:45467 prevented from extending below 0 on chrM
Warning! Read K00382:115:HKHC5BBXY:3:1103:27356:26951 prevented from extending below 0 on chrM
Warning! Read K00382:115:HKHC5BBXY:3:1105:20009:6800 prevented from extending below 0 on chrM
Warning! Read K00382:115:HKHC5BBXY:3:1126:26240:36095 prevented from extending below 0 on chrM
Warning! Read K00382:115:HKHC5BBXY:3:1205:7912:11337 prevented from extending past 16299 on chrM
Warning! Read K00382:115:HKHC5BBXY:4:2117:7243:29976 prevented from extending past 16299 on chrM
Warning! Read K00382:115:HKHC5BBXY:5:2103:3234:46170 prevented from extending below 0 on chrM
Warning! Read K00382:109:HJ5Y5BBXY:8:2101:5680:29307 prevented from extending below 0 on chrM
Warning! Read K00382:115:HKHC5BBXY:3:1104:26149:33756 prevented from extending below 0 on chrM
Warning! Read K00382:115:HKHC5BBXY:3:1104:28310:40983 prevented from extending past 16299 on chrM
Warning! Read K00382:115:HKHC5BBXY:3:1108:27742:10036 prevented from extending below 0 on chrM
Warning! Read K00382:115:HKHC5BBXY:3:1115:19522:48755 prevented from extending below 0 on chrM
Warning! Read K00382:115:HKHC5BBXY:3:2117:16133:15873 prevented from extending below 0 on chrM
Warning! Read K00382:115:HKHC5BBXY:3:2203:29579:22608 prevented from extending below 0 on chrM
Warning! Read K00382:115:HKHC5BBXY:3:2209:3427:42038 prevented from extending below 0 on chrM
Warning! Read K00382:115:HKHC5BBXY:3:2224:12875:24296 prevented from extending past 16299 on chrM
Warning! Read K00382:115:HKHC5BBXY:4:1115:19045:25210 prevented from extending below 0 on chrM
Warning! Read K00382:120:HKHGNBBXY:8:1208:21755:17702 prevented from extending below 0 on chrM
Warning! Read K00382:109:HJ5Y5BBXY:5:1110:24089:25263 prevented from extending past 16299 on chrM
Warning! Read K00382:109:HJ5Y5BBXY:5:2119:3995:35286 prevented from extending below 0 on chrM
Warning! Read K00382:109:HJ5Y5BBXY:8:2112:10551:16401 prevented from extending below 0 on chrM
Warning! Read K00382:115:HKHC5BBXY:3:1106:19096:18863 prevented from extending below 0 on chrM
Warning! Read K00382:115:HKHC5BBXY:3:1114:17371:30398 prevented from extending past 16299 on chrM
Warning! Read K00382:115:HKHC5BBXY:3:1117:23794:23065 prevented from extending below 0 on chrM
Warning! Read K00382:115:HKHC5BBXY:3:1201:22130:10932 prevented from extending past 16299 on chrM
Warning! Read K00382:115:HKHC5BBXY:3:1202:3681:14308 prevented from extending past 16299 on chrM
Warning! Read K00382:115:HKHC5BBXY:3:1219:17848:13816 prevented from extending below 0 on chrM
Warning! Read K00382:115:HKHC5BBXY:3:2109:17878:21149 prevented from extending past 16299 on chrM
Warning! Read K00382:115:HKHC5BBXY:3:2226:15848:47419 prevented from extending below 0 on chrM
Warning! Read K00382:115:HKHC5BBXY:4:1102:4523:3213 prevented from extending past 16299 on chrM
Warning! Read K00382:115:HKHC5BBXY:4:1117:12987:41721 prevented from extending past 16299 on chrM
Warning! Read K00382:115:HKHC5BBXY:4:1205:19055:22626 prevented from extending past 16299 on chrM
Warning! Read K00382:115:HKHC5BBXY:4:1213:4533:36358 prevented from extending past 16299 on chrM
Warning! Read K00382:115:HKHC5BBXY:5:2208:27367:19302 prevented from extending past 16299 on chrM
Warning! Read K00382:120:HKHGNBBXY:8:1220:24779:10563 prevented from extending past 16299 on chrM
Warning! Read K00382:109:HJ5Y5BBXY:5:2218:18416:32595 prevented from extending past 16299 on chrM
Warning! Read K00382:109:HJ5Y5BBXY:6:1120:8237:9403 prevented from extending below 0 on chrM
Warning! Read K00382:109:HJ5Y5BBXY:6:1123:16711:7662 prevented from extending below 0 on chrM
Warning! Read K00382:115:HKHC5BBXY:3:1102:5325:12867 prevented from extending below 0 on chrM
Warning! Read K00382:115:HKHC5BBXY:3:1220:4036:38803 prevented from extending past 16299 on chrM
Warning! Read K00382:115:HKHC5BBXY:5:1220:15980:36464 prevented from extending past 16299 on chrM
Warning! Read K00382:115:HKHC5BBXY:3:2216:6482:29290 prevented from extending past 16299 on chrM
Warning! Read K00382:109:HJ5Y5BBXY:6:1128:12926:25615 prevented from extending past 16299 on chrM
Warning! Read K00382:115:HKHC5BBXY:3:1103:18193:13640 prevented from extending below 0 on chrM
Warning! Read K00382:115:HKHC5BBXY:3:1204:11282:1420 prevented from extending past 16299 on chrM
Warning! Read K00382:115:HKHC5BBXY:3:2221:20801:43550 prevented from extending past 16299 on chrM
Warning! Read K00382:120:HKHGNBBXY:8:1104:18416:28094 prevented from extending past 16299 on chrM
Warning! Read K00382:115:HKHC5BBXY:3:1117:17543:36640 prevented from extending below 0 on chrM
Warning! Read K00382:115:HKHC5BBXY:3:1109:10541:37976 prevented from extending below 0 on chrM
Warning! Read K00382:109:HJ5Y5BBXY:8:2124:27174:37677 prevented from extending past 16299 on chrM
Warning! Read K00382:115:HKHC5BBXY:3:1105:10470:35286 prevented from extending past 16299 on chrM
Warning! Read K00382:120:HKHGNBBXY:8:1218:19400:18194 prevented from extending past 16299 on chrM
Warning! Read K00382:115:HKHC5BBXY:3:2108:18832:12779 prevented from extending past 16299 on chrM
Warning! Read K00382:115:HKHC5BBXY:3:1128:10155:43111 prevented from extending below 0 on chrM
Warning! Read K00382:120:HKHGNBBXY:8:1116:19319:32226 prevented from extending past 16299 on chrM
Warning! Read K00382:115:HKHC5BBXY:4:2103:24901:21817 prevented from extending past 16299 on chrM
Warning! Read K00382:120:HKHGNBBXY:8:2220:17645:13535 prevented from extending below 0 on chrM
Warning! Read K00382:109:HJ5Y5BBXY:7:2126:11921:48597 prevented from extending past 16299 on chrM
Warning! Read K00382:115:HKHC5BBXY:4:2216:16731:24401 prevented from extending below 0 on chrM
Warning! Read K00382:109:HJ5Y5BBXY:5:2114:21694:31769 prevented from extending past 40056 on chrUn_GL456239
Warning! Read K00382:115:HKHC5BBXY:3:2228:11606:24208 prevented from extending past 16299 on chrM
Warning! Read K00382:109:HJ5Y5BBXY:7:2121:9516:49036 prevented from extending below 0 on chrM
Warning! Read K00382:109:HJ5Y5BBXY:6:2101:13311:7468 prevented from extending below 0 on chrM
Warning! Read K00382:109:HJ5Y5BBXY:6:2212:4340:49177 prevented from extending below 0 on chrM
Warning! Read K00382:115:HKHC5BBXY:5:2228:19898:16946 prevented from extending below 0 on chrM
Warning! Read K00382:120:HKHGNBBXY:8:1210:25093:2422 prevented from extending past 55711 on chrUn_GL456393
Warning! Read K00382:115:HKHC5BBXY:3:1207:15422:27514 prevented from extending past 16299 on chrM
Warning! Read K00382:115:HKHC5BBXY:5:2116:22830:28780 prevented from extending below 0 on chrM
Warning! Read K00382:120:HKHGNBBXY:8:1118:9485:42442 prevented from extending below 0 on chrM
Warning! Read K00382:120:HKHGNBBXY:8:2204:21105:23329 prevented from extending below 0 on chrM
Warning! Read K00382:115:HKHC5BBXY:3:1119:14296:19513 prevented from extending below 0 on chrM
Warning! Read K00382:109:HJ5Y5BBXY:5:2116:27752:47612 prevented from extending past 40056 on chrUn_GL456239
Warning! Read K00382:115:HKHC5BBXY:5:1220:31132:45238 prevented from extending past 1976 on chr4_JH584295_random
Warning! Read K00382:115:HKHC5BBXY:3:1202:11069:46662 prevented from extending below 0 on chrM
Warning! Read K00382:115:HKHC5BBXY:4:2105:1925:4725 prevented from extending past 16299 on chrM
Warning! Read K00382:115:HKHC5BBXY:3:1203:29660:27602 prevented from extending past 16299 on chrM
Warning! Read K00382:120:HKHGNBBXY:8:1215:15798:38961 prevented from extending past 1976 on chr4_JH584295_random
Warning! Read K00382:115:HKHC5BBXY:3:1105:31609:3723 prevented from extending below 0 on chr4_JH584295_random
Warning! Read K00382:109:HJ5Y5BBXY:6:2208:26301:5077 prevented from extending below 0 on chr4_JH584295_random
Warning! Read K00382:109:HJ5Y5BBXY:6:1213:26037:41194 prevented from extending past 16299 on chrM
Warning! Read K00382:120:HKHGNBBXY:8:1117:14072:39594 prevented from extending past 1976 on chr4_JH584295_random
Warning! Read K00382:115:HKHC5BBXY:3:2211:31822:37255 prevented from extending below 0 on chrM
Warning! Read K00382:109:HJ5Y5BBXY:8:1109:32451:23751 prevented from extending past 16299 on chrM
Warning! Read K00382:115:HKHC5BBXY:5:1106:16427:11460 prevented from extending below 0 on chrM
Warning! Read K00382:109:HJ5Y5BBXY:8:1117:9130:18089 prevented from extending past 16299 on chrM
Warning! Read K00382:109:HJ5Y5BBXY:6:1220:1925:29835 prevented from extending past 24668 on chrUn_GL456390
Warning! Read K00382:115:HKHC5BBXY:3:1203:32380:12058 prevented from extending past 16299 on chrM
Warning! Read K00382:109:HJ5Y5BBXY:8:1220:7770:27901 prevented from extending below 0 on chrM
Warning! Read K00382:115:HKHC5BBXY:3:1213:7872:13869 prevented from extending below 0 on chrM
Warning! Read K00382:109:HJ5Y5BBXY:5:2120:24048:49142 prevented from extending below 0 on chrM
Warning! Read K00382:109:HJ5Y5BBXY:6:1122:3528:27795 prevented from extending past 16299 on chrM
Warning! Read K00382:109:HJ5Y5BBXY:6:2222:1265:45080 prevented from extending below 0 on chrM
Warning! Read K00382:115:HKHC5BBXY:4:2107:16112:26564 prevented from extending past 16299 on chrM
Warning! Read K00382:115:HKHC5BBXY:4:2103:17685:33475 prevented from extending past 16299 on chrM
Warning! Read K00382:109:HJ5Y5BBXY:8:2206:24028:14432 prevented from extending below 0 on chrM
Warning! Read K00382:115:HKHC5BBXY:3:1219:25986:21764 prevented from extending past 16299 on chrM
Warning! Read K00382:109:HJ5Y5BBXY:5:1124:30360:9156 prevented from extending below 0 on chrM
Warning! Read K00382:115:HKHC5BBXY:3:1210:14732:13763 prevented from extending past 16299 on chrM
Warning! Read K00382:109:HJ5Y5BBXY:5:2203:16376:4303 prevented from extending below 0 on chrM
Warning! Read K00382:109:HJ5Y5BBXY:5:2218:26403:39260 prevented from extending below 0 on chrM
Warning! Read K00382:115:HKHC5BBXY:3:1123:8186:28833 prevented from extending past 16299 on chrM
Warning! Read K00382:115:HKHC5BBXY:3:1116:8846:32402 prevented from extending below 0 on chrM
Warning! Read K00382:115:HKHC5BBXY:4:2120:25946:30099 prevented from extending past 16299 on chrM
Warning! Read K00382:115:HKHC5BBXY:3:2207:23419:44535 prevented from extending past 16299 on chrM
Warning! Read K00382:109:HJ5Y5BBXY:7:2203:9668:35972 prevented from extending below 0 on chrM
Warning! Read K00382:115:HKHC5BBXY:5:1118:18903:28305 prevented from extending past 16299 on chrM
Warning! Read K00382:109:HJ5Y5BBXY:5:1227:22495:30732 prevented from extending below 0 on chrM
Warning! Read K00382:109:HJ5Y5BBXY:7:1104:10521:20111 prevented from extending below 0 on chrM
Warning! Read K00382:115:HKHC5BBXY:3:2116:14813:1806 prevented from extending past 16299 on chrM
Warning! Read K00382:109:HJ5Y5BBXY:5:2213:15889:21430 prevented from extending past 16299 on chrM
Warning! Read K00382:109:HJ5Y5BBXY:7:2222:22820:22713 prevented from extending below 0 on chrM
Warning! Read K00382:109:HJ5Y5BBXY:8:2120:15595:20498 prevented from extending past 16299 on chrM
Warning! Read K00382:109:HJ5Y5BBXY:5:1116:12682:7820 prevented from extending past 16299 on chrM
Warning! Read K00382:115:HKHC5BBXY:4:1214:9709:37695 prevented from extending past 1976 on chr4_JH584295_random
Warning! Read K00382:109:HJ5Y5BBXY:6:1215:23744:21746 prevented from extending below 0 on chrM
Warning! Read K00382:109:HJ5Y5BBXY:8:1123:15209:26582 prevented from extending below 0 on chrM
Warning! Read K00382:109:HJ5Y5BBXY:5:1227:5233:20902 prevented from extending below 0 on chrM
Warning! Read K00382:109:HJ5Y5BBXY:6:1205:13190:43691 prevented from extending below 0 on chrM
Warning! Read K00382:109:HJ5Y5BBXY:5:1110:2980:48263 prevented from extending below 0 on chrM
Warning! Read K00382:109:HJ5Y5BBXY:5:1211:15382:31769 prevented from extending past 16299 on chrM
Warning! Read K00382:115:HKHC5BBXY:4:1227:28889:10370 prevented from extending past 40056 on chrUn_GL456239
Warning! Read K00382:109:HJ5Y5BBXY:8:1110:18335:12163 prevented from extending past 1976 on chr4_JH584295_random
Warning! Read K00382:109:HJ5Y5BBXY:8:1103:23104:30310 prevented from extending past 16299 on chrM
(another 22 warning messages suppressed)
  BAM records analyzed:    42631771
    Unmapped:                209613
    MAPQ < 30:              8558817
    Paired alignments:            0
    Unpaired alignments:   33863341
  PCR duplicates --
    Paired aln sets:              0
      duplicates:                 0 (0.0%)
    Discordant aln sets:          0
      duplicates:                 0 (0.0%)
    Singleton aln sets:    33863341
      duplicates:           8545490 (25.2%)
  Fragments analyzed:      25317851
    Full fragments:               0
    Half fragments:        25317851
      (from unpaired alns)
    ATAC-seq cut sites:    25317851
      (expanded to length 100bp)
- control file #1 not provided -
  Background pileup value: 1.002192
Processing experimental file #2: results/4-ATAC_genotype/corrected_bams/name/184_BXD43_CTRL_full.nm.bam
Warning! Read K00382:109:HJ5Y5BBXY:3:2222:29346:22661 prevented from extending below 0 on chrM
Warning! Read K00382:109:HJ5Y5BBXY:4:2209:21542:32842 prevented from extending past 16299 on chrM
Warning! Read K00382:115:HKHC5BBXY:1:1125:6542:20955 prevented from extending past 16299 on chrM
Warning! Read K00382:115:HKHC5BBXY:1:2208:10318:30169 prevented from extending below 0 on chrM
Warning! Read K00382:115:HKHC5BBXY:1:2225:20598:2017 prevented from extending past 16299 on chrM
Warning! Read K00382:115:HKHC5BBXY:1:2227:9343:2141 prevented from extending below 0 on chrM
Warning! Read K00382:115:HKHC5BBXY:2:1110:20273:43058 prevented from extending below 0 on chrM
Warning! Read K00382:115:HKHC5BBXY:2:1212:24992:15188 prevented from extending below 0 on chrM
Warning! Read K00382:118:HKHCJBBXY:1:1108:13464:26125 prevented from extending below 0 on chrM
Warning! Read K00382:118:HKHCJBBXY:1:1109:22719:31751 prevented from extending below 0 on chrM
Warning! Read K00382:118:HKHCJBBXY:1:1119:19877:44904 prevented from extending past 16299 on chrM
Warning! Read K00382:118:HKHCJBBXY:1:1125:7182:17843 prevented from extending past 16299 on chrM
Warning! Read K00382:118:HKHCJBBXY:1:1127:12449:34424 prevented from extending below 0 on chrM
Warning! Read K00382:118:HKHCJBBXY:1:1127:16407:26652 prevented from extending past 16299 on chrM
Warning! Read K00382:118:HKHCJBBXY:1:1207:26880:24577 prevented from extending below 0 on chrM
Warning! Read K00382:118:HKHCJBBXY:1:1213:7334:4180 prevented from extending below 0 on chrM
Warning! Read K00382:118:HKHCJBBXY:1:2121:25946:46698 prevented from extending below 0 on chrM
Warning! Read K00382:120:HKHGNBBXY:7:2111:21339:14906 prevented from extending below 0 on chrM
Warning! Read K00382:120:HKHGNBBXY:7:2206:19390:35479 prevented from extending below 0 on chrM
Warning! Read K00382:120:HKHGNBBXY:7:2210:3630:5183 prevented from extending below 0 on chrM
Warning! Read K00382:109:HJ5Y5BBXY:1:1125:7141:2299 prevented from extending below 0 on chrM
Warning! Read K00382:109:HJ5Y5BBXY:1:2122:18629:32648 prevented from extending below 0 on chrM
Warning! Read K00382:115:HKHC5BBXY:1:1101:21602:39242 prevented from extending past 16299 on chrM
Warning! Read K00382:115:HKHC5BBXY:1:1217:3873:23575 prevented from extending past 16299 on chrM
Warning! Read K00382:115:HKHC5BBXY:1:2104:6989:25492 prevented from extending below 0 on chrM
Warning! Read K00382:115:HKHC5BBXY:1:2215:11302:12146 prevented from extending past 16299 on chrM
Warning! Read K00382:115:HKHC5BBXY:2:1204:25641:15645 prevented from extending past 16299 on chrM
Warning! Read K00382:118:HKHCJBBXY:1:1101:21602:34881 prevented from extending below 0 on chrM
Warning! Read K00382:118:HKHCJBBXY:1:1102:26900:5024 prevented from extending below 0 on chrM
Warning! Read K00382:118:HKHCJBBXY:1:1104:7364:16225 prevented from extending below 0 on chrM
Warning! Read K00382:118:HKHCJBBXY:1:1208:14458:37976 prevented from extending below 0 on chrM
Warning! Read K00382:118:HKHCJBBXY:1:2107:9607:45221 prevented from extending below 0 on chrM
Warning! Read K00382:118:HKHCJBBXY:1:2124:16264:45854 prevented from extending past 16299 on chrM
Warning! Read K00382:118:HKHCJBBXY:1:2210:7182:21149 prevented from extending below 0 on chrM
Warning! Read K00382:120:HKHGNBBXY:7:1201:9171:22872 prevented from extending past 16299 on chrM
Warning! Read K00382:118:HKHCJBBXY:1:1119:3650:30573 prevented from extending past 16299 on chrM
Warning! Read K00382:109:HJ5Y5BBXY:1:2113:26149:37167 prevented from extending below 0 on chrM
Warning! Read K00382:109:HJ5Y5BBXY:4:1106:29406:2510 prevented from extending past 16299 on chrM
Warning! Read K00382:115:HKHC5BBXY:1:1120:5589:48069 prevented from extending past 16299 on chrM
Warning! Read K00382:115:HKHC5BBXY:1:1227:21399:4989 prevented from extending below 0 on chrM
Warning! Read K00382:118:HKHCJBBXY:1:1102:7801:47577 prevented from extending past 16299 on chrM
Warning! Read K00382:118:HKHCJBBXY:1:1106:24931:45221 prevented from extending past 16299 on chrM
Warning! Read K00382:118:HKHCJBBXY:1:1118:18832:35356 prevented from extending past 16299 on chrM
Warning! Read K00382:118:HKHCJBBXY:1:1201:6177:44306 prevented from extending past 16299 on chrM
Warning! Read K00382:118:HKHCJBBXY:1:1204:15371:5270 prevented from extending below 0 on chrM
Warning! Read K00382:118:HKHCJBBXY:1:1227:12469:23944 prevented from extending past 16299 on chrM
Warning! Read K00382:118:HKHCJBBXY:1:2105:10084:30362 prevented from extending past 16299 on chrM
Warning! Read K00382:118:HKHCJBBXY:1:2113:20314:43831 prevented from extending past 16299 on chrM
Warning! Read K00382:120:HKHGNBBXY:7:2205:9019:48913 prevented from extending below 0 on chrM
Warning! Read K00382:118:HKHCJBBXY:1:1105:18426:45062 prevented from extending below 0 on chrM
Warning! Read K00382:120:HKHGNBBXY:7:2216:4635:23311 prevented from extending below 0 on chrM
Warning! Read K00382:120:HKHGNBBXY:7:2114:19979:38082 prevented from extending below 0 on chrM
Warning! Read K00382:109:HJ5Y5BBXY:1:2114:27854:39664 prevented from extending past 16299 on chrM
Warning! Read K00382:109:HJ5Y5BBXY:4:1211:18649:33738 prevented from extending below 0 on chrM
Warning! Read K00382:115:HKHC5BBXY:1:1125:3001:16295 prevented from extending past 16299 on chrM
Warning! Read K00382:115:HKHC5BBXY:2:1209:18304:4514 prevented from extending past 16299 on chrM
Warning! Read K00382:118:HKHCJBBXY:1:1102:13677:37818 prevented from extending past 16299 on chrM
Warning! Read K00382:118:HKHCJBBXY:1:1113:29417:48667 prevented from extending past 16299 on chrM
Warning! Read K00382:118:HKHCJBBXY:1:1204:11921:20674 prevented from extending below 0 on chrM
Warning! Read K00382:118:HKHCJBBXY:1:1215:11566:27619 prevented from extending below 0 on chrM
Warning! Read K00382:118:HKHCJBBXY:1:1128:16102:38609 prevented from extending below 0 on chrM
Warning! Read K00382:120:HKHGNBBXY:7:1112:12357:37501 prevented from extending past 16299 on chrM
Warning! Read K00382:118:HKHCJBBXY:1:1222:20263:18036 prevented from extending past 16299 on chrM
Warning! Read K00382:115:HKHC5BBXY:1:1128:17391:9719 prevented from extending past 16299 on chrM
Warning! Read K00382:118:HKHCJBBXY:1:1104:23876:35022 prevented from extending below 0 on chrM
Warning! Read K00382:115:HKHC5BBXY:2:1204:29498:11460 prevented from extending below 0 on chrM
Warning! Read K00382:115:HKHC5BBXY:1:1223:30066:37519 prevented from extending past 16299 on chrM
Warning! Read K00382:115:HKHC5BBXY:2:1115:29650:16717 prevented from extending past 1976 on chr4_JH584295_random
Warning! Read K00382:118:HKHCJBBXY:1:1213:26859:45256 prevented from extending past 16299 on chrM
Warning! Read K00382:115:HKHC5BBXY:2:2109:13474:29835 prevented from extending below 0 on chrM
Warning! Read K00382:109:HJ5Y5BBXY:1:2104:27691:24683 prevented from extending past 16299 on chrM
Warning! Read K00382:115:HKHC5BBXY:1:2207:4817:40367 prevented from extending below 0 on chrM
Warning! Read K00382:115:HKHC5BBXY:2:1117:17675:44922 prevented from extending past 16299 on chrM
Warning! Read K00382:115:HKHC5BBXY:1:1106:8704:7433 prevented from extending past 38659 on chrUn_GL456383
Warning! Read K00382:118:HKHCJBBXY:1:1112:14539:36394 prevented from extending below 0 on chrM
Warning! Read K00382:118:HKHCJBBXY:1:1117:6969:17649 prevented from extending past 16299 on chrM
Warning! Read K00382:118:HKHCJBBXY:1:2209:19350:11354 prevented from extending past 16299 on chrM
Warning! Read K00382:118:HKHCJBBXY:1:1208:17969:42970 prevented from extending past 16299 on chrM
Warning! Read K00382:120:HKHGNBBXY:7:1224:4848:49071 prevented from extending below 0 on chrM
Warning! Read K00382:115:HKHC5BBXY:1:2101:21105:38099 prevented from extending past 16299 on chrM
Warning! Read K00382:118:HKHCJBBXY:1:1115:30990:5007 prevented from extending below 0 on chrM
Warning! Read K00382:115:HKHC5BBXY:1:2113:13037:11636 prevented from extending past 16299 on chrM
Warning! Read K00382:118:HKHCJBBXY:1:1101:21105:42319 prevented from extending past 16299 on chrM
Warning! Read K00382:115:HKHC5BBXY:2:1213:18000:30222 prevented from extending past 47073 on chrUn_GL456366
Warning! Read K00382:115:HKHC5BBXY:1:2117:14062:39189 prevented from extending past 40056 on chrUn_GL456239
Warning! Read K00382:109:HJ5Y5BBXY:1:2228:29447:32332 prevented from extending past 14945 on chr4_JH584292_random
Warning! Read K00382:109:HJ5Y5BBXY:4:2211:26737:46311 prevented from extending past 40056 on chrUn_GL456239
Warning! Read K00382:118:HKHCJBBXY:1:1101:26514:44201 prevented from extending below 0 on chrM
Warning! Read K00382:118:HKHCJBBXY:1:1226:31426:37308 prevented from extending past 24323 on chrUn_GL456394
Warning! Read K00382:115:HKHC5BBXY:2:1121:30959:1894 prevented from extending past 16299 on chrM
Warning! Read K00382:115:HKHC5BBXY:1:1226:9922:17491 prevented from extending below 0 on chrM
Warning! Read K00382:109:HJ5Y5BBXY:2:2107:21024:35708 prevented from extending past 16299 on chrM
Warning! Read K00382:115:HKHC5BBXY:1:2120:24759:42917 prevented from extending past 16299 on chrM
Warning! Read K00382:118:HKHCJBBXY:1:2206:1286:37062 prevented from extending past 16299 on chrM
Warning! Read K00382:120:HKHGNBBXY:7:2105:32207:43093 prevented from extending past 16299 on chrM
Warning! Read K00382:115:HKHC5BBXY:2:2105:12459:41194 prevented from extending below 0 on chrM
Warning! Read K00382:118:HKHCJBBXY:1:2226:26707:30749 prevented from extending below 0 on chrM
Warning! Read K00382:109:HJ5Y5BBXY:2:2223:16681:46891 prevented from extending below 0 on chr4_JH584295_random
Warning! Read K00382:120:HKHGNBBXY:7:1219:21247:8559 prevented from extending below 0 on chrM
Warning! Read K00382:120:HKHGNBBXY:7:2203:5751:25386 prevented from extending past 16299 on chrM
Warning! Read K00382:115:HKHC5BBXY:1:2111:14296:6079 prevented from extending below 0 on chrM
Warning! Read K00382:115:HKHC5BBXY:2:1126:2098:1754 prevented from extending past 16299 on chrM
Warning! Read K00382:115:HKHC5BBXY:1:1223:16396:2721 prevented from extending below 0 on chrM
Warning! Read K00382:115:HKHC5BBXY:1:1206:23074:9930 prevented from extending past 16299 on chrM
Warning! Read K00382:118:HKHCJBBXY:1:2213:31710:12656 prevented from extending below 0 on chrM
Warning! Read K00382:118:HKHCJBBXY:1:2115:31142:41915 prevented from extending below 0 on chrM
Warning! Read K00382:115:HKHC5BBXY:1:1127:23815:28059 prevented from extending past 16299 on chrM
Warning! Read K00382:115:HKHC5BBXY:1:2115:7476:19373 prevented from extending past 16299 on chrM
Warning! Read K00382:115:HKHC5BBXY:2:2104:5132:1244 prevented from extending past 16299 on chrM
Warning! Read K00382:115:HKHC5BBXY:2:1211:15168:36956 prevented from extending below 0 on chrM
Warning! Read K00382:109:HJ5Y5BBXY:1:1202:6674:28534 prevented from extending below 0 on chrM
Warning! Read K00382:109:HJ5Y5BBXY:3:2121:19999:6044 prevented from extending past 16299 on chrM
Warning! Read K00382:109:HJ5Y5BBXY:2:2207:30634:3442 prevented from extending past 16299 on chrM
Warning! Read K00382:109:HJ5Y5BBXY:1:1120:3985:21553 prevented from extending below 0 on chrM
Warning! Read K00382:109:HJ5Y5BBXY:2:2208:22201:17561 prevented from extending below 0 on chrM
Warning! Read K00382:109:HJ5Y5BBXY:3:2206:4361:43937 prevented from extending below 0 on chrM
Warning! Read K00382:115:HKHC5BBXY:1:1112:13382:7732 prevented from extending past 16299 on chrM
Warning! Read K00382:115:HKHC5BBXY:1:2208:6025:45731 prevented from extending past 16299 on chrM
Warning! Read K00382:115:HKHC5BBXY:2:1218:13636:19953 prevented from extending below 0 on chrM
Warning! Read K00382:109:HJ5Y5BBXY:1:2202:6340:30872 prevented from extending below 0 on chrM
Warning! Read K00382:109:HJ5Y5BBXY:1:2228:19999:46873 prevented from extending below 0 on chrM
Warning! Read K00382:115:HKHC5BBXY:2:1213:12388:28692 prevented from extending past 16299 on chrM
Warning! Read K00382:109:HJ5Y5BBXY:2:1225:25855:23575 prevented from extending below 0 on chrM
Warning! Read K00382:109:HJ5Y5BBXY:2:2207:2960:14361 prevented from extending below 0 on chrM
Warning! Read K00382:120:HKHGNBBXY:7:1117:5964:4760 prevented from extending past 16299 on chrM
Warning! Read K00382:109:HJ5Y5BBXY:3:2222:15331:43357 prevented from extending past 16299 on chrM
Warning! Read K00382:109:HJ5Y5BBXY:2:2209:13058:43040 prevented from extending past 16299 on chrM
Warning! Read K00382:109:HJ5Y5BBXY:4:1123:14884:43005 prevented from extending below 0 on chrM
(another 18 warning messages suppressed)
  BAM records analyzed:    40379615
    Unmapped:                309574
    MAPQ < 30:              9134283
    Paired alignments:            0
    Unpaired alignments:   30935758
  PCR duplicates --
    Paired aln sets:              0
      duplicates:                 0 (0.0%)
    Discordant aln sets:          0
      duplicates:                 0 (0.0%)
    Singleton aln sets:    30935758
      duplicates:          10059076 (32.5%)
  Fragments analyzed:      20876682
    Full fragments:               0
    Half fragments:        20876682
      (from unpaired alns)
    ATAC-seq cut sites:    20876682
      (expanded to length 100bp)
- control file #2 not provided -
  Background pileup value: 0.826028
Peak-calling parameters:
  Genome length: 2491894574bp
  Significance threshold: -log(q) > 1.301
  Min. AUC: 200.000
  Max. gap between sites: 100bp
Peaks identified: 15654 (9438101bp)
Logs saved in <logs/5-ATAC_peaks/mito_BXD43_CTRL.log>
