Calling peaks for results/4-ATAC_genotype/corrected_bams/name/147_C57Bl6_SD_full.nm.bam results/4-ATAC_genotype/corrected_bams/name/201_C57Bl6_SD_full.nm.bam results/4-ATAC_genotype/corrected_bams/name/181_C57Bl6_SD_full.nm.bam
Processing experimental file #0: results/4-ATAC_genotype/corrected_bams/name/147_C57Bl6_SD_full.nm.bam
Warning! Read K00382:125:HKHL3BBXY:6:2122:24190:9438 prevented from extending below 0 on chr4_JH584295_random
Warning! Read K00382:106:HJ57YBBXY:7:1220:24241:34565 prevented from extending past 40056 on chrUn_GL456239
Warning! Read K00382:125:HKHL3BBXY:6:1115:30543:25369 prevented from extending past 1976 on chr4_JH584295_random
Warning! Read K00382:125:HKHL3BBXY:6:1205:30086:16313 prevented from extending past 1976 on chr4_JH584295_random
Warning! Read K00382:111:HKHK5BBXY:5:1105:5122:41634 prevented from extending below 0 on chrUn_GL456366
Warning! Read K00382:125:HKHL3BBXY:6:2223:6279:34952 prevented from extending past 1976 on chr4_JH584295_random
Warning! Read K00382:111:HKHK5BBXY:3:2223:7841:32420 prevented from extending past 40056 on chrUn_GL456239
  BAM records analyzed:    38670497
    Unmapped:                191790
    To skipped refs:        7775155
      (chrM)
    MAPQ < 30:              8121987
    Paired alignments:            0
    Unpaired alignments:   22581565
  PCR duplicates --
    Paired aln sets:              0
      duplicates:                 0 (0.0%)
    Discordant aln sets:          0
      duplicates:                 0 (0.0%)
    Singleton aln sets:    30356720
      duplicates:           9123908 (30.1%)
  Fragments analyzed:      21210391
    Full fragments:               0
    Half fragments:        21210391
      (from unpaired alns)
    ATAC-seq cut sites:    21210391
      (expanded to length 100bp)
- control file #0 not provided -
  Background pileup value: 0.839343
Processing experimental file #1: results/4-ATAC_genotype/corrected_bams/name/201_C57Bl6_SD_full.nm.bam
Warning! Read K00382:106:HJ57YBBXY:7:2114:16051:31242 prevented from extending past 1976 on chr4_JH584295_random
Warning! Read K00382:125:HKHL3BBXY:6:2219:30076:2967 prevented from extending past 28772 on chrUn_GL456389
Warning! Read K00382:106:HJ57YBBXY:7:2109:24850:26828 prevented from extending past 24323 on chrUn_GL456394
Warning! Read K00382:106:HJ57YBBXY:8:1112:16823:37290 prevented from extending past 28772 on chrUn_GL456389
Warning! Read K00382:125:HKHL3BBXY:6:2201:11840:25914 prevented from extending below 0 on chrUn_GL456370
Warning! Read K00382:106:HJ57YBBXY:6:1219:32603:12515 prevented from extending past 40056 on chrUn_GL456239
Warning! Read K00382:106:HJ57YBBXY:5:2220:24809:41739 prevented from extending below 0 on chrUn_GL456366
Warning! Read K00382:111:HKHK5BBXY:3:1210:22191:22045 prevented from extending past 1976 on chr4_JH584295_random
Warning! Read K00382:106:HJ57YBBXY:5:2107:21186:27338 prevented from extending past 1976 on chr4_JH584295_random
Warning! Read K00382:106:HJ57YBBXY:5:2125:4016:39014 prevented from extending past 1976 on chr4_JH584295_random
Warning! Read K00382:106:HJ57YBBXY:5:2112:26210:19619 prevented from extending below 0 on chrUn_GL456392
  BAM records analyzed:    36951368
    Unmapped:                226602
    To skipped refs:        6928398
      (chrM)
    MAPQ < 30:              7772475
    Paired alignments:            0
    Unpaired alignments:   22023893
  PCR duplicates --
    Paired aln sets:              0
      duplicates:                 0 (0.0%)
    Discordant aln sets:          0
      duplicates:                 0 (0.0%)
    Singleton aln sets:    28952291
      duplicates:           8150317 (28.2%)
  Fragments analyzed:      20779611
    Full fragments:               0
    Half fragments:        20779611
      (from unpaired alns)
    ATAC-seq cut sites:    20779611
      (expanded to length 100bp)
- control file #1 not provided -
  Background pileup value: 0.821759
Processing experimental file #2: results/4-ATAC_genotype/corrected_bams/name/181_C57Bl6_SD_full.nm.bam
Warning! Read K00382:107:HJ55YBBXY:7:2202:20466:36569 prevented from extending past 1976 on chr4_JH584295_random
Warning! Read K00382:118:HKHCJBBXY:2:1102:13301:41950 prevented from extending past 1976 on chr4_JH584295_random
Warning! Read K00382:115:HKHC5BBXY:8:1115:32268:43796 prevented from extending below 0 on chr4_JH584295_random
Warning! Read K00382:107:HJ55YBBXY:6:1222:31497:42671 prevented from extending past 14945 on chr4_JH584292_random
Warning! Read K00382:118:HKHCJBBXY:2:1219:8592:11671 prevented from extending past 206961 on chr1_GL456221_random
Warning! Read K00382:107:HJ55YBBXY:6:1106:12479:2650 prevented from extending below 0 on chrUn_GL456366
Warning! Read K00382:118:HKHCJBBXY:3:2218:24089:45309 prevented from extending below 0 on chrUn_GL456239
Warning! Read K00382:118:HKHCJBBXY:2:2122:9729:5939 prevented from extending past 1976 on chr4_JH584295_random
  BAM records analyzed:    43499437
    Unmapped:                357496
    To skipped refs:        6819946
      (chrM)
    MAPQ < 30:              8387659
    Paired alignments:            0
    Unpaired alignments:   27934336
  PCR duplicates --
    Paired aln sets:              0
      duplicates:                 0 (0.0%)
    Discordant aln sets:          0
      duplicates:                 0 (0.0%)
    Singleton aln sets:    34754282
      duplicates:           8508366 (24.5%)
  Fragments analyzed:      26223577
    Full fragments:               0
    Half fragments:        26223577
      (from unpaired alns)
    ATAC-seq cut sites:    26223577
      (expanded to length 100bp)
- control file #2 not provided -
  Background pileup value: 1.037955
Peak-calling parameters:
  Genome length: 2491878275bp
  Significance threshold: -log(q) > 1.301
  Min. AUC: 200.000
  Max. gap between sites: 100bp
Peaks identified: 25301 (14121795bp)
Logs saved in <logs/5-ATAC_peaks/parents_C57Bl6_SD_3.log>
