Calling peaks for results/4-ATAC_genotype/corrected_bams/name/112_DBA_CTRL_full.nm.bam results/4-ATAC_genotype/corrected_bams/name/072_DBA_CTRL_full.nm.bam results/4-ATAC_genotype/corrected_bams/name/036_DBA_CTRL_full.nm.bam
Processing experimental file #0: results/4-ATAC_genotype/corrected_bams/name/112_DBA_CTRL_full.nm.bam
Warning! Read K00382:120:HKHGNBBXY:8:2207:5670:13535 prevented from extending past 24323 on chrUn_GL456394
Warning! Read K00382:120:HKHGNBBXY:8:2221:26768:12040 prevented from extending past 1976 on chr4_JH584295_random
Warning! Read K00382:120:HKHGNBBXY:8:1214:23734:16629 prevented from extending past 40056 on chrUn_GL456239
Warning! Read K00382:120:HKHGNBBXY:8:1105:27793:23135 prevented from extending below 0 on chr4_JH584295_random
Warning! Read K00382:109:HJ5Y5BBXY:8:1121:8927:36939 prevented from extending past 40056 on chrUn_GL456239
Warning! Read K00382:109:HJ5Y5BBXY:5:2228:7760:1086 prevented from extending past 1976 on chr4_JH584295_random
Warning! Read K00382:109:HJ5Y5BBXY:8:2109:14154:17192 prevented from extending below 0 on chr4_JH584295_random
Warning! Read K00382:109:HJ5Y5BBXY:6:2109:14428:8137 prevented from extending past 28772 on chrUn_GL456389
Warning! Read K00382:120:HKHGNBBXY:8:2223:20851:32525 prevented from extending past 55711 on chrUn_GL456393
Warning! Read K00382:109:HJ5Y5BBXY:5:2209:11688:46539 prevented from extending past 1976 on chr4_JH584295_random
Warning! Read K00382:109:HJ5Y5BBXY:7:2214:26169:34670 prevented from extending below 0 on chr4_JH584295_random
Warning! Read K00382:115:HKHC5BBXY:4:2219:16681:7152 prevented from extending past 31602 on chrUn_GL456378
Warning! Read K00382:109:HJ5Y5BBXY:7:1126:15676:12409 prevented from extending below 0 on chr4_JH584295_random
Warning! Read K00382:120:HKHGNBBXY:8:2104:28148:5112 prevented from extending below 0 on chrUn_GL456381
Warning! Read K00382:115:HKHC5BBXY:4:1227:25134:32666 prevented from extending past 55711 on chrUn_GL456393
Warning! Read K00382:109:HJ5Y5BBXY:6:2102:31609:35268 prevented from extending past 66673 on chr4_GL456216_random
Warning! Read K00382:109:HJ5Y5BBXY:7:2206:14052:43322 prevented from extending past 31602 on chrUn_GL456378
  BAM records analyzed:    48883231
    Unmapped:                589260
    To skipped refs:        7551404
      (chrM)
    MAPQ < 30:             10242830
    Paired alignments:            0
    Unpaired alignments:   30499737
  PCR duplicates --
    Paired aln sets:              0
      duplicates:                 0 (0.0%)
    Discordant aln sets:          0
      duplicates:                 0 (0.0%)
    Singleton aln sets:    38051141
      duplicates:           9926562 (26.1%)
  Fragments analyzed:      28102369
    Full fragments:               0
    Half fragments:        28102369
      (from unpaired alns)
    ATAC-seq cut sites:    28102369
      (expanded to length 100bp)
- control file #0 not provided -
  Background pileup value: 1.112412
Processing experimental file #1: results/4-ATAC_genotype/corrected_bams/name/072_DBA_CTRL_full.nm.bam
Warning! Read K00382:109:HJ5Y5BBXY:1:1107:16122:32912 prevented from extending past 40056 on chrUn_GL456239
Warning! Read K00382:109:HJ5Y5BBXY:2:1115:2372:34090 prevented from extending past 28772 on chrUn_GL456389
Warning! Read K00382:109:HJ5Y5BBXY:4:2202:17990:12937 prevented from extending past 24323 on chrUn_GL456394
Warning! Read K00382:109:HJ5Y5BBXY:4:1109:24434:19074 prevented from extending below 0 on chr4_JH584295_random
Warning! Read K00382:109:HJ5Y5BBXY:2:2226:27367:16840 prevented from extending past 1976 on chr4_JH584295_random
Warning! Read K00382:109:HJ5Y5BBXY:1:1219:27204:46205 prevented from extending past 55711 on chrUn_GL456393
Warning! Read K00382:109:HJ5Y5BBXY:3:2123:30695:2809 prevented from extending past 1976 on chr4_JH584295_random
Warning! Read K00382:115:HKHC5BBXY:2:2109:7953:10915 prevented from extending past 1976 on chr4_JH584295_random
Warning! Read K00382:109:HJ5Y5BBXY:4:2111:19705:24103 prevented from extending past 1976 on chr4_JH584295_random
Warning! Read K00382:120:HKHGNBBXY:7:1102:6522:34319 prevented from extending past 40056 on chrUn_GL456239
Warning! Read K00382:109:HJ5Y5BBXY:1:2112:17188:25439 prevented from extending past 24323 on chrUn_GL456394
Warning! Read K00382:109:HJ5Y5BBXY:2:2203:16924:30573 prevented from extending below 0 on chrUn_GL456239
Warning! Read K00382:109:HJ5Y5BBXY:3:1223:4604:3319 prevented from extending past 1976 on chr4_JH584295_random
  BAM records analyzed:    42747901
    Unmapped:                254824
    To skipped refs:        5414878
      (chrM)
    MAPQ < 30:              8132472
    Paired alignments:            0
    Unpaired alignments:   28945727
  PCR duplicates --
    Paired aln sets:              0
      duplicates:                 0 (0.0%)
    Discordant aln sets:          0
      duplicates:                 0 (0.0%)
    Singleton aln sets:    34360605
      duplicates:           7451120 (21.7%)
  Fragments analyzed:      26887417
    Full fragments:               0
    Half fragments:        26887417
      (from unpaired alns)
    ATAC-seq cut sites:    26887417
      (expanded to length 100bp)
- control file #1 not provided -
  Background pileup value: 1.064635
Processing experimental file #2: results/4-ATAC_genotype/corrected_bams/name/036_DBA_CTRL_full.nm.bam
Warning! Read K00382:109:HJ5Y5BBXY:5:1223:7984:20850 prevented from extending past 28772 on chrUn_GL456389
Warning! Read K00382:115:HKHC5BBXY:4:2120:7679:21729 prevented from extending below 0 on chr4_JH584295_random
Warning! Read K00382:115:HKHC5BBXY:3:1105:4005:2985 prevented from extending past 1976 on chr4_JH584295_random
Warning! Read K00382:109:HJ5Y5BBXY:8:2217:18629:26037 prevented from extending past 55711 on chrUn_GL456393
Warning! Read K00382:115:HKHC5BBXY:5:2119:14306:21465 prevented from extending past 40056 on chrUn_GL456239
Warning! Read K00382:109:HJ5Y5BBXY:7:1216:8034:48825 prevented from extending past 25871 on chrUn_GL456381
Warning! Read K00382:109:HJ5Y5BBXY:8:1118:26291:37589 prevented from extending past 1976 on chr4_JH584295_random
  BAM records analyzed:    39872011
    Unmapped:                443824
    To skipped refs:        6279685
      (chrM)
    MAPQ < 30:              8451390
    Paired alignments:            0
    Unpaired alignments:   24697112
  PCR duplicates --
    Paired aln sets:              0
      duplicates:                 0 (0.0%)
    Discordant aln sets:          0
      duplicates:                 0 (0.0%)
    Singleton aln sets:    30976797
      duplicates:           8180623 (26.4%)
  Fragments analyzed:      22774462
    Full fragments:               0
    Half fragments:        22774462
      (from unpaired alns)
    ATAC-seq cut sites:    22774462
      (expanded to length 100bp)
- control file #2 not provided -
  Background pileup value: 0.902045
Peak-calling parameters:
  Genome length: 2491878275bp
  Significance threshold: -log(q) > 1.301
  Min. AUC: 200.000
  Max. gap between sites: 100bp
Peaks identified: 14342 (9258169bp)
Logs saved in <logs/5-ATAC_peaks/parents_DBA_CTRL_2.log>
