Calling peaks for results/4-ATAC_genotype/corrected_bams/name/034_C57Bl6_CTRL_full.nm.bam results/4-ATAC_genotype/corrected_bams/name/146_C57Bl6_CTRL_full.nm.bam results/4-ATAC_genotype/corrected_bams/name/070_C57Bl6_CTRL_full.nm.bam
Processing experimental file #0: results/4-ATAC_genotype/corrected_bams/name/034_C57Bl6_CTRL_full.nm.bam
Warning! Read K00382:109:HJ5Y5BBXY:2:1224:10876:13412 prevented from extending past 24323 on chrUn_GL456394
Warning! Read K00382:109:HJ5Y5BBXY:2:2107:20811:25527 prevented from extending past 40056 on chrUn_GL456239
Warning! Read K00382:109:HJ5Y5BBXY:2:2120:12824:34829 prevented from extending past 1976 on chr4_JH584295_random
Warning! Read K00382:109:HJ5Y5BBXY:4:2205:31791:1894 prevented from extending past 28772 on chrUn_GL456389
Warning! Read K00382:115:HKHC5BBXY:1:1207:20649:6361 prevented from extending past 1976 on chr4_JH584295_random
Warning! Read K00382:109:HJ5Y5BBXY:4:2122:29985:36921 prevented from extending below 0 on chrUn_GL456370
Warning! Read K00382:109:HJ5Y5BBXY:2:2224:4330:3055 prevented from extending below 0 on chr4_JH584295_random
Warning! Read K00382:118:HKHCJBBXY:1:1216:7933:45520 prevented from extending past 72385 on chrUn_GL456379
Warning! Read K00382:109:HJ5Y5BBXY:1:2123:22688:18124 prevented from extending below 0 on chr4_JH584295_random
Warning! Read K00382:109:HJ5Y5BBXY:3:2103:22008:13500 prevented from extending below 0 on chrUn_GL456239
  BAM records analyzed:    40417112
    Unmapped:                851722
    To skipped refs:        4760743
      (chrM)
    MAPQ < 30:              7158649
    Paired alignments:            0
    Unpaired alignments:   27645998
  PCR duplicates --
    Paired aln sets:              0
      duplicates:                 0 (0.0%)
    Discordant aln sets:          0
      duplicates:                 0 (0.0%)
    Singleton aln sets:    32406741
      duplicates:           7066243 (21.8%)
  Fragments analyzed:      25318717
    Full fragments:               0
    Half fragments:        25318717
      (from unpaired alns)
    ATAC-seq cut sites:    25318717
      (expanded to length 100bp)
- control file #0 not provided -
  Background pileup value: 1.002000
Processing experimental file #1: results/4-ATAC_genotype/corrected_bams/name/146_C57Bl6_CTRL_full.nm.bam
Warning! Read K00382:106:HJ57YBBXY:5:2202:17117:13886 prevented from extending below 0 on chr4_JH584295_random
Warning! Read K00382:111:HKHK5BBXY:4:2107:3478:47295 prevented from extending below 0 on chr4_JH584295_random
Warning! Read K00382:106:HJ57YBBXY:8:2106:12946:25650 prevented from extending past 1976 on chr4_JH584295_random
Warning! Read K00382:111:HKHK5BBXY:2:2207:4279:18546 prevented from extending past 1976 on chr4_JH584295_random
Warning! Read K00382:111:HKHK5BBXY:4:1123:13606:39945 prevented from extending past 14945 on chr4_JH584292_random
Warning! Read K00382:106:HJ57YBBXY:5:2209:9526:5341 prevented from extending past 40056 on chrUn_GL456239
Warning! Read K00382:106:HJ57YBBXY:8:1202:16691:13042 prevented from extending past 1976 on chr4_JH584295_random
Warning! Read K00382:106:HJ57YBBXY:7:1201:24759:25052 prevented from extending past 1976 on chr4_JH584295_random
Warning! Read K00382:111:HKHK5BBXY:3:1223:10866:8576 prevented from extending past 40056 on chrUn_GL456239
  BAM records analyzed:    47156114
    Unmapped:                170655
    To skipped refs:        4023011
      (chrM)
    MAPQ < 30:              6644123
    Paired alignments:            0
    Unpaired alignments:   36318325
  PCR duplicates --
    Paired aln sets:              0
      duplicates:                 0 (0.0%)
    Discordant aln sets:          0
      duplicates:                 0 (0.0%)
    Singleton aln sets:    40341336
      duplicates:           6045929 (15.0%)
  Fragments analyzed:      34273343
    Full fragments:               0
    Half fragments:        34273343
      (from unpaired alns)
    ATAC-seq cut sites:    34273343
      (expanded to length 100bp)
- control file #1 not provided -
  Background pileup value: 1.357134
Processing experimental file #2: results/4-ATAC_genotype/corrected_bams/name/070_C57Bl6_CTRL_full.nm.bam
Warning! Read K00382:115:HKHC5BBXY:5:1215:3894:38697 prevented from extending below 0 on chrUn_GL456366
Warning! Read K00382:120:HKHGNBBXY:8:2204:4777:35936 prevented from extending past 1976 on chr4_JH584295_random
Warning! Read K00382:109:HJ5Y5BBXY:6:2223:16386:36780 prevented from extending past 40056 on chrUn_GL456239
Warning! Read K00382:115:HKHC5BBXY:5:2118:21765:8682 prevented from extending below 0 on chrUn_GL456366
Warning! Read K00382:109:HJ5Y5BBXY:5:1225:1874:19373 prevented from extending below 0 on chrUn_GL456239
Warning! Read K00382:125:HKHL3BBXY:6:2117:22719:18212 prevented from extending past 55711 on chrUn_GL456393
Warning! Read K00382:115:HKHC5BBXY:5:2105:14641:25843 prevented from extending below 0 on chr4_JH584295_random
Warning! Read K00382:109:HJ5Y5BBXY:8:1126:23693:4778 prevented from extending past 1976 on chr4_JH584295_random
Warning! Read K00382:115:HKHC5BBXY:3:2115:23115:26599 prevented from extending past 1976 on chr4_JH584295_random
Warning! Read K00382:109:HJ5Y5BBXY:8:2212:5172:46891 prevented from extending past 24323 on chrUn_GL456394
  BAM records analyzed:    34333504
    Unmapped:                374145
    To skipped refs:       11767580
      (chrM)
    MAPQ < 30:             10198719
    Paired alignments:            0
    Unpaired alignments:   11993060
  PCR duplicates --
    Paired aln sets:              0
      duplicates:                 0 (0.0%)
    Discordant aln sets:          0
      duplicates:                 0 (0.0%)
    Singleton aln sets:    23760640
      duplicates:          12613453 (53.1%)
  Fragments analyzed:      11124726
    Full fragments:               0
    Half fragments:        11124726
      (from unpaired alns)
    ATAC-seq cut sites:    11124726
      (expanded to length 100bp)
- control file #2 not provided -
  Background pileup value: 0.439798
Peak-calling parameters:
  Genome length: 2491878275bp
  Significance threshold: -log(q) > 1.301
  Min. AUC: 200.000
  Max. gap between sites: 100bp
Peaks identified: 20984 (12994275bp)
Logs saved in <logs/5-ATAC_peaks/parents_C57Bl6_CTRL_0.log>
