Calling peaks for results/4-ATAC_genotype/corrected_bams/name/060_BXD81_CTRL_full.nm.bam results/4-ATAC_genotype/corrected_bams/name/124_BXD81_CTRL_full.nm.bam results/4-ATAC_genotype/corrected_bams/name/168_BXD81_CTRL_full.nm.bam
Processing experimental file #0: results/4-ATAC_genotype/corrected_bams/name/060_BXD81_CTRL_full.nm.bam
Warning! Read K00382:106:HJ57YBBXY:7:2118:10855:8981 prevented from extending below 0 on chrUn_GL456378
Warning! Read K00382:106:HJ57YBBXY:8:2115:24332:1947 prevented from extending past 24668 on chrUn_GL456390
Warning! Read K00382:106:HJ57YBBXY:6:2218:21328:31453 prevented from extending past 1976 on chr4_JH584295_random
Warning! Read K00382:106:HJ57YBBXY:8:2204:14164:20832 prevented from extending past 1976 on chr4_JH584295_random
Warning! Read K00382:106:HJ57YBBXY:8:1223:20567:43849 prevented from extending below 0 on chr4_JH584295_random
Warning! Read K00382:111:HKHK5BBXY:4:1114:6461:21307 prevented from extending past 40056 on chrUn_GL456239
Warning! Read K00382:106:HJ57YBBXY:8:1116:2199:40684 prevented from extending past 40056 on chrUn_GL456239
Warning! Read K00382:111:HKHK5BBXY:2:2215:15351:12339 prevented from extending below 0 on chrUn_GL456239
Warning! Read K00382:106:HJ57YBBXY:7:2121:10541:3969 prevented from extending below 0 on chrUn_GL456239
Warning! Read K00382:111:HKHK5BBXY:4:2105:21542:20287 prevented from extending past 1976 on chr4_JH584295_random
Warning! Read K00382:111:HKHK5BBXY:5:2104:11525:30362 prevented from extending past 1976 on chr4_JH584295_random
  BAM records analyzed:    39183633
    Unmapped:                446385
    To skipped refs:        7550739
      (chrM)
    MAPQ < 30:              8162824
    Paired alignments:            0
    Unpaired alignments:   23023685
  PCR duplicates --
    Paired aln sets:              0
      duplicates:                 0 (0.0%)
    Discordant aln sets:          0
      duplicates:                 0 (0.0%)
    Singleton aln sets:    30574424
      duplicates:           9117634 (29.8%)
  Fragments analyzed:      21434443
    Full fragments:               0
    Half fragments:        21434443
      (from unpaired alns)
    ATAC-seq cut sites:    21434443
      (expanded to length 100bp)
- control file #0 not provided -
  Background pileup value: 0.848188
Processing experimental file #1: results/4-ATAC_genotype/corrected_bams/name/124_BXD81_CTRL_full.nm.bam
Warning! Read K00382:120:HKHGNBBXY:8:1221:3305:44289 prevented from extending past 40056 on chrUn_GL456239
Warning! Read K00382:120:HKHGNBBXY:8:2208:20872:30099 prevented from extending below 0 on chr4_JH584295_random
Warning! Read K00382:109:HJ5Y5BBXY:7:2116:10774:39611 prevented from extending past 1976 on chr4_JH584295_random
Warning! Read K00382:109:HJ5Y5BBXY:7:1124:14032:28200 prevented from extending past 40056 on chrUn_GL456239
Warning! Read K00382:109:HJ5Y5BBXY:8:2121:7131:14097 prevented from extending past 40056 on chrUn_GL456239
Warning! Read K00382:115:HKHC5BBXY:4:2208:16508:49019 prevented from extending past 40056 on chrUn_GL456239
Warning! Read K00382:109:HJ5Y5BBXY:5:1102:11789:16858 prevented from extending past 1976 on chr4_JH584295_random
Warning! Read K00382:109:HJ5Y5BBXY:7:1112:25865:9983 prevented from extending past 1976 on chr4_JH584295_random
Warning! Read K00382:109:HJ5Y5BBXY:8:2204:16711:35831 prevented from extending past 28772 on chrUn_GL456389
  BAM records analyzed:    43057757
    Unmapped:                254650
    To skipped refs:        4960143
      (chrM)
    MAPQ < 30:              7759271
    Paired alignments:            0
    Unpaired alignments:   30083693
  PCR duplicates --
    Paired aln sets:              0
      duplicates:                 0 (0.0%)
    Discordant aln sets:          0
      duplicates:                 0 (0.0%)
    Singleton aln sets:    35043836
      duplicates:           6602934 (18.8%)
  Fragments analyzed:      28418745
    Full fragments:               0
    Half fragments:        28418745
      (from unpaired alns)
    ATAC-seq cut sites:    28418745
      (expanded to length 100bp)
- control file #1 not provided -
  Background pileup value: 1.124619
Processing experimental file #2: results/4-ATAC_genotype/corrected_bams/name/168_BXD81_CTRL_full.nm.bam
Warning! Read K00382:120:HKHGNBBXY:7:1213:3325:15346 prevented from extending below 0 on chrUn_GL456366
Warning! Read K00382:115:HKHC5BBXY:1:1112:17726:13394 prevented from extending past 1976 on chr4_JH584295_random
Warning! Read K00382:109:HJ5Y5BBXY:1:1125:14397:45361 prevented from extending past 1976 on chr4_JH584295_random
Warning! Read K00382:115:HKHC5BBXY:1:1215:31619:42179 prevented from extending past 1976 on chr4_JH584295_random
Warning! Read K00382:120:HKHGNBBXY:7:1218:27164:11108 prevented from extending past 47073 on chrUn_GL456366
Warning! Read K00382:109:HJ5Y5BBXY:1:2220:13352:30820 prevented from extending past 1976 on chr4_JH584295_random
Warning! Read K00382:115:HKHC5BBXY:1:2106:3295:16383 prevented from extending past 55711 on chrUn_GL456393
Warning! Read K00382:115:HKHC5BBXY:1:2221:31030:45414 prevented from extending past 35240 on chrUn_GL456385
  BAM records analyzed:    38816911
    Unmapped:                227245
    To skipped refs:        6521704
      (chrM)
    MAPQ < 30:              7966325
    Paired alignments:            0
    Unpaired alignments:   24101637
  PCR duplicates --
    Paired aln sets:              0
      duplicates:                 0 (0.0%)
    Discordant aln sets:          0
      duplicates:                 0 (0.0%)
    Singleton aln sets:    30623341
      duplicates:           8142680 (26.6%)
  Fragments analyzed:      22458328
    Full fragments:               0
    Half fragments:        22458328
      (from unpaired alns)
    ATAC-seq cut sites:    22458328
      (expanded to length 100bp)
- control file #2 not provided -
  Background pileup value: 0.888901
Peak-calling parameters:
  Genome length: 2491878275bp
  Significance threshold: -log(q) > 1.301
  Min. AUC: 200.000
  Max. gap between sites: 100bp
Peaks identified: 28109 (16208336bp)
Logs saved in <logs/5-ATAC_peaks/peaks_BXD81_CTRL.log>
