Calling peaks for results/4-ATAC_genotype/corrected_bams/name/022_BXD83_CTRL_full.nm.bam results/4-ATAC_genotype/corrected_bams/name/099_BXD83_CTRL_full.nm.bam results/4-ATAC_genotype/corrected_bams/name/126_BXD83_CTRL_full.nm.bam
Processing experimental file #0: results/4-ATAC_genotype/corrected_bams/name/022_BXD83_CTRL_full.nm.bam
Warning! Read K00382:109:HJ5Y5BBXY:3:1113:32055:31154 prevented from extending below 0 on chrUn_GL456393
Warning! Read K00382:120:HKHGNBBXY:7:2221:20303:3653 prevented from extending past 38659 on chrUn_GL456383
Warning! Read K00382:109:HJ5Y5BBXY:3:2106:26118:46434 prevented from extending past 40056 on chrUn_GL456239
Warning! Read K00382:109:HJ5Y5BBXY:3:1216:10145:39682 prevented from extending past 1976 on chr4_JH584295_random
Warning! Read K00382:109:HJ5Y5BBXY:1:2210:6512:35989 prevented from extending past 1976 on chr4_JH584295_random
Warning! Read K00382:109:HJ5Y5BBXY:2:1216:3478:12480 prevented from extending past 40056 on chrUn_GL456239
Warning! Read K00382:109:HJ5Y5BBXY:4:1121:6898:22309 prevented from extending below 0 on chrUn_GL456239
Warning! Read K00382:109:HJ5Y5BBXY:4:2120:13382:12128 prevented from extending past 1976 on chr4_JH584295_random
Warning! Read K00382:109:HJ5Y5BBXY:2:1117:12469:4145 prevented from extending past 55711 on chrUn_GL456393
Warning! Read K00382:109:HJ5Y5BBXY:3:2206:16559:17456 prevented from extending past 24685 on chrUn_GL456387
Warning! Read K00382:109:HJ5Y5BBXY:2:2222:30279:36903 prevented from extending past 55711 on chrUn_GL456393
Warning! Read K00382:115:HKHC5BBXY:2:2118:5660:41757 prevented from extending past 55711 on chrUn_GL456393
Warning! Read K00382:109:HJ5Y5BBXY:1:2109:30320:12357 prevented from extending past 1976 on chr4_JH584295_random
  BAM records analyzed:    42918864
    Unmapped:                525099
    To skipped refs:        6365384
      (chrM)
    MAPQ < 30:              9753231
    Paired alignments:            0
    Unpaired alignments:   26275150
  PCR duplicates --
    Paired aln sets:              0
      duplicates:                 0 (0.0%)
    Discordant aln sets:          0
      duplicates:                 0 (0.0%)
    Singleton aln sets:    32640534
      duplicates:           8272396 (25.3%)
  Fragments analyzed:      24345850
    Full fragments:               0
    Half fragments:        24345850
      (from unpaired alns)
    ATAC-seq cut sites:    24345850
      (expanded to length 100bp)
- control file #0 not provided -
  Background pileup value: 0.962609
Processing experimental file #1: results/4-ATAC_genotype/corrected_bams/name/099_BXD83_CTRL_full.nm.bam
Warning! Read K00382:115:HKHC5BBXY:4:2223:11475:28657 prevented from extending past 40056 on chrUn_GL456239
Warning! Read K00382:120:HKHGNBBXY:8:1201:17908:10721 prevented from extending past 1976 on chr4_JH584295_random
Warning! Read K00382:109:HJ5Y5BBXY:6:2104:17685:8119 prevented from extending below 0 on chr4_JH584295_random
Warning! Read K00382:120:HKHGNBBXY:8:1222:22424:29905 prevented from extending below 0 on chrUn_GL456381
Warning! Read K00382:109:HJ5Y5BBXY:8:1123:4208:11354 prevented from extending past 1976 on chr4_JH584295_random
Warning! Read K00382:115:HKHC5BBXY:5:2118:22374:6185 prevented from extending below 0 on chr4_JH584295_random
  BAM records analyzed:    46089557
    Unmapped:                193323
    To skipped refs:        6364415
      (chrM)
    MAPQ < 30:              8992665
    Paired alignments:            0
    Unpaired alignments:   30539154
  PCR duplicates --
    Paired aln sets:              0
      duplicates:                 0 (0.0%)
    Discordant aln sets:          0
      duplicates:                 0 (0.0%)
    Singleton aln sets:    36903569
      duplicates:           8271037 (22.4%)
  Fragments analyzed:      28610313
    Full fragments:               0
    Half fragments:        28610313
      (from unpaired alns)
    ATAC-seq cut sites:    28610313
      (expanded to length 100bp)
- control file #1 not provided -
  Background pileup value: 1.132493
Processing experimental file #2: results/4-ATAC_genotype/corrected_bams/name/126_BXD83_CTRL_full.nm.bam
Warning! Read K00382:115:HKHC5BBXY:6:1209:11789:26740 prevented from extending past 24323 on chrUn_GL456394
Warning! Read K00382:107:HJ55YBBXY:6:2107:5639:19742 prevented from extending below 0 on chrUn_GL456366
Warning! Read K00382:115:HKHC5BBXY:7:2225:31903:22309 prevented from extending past 24323 on chrUn_GL456394
Warning! Read K00382:115:HKHC5BBXY:8:1103:27986:42354 prevented from extending past 1976 on chr4_JH584295_random
Warning! Read K00382:118:HKHCJBBXY:2:2203:13291:30890 prevented from extending past 1976 on chr4_JH584295_random
Warning! Read K00382:115:HKHC5BBXY:7:2217:26230:6185 prevented from extending past 1976 on chr4_JH584295_random
Warning! Read K00382:115:HKHC5BBXY:6:1213:3397:7732 prevented from extending past 1976 on chr4_JH584295_random
Warning! Read K00382:115:HKHC5BBXY:7:2108:26078:25826 prevented from extending past 1976 on chr4_JH584295_random
Warning! Read K00382:115:HKHC5BBXY:8:2115:5467:37765 prevented from extending past 55711 on chrUn_GL456393
Warning! Read K00382:115:HKHC5BBXY:6:2108:32106:39506 prevented from extending below 0 on chr4_JH584295_random
Warning! Read K00382:107:HJ55YBBXY:5:1127:16173:41546 prevented from extending past 206961 on chr1_GL456221_random
Warning! Read K00382:118:HKHCJBBXY:2:1120:25408:10176 prevented from extending below 0 on chr4_JH584295_random
Warning! Read K00382:107:HJ55YBBXY:7:2222:31050:18124 prevented from extending past 1976 on chr4_JH584295_random
  BAM records analyzed:    48366070
    Unmapped:                196547
    To skipped refs:        3972233
      (chrM)
    MAPQ < 30:              7913878
    Paired alignments:            0
    Unpaired alignments:   36283412
  PCR duplicates --
    Paired aln sets:              0
      duplicates:                 0 (0.0%)
    Discordant aln sets:          0
      duplicates:                 0 (0.0%)
    Singleton aln sets:    40255645
      duplicates:           5606358 (13.9%)
  Fragments analyzed:      34627327
    Full fragments:               0
    Half fragments:        34627327
      (from unpaired alns)
    ATAC-seq cut sites:    34627327
      (expanded to length 100bp)
- control file #2 not provided -
  Background pileup value: 1.370797
Peak-calling parameters:
  Genome length: 2491878275bp
  Significance threshold: -log(q) > 1.301
  Min. AUC: 200.000
  Max. gap between sites: 100bp
Peaks identified: 10084 (5931687bp)
Logs saved in <logs/5-ATAC_peaks/peaks_BXD83_CTRL.log>
