Calling peaks for results/4-ATAC_genotype/corrected_bams/name/008_BXD56_CTRL_full.nm.bam results/4-ATAC_genotype/corrected_bams/name/046_BXD56_CTRL_full.nm.bam results/4-ATAC_genotype/corrected_bams/name/083_BXD56_CTRL_full.nm.bam
Processing experimental file #0: results/4-ATAC_genotype/corrected_bams/name/008_BXD56_CTRL_full.nm.bam
Warning! Read K00382:111:HKHK5BBXY:4:2221:26007:40684 prevented from extending below 0 on chrUn_GL456366
Warning! Read K00382:106:HJ57YBBXY:8:1115:20537:8066 prevented from extending below 0 on chrUn_GL456392
Warning! Read K00382:106:HJ57YBBXY:5:2116:27052:38943 prevented from extending past 55711 on chrUn_GL456393
Warning! Read K00382:111:HKHK5BBXY:3:2218:9546:48069 prevented from extending past 1976 on chr4_JH584295_random
Warning! Read K00382:106:HJ57YBBXY:5:2226:29102:3389 prevented from extending past 1976 on chr4_JH584295_random
Warning! Read K00382:111:HKHK5BBXY:2:1122:14803:21940 prevented from extending below 0 on chr4_JH584295_random
Warning! Read K00382:106:HJ57YBBXY:5:2223:15970:24384 prevented from extending past 1976 on chr4_JH584295_random
Warning! Read K00382:111:HKHK5BBXY:3:2103:9759:6378 prevented from extending past 1976 on chr4_JH584295_random
Warning! Read K00382:106:HJ57YBBXY:6:1221:17218:16067 prevented from extending past 1976 on chr4_JH584295_random
Warning! Read K00382:111:HKHK5BBXY:3:2113:6664:5341 prevented from extending below 0 on chr4_JH584295_random
Warning! Read K00382:106:HJ57YBBXY:8:1102:2889:27074 prevented from extending past 40056 on chrUn_GL456239
  BAM records analyzed:    69620130
    Unmapped:                590809
    To skipped refs:        4503646
      (chrM)
    MAPQ < 30:              9924204
    Paired alignments:            0
    Unpaired alignments:   54601471
  PCR duplicates --
    Paired aln sets:              0
      duplicates:                 0 (0.0%)
    Discordant aln sets:          0
      duplicates:                 0 (0.0%)
    Singleton aln sets:    59105117
      duplicates:           8218052 (13.9%)
  Fragments analyzed:      50864980
    Full fragments:               0
    Half fragments:        50864980
      (from unpaired alns)
    ATAC-seq cut sites:    50864980
      (expanded to length 100bp)
- control file #0 not provided -
  Background pileup value: 2.014562
Processing experimental file #1: results/4-ATAC_genotype/corrected_bams/name/046_BXD56_CTRL_full.nm.bam
Warning! Read K00382:118:HKHCJBBXY:3:2106:27214:39119 prevented from extending below 0 on chr4_JH584295_random
Warning! Read K00382:118:HKHCJBBXY:3:2218:1986:32015 prevented from extending below 0 on chr4_JH584295_random
Warning! Read K00382:115:HKHC5BBXY:8:2225:27925:15698 prevented from extending past 1976 on chr4_JH584295_random
Warning! Read K00382:118:HKHCJBBXY:3:1103:8359:15451 prevented from extending past 1976 on chr4_JH584295_random
Warning! Read K00382:115:HKHC5BBXY:7:2124:19755:5130 prevented from extending past 24323 on chrUn_GL456394
Warning! Read K00382:118:HKHCJBBXY:2:1112:6218:16383 prevented from extending past 14945 on chr4_JH584292_random
Warning! Read K00382:107:HJ55YBBXY:8:2225:9181:48210 prevented from extending past 40056 on chrUn_GL456239
Warning! Read K00382:118:HKHCJBBXY:2:1214:29528:25966 prevented from extending past 28772 on chrUn_GL456389
Warning! Read K00382:118:HKHCJBBXY:2:2210:14448:40139 prevented from extending past 1976 on chr4_JH584295_random
  BAM records analyzed:    79120615
    Unmapped:                872047
    To skipped refs:       13458695
      (chrM)
    MAPQ < 30:             16421584
    Paired alignments:            0
    Unpaired alignments:   48368289
  PCR duplicates --
    Paired aln sets:              0
      duplicates:                 0 (0.0%)
    Discordant aln sets:          0
      duplicates:                 0 (0.0%)
    Singleton aln sets:    61826984
      duplicates:          18445842 (29.8%)
  Fragments analyzed:      43358800
    Full fragments:               0
    Half fragments:        43358800
      (from unpaired alns)
    ATAC-seq cut sites:    43358800
      (expanded to length 100bp)
- control file #1 not provided -
  Background pileup value: 1.717127
Processing experimental file #2: results/4-ATAC_genotype/corrected_bams/name/083_BXD56_CTRL_full.nm.bam
Warning! Read K00382:109:HJ5Y5BBXY:4:2106:15219:31136 prevented from extending past 1976 on chr4_JH584295_random
Warning! Read K00382:115:HKHC5BBXY:1:2208:32451:48579 prevented from extending past 40056 on chrUn_GL456239
Warning! Read K00382:109:HJ5Y5BBXY:4:1105:17411:1173 prevented from extending past 55711 on chrUn_GL456393
Warning! Read K00382:109:HJ5Y5BBXY:2:2104:5304:10686 prevented from extending below 0 on chrUn_GL456366
Warning! Read K00382:109:HJ5Y5BBXY:2:1101:5142:39734 prevented from extending past 1976 on chr4_JH584295_random
  BAM records analyzed:    41544197
    Unmapped:                215582
    To skipped refs:        7144424
      (chrM)
    MAPQ < 30:              8690822
    Paired alignments:            0
    Unpaired alignments:   25493369
  PCR duplicates --
    Paired aln sets:              0
      duplicates:                 0 (0.0%)
    Discordant aln sets:          0
      duplicates:                 0 (0.0%)
    Singleton aln sets:    32637793
      duplicates:           9000349 (27.6%)
  Fragments analyzed:      23615124
    Full fragments:               0
    Half fragments:        23615124
      (from unpaired alns)
    ATAC-seq cut sites:    23615124
      (expanded to length 100bp)
- control file #2 not provided -
  Background pileup value: 0.934640
Peak-calling parameters:
  Genome length: 2491878275bp
  Significance threshold: -log(q) > 1.301
  Min. AUC: 200.000
  Max. gap between sites: 100bp
Peaks identified: 15775 (10763015bp)
Logs saved in <logs/5-ATAC_peaks/peaks_BXD56_CTRL.log>
