Calling peaks for results/4-ATAC_genotype/corrected_bams/name/062_BXD90_CTRL_full.nm.bam results/4-ATAC_genotype/corrected_bams/name/103_BXD90_CTRL_full.nm.bam results/4-ATAC_genotype/corrected_bams/name/176_BXD90_CTRL_full.nm.bam
Processing experimental file #0: results/4-ATAC_genotype/corrected_bams/name/062_BXD90_CTRL_full.nm.bam
Warning! Read K00382:115:HKHC5BBXY:4:1215:13677:35004 prevented from extending past 1976 on chr4_JH584295_random
Warning! Read K00382:115:HKHC5BBXY:5:1106:3823:2141 prevented from extending below 0 on chrUn_GL456370
Warning! Read K00382:115:HKHC5BBXY:3:2105:16711:28024 prevented from extending past 1976 on chr4_JH584295_random
Warning! Read K00382:109:HJ5Y5BBXY:5:2114:4127:25246 prevented from extending past 28772 on chrUn_GL456389
Warning! Read K00382:120:HKHGNBBXY:8:1121:6603:29782 prevented from extending past 1976 on chr4_JH584295_random
Warning! Read K00382:109:HJ5Y5BBXY:6:1125:8714:26828 prevented from extending past 1976 on chr4_JH584295_random
Warning! Read K00382:109:HJ5Y5BBXY:7:2203:28321:34389 prevented from extending past 40056 on chrUn_GL456239
Warning! Read K00382:115:HKHC5BBXY:5:1102:12976:28657 prevented from extending past 24323 on chrUn_GL456394
Warning! Read K00382:109:HJ5Y5BBXY:8:2219:2879:32015 prevented from extending past 1976 on chr4_JH584295_random
  BAM records analyzed:    41240347
    Unmapped:                363575
    To skipped refs:        7966904
      (chrM)
    MAPQ < 30:              9081934
    Paired alignments:            0
    Unpaired alignments:   23827934
  PCR duplicates --
    Paired aln sets:              0
      duplicates:                 0 (0.0%)
    Discordant aln sets:          0
      duplicates:                 0 (0.0%)
    Singleton aln sets:    31794838
      duplicates:          10191966 (32.1%)
  Fragments analyzed:      21580719
    Full fragments:               0
    Half fragments:        21580719
      (from unpaired alns)
    ATAC-seq cut sites:    21580719
      (expanded to length 100bp)
- control file #0 not provided -
  Background pileup value: 0.853901
Processing experimental file #1: results/4-ATAC_genotype/corrected_bams/name/103_BXD90_CTRL_full.nm.bam
Warning! Read K00382:106:HJ57YBBXY:8:2111:16224:15469 prevented from extending past 1976 on chr4_JH584295_random
Warning! Read K00382:111:HKHK5BBXY:2:2123:4675:13113 prevented from extending past 1976 on chr4_JH584295_random
Warning! Read K00382:111:HKHK5BBXY:5:2106:4665:39858 prevented from extending below 0 on chr4_JH584295_random
Warning! Read K00382:106:HJ57YBBXY:8:1216:23865:45695 prevented from extending past 1976 on chr4_JH584295_random
Warning! Read K00382:106:HJ57YBBXY:5:1228:8420:12075 prevented from extending past 1976 on chr4_JH584295_random
Warning! Read K00382:106:HJ57YBBXY:8:1208:19136:3424 prevented from extending below 0 on chr4_JH584295_random
Warning! Read K00382:111:HKHK5BBXY:5:1107:15757:22784 prevented from extending past 1976 on chr4_JH584295_random
Warning! Read K00382:106:HJ57YBBXY:6:1102:15747:10633 prevented from extending past 55711 on chrUn_GL456393
Warning! Read K00382:106:HJ57YBBXY:7:2121:15483:29483 prevented from extending below 0 on chrUn_GL456239
  BAM records analyzed:    46377587
    Unmapped:                208186
    To skipped refs:        4539236
      (chrM)
    MAPQ < 30:              7676929
    Paired alignments:            0
    Unpaired alignments:   33953236
  PCR duplicates --
    Paired aln sets:              0
      duplicates:                 0 (0.0%)
    Discordant aln sets:          0
      duplicates:                 0 (0.0%)
    Singleton aln sets:    38492472
      duplicates:           6281995 (16.3%)
  Fragments analyzed:      32188559
    Full fragments:               0
    Half fragments:        32188559
      (from unpaired alns)
    ATAC-seq cut sites:    32188559
      (expanded to length 100bp)
- control file #1 not provided -
  Background pileup value: 1.274075
Processing experimental file #2: results/4-ATAC_genotype/corrected_bams/name/176_BXD90_CTRL_full.nm.bam
Warning! Read K00382:107:HJ55YBBXY:8:1106:29102:10352 prevented from extending past 40056 on chrUn_GL456239
Warning! Read K00382:118:HKHCJBBXY:2:2125:26504:38556 prevented from extending below 0 on chr4_JH584295_random
Warning! Read K00382:107:HJ55YBBXY:5:2123:20263:11636 prevented from extending past 40056 on chrUn_GL456239
Warning! Read K00382:107:HJ55YBBXY:5:1112:10987:22960 prevented from extending below 0 on chrUn_GL456370
Warning! Read K00382:107:HJ55YBBXY:6:1105:2402:24120 prevented from extending past 206961 on chr1_GL456221_random
Warning! Read K00382:115:HKHC5BBXY:8:1214:5822:44886 prevented from extending below 0 on chrUn_GL456393
Warning! Read K00382:115:HKHC5BBXY:7:2119:3792:41370 prevented from extending past 206961 on chr1_GL456221_random
Warning! Read K00382:107:HJ55YBBXY:8:1221:21125:2826 prevented from extending past 1976 on chr4_JH584295_random
Warning! Read K00382:115:HKHC5BBXY:7:1205:11048:7767 prevented from extending past 40056 on chrUn_GL456239
Warning! Read K00382:118:HKHCJBBXY:3:2128:5822:3354 prevented from extending past 40056 on chrUn_GL456239
Warning! Read K00382:107:HJ55YBBXY:6:2220:11241:22028 prevented from extending past 1976 on chr4_JH584295_random
Warning! Read K00382:115:HKHC5BBXY:8:1219:27803:12743 prevented from extending past 38659 on chrUn_GL456383
Warning! Read K00382:115:HKHC5BBXY:6:1214:26748:15592 prevented from extending past 1976 on chr4_JH584295_random
Warning! Read K00382:115:HKHC5BBXY:6:2124:5030:5288 prevented from extending below 0 on chr4_JH584295_random
Warning! Read K00382:115:HKHC5BBXY:7:2104:13362:40614 prevented from extending below 0 on chrUn_GL456387
Warning! Read K00382:115:HKHC5BBXY:8:1203:22435:20639 prevented from extending past 40056 on chrUn_GL456239
Warning! Read K00382:115:HKHC5BBXY:7:1128:4330:9420 prevented from extending past 1976 on chr4_JH584295_random
Warning! Read K00382:107:HJ55YBBXY:8:2221:4422:19988 prevented from extending past 35240 on chrUn_GL456385
Warning! Read K00382:118:HKHCJBBXY:3:1220:31933:9209 prevented from extending past 1976 on chr4_JH584295_random
Warning! Read K00382:115:HKHC5BBXY:8:2212:13017:22924 prevented from extending past 1976 on chr4_JH584295_random
Warning! Read K00382:118:HKHCJBBXY:3:1121:14123:9297 prevented from extending below 0 on chr4_JH584295_random
  BAM records analyzed:    50411799
    Unmapped:                361111
    To skipped refs:        3166446
      (chrM)
    MAPQ < 30:              7943231
    Paired alignments:            0
    Unpaired alignments:   38941011
  PCR duplicates --
    Paired aln sets:              0
      duplicates:                 0 (0.0%)
    Discordant aln sets:          0
      duplicates:                 0 (0.0%)
    Singleton aln sets:    42107457
      duplicates:           5065872 (12.0%)
  Fragments analyzed:      37019877
    Full fragments:               0
    Half fragments:        37019877
      (from unpaired alns)
    ATAC-seq cut sites:    37019877
      (expanded to length 100bp)
- control file #2 not provided -
  Background pileup value: 1.465096
Peak-calling parameters:
  Genome length: 2491878275bp
  Significance threshold: -log(q) > 1.301
  Min. AUC: 200.000
  Max. gap between sites: 100bp
Peaks identified: 20880 (13316041bp)
Logs saved in <logs/5-ATAC_peaks/peaks_BXD90_CTRL.log>
