Calling peaks for results/4-ATAC_genotype/corrected_bams/name/024_BXD84_CTRL_full.nm.bam results/4-ATAC_genotype/corrected_bams/name/101_BXD84_CTRL_full.nm.bam results/4-ATAC_genotype/corrected_bams/name/128_BXD84_CTRL_full.nm.bam
Processing experimental file #0: results/4-ATAC_genotype/corrected_bams/name/024_BXD84_CTRL_full.nm.bam
Warning! Read K00382:106:HJ57YBBXY:5:1227:4574:13851 prevented from extending below 0 on chrUn_GL456239
Warning! Read K00382:125:HKHL3BBXY:6:2117:2909:23628 prevented from extending past 1976 on chr4_JH584295_random
Warning! Read K00382:106:HJ57YBBXY:6:1116:15544:16471 prevented from extending past 1976 on chr4_JH584295_random
Warning! Read K00382:106:HJ57YBBXY:5:1210:10642:26336 prevented from extending below 0 on chrUn_GL456366
Warning! Read K00382:125:HKHL3BBXY:6:1120:30442:15733 prevented from extending below 0 on chr4_JH584295_random
Warning! Read K00382:111:HKHK5BBXY:2:2125:8714:22573 prevented from extending past 24323 on chrUn_GL456394
Warning! Read K00382:106:HJ57YBBXY:6:1121:30939:12480 prevented from extending past 1976 on chr4_JH584295_random
Warning! Read K00382:111:HKHK5BBXY:2:2108:8674:17896 prevented from extending below 0 on chrUn_GL456392
Warning! Read K00382:106:HJ57YBBXY:6:1120:18680:19126 prevented from extending below 0 on chrUn_GL456239
  BAM records analyzed:    34204054
    Unmapped:                466276
    To skipped refs:        8049584
      (chrM)
    MAPQ < 30:              8279331
    Paired alignments:            0
    Unpaired alignments:   17408863
  PCR duplicates --
    Paired aln sets:              0
      duplicates:                 0 (0.0%)
    Discordant aln sets:          0
      duplicates:                 0 (0.0%)
    Singleton aln sets:    25458447
      duplicates:           9301387 (36.5%)
  Fragments analyzed:      16134613
    Full fragments:               0
    Half fragments:        16134613
      (from unpaired alns)
    ATAC-seq cut sites:    16134613
      (expanded to length 100bp)
- control file #0 not provided -
  Background pileup value: 0.638111
Processing experimental file #1: results/4-ATAC_genotype/corrected_bams/name/101_BXD84_CTRL_full.nm.bam
Warning! Read K00382:115:HKHC5BBXY:5:2114:20060:24472 prevented from extending past 31704 on chrUn_GL456360
Warning! Read K00382:109:HJ5Y5BBXY:8:1105:6888:27039 prevented from extending past 1976 on chr4_JH584295_random
Warning! Read K00382:109:HJ5Y5BBXY:5:1221:12236:9578 prevented from extending past 1976 on chr4_JH584295_random
Warning! Read K00382:120:HKHGNBBXY:8:1227:1793:22151 prevented from extending below 0 on chrUn_GL456392
Warning! Read K00382:120:HKHGNBBXY:8:2201:30036:13271 prevented from extending past 47073 on chrUn_GL456366
Warning! Read K00382:109:HJ5Y5BBXY:6:2120:10389:8031 prevented from extending below 0 on chr4_JH584295_random
Warning! Read K00382:115:HKHC5BBXY:3:1120:24566:36499 prevented from extending past 1976 on chr4_JH584295_random
Warning! Read K00382:115:HKHC5BBXY:3:1221:3762:48948 prevented from extending past 40056 on chrUn_GL456239
Warning! Read K00382:120:HKHGNBBXY:8:2225:29701:1719 prevented from extending below 0 on chrUn_GL456366
Warning! Read K00382:115:HKHC5BBXY:4:2219:13900:47559 prevented from extending past 1976 on chr4_JH584295_random
Warning! Read K00382:109:HJ5Y5BBXY:8:1216:1874:29923 prevented from extending below 0 on chr4_JH584295_random
Warning! Read K00382:115:HKHC5BBXY:4:1102:21278:39312 prevented from extending past 1976 on chr4_JH584295_random
Warning! Read K00382:109:HJ5Y5BBXY:5:2102:28513:10809 prevented from extending past 40056 on chrUn_GL456239
  BAM records analyzed:    40430748
    Unmapped:                300531
    To skipped refs:        6829527
      (chrM)
    MAPQ < 30:              8560628
    Paired alignments:            0
    Unpaired alignments:   24740062
  PCR duplicates --
    Paired aln sets:              0
      duplicates:                 0 (0.0%)
    Discordant aln sets:          0
      duplicates:                 0 (0.0%)
    Singleton aln sets:    31569589
      duplicates:           8393687 (26.6%)
  Fragments analyzed:      23153640
    Full fragments:               0
    Half fragments:        23153640
      (from unpaired alns)
    ATAC-seq cut sites:    23153640
      (expanded to length 100bp)
- control file #1 not provided -
  Background pileup value: 0.916221
Processing experimental file #2: results/4-ATAC_genotype/corrected_bams/name/128_BXD84_CTRL_full.nm.bam
Warning! Read K00382:109:HJ5Y5BBXY:3:1210:4005:27496 prevented from extending below 0 on chr4_JH584295_random
Warning! Read K00382:109:HJ5Y5BBXY:1:1226:13687:24437 prevented from extending past 31704 on chrUn_GL456360
Warning! Read K00382:118:HKHCJBBXY:1:1212:15442:47067 prevented from extending past 1976 on chr4_JH584295_random
Warning! Read K00382:115:HKHC5BBXY:1:2126:28929:24929 prevented from extending past 1976 on chr4_JH584295_random
Warning! Read K00382:109:HJ5Y5BBXY:1:2120:14864:35761 prevented from extending past 31704 on chrUn_GL456360
Warning! Read K00382:115:HKHC5BBXY:1:2219:19603:2580 prevented from extending below 0 on chrUn_GL456370
Warning! Read K00382:118:HKHCJBBXY:1:1207:6928:28059 prevented from extending past 40056 on chrUn_GL456239
Warning! Read K00382:109:HJ5Y5BBXY:3:2203:29883:8822 prevented from extending past 40056 on chrUn_GL456239
Warning! Read K00382:109:HJ5Y5BBXY:2:2120:3123:35778 prevented from extending past 31704 on chrUn_GL456360
Warning! Read K00382:115:HKHC5BBXY:1:1222:22201:8875 prevented from extending below 0 on chrUn_GL456239
Warning! Read K00382:115:HKHC5BBXY:2:1110:4208:4215 prevented from extending past 1976 on chr4_JH584295_random
  BAM records analyzed:    44110731
    Unmapped:                266172
    To skipped refs:        2270899
      (chrM)
    MAPQ < 30:              6492400
    Paired alignments:            0
    Unpaired alignments:   35081260
  PCR duplicates --
    Paired aln sets:              0
      duplicates:                 0 (0.0%)
    Discordant aln sets:          0
      duplicates:                 0 (0.0%)
    Singleton aln sets:    37352159
      duplicates:           4442834 (11.9%)
  Fragments analyzed:      32887698
    Full fragments:               0
    Half fragments:        32887698
      (from unpaired alns)
    ATAC-seq cut sites:    32887698
      (expanded to length 100bp)
- control file #2 not provided -
  Background pileup value: 1.301786
Peak-calling parameters:
  Genome length: 2491878275bp
  Significance threshold: -log(q) > 1.301
  Min. AUC: 200.000
  Max. gap between sites: 100bp
Peaks identified: 20003 (11728121bp)
Logs saved in <logs/5-ATAC_peaks/peaks_BXD84_CTRL.log>
