Calling peaks for results/4-ATAC_genotype/corrected_bams/name/001_BXD45_SD_full.nm.bam results/4-ATAC_genotype/corrected_bams/name/078_BXD45_SD_full.nm.bam results/4-ATAC_genotype/corrected_bams/name/151_BXD45_SD_full.nm.bam
Processing experimental file #0: results/4-ATAC_genotype/corrected_bams/name/001_BXD45_SD_full.nm.bam
Warning! Read K00382:114:HKH5VBBXY:8:1211:14367:45520 prevented from extending past 1976 on chr4_JH584295_random
Warning! Read K00382:110:HKHKHBBXY:1:2107:12246:30415 prevented from extending past 1976 on chr4_JH584295_random
Warning! Read K00382:110:HKHKHBBXY:4:2227:31487:25773 prevented from extending past 21240 on chrUn_GL456396
Warning! Read K00382:114:HKH5VBBXY:8:1210:5639:23048 prevented from extending past 14945 on chr4_JH584292_random
Warning! Read K00382:110:HKHKHBBXY:2:2115:25976:45590 prevented from extending below 0 on chr4_JH584295_random
Warning! Read K00382:110:HKHKHBBXY:3:1118:6147:10141 prevented from extending past 40056 on chrUn_GL456239
Warning! Read K00382:114:HKH5VBBXY:8:2110:21684:9842 prevented from extending below 0 on chrUn_GL456366
Warning! Read K00382:111:HKHK5BBXY:1:2127:2016:7099 prevented from extending past 24323 on chrUn_GL456394
Warning! Read K00382:110:HKHKHBBXY:2:1125:10957:25685 prevented from extending past 31704 on chrUn_GL456360
Warning! Read K00382:114:HKH5VBBXY:8:2219:28889:42337 prevented from extending below 0 on chr4_JH584295_random
Warning! Read K00382:110:HKHKHBBXY:4:1106:3721:28411 prevented from extending below 0 on chrUn_GL456239
Warning! Read K00382:110:HKHKHBBXY:1:1219:28737:7504 prevented from extending past 28772 on chrUn_GL456389
Warning! Read K00382:114:HKH5VBBXY:8:1103:18903:2703 prevented from extending past 40056 on chrUn_GL456239
Warning! Read K00382:110:HKHKHBBXY:3:1120:9120:3582 prevented from extending below 0 on chr4_JH584295_random
Warning! Read K00382:110:HKHKHBBXY:2:2227:32481:2387 prevented from extending below 0 on chrUn_GL456370
  BAM records analyzed:    59399088
    Unmapped:                451577
    To skipped refs:        8642253
      (chrM)
    MAPQ < 30:             11114644
    Paired alignments:            0
    Unpaired alignments:   39190614
  PCR duplicates --
    Paired aln sets:              0
      duplicates:                 0 (0.0%)
    Discordant aln sets:          0
      duplicates:                 0 (0.0%)
    Singleton aln sets:    47832867
      duplicates:          12803889 (26.8%)
  Fragments analyzed:      35006557
    Full fragments:               0
    Half fragments:        35006557
      (from unpaired alns)
    ATAC-seq cut sites:    35006557
      (expanded to length 100bp)
- control file #0 not provided -
  Background pileup value: 1.385994
Processing experimental file #1: results/4-ATAC_genotype/corrected_bams/name/078_BXD45_SD_full.nm.bam
Warning! Read K00382:115:HKHC5BBXY:4:1222:18873:18405 prevented from extending past 40056 on chrUn_GL456239
Warning! Read K00382:109:HJ5Y5BBXY:6:1125:23115:40666 prevented from extending past 1976 on chr4_JH584295_random
Warning! Read K00382:115:HKHC5BBXY:4:1117:11860:1859 prevented from extending below 0 on chrUn_GL456239
Warning! Read K00382:115:HKHC5BBXY:3:1220:9445:24296 prevented from extending past 25871 on chrUn_GL456381
Warning! Read K00382:120:HKHGNBBXY:8:1112:13869:24718 prevented from extending past 1976 on chr4_JH584295_random
Warning! Read K00382:109:HJ5Y5BBXY:8:1217:7608:34829 prevented from extending below 0 on chrUn_GL456239
Warning! Read K00382:109:HJ5Y5BBXY:5:2106:18629:15240 prevented from extending below 0 on chrUn_GL456366
Warning! Read K00382:109:HJ5Y5BBXY:5:1204:2970:26723 prevented from extending past 1976 on chr4_JH584295_random
Warning! Read K00382:109:HJ5Y5BBXY:7:1204:3833:45168 prevented from extending below 0 on chr4_JH584295_random
Warning! Read K00382:115:HKHC5BBXY:3:2122:21044:26705 prevented from extending below 0 on chr4_JH584295_random
Warning! Read K00382:115:HKHC5BBXY:4:2213:10176:45010 prevented from extending below 0 on chrUn_GL456239
Warning! Read K00382:115:HKHC5BBXY:5:1226:11211:23557 prevented from extending past 40056 on chrUn_GL456239
Warning! Read K00382:120:HKHGNBBXY:8:1205:19674:16383 prevented from extending past 1976 on chr4_JH584295_random
Warning! Read K00382:115:HKHC5BBXY:4:1118:20872:16278 prevented from extending below 0 on chrUn_GL456381
Warning! Read K00382:115:HKHC5BBXY:3:1216:6147:7855 prevented from extending past 1976 on chr4_JH584295_random
Warning! Read K00382:109:HJ5Y5BBXY:5:1218:16812:47858 prevented from extending past 1976 on chr4_JH584295_random
  BAM records analyzed:    46028855
    Unmapped:                235872
    To skipped refs:        5855744
      (chrM)
    MAPQ < 30:              8491432
    Paired alignments:            0
    Unpaired alignments:   31445807
  PCR duplicates --
    Paired aln sets:              0
      duplicates:                 0 (0.0%)
    Discordant aln sets:          0
      duplicates:                 0 (0.0%)
    Singleton aln sets:    37301551
      duplicates:           7593092 (20.4%)
  Fragments analyzed:      29686263
    Full fragments:               0
    Half fragments:        29686263
      (from unpaired alns)
    ATAC-seq cut sites:    29686263
      (expanded to length 100bp)
- control file #1 not provided -
  Background pileup value: 1.175115
Processing experimental file #2: results/4-ATAC_genotype/corrected_bams/name/151_BXD45_SD_full.nm.bam
Warning! Read K00382:107:HJ55YBBXY:7:2109:11921:9069 prevented from extending past 24323 on chrUn_GL456394
Warning! Read K00382:118:HKHCJBBXY:2:1219:19106:17016 prevented from extending past 1976 on chr4_JH584295_random
Warning! Read K00382:107:HJ55YBBXY:8:2119:18730:45414 prevented from extending below 0 on chr4_JH584295_random
Warning! Read K00382:118:HKHCJBBXY:3:1113:29609:6835 prevented from extending below 0 on chrUn_GL456378
Warning! Read K00382:107:HJ55YBBXY:7:2115:24271:21852 prevented from extending past 40056 on chrUn_GL456239
Warning! Read K00382:118:HKHCJBBXY:3:1119:7710:10211 prevented from extending past 40056 on chrUn_GL456239
Warning! Read K00382:107:HJ55YBBXY:5:1116:27661:5569 prevented from extending below 0 on chr4_JH584295_random
Warning! Read K00382:118:HKHCJBBXY:3:2217:11343:48087 prevented from extending past 1976 on chr4_JH584295_random
Warning! Read K00382:115:HKHC5BBXY:6:1202:17269:48685 prevented from extending below 0 on chrUn_GL456239
Warning! Read K00382:115:HKHC5BBXY:8:1220:6918:44851 prevented from extending past 40056 on chrUn_GL456239
Warning! Read K00382:115:HKHC5BBXY:8:1227:18720:23030 prevented from extending below 0 on chr4_JH584295_random
Warning! Read K00382:107:HJ55YBBXY:7:1228:26656:21940 prevented from extending past 40056 on chrUn_GL456239
Warning! Read K00382:107:HJ55YBBXY:6:1119:32329:12638 prevented from extending below 0 on chr4_JH584295_random
Warning! Read K00382:118:HKHCJBBXY:2:2217:25905:30626 prevented from extending below 0 on chr4_JH584295_random
  BAM records analyzed:    49787661
    Unmapped:                180930
    To skipped refs:        3620552
      (chrM)
    MAPQ < 30:              7691218
    Paired alignments:            0
    Unpaired alignments:   38294961
  PCR duplicates --
    Paired aln sets:              0
      duplicates:                 0 (0.0%)
    Discordant aln sets:          0
      duplicates:                 0 (0.0%)
    Singleton aln sets:    41915513
      duplicates:           5409681 (12.9%)
  Fragments analyzed:      36483907
    Full fragments:               0
    Half fragments:        36483907
      (from unpaired alns)
    ATAC-seq cut sites:    36483907
      (expanded to length 100bp)
- control file #2 not provided -
  Background pileup value: 1.444272
Peak-calling parameters:
  Genome length: 2491878275bp
  Significance threshold: -log(q) > 1.301
  Min. AUC: 200.000
  Max. gap between sites: 100bp
Peaks identified: 9391 (5826274bp)
Logs saved in <logs/5-ATAC_peaks/peaks_BXD45_SD.log>
