Calling peaks for results/4-ATAC_genotype/corrected_bams/name/014_BXD67_CTRL_full.nm.bam results/4-ATAC_genotype/corrected_bams/name/089_BXD67_CTRL_full.nm.bam results/4-ATAC_genotype/corrected_bams/name/162_BXD67_CTRL_full.nm.bam
Processing experimental file #0: results/4-ATAC_genotype/corrected_bams/name/014_BXD67_CTRL_full.nm.bam
Warning! Read K00382:110:HKHKHBBXY:4:1126:6857:21535 prevented from extending past 55711 on chrUn_GL456393
Warning! Read K00382:111:HKHK5BBXY:1:2208:2970:4497 prevented from extending past 1976 on chr4_JH584295_random
Warning! Read K00382:110:HKHKHBBXY:2:2111:20669:45889 prevented from extending below 0 on chr4_JH584295_random
Warning! Read K00382:110:HKHKHBBXY:3:1213:16711:9491 prevented from extending past 1976 on chr4_JH584295_random
Warning! Read K00382:110:HKHKHBBXY:3:1204:26372:22397 prevented from extending below 0 on chrUn_GL456366
Warning! Read K00382:111:HKHK5BBXY:1:2116:18517:2035 prevented from extending past 1976 on chr4_JH584295_random
Warning! Read K00382:110:HKHKHBBXY:2:1103:3792:20937 prevented from extending below 0 on chrUn_GL456239
Warning! Read K00382:110:HKHKHBBXY:3:1223:17919:4303 prevented from extending past 55711 on chrUn_GL456393
Warning! Read K00382:110:HKHKHBBXY:1:2104:30330:46416 prevented from extending past 40056 on chrUn_GL456239
Warning! Read K00382:111:HKHK5BBXY:1:2217:6055:1578 prevented from extending past 14945 on chr4_JH584292_random
Warning! Read K00382:110:HKHKHBBXY:2:2220:3721:41247 prevented from extending below 0 on chrUn_GL456239
Warning! Read K00382:110:HKHKHBBXY:3:1209:26839:5868 prevented from extending past 1976 on chr4_JH584295_random
Warning! Read K00382:110:HKHKHBBXY:2:2219:9232:6871 prevented from extending past 40056 on chrUn_GL456239
Warning! Read K00382:110:HKHKHBBXY:1:2221:6126:29976 prevented from extending past 40056 on chrUn_GL456239
Warning! Read K00382:110:HKHKHBBXY:1:2203:18081:15240 prevented from extending past 31704 on chrUn_GL456360
Warning! Read K00382:110:HKHKHBBXY:2:2225:11454:41211 prevented from extending below 0 on chr4_JH584295_random
Warning! Read K00382:110:HKHKHBBXY:1:2104:14610:13341 prevented from extending past 40056 on chrUn_GL456239
  BAM records analyzed:    50353101
    Unmapped:                284783
    To skipped refs:        3797390
      (chrM)
    MAPQ < 30:              7581215
    Paired alignments:            0
    Unpaired alignments:   38689713
  PCR duplicates --
    Paired aln sets:              0
      duplicates:                 0 (0.0%)
    Discordant aln sets:          0
      duplicates:                 0 (0.0%)
    Singleton aln sets:    42487103
      duplicates:           7341992 (17.3%)
  Fragments analyzed:      35123082
    Full fragments:               0
    Half fragments:        35123082
      (from unpaired alns)
    ATAC-seq cut sites:    35123082
      (expanded to length 100bp)
- control file #0 not provided -
  Background pileup value: 1.391186
Processing experimental file #1: results/4-ATAC_genotype/corrected_bams/name/089_BXD67_CTRL_full.nm.bam
Warning! Read K00382:115:HKHC5BBXY:7:2220:2564:41106 prevented from extending below 0 on chrUn_GL456389
Warning! Read K00382:115:HKHC5BBXY:6:2113:9293:25544 prevented from extending past 31602 on chrUn_GL456378
Warning! Read K00382:118:HKHCJBBXY:3:2125:25378:1613 prevented from extending past 1976 on chr4_JH584295_random
Warning! Read K00382:107:HJ55YBBXY:5:1219:7111:21975 prevented from extending past 1976 on chr4_JH584295_random
Warning! Read K00382:107:HJ55YBBXY:5:2109:21826:42161 prevented from extending below 0 on chr4_JH584295_random
Warning! Read K00382:107:HJ55YBBXY:5:1216:21004:8277 prevented from extending past 1976 on chr4_JH584295_random
Warning! Read K00382:115:HKHC5BBXY:6:2119:11515:16172 prevented from extending past 66673 on chr4_GL456216_random
Warning! Read K00382:107:HJ55YBBXY:5:1126:12428:8154 prevented from extending past 31704 on chrUn_GL456360
Warning! Read K00382:118:HKHCJBBXY:3:2215:7994:30433 prevented from extending past 40056 on chrUn_GL456239
Warning! Read K00382:115:HKHC5BBXY:8:1113:11261:11724 prevented from extending past 1976 on chr4_JH584295_random
Warning! Read K00382:107:HJ55YBBXY:7:2226:30898:15012 prevented from extending past 1976 on chr4_JH584295_random
Warning! Read K00382:107:HJ55YBBXY:8:2216:15950:6062 prevented from extending past 1976 on chr4_JH584295_random
Warning! Read K00382:107:HJ55YBBXY:6:2107:16062:33334 prevented from extending past 55711 on chrUn_GL456393
  BAM records analyzed:    46931918
    Unmapped:                194929
    To skipped refs:        5426909
      (chrM)
    MAPQ < 30:              7780282
    Paired alignments:            0
    Unpaired alignments:   33529798
  PCR duplicates --
    Paired aln sets:              0
      duplicates:                 0 (0.0%)
    Discordant aln sets:          0
      duplicates:                 0 (0.0%)
    Singleton aln sets:    38956707
      duplicates:           7534801 (19.3%)
  Fragments analyzed:      31399664
    Full fragments:               0
    Half fragments:        31399664
      (from unpaired alns)
    ATAC-seq cut sites:    31399664
      (expanded to length 100bp)
- control file #1 not provided -
  Background pileup value: 1.243349
Processing experimental file #2: results/4-ATAC_genotype/corrected_bams/name/162_BXD67_CTRL_full.nm.bam
Warning! Read K00382:106:HJ57YBBXY:5:1107:14996:30257 prevented from extending past 40056 on chrUn_GL456239
Warning! Read K00382:106:HJ57YBBXY:5:1209:21958:16190 prevented from extending past 24323 on chrUn_GL456394
Warning! Read K00382:125:HKHL3BBXY:6:2126:15534:23804 prevented from extending below 0 on chr4_JH584295_random
Warning! Read K00382:106:HJ57YBBXY:7:1214:10064:36868 prevented from extending past 1976 on chr4_JH584295_random
Warning! Read K00382:125:HKHL3BBXY:6:1216:26768:47172 prevented from extending past 47073 on chrUn_GL456366
Warning! Read K00382:125:HKHL3BBXY:6:2218:5893:20955 prevented from extending past 55711 on chrUn_GL456393
Warning! Read K00382:111:HKHK5BBXY:5:1228:15666:5780 prevented from extending past 1976 on chr4_JH584295_random
Warning! Read K00382:106:HJ57YBBXY:8:2118:22952:45590 prevented from extending past 24323 on chrUn_GL456394
Warning! Read K00382:125:HKHL3BBXY:6:2209:3965:44482 prevented from extending past 1976 on chr4_JH584295_random
Warning! Read K00382:106:HJ57YBBXY:7:1222:2747:47964 prevented from extending past 31602 on chrUn_GL456378
Warning! Read K00382:106:HJ57YBBXY:8:1126:3549:14678 prevented from extending below 0 on chrUn_GL456378
Warning! Read K00382:106:HJ57YBBXY:7:1225:26788:38134 prevented from extending below 0 on chr4_JH584295_random
Warning! Read K00382:106:HJ57YBBXY:8:1123:27965:28639 prevented from extending past 55711 on chrUn_GL456393
  BAM records analyzed:    44194451
    Unmapped:                238428
    To skipped refs:        5646895
      (chrM)
    MAPQ < 30:              7962359
    Paired alignments:            0
    Unpaired alignments:   30346769
  PCR duplicates --
    Paired aln sets:              0
      duplicates:                 0 (0.0%)
    Discordant aln sets:          0
      duplicates:                 0 (0.0%)
    Singleton aln sets:    35993664
      duplicates:           7141555 (19.8%)
  Fragments analyzed:      28829817
    Full fragments:               0
    Half fragments:        28829817
      (from unpaired alns)
    ATAC-seq cut sites:    28829817
      (expanded to length 100bp)
- control file #2 not provided -
  Background pileup value: 1.141123
Peak-calling parameters:
  Genome length: 2491878275bp
  Significance threshold: -log(q) > 1.301
  Min. AUC: 200.000
  Max. gap between sites: 100bp
Peaks identified: 19079 (12935265bp)
Logs saved in <logs/5-ATAC_peaks/peaks_BXD67_CTRL.log>
