Calling peaks for results/4-ATAC_genotype/corrected_bams/name/076_BXD43_SD_full.nm.bam results/4-ATAC_genotype/corrected_bams/name/149_BXD43_SD_full.nm.bam results/4-ATAC_genotype/corrected_bams/name/185_BXD43_SD_full.nm.bam
Processing experimental file #0: results/4-ATAC_genotype/corrected_bams/name/076_BXD43_SD_full.nm.bam
Warning! Read K00382:114:HKH5VBBXY:8:2117:10937:41616 prevented from extending below 0 on chrUn_GL456239
Warning! Read K00382:110:HKHKHBBXY:1:2218:28635:43691 prevented from extending past 1976 on chr4_JH584295_random
Warning! Read K00382:110:HKHKHBBXY:2:2117:16457:46891 prevented from extending past 31602 on chrUn_GL456378
Warning! Read K00382:110:HKHKHBBXY:1:1103:13413:26494 prevented from extending past 28772 on chrUn_GL456389
Warning! Read K00382:110:HKHKHBBXY:1:1218:18467:46153 prevented from extending past 1976 on chr4_JH584295_random
Warning! Read K00382:111:HKHK5BBXY:1:2121:20506:16172 prevented from extending past 40056 on chrUn_GL456239
Warning! Read K00382:110:HKHKHBBXY:1:1105:28828:1332 prevented from extending past 1976 on chr4_JH584295_random
  BAM records analyzed:    44288262
    Unmapped:                279300
    To skipped refs:        6158366
      (chrM)
    MAPQ < 30:              8132568
    Paired alignments:            0
    Unpaired alignments:   29718028
  PCR duplicates --
    Paired aln sets:              0
      duplicates:                 0 (0.0%)
    Discordant aln sets:          0
      duplicates:                 0 (0.0%)
    Singleton aln sets:    35876394
      duplicates:           8542133 (23.8%)
  Fragments analyzed:      27311936
    Full fragments:               0
    Half fragments:        27311936
      (from unpaired alns)
    ATAC-seq cut sites:    27311936
      (expanded to length 100bp)
- control file #0 not provided -
  Background pileup value: 1.080950
Processing experimental file #1: results/4-ATAC_genotype/corrected_bams/name/149_BXD43_SD_full.nm.bam
Warning! Read K00382:109:HJ5Y5BBXY:6:1111:27468:13324 prevented from extending past 31602 on chrUn_GL456378
Warning! Read K00382:109:HJ5Y5BBXY:8:2107:7517:44552 prevented from extending past 40056 on chrUn_GL456239
Warning! Read K00382:120:HKHGNBBXY:8:1206:13636:20762 prevented from extending past 14945 on chr4_JH584292_random
Warning! Read K00382:115:HKHC5BBXY:3:1203:24667:15293 prevented from extending past 40056 on chrUn_GL456239
Warning! Read K00382:115:HKHC5BBXY:3:2209:16752:48597 prevented from extending below 0 on chr4_JH584295_random
Warning! Read K00382:109:HJ5Y5BBXY:8:2203:4665:11899 prevented from extending below 0 on chrUn_GL456396
Warning! Read K00382:120:HKHGNBBXY:8:2226:22140:22133 prevented from extending past 1976 on chr4_JH584295_random
Warning! Read K00382:109:HJ5Y5BBXY:8:2222:21836:15522 prevented from extending past 40056 on chrUn_GL456239
Warning! Read K00382:120:HKHGNBBXY:8:2119:29782:42442 prevented from extending below 0 on chrUn_GL456370
Warning! Read K00382:120:HKHGNBBXY:8:2121:14823:47577 prevented from extending past 40056 on chrUn_GL456239
Warning! Read K00382:109:HJ5Y5BBXY:5:1111:19958:11425 prevented from extending past 1976 on chr4_JH584295_random
Warning! Read K00382:115:HKHC5BBXY:4:2227:30645:29272 prevented from extending past 1976 on chr4_JH584295_random
Warning! Read K00382:115:HKHC5BBXY:5:1206:8684:28850 prevented from extending past 24323 on chrUn_GL456394
Warning! Read K00382:115:HKHC5BBXY:3:2124:32268:32894 prevented from extending past 40056 on chrUn_GL456239
Warning! Read K00382:115:HKHC5BBXY:5:2207:7750:25826 prevented from extending below 0 on chrUn_GL456239
Warning! Read K00382:109:HJ5Y5BBXY:7:1223:8471:1683 prevented from extending below 0 on chrUn_GL456239
Warning! Read K00382:120:HKHGNBBXY:8:1223:15635:29852 prevented from extending past 24685 on chrUn_GL456387
Warning! Read K00382:115:HKHC5BBXY:5:2222:10916:7046 prevented from extending past 40056 on chrUn_GL456239
Warning! Read K00382:115:HKHC5BBXY:5:1103:21298:31998 prevented from extending below 0 on chrUn_GL456381
  BAM records analyzed:    49678594
    Unmapped:                192498
    To skipped refs:        3047330
      (chrM)
    MAPQ < 30:              7623781
    Paired alignments:            0
    Unpaired alignments:   38814985
  PCR duplicates --
    Paired aln sets:              0
      duplicates:                 0 (0.0%)
    Discordant aln sets:          0
      duplicates:                 0 (0.0%)
    Singleton aln sets:    41862315
      duplicates:           5239305 (12.5%)
  Fragments analyzed:      36601216
    Full fragments:               0
    Half fragments:        36601216
      (from unpaired alns)
    ATAC-seq cut sites:    36601216
      (expanded to length 100bp)
- control file #1 not provided -
  Background pileup value: 1.448512
Processing experimental file #2: results/4-ATAC_genotype/corrected_bams/name/185_BXD43_SD_full.nm.bam
Warning! Read K00382:118:HKHCJBBXY:1:2123:27590:48737 prevented from extending below 0 on chrUn_GL456366
Warning! Read K00382:120:HKHGNBBXY:7:2124:17066:12357 prevented from extending past 206961 on chr1_GL456221_random
Warning! Read K00382:120:HKHGNBBXY:7:1205:23703:44429 prevented from extending past 47073 on chrUn_GL456366
Warning! Read K00382:118:HKHCJBBXY:1:1111:19542:23012 prevented from extending past 40056 on chrUn_GL456239
Warning! Read K00382:120:HKHGNBBXY:7:1205:16346:38996 prevented from extending below 0 on chrUn_GL456239
Warning! Read K00382:115:HKHC5BBXY:2:1215:16833:17755 prevented from extending below 0 on chr4_JH584295_random
Warning! Read K00382:118:HKHCJBBXY:1:1112:5487:8963 prevented from extending below 0 on chrUn_GL456239
Warning! Read K00382:109:HJ5Y5BBXY:2:2224:27417:47630 prevented from extending past 40056 on chrUn_GL456239
Warning! Read K00382:115:HKHC5BBXY:1:1125:2869:11917 prevented from extending past 24323 on chrUn_GL456394
Warning! Read K00382:118:HKHCJBBXY:1:2213:16904:14572 prevented from extending below 0 on chrUn_GL456393
Warning! Read K00382:118:HKHCJBBXY:1:1113:7222:48579 prevented from extending past 28772 on chrUn_GL456389
Warning! Read K00382:115:HKHC5BBXY:1:2219:10642:26617 prevented from extending past 1976 on chr4_JH584295_random
Warning! Read K00382:120:HKHGNBBXY:7:1210:10937:45871 prevented from extending past 24323 on chrUn_GL456394
Warning! Read K00382:115:HKHC5BBXY:1:1113:25469:14010 prevented from extending past 1976 on chr4_JH584295_random
Warning! Read K00382:118:HKHCJBBXY:1:2206:5284:38468 prevented from extending past 40056 on chrUn_GL456239
Warning! Read K00382:120:HKHGNBBXY:7:2121:2757:4690 prevented from extending past 47073 on chrUn_GL456366
Warning! Read K00382:118:HKHCJBBXY:1:2215:27204:4497 prevented from extending past 1976 on chr4_JH584295_random
Warning! Read K00382:118:HKHCJBBXY:1:1115:14204:48087 prevented from extending past 40056 on chrUn_GL456239
Warning! Read K00382:120:HKHGNBBXY:7:2227:14793:36622 prevented from extending past 1976 on chr4_JH584295_random
Warning! Read K00382:118:HKHCJBBXY:1:2109:25489:6273 prevented from extending past 40056 on chrUn_GL456239
Warning! Read K00382:109:HJ5Y5BBXY:4:1218:15879:26582 prevented from extending past 24323 on chrUn_GL456394
Warning! Read K00382:118:HKHCJBBXY:1:1202:15848:17878 prevented from extending past 1976 on chr4_JH584295_random
Warning! Read K00382:115:HKHC5BBXY:2:1223:18396:45326 prevented from extending below 0 on chr4_JH584295_random
  BAM records analyzed:   101887950
    Unmapped:                766966
    To skipped refs:        9102187
      (chrM)
    MAPQ < 30:             16638296
    Paired alignments:            0
    Unpaired alignments:   75380501
  PCR duplicates --
    Paired aln sets:              0
      duplicates:                 0 (0.0%)
    Discordant aln sets:          0
      duplicates:                 0 (0.0%)
    Singleton aln sets:    84482688
      duplicates:          17621114 (20.9%)
  Fragments analyzed:      66839161
    Full fragments:               0
    Half fragments:        66839161
      (from unpaired alns)
    ATAC-seq cut sites:    66839161
      (expanded to length 100bp)
- control file #2 not provided -
  Background pileup value: 2.646264
Peak-calling parameters:
  Genome length: 2491878275bp
  Significance threshold: -log(q) > 1.301
  Min. AUC: 200.000
  Max. gap between sites: 100bp
Peaks identified: 11998 (7807847bp)
Logs saved in <logs/5-ATAC_peaks/peaks_BXD43_SD.log>
