Calling peaks for results/4-ATAC_genotype/corrected_bams/name/031_BXD101_SD_full.nm.bam results/4-ATAC_genotype/corrected_bams/name/143_BXD101_SD_full.nm.bam results/4-ATAC_genotype/corrected_bams/name/223_BXD101_SD_full.nm.bam
Processing experimental file #0: results/4-ATAC_genotype/corrected_bams/name/031_BXD101_SD_full.nm.bam
Warning! Read K00382:118:HKHCJBBXY:3:2104:19116:9332 prevented from extending past 1976 on chr4_JH584295_random
Warning! Read K00382:118:HKHCJBBXY:3:1123:21755:33598 prevented from extending below 0 on chr4_JH584295_random
Warning! Read K00382:107:HJ55YBBXY:8:1218:23683:33879 prevented from extending past 1976 on chr4_JH584295_random
Warning! Read K00382:125:HKHL3BBXY:6:1210:2879:21289 prevented from extending below 0 on chrUn_GL456239
Warning! Read K00382:107:HJ55YBBXY:8:2222:31578:8312 prevented from extending past 40056 on chrUn_GL456239
Warning! Read K00382:115:HKHC5BBXY:8:1215:27945:24630 prevented from extending past 1976 on chr4_JH584295_random
Warning! Read K00382:107:HJ55YBBXY:5:2111:32126:23540 prevented from extending below 0 on chrUn_GL456239
Warning! Read K00382:115:HKHC5BBXY:8:2122:11820:37167 prevented from extending past 55711 on chrUn_GL456393
  BAM records analyzed:    38870513
    Unmapped:                293026
    To skipped refs:        8885665
      (chrM)
    MAPQ < 30:              9161954
    Paired alignments:            0
    Unpaired alignments:   20529868
  PCR duplicates --
    Paired aln sets:              0
      duplicates:                 0 (0.0%)
    Discordant aln sets:          0
      duplicates:                 0 (0.0%)
    Singleton aln sets:    29415533
      duplicates:          10113947 (34.4%)
  Fragments analyzed:      19279163
    Full fragments:               0
    Half fragments:        19279163
      (from unpaired alns)
    ATAC-seq cut sites:    19279163
      (expanded to length 100bp)
- control file #0 not provided -
  Background pileup value: 0.762795
Processing experimental file #1: results/4-ATAC_genotype/corrected_bams/name/143_BXD101_SD_full.nm.bam
Warning! Read K00382:109:HJ5Y5BBXY:6:1128:26281:27654 prevented from extending past 40056 on chrUn_GL456239
Warning! Read K00382:115:HKHC5BBXY:3:2115:23317:37748 prevented from extending below 0 on chr4_JH584295_random
Warning! Read K00382:115:HKHC5BBXY:3:2115:19339:8734 prevented from extending past 1976 on chr4_JH584295_random
Warning! Read K00382:115:HKHC5BBXY:4:2114:21278:48667 prevented from extending past 40056 on chrUn_GL456239
Warning! Read K00382:115:HKHC5BBXY:4:2226:19116:24841 prevented from extending past 31602 on chrUn_GL456378
Warning! Read K00382:115:HKHC5BBXY:4:1206:19877:39312 prevented from extending below 0 on chrUn_GL456239
Warning! Read K00382:109:HJ5Y5BBXY:5:1214:28371:3002 prevented from extending past 1976 on chr4_JH584295_random
Warning! Read K00382:115:HKHC5BBXY:4:2205:29924:40508 prevented from extending past 24685 on chrUn_GL456387
  BAM records analyzed:    40149785
    Unmapped:                210038
    To skipped refs:        8091351
      (chrM)
    MAPQ < 30:              9066876
    Paired alignments:            0
    Unpaired alignments:   22781520
  PCR duplicates --
    Paired aln sets:              0
      duplicates:                 0 (0.0%)
    Discordant aln sets:          0
      duplicates:                 0 (0.0%)
    Singleton aln sets:    30872871
      duplicates:           9393291 (30.4%)
  Fragments analyzed:      21457228
    Full fragments:               0
    Half fragments:        21457228
      (from unpaired alns)
    ATAC-seq cut sites:    21457228
      (expanded to length 100bp)
- control file #1 not provided -
  Background pileup value: 0.849210
Processing experimental file #2: results/4-ATAC_genotype/corrected_bams/name/223_BXD101_SD_full.nm.bam
Warning! Read K00382:115:HKHC5BBXY:2:2119:3823:15750 prevented from extending past 40056 on chrUn_GL456239
Warning! Read K00382:115:HKHC5BBXY:1:2228:8998:41809 prevented from extending past 40056 on chrUn_GL456239
Warning! Read K00382:115:HKHC5BBXY:2:1103:27752:6396 prevented from extending below 0 on chr4_JH584295_random
Warning! Read K00382:109:HJ5Y5BBXY:3:2106:23612:19478 prevented from extending below 0 on chrUn_GL456393
Warning! Read K00382:115:HKHC5BBXY:2:2105:28899:16647 prevented from extending past 25871 on chrUn_GL456381
Warning! Read K00382:115:HKHC5BBXY:2:2218:29914:14854 prevented from extending past 1976 on chr4_JH584295_random
Warning! Read K00382:115:HKHC5BBXY:1:1205:3752:1384 prevented from extending past 1976 on chr4_JH584295_random
Warning! Read K00382:115:HKHC5BBXY:2:1103:20628:35972 prevented from extending past 40056 on chrUn_GL456239
Warning! Read K00382:115:HKHC5BBXY:2:1116:10713:33598 prevented from extending past 72385 on chrUn_GL456379
Warning! Read K00382:115:HKHC5BBXY:1:2105:4807:40596 prevented from extending past 28772 on chrUn_GL456389
Warning! Read K00382:109:HJ5Y5BBXY:2:2107:16376:23470 prevented from extending past 28772 on chrUn_GL456389
Warning! Read K00382:115:HKHC5BBXY:1:2104:12012:25017 prevented from extending below 0 on chrUn_GL456366
Warning! Read K00382:115:HKHC5BBXY:2:1214:4411:38926 prevented from extending past 40056 on chrUn_GL456239
Warning! Read K00382:115:HKHC5BBXY:1:2119:28442:25421 prevented from extending below 0 on chrUn_GL456239
Warning! Read K00382:115:HKHC5BBXY:2:1118:19177:15276 prevented from extending past 40056 on chrUn_GL456239
Warning! Read K00382:115:HKHC5BBXY:2:2125:30137:37677 prevented from extending past 25871 on chrUn_GL456381
Warning! Read K00382:115:HKHC5BBXY:2:1221:9841:14185 prevented from extending below 0 on chrUn_GL456239
Warning! Read K00382:115:HKHC5BBXY:1:1226:25225:31628 prevented from extending below 0 on chrUn_GL456239
Warning! Read K00382:109:HJ5Y5BBXY:4:1215:15950:12603 prevented from extending past 40056 on chrUn_GL456239
  BAM records analyzed:    66654028
    Unmapped:                273836
    To skipped refs:        4464443
      (chrM)
    MAPQ < 30:             10194871
    Paired alignments:            0
    Unpaired alignments:   51720878
  PCR duplicates --
    Paired aln sets:              0
      duplicates:                 0 (0.0%)
    Discordant aln sets:          0
      duplicates:                 0 (0.0%)
    Singleton aln sets:    56185321
      duplicates:           8957320 (15.9%)
  Fragments analyzed:      47206437
    Full fragments:               0
    Half fragments:        47206437
      (from unpaired alns)
    ATAC-seq cut sites:    47206437
      (expanded to length 100bp)
- control file #2 not provided -
  Background pileup value: 1.869053
Peak-calling parameters:
  Genome length: 2491878275bp
  Significance threshold: -log(q) > 1.301
  Min. AUC: 200.000
  Max. gap between sites: 100bp
Peaks identified: 21126 (13545622bp)
Logs saved in <logs/5-ATAC_peaks/peaks_BXD101_SD.log>
