Calling peaks for results/4-ATAC_genotype/corrected_bams/name/025_BXD89_SD_sub1.nm.bam results/4-ATAC_genotype/corrected_bams/name/133_BXD89_SD_sub1.nm.bam results/4-ATAC_genotype/corrected_bams/name/175_BXD89_SD_sub1.nm.bam
Processing experimental file #0: results/4-ATAC_genotype/corrected_bams/name/025_BXD89_SD_sub1.nm.bam
Warning! Read K00382:115:HKHC5BBXY:8:2208:14509:47383 prevented from extending below 0 on chr4_JH584295_random
Warning! Read K00382:115:HKHC5BBXY:6:2224:11099:18898 prevented from extending below 0 on chrUn_GL456392
Warning! Read K00382:107:HJ55YBBXY:6:1101:25286:2650 prevented from extending below 0 on chr4_JH584295_random
Warning! Read K00382:115:HKHC5BBXY:8:2115:10805:10018 prevented from extending below 0 on chr4_JH584295_random
Warning! Read K00382:107:HJ55YBBXY:5:2212:16670:15434 prevented from extending past 31602 on chrUn_GL456378
Warning! Read K00382:115:HKHC5BBXY:7:2221:7669:39084 prevented from extending past 31602 on chrUn_GL456378
Warning! Read K00382:115:HKHC5BBXY:8:2128:12753:35866 prevented from extending past 40056 on chrUn_GL456239
Warning! Read K00382:115:HKHC5BBXY:8:1103:24657:10493 prevented from extending past 1976 on chr4_JH584295_random
Warning! Read K00382:107:HJ55YBBXY:6:1108:19268:18353 prevented from extending past 1976 on chr4_JH584295_random
  BAM records analyzed:    20000000
    Unmapped:                136099
    To skipped refs:        1860975
      (chrM)
    MAPQ < 30:              3207872
    Paired alignments:            0
    Unpaired alignments:   14795054
  PCR duplicates --
    Paired aln sets:              0
      duplicates:                 0 (0.0%)
    Discordant aln sets:          0
      duplicates:                 0 (0.0%)
    Singleton aln sets:    16656029
      duplicates:           2207522 (13.3%)
  Fragments analyzed:      14427294
    Full fragments:               0
    Half fragments:        14427294
      (from unpaired alns)
    ATAC-seq cut sites:    14427294
      (expanded to length 100bp)
- control file #0 not provided -
  Background pileup value: 0.571165
Processing experimental file #1: results/4-ATAC_genotype/corrected_bams/name/133_BXD89_SD_sub1.nm.bam
Warning! Read K00382:106:HJ57YBBXY:5:2106:28534:21184 prevented from extending past 55711 on chrUn_GL456393
Warning! Read K00382:106:HJ57YBBXY:8:2108:3082:35110 prevented from extending past 1976 on chr4_JH584295_random
Warning! Read K00382:111:HKHK5BBXY:5:2114:13941:10985 prevented from extending past 40056 on chrUn_GL456239
Warning! Read K00382:106:HJ57YBBXY:7:1213:5731:41036 prevented from extending below 0 on chr4_JH584295_random
Warning! Read K00382:111:HKHK5BBXY:3:2125:17107:1279 prevented from extending past 1976 on chr4_JH584295_random
Warning! Read K00382:106:HJ57YBBXY:6:1222:3457:12269 prevented from extending below 0 on chr4_JH584295_random
Warning! Read K00382:111:HKHK5BBXY:4:2104:3356:13816 prevented from extending past 1976 on chr4_JH584295_random
Warning! Read K00382:106:HJ57YBBXY:5:2125:10744:45889 prevented from extending below 0 on chr4_JH584295_random
Warning! Read K00382:111:HKHK5BBXY:5:1201:2311:26459 prevented from extending past 55711 on chrUn_GL456393
Warning! Read K00382:106:HJ57YBBXY:7:1119:25286:38275 prevented from extending past 28772 on chrUn_GL456389
  BAM records analyzed:    20000000
    Unmapped:                 97967
    To skipped refs:        1706311
      (chrM)
    MAPQ < 30:              3178847
    Paired alignments:            0
    Unpaired alignments:   15016875
  PCR duplicates --
    Paired aln sets:              0
      duplicates:                 0 (0.0%)
    Discordant aln sets:          0
      duplicates:                 0 (0.0%)
    Singleton aln sets:    16723186
      duplicates:           2057507 (12.3%)
  Fragments analyzed:      14644629
    Full fragments:               0
    Half fragments:        14644629
      (from unpaired alns)
    ATAC-seq cut sites:    14644629
      (expanded to length 100bp)
- control file #1 not provided -
  Background pileup value: 0.579622
Processing experimental file #2: results/4-ATAC_genotype/corrected_bams/name/175_BXD89_SD_sub1.nm.bam
Warning! Read K00382:109:HJ5Y5BBXY:6:1127:23084:4215 prevented from extending past 38659 on chrUn_GL456383
Warning! Read K00382:120:HKHGNBBXY:8:2116:23196:1173 prevented from extending past 40056 on chrUn_GL456239
Warning! Read K00382:109:HJ5Y5BBXY:5:2115:32420:7908 prevented from extending past 24685 on chrUn_GL456387
Warning! Read K00382:109:HJ5Y5BBXY:8:1128:29609:28147 prevented from extending past 1976 on chr4_JH584295_random
Warning! Read K00382:109:HJ5Y5BBXY:5:1213:6157:25949 prevented from extending past 40056 on chrUn_GL456239
Warning! Read K00382:109:HJ5Y5BBXY:5:2127:30046:16594 prevented from extending past 42057 on chrUn_GL456367
Warning! Read K00382:109:HJ5Y5BBXY:5:2225:17117:29079 prevented from extending below 0 on chrUn_GL456389
Warning! Read K00382:109:HJ5Y5BBXY:7:2117:16924:41827 prevented from extending past 40056 on chrUn_GL456239
Warning! Read K00382:109:HJ5Y5BBXY:8:2211:13027:11548 prevented from extending past 40056 on chrUn_GL456239
  BAM records analyzed:    20000000
    Unmapped:                233990
    To skipped refs:        1807304
      (chrM)
    MAPQ < 30:              3529134
    Paired alignments:            0
    Unpaired alignments:   14429572
  PCR duplicates --
    Paired aln sets:              0
      duplicates:                 0 (0.0%)
    Discordant aln sets:          0
      duplicates:                 0 (0.0%)
    Singleton aln sets:    16236876
      duplicates:           2218978 (13.7%)
  Fragments analyzed:      13996850
    Full fragments:               0
    Half fragments:        13996850
      (from unpaired alns)
    ATAC-seq cut sites:    13996850
      (expanded to length 100bp)
- control file #2 not provided -
  Background pileup value: 0.553889
Peak-calling parameters:
  Genome length: 2491878275bp
  Significance threshold: -log(q) > 1.301
  Min. AUC: 200.000
  Max. gap between sites: 100bp
Peaks identified: 19941 (12717843bp)
Logs saved in <logs/5-ATAC_peaks/subset_BXD89_SD_1.log>
