Calling peaks for results/4-ATAC_genotype/corrected_bams/name/026_BXD89_CTRL_sub2.nm.bam results/4-ATAC_genotype/corrected_bams/name/132_BXD89_CTRL_sub2.nm.bam results/4-ATAC_genotype/corrected_bams/name/174_BXD89_CTRL_sub2.nm.bam
Processing experimental file #0: results/4-ATAC_genotype/corrected_bams/name/026_BXD89_CTRL_sub2.nm.bam
Warning! Read K00382:118:HKHCJBBXY:3:1113:32045:6202 prevented from extending below 0 on chrUn_GL456378
Warning! Read K00382:125:HKHL3BBXY:6:1225:21856:27443 prevented from extending past 1976 on chr4_JH584295_random
Warning! Read K00382:107:HJ55YBBXY:7:2101:12642:8137 prevented from extending past 40056 on chrUn_GL456239
  BAM records analyzed:    15000000
    Unmapped:                151661
    To skipped refs:        3560252
      (chrM)
    MAPQ < 30:              3570412
    Paired alignments:            0
    Unpaired alignments:    7717675
  PCR duplicates --
    Paired aln sets:              0
      duplicates:                 0 (0.0%)
    Discordant aln sets:          0
      duplicates:                 0 (0.0%)
    Singleton aln sets:    11277927
      duplicates:           3858782 (34.2%)
  Fragments analyzed:       7397307
    Full fragments:               0
    Half fragments:         7397307
      (from unpaired alns)
    ATAC-seq cut sites:     7397307
      (expanded to length 100bp)
- control file #0 not provided -
  Background pileup value: 0.292425
Processing experimental file #1: results/4-ATAC_genotype/corrected_bams/name/132_BXD89_CTRL_sub2.nm.bam
Warning! Read K00382:111:HKHK5BBXY:3:1102:11505:39049 prevented from extending past 1976 on chr4_JH584295_random
Warning! Read K00382:111:HKHK5BBXY:5:1102:23328:23311 prevented from extending past 40056 on chrUn_GL456239
Warning! Read K00382:125:HKHL3BBXY:6:1223:29264:1806 prevented from extending past 1976 on chr4_JH584295_random
Warning! Read K00382:111:HKHK5BBXY:5:1222:31101:10440 prevented from extending past 40056 on chrUn_GL456239
Warning! Read K00382:106:HJ57YBBXY:8:1128:8298:17421 prevented from extending below 0 on chr4_JH584295_random
Warning! Read K00382:106:HJ57YBBXY:5:1117:20577:15768 prevented from extending below 0 on chrUn_GL456366
Warning! Read K00382:106:HJ57YBBXY:7:1126:1448:25210 prevented from extending past 31602 on chrUn_GL456378
Warning! Read K00382:106:HJ57YBBXY:6:2109:12347:39664 prevented from extending past 1976 on chr4_JH584295_random
  BAM records analyzed:    15000000
    Unmapped:                116133
    To skipped refs:        1786030
      (chrM)
    MAPQ < 30:              2637933
    Paired alignments:            0
    Unpaired alignments:   10459904
  PCR duplicates --
    Paired aln sets:              0
      duplicates:                 0 (0.0%)
    Discordant aln sets:          0
      duplicates:                 0 (0.0%)
    Singleton aln sets:    12245934
      duplicates:           1979424 (16.2%)
  Fragments analyzed:      10245150
    Full fragments:               0
    Half fragments:        10245150
      (from unpaired alns)
    ATAC-seq cut sites:    10245150
      (expanded to length 100bp)
- control file #1 not provided -
  Background pileup value: 0.405325
Processing experimental file #2: results/4-ATAC_genotype/corrected_bams/name/174_BXD89_CTRL_sub2.nm.bam
Warning! Read K00382:109:HJ5Y5BBXY:8:1224:28158:22995 prevented from extending below 0 on chr4_JH584295_random
Warning! Read K00382:120:HKHGNBBXY:8:1127:19380:27584 prevented from extending past 40056 on chrUn_GL456239
Warning! Read K00382:115:HKHC5BBXY:3:2209:12510:9842 prevented from extending below 0 on chr4_JH584295_random
Warning! Read K00382:115:HKHC5BBXY:4:2205:26413:20076 prevented from extending past 1976 on chr4_JH584295_random
  BAM records analyzed:    15000000
    Unmapped:                137052
    To skipped refs:        1645015
      (chrM)
    MAPQ < 30:              2714034
    Paired alignments:            0
    Unpaired alignments:   10503899
  PCR duplicates --
    Paired aln sets:              0
      duplicates:                 0 (0.0%)
    Discordant aln sets:          0
      duplicates:                 0 (0.0%)
    Singleton aln sets:    12148914
      duplicates:           1858362 (15.3%)
  Fragments analyzed:      10269407
    Full fragments:               0
    Half fragments:        10269407
      (from unpaired alns)
    ATAC-seq cut sites:    10269407
      (expanded to length 100bp)
- control file #2 not provided -
  Background pileup value: 0.406319
Peak-calling parameters:
  Genome length: 2491878275bp
  Significance threshold: -log(q) > 1.301
  Min. AUC: 200.000
  Max. gap between sites: 100bp
Peaks identified: 33688 (17119734bp)
Logs saved in <logs/5-ATAC_peaks/subset_BXD89_CTRL_2.log>
