Calling peaks for results/4-ATAC_genotype/corrected_bams/name/066_48a_CTRL_sub2.nm.bam results/4-ATAC_genotype/corrected_bams/name/105_48a_CTRL_sub2.nm.bam results/4-ATAC_genotype/corrected_bams/name/136_48a_CTRL_sub2.nm.bam
Processing experimental file #0: results/4-ATAC_genotype/corrected_bams/name/066_48a_CTRL_sub2.nm.bam
Warning! Read K00382:106:HJ57YBBXY:7:1126:20689:41317 prevented from extending past 1976 on chr4_JH584295_random
Warning! Read K00382:106:HJ57YBBXY:6:2216:31162:37871 prevented from extending past 55711 on chrUn_GL456393
Warning! Read K00382:106:HJ57YBBXY:7:2126:21481:34248 prevented from extending past 1976 on chr4_JH584295_random
Warning! Read K00382:106:HJ57YBBXY:8:1228:2920:30257 prevented from extending below 0 on chr4_JH584295_random
Warning! Read K00382:111:HKHK5BBXY:2:1207:26220:34582 prevented from extending below 0 on chr4_JH584295_random
Warning! Read K00382:106:HJ57YBBXY:6:2203:29234:28446 prevented from extending past 40056 on chrUn_GL456239
Warning! Read K00382:111:HKHK5BBXY:5:2203:15382:21254 prevented from extending past 24323 on chrUn_GL456394
Warning! Read K00382:106:HJ57YBBXY:5:2116:10074:12445 prevented from extending past 40056 on chrUn_GL456239
Warning! Read K00382:111:HKHK5BBXY:2:2118:2057:47612 prevented from extending below 0 on chrUn_GL456239
Warning! Read K00382:106:HJ57YBBXY:8:2119:18893:38486 prevented from extending past 1976 on chr4_JH584295_random
Warning! Read K00382:106:HJ57YBBXY:7:1226:14093:29219 prevented from extending below 0 on chr4_JH584295_random
  BAM records analyzed:    15000000
    Unmapped:                 77384
    To skipped refs:        1566076
      (chrM)
    MAPQ < 30:              2483853
    Paired alignments:            0
    Unpaired alignments:   10872687
  PCR duplicates --
    Paired aln sets:              0
      duplicates:                 0 (0.0%)
    Discordant aln sets:          0
      duplicates:                 0 (0.0%)
    Singleton aln sets:    12438763
      duplicates:           1727220 (13.9%)
  Fragments analyzed:      10690319
    Full fragments:               0
    Half fragments:        10690319
      (from unpaired alns)
    ATAC-seq cut sites:    10690319
      (expanded to length 100bp)
- control file #0 not provided -
  Background pileup value: 0.423111
Processing experimental file #1: results/4-ATAC_genotype/corrected_bams/name/105_48a_CTRL_sub2.nm.bam
Warning! Read K00382:109:HJ5Y5BBXY:2:2228:14976:31628 prevented from extending past 40056 on chrUn_GL456239
  BAM records analyzed:    15000000
    Unmapped:                 79104
    To skipped refs:        2099736
      (chrM)
    MAPQ < 30:              2811215
    Paired alignments:            0
    Unpaired alignments:   10009945
  PCR duplicates --
    Paired aln sets:              0
      duplicates:                 0 (0.0%)
    Discordant aln sets:          0
      duplicates:                 0 (0.0%)
    Singleton aln sets:    12109681
      duplicates:           2424973 (20.0%)
  Fragments analyzed:       9663109
    Full fragments:               0
    Half fragments:         9663109
      (from unpaired alns)
    ATAC-seq cut sites:     9663109
      (expanded to length 100bp)
- control file #1 not provided -
  Background pileup value: 0.382547
Processing experimental file #2: results/4-ATAC_genotype/corrected_bams/name/136_48a_CTRL_sub2.nm.bam
Warning! Read K00382:107:HJ55YBBXY:5:2216:23003:48245 prevented from extending past 1976 on chr4_JH584295_random
Warning! Read K00382:115:HKHC5BBXY:7:1105:15138:42284 prevented from extending past 47073 on chrUn_GL456366
Warning! Read K00382:107:HJ55YBBXY:7:2119:23754:44658 prevented from extending past 1976 on chr4_JH584295_random
Warning! Read K00382:107:HJ55YBBXY:8:2104:15564:21957 prevented from extending past 40056 on chrUn_GL456239
Warning! Read K00382:115:HKHC5BBXY:7:2115:25286:25931 prevented from extending past 28772 on chrUn_GL456389
Warning! Read K00382:107:HJ55YBBXY:7:2110:26971:47735 prevented from extending past 40056 on chrUn_GL456239
Warning! Read K00382:115:HKHC5BBXY:7:1225:10835:39858 prevented from extending past 40056 on chrUn_GL456239
Warning! Read K00382:115:HKHC5BBXY:7:2111:12083:12972 prevented from extending below 0 on chr4_JH584295_random
Warning! Read K00382:107:HJ55YBBXY:5:2121:6837:21887 prevented from extending past 24685 on chrUn_GL456387
  BAM records analyzed:    15000000
    Unmapped:                155510
    To skipped refs:        1691733
      (chrM)
    MAPQ < 30:              2573675
    Paired alignments:            0
    Unpaired alignments:   10579082
  PCR duplicates --
    Paired aln sets:              0
      duplicates:                 0 (0.0%)
    Discordant aln sets:          0
      duplicates:                 0 (0.0%)
    Singleton aln sets:    12270815
      duplicates:           1837911 (15.0%)
  Fragments analyzed:      10411494
    Full fragments:               0
    Half fragments:        10411494
      (from unpaired alns)
    ATAC-seq cut sites:    10411494
      (expanded to length 100bp)
- control file #2 not provided -
  Background pileup value: 0.412119
Peak-calling parameters:
  Genome length: 2491878275bp
  Significance threshold: -log(q) > 1.301
  Min. AUC: 200.000
  Max. gap between sites: 100bp
Peaks identified: 12093 (7128927bp)
Logs saved in <logs/5-ATAC_peaks/subset_48a_CTRL_2.log>
