Calling peaks for results/4-ATAC_genotype/corrected_bams/name/050_BXD65_CTRL_sub2.nm.bam results/4-ATAC_genotype/corrected_bams/name/160_BXD65_CTRL_sub2.nm.bam results/4-ATAC_genotype/corrected_bams/name/188_BXD65_CTRL_sub2.nm.bam
Processing experimental file #0: results/4-ATAC_genotype/corrected_bams/name/050_BXD65_CTRL_sub2.nm.bam
Warning! Read K00382:107:HJ55YBBXY:6:1112:25104:31417 prevented from extending past 1976 on chr4_JH584295_random
Warning! Read K00382:125:HKHL3BBXY:6:1208:17685:40508 prevented from extending past 1976 on chr4_JH584295_random
Warning! Read K00382:125:HKHL3BBXY:6:1202:11535:40192 prevented from extending past 55711 on chrUn_GL456393
  BAM records analyzed:    15000000
    Unmapped:                 98009
    To skipped refs:        3178185
      (chrM)
    MAPQ < 30:              3433950
    Paired alignments:            0
    Unpaired alignments:    8289856
  PCR duplicates --
    Paired aln sets:              0
      duplicates:                 0 (0.0%)
    Discordant aln sets:          0
      duplicates:                 0 (0.0%)
    Singleton aln sets:    11468041
      duplicates:           3394531 (29.6%)
  Fragments analyzed:       8051528
    Full fragments:               0
    Half fragments:         8051528
      (from unpaired alns)
    ATAC-seq cut sites:     8051528
      (expanded to length 100bp)
- control file #0 not provided -
  Background pileup value: 0.318480
Processing experimental file #1: results/4-ATAC_genotype/corrected_bams/name/160_BXD65_CTRL_sub2.nm.bam
Warning! Read K00382:110:HKHKHBBXY:1:2101:18162:44851 prevented from extending past 24323 on chrUn_GL456394
Warning! Read K00382:110:HKHKHBBXY:1:2208:6055:3477 prevented from extending past 38659 on chrUn_GL456383
Warning! Read K00382:110:HKHKHBBXY:1:2203:1641:3565 prevented from extending below 0 on chr4_JH584295_random
  BAM records analyzed:    15000000
    Unmapped:                 49786
    To skipped refs:         947327
      (chrM)
    MAPQ < 30:              2307481
    Paired alignments:            0
    Unpaired alignments:   11695406
  PCR duplicates --
    Paired aln sets:              0
      duplicates:                 0 (0.0%)
    Discordant aln sets:          0
      duplicates:                 0 (0.0%)
    Singleton aln sets:    12642733
      duplicates:           1185823 (9.4%)
  Fragments analyzed:      11436121
    Full fragments:               0
    Half fragments:        11436121
      (from unpaired alns)
    ATAC-seq cut sites:    11436121
      (expanded to length 100bp)
- control file #1 not provided -
  Background pileup value: 0.452462
Processing experimental file #2: results/4-ATAC_genotype/corrected_bams/name/188_BXD65_CTRL_sub2.nm.bam
Warning! Read K00382:115:HKHC5BBXY:3:1222:25144:1631 prevented from extending below 0 on chr4_JH584295_random
Warning! Read K00382:109:HJ5Y5BBXY:6:2204:2777:8805 prevented from extending below 0 on chrUn_GL456396
Warning! Read K00382:109:HJ5Y5BBXY:6:2211:24221:2316 prevented from extending below 0 on chrUn_GL456370
Warning! Read K00382:120:HKHGNBBXY:8:1205:4249:12023 prevented from extending below 0 on chr4_JH584295_random
Warning! Read K00382:109:HJ5Y5BBXY:5:1210:17026:31312 prevented from extending past 55711 on chrUn_GL456393
Warning! Read K00382:109:HJ5Y5BBXY:7:2111:10480:19759 prevented from extending past 1976 on chr4_JH584295_random
Warning! Read K00382:115:HKHC5BBXY:4:1210:29731:14607 prevented from extending past 1976 on chr4_JH584295_random
Warning! Read K00382:120:HKHGNBBXY:8:1211:32248:27936 prevented from extending past 31602 on chrUn_GL456378
  BAM records analyzed:    15000000
    Unmapped:                147970
    To skipped refs:        1688791
      (chrM)
    MAPQ < 30:              2765771
    Paired alignments:            0
    Unpaired alignments:   10397468
  PCR duplicates --
    Paired aln sets:              0
      duplicates:                 0 (0.0%)
    Discordant aln sets:          0
      duplicates:                 0 (0.0%)
    Singleton aln sets:    12086259
      duplicates:           1916826 (15.9%)
  Fragments analyzed:      10148006
    Full fragments:               0
    Half fragments:        10148006
      (from unpaired alns)
    ATAC-seq cut sites:    10148006
      (expanded to length 100bp)
- control file #2 not provided -
  Background pileup value: 0.401418
Peak-calling parameters:
  Genome length: 2491878275bp
  Significance threshold: -log(q) > 1.301
  Min. AUC: 200.000
  Max. gap between sites: 100bp
Peaks identified: 21577 (12285901bp)
Logs saved in <logs/5-ATAC_peaks/subset_BXD65_CTRL_2.log>
