Calling peaks for results/4-ATAC_genotype/corrected_bams/name/031_BXD101_SD_sub1.nm.bam results/4-ATAC_genotype/corrected_bams/name/143_BXD101_SD_sub1.nm.bam results/4-ATAC_genotype/corrected_bams/name/223_BXD101_SD_sub1.nm.bam
Processing experimental file #0: results/4-ATAC_genotype/corrected_bams/name/031_BXD101_SD_sub1.nm.bam
Warning! Read K00382:118:HKHCJBBXY:3:2104:19116:9332 prevented from extending past 1976 on chr4_JH584295_random
Warning! Read K00382:125:HKHL3BBXY:6:1210:2879:21289 prevented from extending below 0 on chrUn_GL456239
Warning! Read K00382:115:HKHC5BBXY:8:1109:27316:24841 prevented from extending below 0 on chr4_JH584295_random
Warning! Read K00382:107:HJ55YBBXY:8:2222:31578:8312 prevented from extending past 40056 on chrUn_GL456239
Warning! Read K00382:115:HKHC5BBXY:8:1215:27945:24630 prevented from extending past 1976 on chr4_JH584295_random
  BAM records analyzed:    20000000
    Unmapped:                150712
    To skipped refs:        4569837
      (chrM)
    MAPQ < 30:              4713301
    Paired alignments:            0
    Unpaired alignments:   10566150
  PCR duplicates --
    Paired aln sets:              0
      duplicates:                 0 (0.0%)
    Discordant aln sets:          0
      duplicates:                 0 (0.0%)
    Singleton aln sets:    15135987
      duplicates:           4909756 (32.4%)
  Fragments analyzed:      10204110
    Full fragments:               0
    Half fragments:        10204110
      (from unpaired alns)
    ATAC-seq cut sites:    10204110
      (expanded to length 100bp)
- control file #0 not provided -
  Background pileup value: 0.403632
Processing experimental file #1: results/4-ATAC_genotype/corrected_bams/name/143_BXD101_SD_sub1.nm.bam
Warning! Read K00382:109:HJ5Y5BBXY:6:2228:30046:26406 prevented from extending below 0 on chr4_JH584295_random
Warning! Read K00382:115:HKHC5BBXY:3:2115:19339:8734 prevented from extending past 1976 on chr4_JH584295_random
Warning! Read K00382:115:HKHC5BBXY:4:2114:21278:48667 prevented from extending past 40056 on chrUn_GL456239
Warning! Read K00382:115:HKHC5BBXY:4:1206:19877:39312 prevented from extending below 0 on chrUn_GL456239
Warning! Read K00382:115:HKHC5BBXY:4:2205:29924:40508 prevented from extending past 24685 on chrUn_GL456387
  BAM records analyzed:    20000000
    Unmapped:                104489
    To skipped refs:        4030792
      (chrM)
    MAPQ < 30:              4518198
    Paired alignments:            0
    Unpaired alignments:   11346521
  PCR duplicates --
    Paired aln sets:              0
      duplicates:                 0 (0.0%)
    Discordant aln sets:          0
      duplicates:                 0 (0.0%)
    Singleton aln sets:    15377313
      duplicates:           4357578 (28.3%)
  Fragments analyzed:      10997720
    Full fragments:               0
    Half fragments:        10997720
      (from unpaired alns)
    ATAC-seq cut sites:    10997720
      (expanded to length 100bp)
- control file #1 not provided -
  Background pileup value: 0.435162
Processing experimental file #2: results/4-ATAC_genotype/corrected_bams/name/223_BXD101_SD_sub1.nm.bam
Warning! Read K00382:115:HKHC5BBXY:2:1103:27752:6396 prevented from extending below 0 on chr4_JH584295_random
Warning! Read K00382:115:HKHC5BBXY:1:2105:4807:40596 prevented from extending past 28772 on chrUn_GL456389
Warning! Read K00382:115:HKHC5BBXY:1:2104:12012:25017 prevented from extending below 0 on chrUn_GL456366
Warning! Read K00382:115:HKHC5BBXY:2:1214:4411:38926 prevented from extending past 40056 on chrUn_GL456239
Warning! Read K00382:115:HKHC5BBXY:2:1221:9841:14185 prevented from extending below 0 on chrUn_GL456239
Warning! Read K00382:115:HKHC5BBXY:2:1210:18172:40262 prevented from extending past 40056 on chrUn_GL456239
  BAM records analyzed:    20000000
    Unmapped:                 82120
    To skipped refs:        1339182
      (chrM)
    MAPQ < 30:              3058266
    Paired alignments:            0
    Unpaired alignments:   15520432
  PCR duplicates --
    Paired aln sets:              0
      duplicates:                 0 (0.0%)
    Discordant aln sets:          0
      duplicates:                 0 (0.0%)
    Singleton aln sets:    16859614
      duplicates:           1772373 (10.5%)
  Fragments analyzed:      15067167
    Full fragments:               0
    Half fragments:        15067167
      (from unpaired alns)
    ATAC-seq cut sites:    15067167
      (expanded to length 100bp)
- control file #2 not provided -
  Background pileup value: 0.596428
Peak-calling parameters:
  Genome length: 2491878275bp
  Significance threshold: -log(q) > 1.301
  Min. AUC: 200.000
  Max. gap between sites: 100bp
Peaks identified: 24283 (14948870bp)
Logs saved in <logs/5-ATAC_peaks/subset_BXD101_SD_1.log>
