Calling peaks for results/4-ATAC_genotype/corrected_bams/name/037_BXD48_SD_sub1.nm.bam results/4-ATAC_genotype/corrected_bams/name/115_BXD48_SD_sub1.nm.bam results/4-ATAC_genotype/corrected_bams/name/153_BXD48_SD_sub1.nm.bam
Processing experimental file #0: results/4-ATAC_genotype/corrected_bams/name/037_BXD48_SD_sub1.nm.bam
Warning! Read K00382:110:HKHKHBBXY:1:1224:14499:25984 prevented from extending below 0 on chr4_JH584295_random
Warning! Read K00382:110:HKHKHBBXY:1:2202:7080:33879 prevented from extending below 0 on chrUn_GL456239
  BAM records analyzed:    20000000
    Unmapped:                288602
    To skipped refs:        4490251
      (chrM)
    MAPQ < 30:              4912371
    Paired alignments:            0
    Unpaired alignments:   10308776
  PCR duplicates --
    Paired aln sets:              0
      duplicates:                 0 (0.0%)
    Discordant aln sets:          0
      duplicates:                 0 (0.0%)
    Singleton aln sets:    14799027
      duplicates:           5232746 (35.4%)
  Fragments analyzed:       9544363
    Full fragments:               0
    Half fragments:         9544363
      (from unpaired alns)
    ATAC-seq cut sites:     9544363
      (expanded to length 100bp)
- control file #0 not provided -
  Background pileup value: 0.377586
Processing experimental file #1: results/4-ATAC_genotype/corrected_bams/name/115_BXD48_SD_sub1.nm.bam
Warning! Read K00382:109:HJ5Y5BBXY:3:1117:13433:8207 prevented from extending past 40056 on chrUn_GL456239
Warning! Read K00382:109:HJ5Y5BBXY:1:2221:7892:34196 prevented from extending below 0 on chr4_JH584295_random
Warning! Read K00382:109:HJ5Y5BBXY:1:1226:31842:5886 prevented from extending past 1976 on chr4_JH584295_random
Warning! Read K00382:109:HJ5Y5BBXY:1:1108:31040:19689 prevented from extending past 1976 on chr4_JH584295_random
  BAM records analyzed:    20000000
    Unmapped:                223533
    To skipped refs:        3901823
      (chrM)
    MAPQ < 30:              4478039
    Paired alignments:            0
    Unpaired alignments:   11396605
  PCR duplicates --
    Paired aln sets:              0
      duplicates:                 0 (0.0%)
    Discordant aln sets:          0
      duplicates:                 0 (0.0%)
    Singleton aln sets:    15298428
      duplicates:           4387849 (28.7%)
  Fragments analyzed:      10888542
    Full fragments:               0
    Half fragments:        10888542
      (from unpaired alns)
    ATAC-seq cut sites:    10888542
      (expanded to length 100bp)
- control file #1 not provided -
  Background pileup value: 0.430757
Processing experimental file #2: results/4-ATAC_genotype/corrected_bams/name/153_BXD48_SD_sub1.nm.bam
Warning! Read K00382:109:HJ5Y5BBXY:6:2121:27265:32701 prevented from extending past 40056 on chrUn_GL456239
Warning! Read K00382:109:HJ5Y5BBXY:8:1108:7689:9754 prevented from extending below 0 on chrUn_GL456239
Warning! Read K00382:115:HKHC5BBXY:4:1104:8988:11935 prevented from extending below 0 on chr4_JH584295_random
Warning! Read K00382:115:HKHC5BBXY:3:2211:7496:37413 prevented from extending past 40056 on chrUn_GL456239
  BAM records analyzed:    20000000
    Unmapped:                 67877
    To skipped refs:        1379315
      (chrM)
    MAPQ < 30:              2846110
    Paired alignments:            0
    Unpaired alignments:   15706698
  PCR duplicates --
    Paired aln sets:              0
      duplicates:                 0 (0.0%)
    Discordant aln sets:          0
      duplicates:                 0 (0.0%)
    Singleton aln sets:    17086013
      duplicates:           1782954 (10.4%)
  Fragments analyzed:      15281837
    Full fragments:               0
    Half fragments:        15281837
      (from unpaired alns)
    ATAC-seq cut sites:    15281837
      (expanded to length 100bp)
- control file #2 not provided -
  Background pileup value: 0.605183
Peak-calling parameters:
  Genome length: 2491878275bp
  Significance threshold: -log(q) > 1.301
  Min. AUC: 200.000
  Max. gap between sites: 100bp
Peaks identified: 22829 (13119591bp)
Logs saved in <logs/5-ATAC_peaks/subset_BXD48_SD_1.log>
