Calling peaks for results/4-ATAC_genotype/corrected_bams/name/034_C57Bl6_CTRL_full.nm.bam results/4-ATAC_genotype/corrected_bams/name/216_C57Bl6_CTRL_full.nm.bam results/4-ATAC_genotype/corrected_bams/name/146_C57Bl6_CTRL_full.nm.bam
Processing experimental file #0: results/4-ATAC_genotype/corrected_bams/name/034_C57Bl6_CTRL_full.nm.bam
Warning! Read K00382:109:HJ5Y5BBXY:2:1224:10876:13412 prevented from extending past 24323 on chrUn_GL456394
Warning! Read K00382:109:HJ5Y5BBXY:2:2107:20811:25527 prevented from extending past 40056 on chrUn_GL456239
Warning! Read K00382:109:HJ5Y5BBXY:2:2120:12824:34829 prevented from extending past 1976 on chr4_JH584295_random
Warning! Read K00382:109:HJ5Y5BBXY:4:2205:31791:1894 prevented from extending past 28772 on chrUn_GL456389
Warning! Read K00382:115:HKHC5BBXY:1:1207:20649:6361 prevented from extending past 1976 on chr4_JH584295_random
Warning! Read K00382:109:HJ5Y5BBXY:4:2122:29985:36921 prevented from extending below 0 on chrUn_GL456370
Warning! Read K00382:109:HJ5Y5BBXY:2:2224:4330:3055 prevented from extending below 0 on chr4_JH584295_random
Warning! Read K00382:118:HKHCJBBXY:1:1216:7933:45520 prevented from extending past 72385 on chrUn_GL456379
Warning! Read K00382:109:HJ5Y5BBXY:1:2123:22688:18124 prevented from extending below 0 on chr4_JH584295_random
Warning! Read K00382:109:HJ5Y5BBXY:3:2103:22008:13500 prevented from extending below 0 on chrUn_GL456239
  BAM records analyzed:    40417112
    Unmapped:                851721
    To skipped refs:        4760741
      (chrM)
    MAPQ < 30:              7158669
    Paired alignments:            0
    Unpaired alignments:   27645981
  PCR duplicates --
    Paired aln sets:              0
      duplicates:                 0 (0.0%)
    Discordant aln sets:          0
      duplicates:                 0 (0.0%)
    Singleton aln sets:    32406722
      duplicates:           7066238 (21.8%)
  Fragments analyzed:      25318703
    Full fragments:               0
    Half fragments:        25318703
      (from unpaired alns)
    ATAC-seq cut sites:    25318703
      (expanded to length 100bp)
- control file #0 not provided -
  Background pileup value: 1.001999
Processing experimental file #1: results/4-ATAC_genotype/corrected_bams/name/216_C57Bl6_CTRL_full.nm.bam
Warning! Read K00382:115:HKHC5BBXY:7:2103:9607:32771 prevented from extending below 0 on chr4_JH584295_random
Warning! Read K00382:107:HJ55YBBXY:6:2117:23693:39418 prevented from extending past 24323 on chrUn_GL456394
Warning! Read K00382:115:HKHC5BBXY:7:2212:29183:8453 prevented from extending past 24323 on chrUn_GL456394
Warning! Read K00382:118:HKHCJBBXY:2:2212:23165:4813 prevented from extending below 0 on chrUn_GL456389
Warning! Read K00382:107:HJ55YBBXY:7:1217:23094:4057 prevented from extending past 1976 on chr4_JH584295_random
Warning! Read K00382:107:HJ55YBBXY:6:2116:16234:4901 prevented from extending past 55711 on chrUn_GL456393
Warning! Read K00382:115:HKHC5BBXY:7:1107:5051:17808 prevented from extending past 40056 on chrUn_GL456239
Warning! Read K00382:107:HJ55YBBXY:7:2202:19573:9280 prevented from extending past 14945 on chr4_JH584292_random
Warning! Read K00382:107:HJ55YBBXY:5:1111:15453:33967 prevented from extending past 38659 on chrUn_GL456383
Warning! Read K00382:107:HJ55YBBXY:6:1105:18233:30099 prevented from extending past 31602 on chrUn_GL456378
Warning! Read K00382:118:HKHCJBBXY:2:2228:30239:10985 prevented from extending past 1976 on chr4_JH584295_random
Warning! Read K00382:107:HJ55YBBXY:7:2221:23216:28112 prevented from extending below 0 on chrUn_GL456387
Warning! Read K00382:115:HKHC5BBXY:8:2116:24931:41493 prevented from extending past 66673 on chr4_GL456216_random
Warning! Read K00382:118:HKHCJBBXY:2:1110:27438:48227 prevented from extending past 1976 on chr4_JH584295_random
Warning! Read K00382:107:HJ55YBBXY:5:2104:24647:28833 prevented from extending below 0 on chrUn_GL456239
Warning! Read K00382:115:HKHC5BBXY:6:2202:19461:4374 prevented from extending below 0 on chrUn_GL456239
Warning! Read K00382:107:HJ55YBBXY:7:2119:7202:15240 prevented from extending past 28772 on chrUn_GL456389
Warning! Read K00382:107:HJ55YBBXY:8:1214:28747:14660 prevented from extending past 55711 on chrUn_GL456393
Warning! Read K00382:115:HKHC5BBXY:8:2226:31954:46029 prevented from extending past 1976 on chr4_JH584295_random
  BAM records analyzed:    47562979
    Unmapped:                146701
    To skipped refs:        3294190
      (chrM)
    MAPQ < 30:              7113627
    Paired alignments:            0
    Unpaired alignments:   37008461
  PCR duplicates --
    Paired aln sets:              0
      duplicates:                 0 (0.0%)
    Discordant aln sets:          0
      duplicates:                 0 (0.0%)
    Singleton aln sets:    40302651
      duplicates:           5231543 (13.0%)
  Fragments analyzed:      35049662
    Full fragments:               0
    Half fragments:        35049662
      (from unpaired alns)
    ATAC-seq cut sites:    35049662
      (expanded to length 100bp)
- control file #1 not provided -
  Background pileup value: 1.387165
Processing experimental file #2: results/4-ATAC_genotype/corrected_bams/name/146_C57Bl6_CTRL_full.nm.bam
Warning! Read K00382:106:HJ57YBBXY:5:2202:17117:13886 prevented from extending below 0 on chr4_JH584295_random
Warning! Read K00382:111:HKHK5BBXY:4:2107:3478:47295 prevented from extending below 0 on chr4_JH584295_random
Warning! Read K00382:106:HJ57YBBXY:8:2106:12946:25650 prevented from extending past 1976 on chr4_JH584295_random
Warning! Read K00382:111:HKHK5BBXY:2:2207:4279:18546 prevented from extending past 1976 on chr4_JH584295_random
Warning! Read K00382:111:HKHK5BBXY:4:1123:13606:39945 prevented from extending past 14945 on chr4_JH584292_random
Warning! Read K00382:106:HJ57YBBXY:5:2209:9526:5341 prevented from extending past 40056 on chrUn_GL456239
Warning! Read K00382:106:HJ57YBBXY:8:1202:16691:13042 prevented from extending past 1976 on chr4_JH584295_random
Warning! Read K00382:106:HJ57YBBXY:7:1201:24759:25052 prevented from extending past 1976 on chr4_JH584295_random
Warning! Read K00382:111:HKHK5BBXY:3:1223:10866:8576 prevented from extending past 40056 on chrUn_GL456239
  BAM records analyzed:    47156114
    Unmapped:                170656
    To skipped refs:        4023007
      (chrM)
    MAPQ < 30:              6644123
    Paired alignments:            0
    Unpaired alignments:   36318328
  PCR duplicates --
    Paired aln sets:              0
      duplicates:                 0 (0.0%)
    Discordant aln sets:          0
      duplicates:                 0 (0.0%)
    Singleton aln sets:    40341335
      duplicates:           6045926 (15.0%)
  Fragments analyzed:      34273345
    Full fragments:               0
    Half fragments:        34273345
      (from unpaired alns)
    ATAC-seq cut sites:    34273345
      (expanded to length 100bp)
- control file #2 not provided -
  Background pileup value: 1.357134
Peak-calling parameters:
  Genome length: 2491878275bp
  Significance threshold: -log(q) > 1.301
  Min. AUC: 200.000
  Max. gap between sites: 100bp
Peaks identified: 10231 (7280379bp)
Logs saved in <logs/5-ATAC_peaks/subset_C57Bl6_CTRL_3.log>
