Calling peaks for results/4-ATAC_genotype/corrected_bams/name/005_BXD55_SD_sub2.nm.bam results/4-ATAC_genotype/corrected_bams/name/082_BXD55_SD_sub2.nm.bam results/4-ATAC_genotype/corrected_bams/name/121_BXD55_SD_sub2.nm.bam
Processing experimental file #0: results/4-ATAC_genotype/corrected_bams/name/005_BXD55_SD_sub2.nm.bam
Warning! Read K00382:111:HKHK5BBXY:1:1115:3924:26898 prevented from extending below 0 on chr4_JH584295_random
Warning! Read K00382:110:HKHKHBBXY:1:2109:20567:3934 prevented from extending past 1976 on chr4_JH584295_random
Warning! Read K00382:110:HKHKHBBXY:4:2227:8663:45731 prevented from extending below 0 on chr4_JH584295_random
  BAM records analyzed:    15000000
    Unmapped:                150723
    To skipped refs:        1181098
      (chrM)
    MAPQ < 30:              2390112
    Paired alignments:            0
    Unpaired alignments:   11278067
  PCR duplicates --
    Paired aln sets:              0
      duplicates:                 0 (0.0%)
    Discordant aln sets:          0
      duplicates:                 0 (0.0%)
    Singleton aln sets:    12459165
      duplicates:           1477515 (11.9%)
  Fragments analyzed:      10960760
    Full fragments:               0
    Half fragments:        10960760
      (from unpaired alns)
    ATAC-seq cut sites:    10960760
      (expanded to length 100bp)
- control file #0 not provided -
  Background pileup value: 0.433813
Processing experimental file #1: results/4-ATAC_genotype/corrected_bams/name/082_BXD55_SD_sub2.nm.bam
Warning! Read K00382:125:HKHL3BBXY:6:1228:10815:13904 prevented from extending past 40056 on chrUn_GL456239
Warning! Read K00382:125:HKHL3BBXY:6:1225:19979:14273 prevented from extending past 1976 on chr4_JH584295_random
Warning! Read K00382:125:HKHL3BBXY:6:1103:25540:18071 prevented from extending below 0 on chr4_JH584295_random
  BAM records analyzed:    15000000
    Unmapped:                 90442
    To skipped refs:        2234687
      (chrM)
    MAPQ < 30:              2893997
    Paired alignments:            0
    Unpaired alignments:    9780874
  PCR duplicates --
    Paired aln sets:              0
      duplicates:                 0 (0.0%)
    Discordant aln sets:          0
      duplicates:                 0 (0.0%)
    Singleton aln sets:    12015561
      duplicates:           2405907 (20.0%)
  Fragments analyzed:       9588082
    Full fragments:               0
    Half fragments:         9588082
      (from unpaired alns)
    ATAC-seq cut sites:     9588082
      (expanded to length 100bp)
- control file #1 not provided -
  Background pileup value: 0.379328
Processing experimental file #2: results/4-ATAC_genotype/corrected_bams/name/121_BXD55_SD_sub2.nm.bam
Warning! Read K00382:107:HJ55YBBXY:6:2217:23419:23118 prevented from extending past 1976 on chr4_JH584295_random
Warning! Read K00382:115:HKHC5BBXY:6:2101:16630:42689 prevented from extending past 1976 on chr4_JH584295_random
  BAM records analyzed:    15000000
    Unmapped:                 50301
    To skipped refs:        1719904
      (chrM)
    MAPQ < 30:              2545739
    Paired alignments:            0
    Unpaired alignments:   10684056
  PCR duplicates --
    Paired aln sets:              0
      duplicates:                 0 (0.0%)
    Discordant aln sets:          0
      duplicates:                 0 (0.0%)
    Singleton aln sets:    12403960
      duplicates:           1905288 (15.4%)
  Fragments analyzed:      10477456
    Full fragments:               0
    Half fragments:        10477456
      (from unpaired alns)
    ATAC-seq cut sites:    10477456
      (expanded to length 100bp)
- control file #2 not provided -
  Background pileup value: 0.414796
Peak-calling parameters:
  Genome length: 2491878275bp
  Significance threshold: -log(q) > 1.301
  Min. AUC: 200.000
  Max. gap between sites: 100bp
Peaks identified: 22321 (13752009bp)
Logs saved in <logs/5-ATAC_peaks/subset_BXD55_SD_2.log>
