Calling peaks for results/4-ATAC_genotype/corrected_bams/name/049_BXD65_SD_sub2.nm.bam results/4-ATAC_genotype/corrected_bams/name/161_BXD65_SD_sub2.nm.bam results/4-ATAC_genotype/corrected_bams/name/189_BXD65_SD_sub2.nm.bam
Processing experimental file #0: results/4-ATAC_genotype/corrected_bams/name/049_BXD65_SD_sub2.nm.bam
Warning! Read K00382:107:HJ55YBBXY:5:2206:9201:47155 prevented from extending past 1976 on chr4_JH584295_random
Warning! Read K00382:107:HJ55YBBXY:5:1109:22364:30081 prevented from extending past 1976 on chr4_JH584295_random
Warning! Read K00382:115:HKHC5BBXY:7:1103:2605:2000 prevented from extending past 1976 on chr4_JH584295_random
  BAM records analyzed:    15000000
    Unmapped:                 81429
    To skipped refs:        2742822
      (chrM)
    MAPQ < 30:              3108437
    Paired alignments:            0
    Unpaired alignments:    9067312
  PCR duplicates --
    Paired aln sets:              0
      duplicates:                 0 (0.0%)
    Discordant aln sets:          0
      duplicates:                 0 (0.0%)
    Singleton aln sets:    11810134
      duplicates:           2959526 (25.1%)
  Fragments analyzed:       8828728
    Full fragments:               0
    Half fragments:         8828728
      (from unpaired alns)
    ATAC-seq cut sites:     8828728
      (expanded to length 100bp)
- control file #0 not provided -
  Background pileup value: 0.349425
Processing experimental file #1: results/4-ATAC_genotype/corrected_bams/name/161_BXD65_SD_sub2.nm.bam
Warning! Read K00382:110:HKHKHBBXY:2:2213:23094:46188 prevented from extending past 40056 on chrUn_GL456239
Warning! Read K00382:110:HKHKHBBXY:3:1101:7375:21342 prevented from extending past 14945 on chr4_JH584292_random
Warning! Read K00382:110:HKHKHBBXY:2:2226:21785:18810 prevented from extending past 1976 on chr4_JH584295_random
  BAM records analyzed:    15000000
    Unmapped:                 66803
    To skipped refs:        1169721
      (chrM)
    MAPQ < 30:              2169385
    Paired alignments:            0
    Unpaired alignments:   11594091
  PCR duplicates --
    Paired aln sets:              0
      duplicates:                 0 (0.0%)
    Discordant aln sets:          0
      duplicates:                 0 (0.0%)
    Singleton aln sets:    12763812
      duplicates:           1487794 (11.7%)
  Fragments analyzed:      11254747
    Full fragments:               0
    Half fragments:        11254747
      (from unpaired alns)
    ATAC-seq cut sites:    11254747
      (expanded to length 100bp)
- control file #1 not provided -
  Background pileup value: 0.445718
Processing experimental file #2: results/4-ATAC_genotype/corrected_bams/name/189_BXD65_SD_sub2.nm.bam
Warning! Read K00382:109:HJ5Y5BBXY:5:1101:21734:5569 prevented from extending past 1976 on chr4_JH584295_random
Warning! Read K00382:109:HJ5Y5BBXY:6:1223:24312:5816 prevented from extending past 1976 on chr4_JH584295_random
Warning! Read K00382:109:HJ5Y5BBXY:5:2111:28097:8260 prevented from extending past 55711 on chrUn_GL456393
  BAM records analyzed:    15000000
    Unmapped:                107777
    To skipped refs:        1165485
      (chrM)
    MAPQ < 30:              2457651
    Paired alignments:            0
    Unpaired alignments:   11269087
  PCR duplicates --
    Paired aln sets:              0
      duplicates:                 0 (0.0%)
    Discordant aln sets:          0
      duplicates:                 0 (0.0%)
    Singleton aln sets:    12434572
      duplicates:           1363197 (11.0%)
  Fragments analyzed:      11050478
    Full fragments:               0
    Half fragments:        11050478
      (from unpaired alns)
    ATAC-seq cut sites:    11050478
      (expanded to length 100bp)
- control file #2 not provided -
  Background pileup value: 0.437254
Peak-calling parameters:
  Genome length: 2491878275bp
  Significance threshold: -log(q) > 1.301
  Min. AUC: 200.000
  Max. gap between sites: 100bp
Peaks identified: 20875 (12701290bp)
Logs saved in <logs/5-ATAC_peaks/subset_BXD65_SD_2.log>
