Calling peaks for results/4-ATAC_genotype/corrected_bams/name/205_BXD44_SD_sub1.nm.bam results/4-ATAC_genotype/corrected_bams/name/207_BXD44_SD_sub1.nm.bam results/4-ATAC_genotype/corrected_bams/name/209_BXD44_SD_sub1.nm.bam
Processing experimental file #0: results/4-ATAC_genotype/corrected_bams/name/205_BXD44_SD_sub1.nm.bam
Warning! Read K00382:120:HKHGNBBXY:8:1111:10541:20709 prevented from extending past 31704 on chrUn_GL456360
Warning! Read K00382:120:HKHGNBBXY:8:2123:4635:10686 prevented from extending below 0 on chr4_JH584295_random
Warning! Read K00382:115:HKHC5BBXY:5:2122:21745:18740 prevented from extending past 1976 on chr4_JH584295_random
Warning! Read K00382:115:HKHC5BBXY:4:2224:6268:20480 prevented from extending past 31704 on chrUn_GL456360
Warning! Read K00382:109:HJ5Y5BBXY:8:1116:32329:30960 prevented from extending below 0 on chrUn_GL456366
Warning! Read K00382:109:HJ5Y5BBXY:7:1103:11647:7750 prevented from extending below 0 on chr4_JH584295_random
  BAM records analyzed:    20000000
    Unmapped:                 97818
    To skipped refs:        1415886
      (chrM)
    MAPQ < 30:              3229042
    Paired alignments:            0
    Unpaired alignments:   15257254
  PCR duplicates --
    Paired aln sets:              0
      duplicates:                 0 (0.0%)
    Discordant aln sets:          0
      duplicates:                 0 (0.0%)
    Singleton aln sets:    16673140
      duplicates:           1763905 (10.6%)
  Fragments analyzed:      14888447
    Full fragments:               0
    Half fragments:        14888447
      (from unpaired alns)
    ATAC-seq cut sites:    14888447
      (expanded to length 100bp)
- control file #0 not provided -
  Background pileup value: 0.589420
Processing experimental file #1: results/4-ATAC_genotype/corrected_bams/name/207_BXD44_SD_sub1.nm.bam
Warning! Read K00382:111:HKHK5BBXY:2:1214:28737:13939 prevented from extending below 0 on chr4_JH584295_random
Warning! Read K00382:106:HJ57YBBXY:6:2112:29234:15188 prevented from extending past 31602 on chrUn_GL456378
Warning! Read K00382:106:HJ57YBBXY:6:2223:4777:40825 prevented from extending past 31704 on chrUn_GL456360
Warning! Read K00382:111:HKHK5BBXY:3:1124:7679:41985 prevented from extending past 1976 on chr4_JH584295_random
Warning! Read K00382:111:HKHK5BBXY:3:1114:23987:23962 prevented from extending past 1976 on chr4_JH584295_random
  BAM records analyzed:    20000000
    Unmapped:                271246
    To skipped refs:        2026103
      (chrM)
    MAPQ < 30:              3472067
    Paired alignments:            0
    Unpaired alignments:   14230584
  PCR duplicates --
    Paired aln sets:              0
      duplicates:                 0 (0.0%)
    Discordant aln sets:          0
      duplicates:                 0 (0.0%)
    Singleton aln sets:    16256687
      duplicates:           2311360 (14.2%)
  Fragments analyzed:      13923714
    Full fragments:               0
    Half fragments:        13923714
      (from unpaired alns)
    ATAC-seq cut sites:    13923714
      (expanded to length 100bp)
- control file #1 not provided -
  Background pileup value: 0.550963
Processing experimental file #2: results/4-ATAC_genotype/corrected_bams/name/209_BXD44_SD_sub1.nm.bam
Warning! Read K00382:118:HKHCJBBXY:3:1113:9110:36833 prevented from extending past 40056 on chrUn_GL456239
Warning! Read K00382:115:HKHC5BBXY:6:1107:4716:29782 prevented from extending below 0 on chrUn_GL456370
Warning! Read K00382:115:HKHC5BBXY:7:1222:5162:18951 prevented from extending below 0 on chr4_JH584295_random
Warning! Read K00382:118:HKHCJBBXY:3:2128:2138:10651 prevented from extending below 0 on chrUn_GL456396
Warning! Read K00382:118:HKHCJBBXY:3:1116:32096:1367 prevented from extending past 14945 on chr4_JH584292_random
  BAM records analyzed:    20000000
    Unmapped:                 78733
    To skipped refs:        1040077
      (chrM)
    MAPQ < 30:              2990390
    Paired alignments:            0
    Unpaired alignments:   15890800
  PCR duplicates --
    Paired aln sets:              0
      duplicates:                 0 (0.0%)
    Discordant aln sets:          0
      duplicates:                 0 (0.0%)
    Singleton aln sets:    16930877
      duplicates:           1349057 (8.0%)
  Fragments analyzed:      15561236
    Full fragments:               0
    Half fragments:        15561236
      (from unpaired alns)
    ATAC-seq cut sites:    15561236
      (expanded to length 100bp)
- control file #2 not provided -
  Background pileup value: 0.615908
Peak-calling parameters:
  Genome length: 2491878275bp
  Significance threshold: -log(q) > 1.301
  Min. AUC: 200.000
  Max. gap between sites: 100bp
Peaks identified: 10229 (6943480bp)
Logs saved in <logs/5-ATAC_peaks/subset_BXD44_SD_1.log>
