Calling peaks for results/4-ATAC_genotype/corrected_bams/name/067_73b_SD_sub2.nm.bam results/4-ATAC_genotype/corrected_bams/name/145_73b_SD_sub2.nm.bam results/4-ATAC_genotype/corrected_bams/name/199_73b_SD_sub2.nm.bam
Processing experimental file #0: results/4-ATAC_genotype/corrected_bams/name/067_73b_SD_sub2.nm.bam
Warning! Read K00382:109:HJ5Y5BBXY:2:1114:9080:5165 prevented from extending past 47073 on chrUn_GL456366
Warning! Read K00382:109:HJ5Y5BBXY:2:1201:22749:47876 prevented from extending past 40056 on chrUn_GL456239
Warning! Read K00382:109:HJ5Y5BBXY:3:1224:25915:11161 prevented from extending past 1976 on chr4_JH584295_random
Warning! Read K00382:109:HJ5Y5BBXY:3:2205:14509:15627 prevented from extending past 40056 on chrUn_GL456239
  BAM records analyzed:    15000000
    Unmapped:                129228
    To skipped refs:        2498715
      (chrM)
    MAPQ < 30:              3087695
    Paired alignments:            0
    Unpaired alignments:    9284362
  PCR duplicates --
    Paired aln sets:              0
      duplicates:                 0 (0.0%)
    Discordant aln sets:          0
      duplicates:                 0 (0.0%)
    Singleton aln sets:    11783077
      duplicates:           2750071 (23.3%)
  Fragments analyzed:       9011316
    Full fragments:               0
    Half fragments:         9011316
      (from unpaired alns)
    ATAC-seq cut sites:     9011316
      (expanded to length 100bp)
- control file #0 not provided -
  Background pileup value: 0.356598
Processing experimental file #1: results/4-ATAC_genotype/corrected_bams/name/145_73b_SD_sub2.nm.bam
  BAM records analyzed:    15000000
    Unmapped:                 53867
    To skipped refs:        1036173
      (chrM)
    MAPQ < 30:              2178314
    Paired alignments:            0
    Unpaired alignments:   11731646
  PCR duplicates --
    Paired aln sets:              0
      duplicates:                 0 (0.0%)
    Discordant aln sets:          0
      duplicates:                 0 (0.0%)
    Singleton aln sets:    12767819
      duplicates:           1332009 (10.4%)
  Fragments analyzed:      11414996
    Full fragments:               0
    Half fragments:        11414996
      (from unpaired alns)
    ATAC-seq cut sites:    11414996
      (expanded to length 100bp)
- control file #1 not provided -
  Background pileup value: 0.452002
Processing experimental file #2: results/4-ATAC_genotype/corrected_bams/name/199_73b_SD_sub2.nm.bam
Warning! Read K00382:109:HJ5Y5BBXY:7:2122:3051:44095 prevented from extending past 55711 on chrUn_GL456393
Warning! Read K00382:109:HJ5Y5BBXY:8:2206:6989:33017 prevented from extending below 0 on chrUn_GL456389
Warning! Read K00382:109:HJ5Y5BBXY:7:1103:6837:32543 prevented from extending past 1976 on chr4_JH584295_random
Warning! Read K00382:115:HKHC5BBXY:3:2217:3133:7556 prevented from extending below 0 on chr4_JH584295_random
  BAM records analyzed:    15000000
    Unmapped:                 77429
    To skipped refs:        1983035
      (chrM)
    MAPQ < 30:              2942588
    Paired alignments:            0
    Unpaired alignments:    9996948
  PCR duplicates --
    Paired aln sets:              0
      duplicates:                 0 (0.0%)
    Discordant aln sets:          0
      duplicates:                 0 (0.0%)
    Singleton aln sets:    11979983
      duplicates:           2149992 (17.9%)
  Fragments analyzed:       9808568
    Full fragments:               0
    Half fragments:         9808568
      (from unpaired alns)
    ATAC-seq cut sites:     9808568
      (expanded to length 100bp)
- control file #2 not provided -
  Background pileup value: 0.388138
Peak-calling parameters:
  Genome length: 2491878275bp
  Significance threshold: -log(q) > 1.301
  Min. AUC: 200.000
  Max. gap between sites: 100bp
Peaks identified: 14609 (9232114bp)
Logs saved in <logs/5-ATAC_peaks/subset_73b_SD_2.log>
