Calling peaks for results/4-ATAC_genotype/corrected_bams/name/014_BXD67_CTRL_sub2.nm.bam results/4-ATAC_genotype/corrected_bams/name/089_BXD67_CTRL_sub2.nm.bam results/4-ATAC_genotype/corrected_bams/name/162_BXD67_CTRL_sub2.nm.bam
Processing experimental file #0: results/4-ATAC_genotype/corrected_bams/name/014_BXD67_CTRL_sub2.nm.bam
Warning! Read K00382:111:HKHK5BBXY:1:2208:2970:4497 prevented from extending past 1976 on chr4_JH584295_random
Warning! Read K00382:110:HKHKHBBXY:3:1204:26372:22397 prevented from extending below 0 on chrUn_GL456366
Warning! Read K00382:111:HKHK5BBXY:1:2212:8511:33475 prevented from extending past 1976 on chr4_JH584295_random
Warning! Read K00382:110:HKHKHBBXY:3:1223:17919:4303 prevented from extending past 55711 on chrUn_GL456393
Warning! Read K00382:110:HKHKHBBXY:1:2104:30330:46416 prevented from extending past 40056 on chrUn_GL456239
Warning! Read K00382:111:HKHK5BBXY:1:2217:6055:1578 prevented from extending past 14945 on chr4_JH584292_random
Warning! Read K00382:110:HKHKHBBXY:2:2220:3721:41247 prevented from extending below 0 on chrUn_GL456239
Warning! Read K00382:110:HKHKHBBXY:3:1209:26839:5868 prevented from extending past 1976 on chr4_JH584295_random
Warning! Read K00382:110:HKHKHBBXY:2:2219:9232:6871 prevented from extending past 40056 on chrUn_GL456239
  BAM records analyzed:    15000000
    Unmapped:                 84691
    To skipped refs:        1130593
      (chrM)
    MAPQ < 30:              2259229
    Paired alignments:            0
    Unpaired alignments:   11525487
  PCR duplicates --
    Paired aln sets:              0
      duplicates:                 0 (0.0%)
    Discordant aln sets:          0
      duplicates:                 0 (0.0%)
    Singleton aln sets:    12656080
      duplicates:           1461262 (11.5%)
  Fragments analyzed:      11173949
    Full fragments:               0
    Half fragments:        11173949
      (from unpaired alns)
    ATAC-seq cut sites:    11173949
      (expanded to length 100bp)
- control file #0 not provided -
  Background pileup value: 0.442512
Processing experimental file #1: results/4-ATAC_genotype/corrected_bams/name/089_BXD67_CTRL_sub2.nm.bam
Warning! Read K00382:115:HKHC5BBXY:6:2113:9293:25544 prevented from extending past 31602 on chrUn_GL456378
Warning! Read K00382:107:HJ55YBBXY:5:1219:7111:21975 prevented from extending past 1976 on chr4_JH584295_random
Warning! Read K00382:107:HJ55YBBXY:5:2109:21826:42161 prevented from extending below 0 on chr4_JH584295_random
Warning! Read K00382:118:HKHCJBBXY:3:2215:7994:30433 prevented from extending past 40056 on chrUn_GL456239
Warning! Read K00382:115:HKHC5BBXY:8:1113:11261:11724 prevented from extending past 1976 on chr4_JH584295_random
Warning! Read K00382:115:HKHC5BBXY:6:2101:12743:16682 prevented from extending past 1976 on chr4_JH584295_random
Warning! Read K00382:107:HJ55YBBXY:8:2216:15950:6062 prevented from extending past 1976 on chr4_JH584295_random
  BAM records analyzed:    15000000
    Unmapped:                 62640
    To skipped refs:        1736430
      (chrM)
    MAPQ < 30:              2486150
    Paired alignments:            0
    Unpaired alignments:   10714780
  PCR duplicates --
    Paired aln sets:              0
      duplicates:                 0 (0.0%)
    Discordant aln sets:          0
      duplicates:                 0 (0.0%)
    Singleton aln sets:    12451210
      duplicates:           1970565 (15.8%)
  Fragments analyzed:      10459235
    Full fragments:               0
    Half fragments:        10459235
      (from unpaired alns)
    ATAC-seq cut sites:    10459235
      (expanded to length 100bp)
- control file #1 not provided -
  Background pileup value: 0.414037
Processing experimental file #2: results/4-ATAC_genotype/corrected_bams/name/162_BXD67_CTRL_sub2.nm.bam
Warning! Read K00382:106:HJ57YBBXY:7:1214:10064:36868 prevented from extending past 1976 on chr4_JH584295_random
Warning! Read K00382:111:HKHK5BBXY:5:1228:15666:5780 prevented from extending past 1976 on chr4_JH584295_random
Warning! Read K00382:106:HJ57YBBXY:7:1222:2747:47964 prevented from extending past 31602 on chrUn_GL456378
Warning! Read K00382:106:HJ57YBBXY:8:1126:3549:14678 prevented from extending below 0 on chrUn_GL456378
Warning! Read K00382:106:HJ57YBBXY:7:1225:26788:38134 prevented from extending below 0 on chr4_JH584295_random
Warning! Read K00382:106:HJ57YBBXY:8:1123:27965:28639 prevented from extending past 55711 on chrUn_GL456393
  BAM records analyzed:    15000000
    Unmapped:                 80734
    To skipped refs:        1915435
      (chrM)
    MAPQ < 30:              2702655
    Paired alignments:            0
    Unpaired alignments:   10301176
  PCR duplicates --
    Paired aln sets:              0
      duplicates:                 0 (0.0%)
    Discordant aln sets:          0
      duplicates:                 0 (0.0%)
    Singleton aln sets:    12216611
      duplicates:           2084919 (17.1%)
  Fragments analyzed:      10110117
    Full fragments:               0
    Half fragments:        10110117
      (from unpaired alns)
    ATAC-seq cut sites:    10110117
      (expanded to length 100bp)
- control file #2 not provided -
  Background pileup value: 0.400086
Peak-calling parameters:
  Genome length: 2491878275bp
  Significance threshold: -log(q) > 1.301
  Min. AUC: 200.000
  Max. gap between sites: 100bp
Peaks identified: 23329 (14095785bp)
Logs saved in <logs/5-ATAC_peaks/subset_BXD67_CTRL_2.log>
