Calling peaks for results/4-ATAC_genotype/corrected_bams/name/013_BXD67_SD_sub1.nm.bam results/4-ATAC_genotype/corrected_bams/name/090_BXD67_SD_sub1.nm.bam results/4-ATAC_genotype/corrected_bams/name/163_BXD67_SD_sub1.nm.bam
Processing experimental file #0: results/4-ATAC_genotype/corrected_bams/name/013_BXD67_SD_sub1.nm.bam
Warning! Read K00382:110:HKHKHBBXY:1:1102:10581:13746 prevented from extending below 0 on chr4_JH584295_random
Warning! Read K00382:110:HKHKHBBXY:3:2218:7831:21606 prevented from extending past 1976 on chr4_JH584295_random
Warning! Read K00382:110:HKHKHBBXY:1:1113:2605:24999 prevented from extending past 40056 on chrUn_GL456239
Warning! Read K00382:110:HKHKHBBXY:4:1210:27874:9666 prevented from extending below 0 on chr4_JH584295_random
Warning! Read K00382:110:HKHKHBBXY:2:2126:17218:11179 prevented from extending past 1976 on chr4_JH584295_random
  BAM records analyzed:    20000000
    Unmapped:                 93281
    To skipped refs:        1558601
      (chrM)
    MAPQ < 30:              2898555
    Paired alignments:            0
    Unpaired alignments:   15449563
  PCR duplicates --
    Paired aln sets:              0
      duplicates:                 0 (0.0%)
    Discordant aln sets:          0
      duplicates:                 0 (0.0%)
    Singleton aln sets:    17008164
      duplicates:           2216731 (13.0%)
  Fragments analyzed:      14770338
    Full fragments:               0
    Half fragments:        14770338
      (from unpaired alns)
    ATAC-seq cut sites:    14770338
      (expanded to length 100bp)
- control file #0 not provided -
  Background pileup value: 0.585085
Processing experimental file #1: results/4-ATAC_genotype/corrected_bams/name/090_BXD67_SD_sub1.nm.bam
Warning! Read K00382:118:HKHCJBBXY:2:1204:25662:43497 prevented from extending past 24323 on chrUn_GL456394
Warning! Read K00382:118:HKHCJBBXY:3:1103:19350:48632 prevented from extending below 0 on chr4_JH584295_random
Warning! Read K00382:115:HKHC5BBXY:7:1104:6603:15856 prevented from extending past 1976 on chr4_JH584295_random
Warning! Read K00382:118:HKHCJBBXY:2:2108:24454:8559 prevented from extending below 0 on chr4_JH584295_random
Warning! Read K00382:107:HJ55YBBXY:8:1126:10855:32859 prevented from extending past 1976 on chr4_JH584295_random
Warning! Read K00382:118:HKHCJBBXY:2:2225:29944:43919 prevented from extending past 40056 on chrUn_GL456239
Warning! Read K00382:107:HJ55YBBXY:8:2113:5254:42530 prevented from extending past 40056 on chrUn_GL456239
Warning! Read K00382:107:HJ55YBBXY:7:2201:31355:36306 prevented from extending past 1976 on chr4_JH584295_random
Warning! Read K00382:118:HKHCJBBXY:3:2217:17746:46522 prevented from extending past 55711 on chrUn_GL456393
  BAM records analyzed:    20000000
    Unmapped:                 92904
    To skipped refs:        1800953
      (chrM)
    MAPQ < 30:              3219526
    Paired alignments:            0
    Unpaired alignments:   14886617
  PCR duplicates --
    Paired aln sets:              0
      duplicates:                 0 (0.0%)
    Discordant aln sets:          0
      duplicates:                 0 (0.0%)
    Singleton aln sets:    16687570
      duplicates:           2161717 (13.0%)
  Fragments analyzed:      14504412
    Full fragments:               0
    Half fragments:        14504412
      (from unpaired alns)
    ATAC-seq cut sites:    14504412
      (expanded to length 100bp)
- control file #1 not provided -
  Background pileup value: 0.574042
Processing experimental file #2: results/4-ATAC_genotype/corrected_bams/name/163_BXD67_SD_sub1.nm.bam
Warning! Read K00382:125:HKHL3BBXY:6:1117:27468:4462 prevented from extending past 24685 on chrUn_GL456387
Warning! Read K00382:125:HKHL3BBXY:6:2106:21947:16067 prevented from extending past 1976 on chr4_JH584295_random
Warning! Read K00382:111:HKHK5BBXY:5:2126:21298:11812 prevented from extending past 1976 on chr4_JH584295_random
Warning! Read K00382:106:HJ57YBBXY:7:2119:8207:3125 prevented from extending below 0 on chr4_JH584295_random
Warning! Read K00382:125:HKHL3BBXY:6:1119:4523:40455 prevented from extending past 40056 on chrUn_GL456239
Warning! Read K00382:111:HKHK5BBXY:4:1123:31081:45432 prevented from extending past 40056 on chrUn_GL456239
Warning! Read K00382:125:HKHL3BBXY:6:2102:3254:32420 prevented from extending below 0 on chrUn_GL456378
Warning! Read K00382:106:HJ57YBBXY:6:1126:19603:31664 prevented from extending past 31602 on chrUn_GL456378
  BAM records analyzed:    20000000
    Unmapped:                139477
    To skipped refs:        2928537
      (chrM)
    MAPQ < 30:              3899000
    Paired alignments:            0
    Unpaired alignments:   13032986
  PCR duplicates --
    Paired aln sets:              0
      duplicates:                 0 (0.0%)
    Discordant aln sets:          0
      duplicates:                 0 (0.0%)
    Singleton aln sets:    15961523
      duplicates:           3304011 (20.7%)
  Fragments analyzed:      12635536
    Full fragments:               0
    Half fragments:        12635536
      (from unpaired alns)
    ATAC-seq cut sites:    12635536
      (expanded to length 100bp)
- control file #2 not provided -
  Background pileup value: 0.499879
Peak-calling parameters:
  Genome length: 2491878275bp
  Significance threshold: -log(q) > 1.301
  Min. AUC: 200.000
  Max. gap between sites: 100bp
Peaks identified: 24895 (15744316bp)
Logs saved in <logs/5-ATAC_peaks/subset_BXD67_SD_1.log>
