Calling peaks for results/4-ATAC_genotype/corrected_bams/name/111_DBA_CTRL_full.nm.bam results/4-ATAC_genotype/corrected_bams/name/182_DBA_CTRL_full.nm.bam results/4-ATAC_genotype/corrected_bams/name/218_DBA_CTRL_full.nm.bam
Processing experimental file #0: results/4-ATAC_genotype/corrected_bams/name/111_DBA_CTRL_full.nm.bam
Warning! Read K00382:111:HKHK5BBXY:1:1113:14143:48931 prevented from extending past 31602 on chrUn_GL456378
Warning! Read K00382:114:HKH5VBBXY:8:2123:24251:7890 prevented from extending below 0 on chrUn_GL456366
Warning! Read K00382:110:HKHKHBBXY:4:2119:30259:12427 prevented from extending past 1976 on chr4_JH584295_random
Warning! Read K00382:110:HKHKHBBXY:4:2110:18741:34741 prevented from extending past 1976 on chr4_JH584295_random
Warning! Read K00382:114:HKH5VBBXY:8:1226:5142:33897 prevented from extending past 206961 on chr1_GL456221_random
Warning! Read K00382:110:HKHKHBBXY:1:2216:27458:5358 prevented from extending past 40056 on chrUn_GL456239
Warning! Read K00382:114:HKH5VBBXY:8:2122:12946:19777 prevented from extending past 1976 on chr4_JH584295_random
Warning! Read K00382:110:HKHKHBBXY:3:2101:24779:18792 prevented from extending past 1976 on chr4_JH584295_random
Warning! Read K00382:110:HKHKHBBXY:1:1107:10155:44482 prevented from extending past 31602 on chrUn_GL456378
Warning! Read K00382:110:HKHKHBBXY:2:2222:7557:35620 prevented from extending past 40056 on chrUn_GL456239
Warning! Read K00382:114:HKH5VBBXY:8:2211:11099:3530 prevented from extending past 24685 on chrUn_GL456387
Warning! Read K00382:114:HKH5VBBXY:8:1208:29254:42020 prevented from extending past 55711 on chrUn_GL456393
  BAM records analyzed:    48512902
    Unmapped:                346548
    To skipped refs:        7050998
      (chrM)
    MAPQ < 30:              9623243
    Paired alignments:            0
    Unpaired alignments:   31492113
  PCR duplicates --
    Paired aln sets:              0
      duplicates:                 0 (0.0%)
    Discordant aln sets:          0
      duplicates:                 0 (0.0%)
    Singleton aln sets:    38543111
      duplicates:           9877296 (25.6%)
  Fragments analyzed:      28643634
    Full fragments:               0
    Half fragments:        28643634
      (from unpaired alns)
    ATAC-seq cut sites:    28643634
      (expanded to length 100bp)
- control file #0 not provided -
  Background pileup value: 1.134120
Processing experimental file #1: results/4-ATAC_genotype/corrected_bams/name/182_DBA_CTRL_full.nm.bam
Warning! Read K00382:111:HKHK5BBXY:2:1215:3843:1086 prevented from extending past 1976 on chr4_JH584295_random
Warning! Read K00382:111:HKHK5BBXY:4:1220:11677:39488 prevented from extending below 0 on chrUn_GL456396
Warning! Read K00382:106:HJ57YBBXY:8:1108:23967:29237 prevented from extending past 1976 on chr4_JH584295_random
Warning! Read K00382:106:HJ57YBBXY:5:1207:5051:12286 prevented from extending below 0 on chr4_JH584295_random
Warning! Read K00382:106:HJ57YBBXY:5:1120:18213:27953 prevented from extending below 0 on chrUn_GL456396
Warning! Read K00382:111:HKHK5BBXY:5:1110:7567:11372 prevented from extending below 0 on chr4_JH584295_random
Warning! Read K00382:111:HKHK5BBXY:4:2116:27661:29202 prevented from extending past 1976 on chr4_JH584295_random
Warning! Read K00382:106:HJ57YBBXY:6:1206:8389:30767 prevented from extending past 55711 on chrUn_GL456393
Warning! Read K00382:106:HJ57YBBXY:5:2226:5142:38890 prevented from extending past 40056 on chrUn_GL456239
  BAM records analyzed:    43651939
    Unmapped:                462187
    To skipped refs:        6639398
      (chrM)
    MAPQ < 30:              8729172
    Paired alignments:            0
    Unpaired alignments:   27821182
  PCR duplicates --
    Paired aln sets:              0
      duplicates:                 0 (0.0%)
    Discordant aln sets:          0
      duplicates:                 0 (0.0%)
    Singleton aln sets:    34460580
      duplicates:           8596650 (24.9%)
  Fragments analyzed:      25841771
    Full fragments:               0
    Half fragments:        25841771
      (from unpaired alns)
    ATAC-seq cut sites:    25841771
      (expanded to length 100bp)
- control file #1 not provided -
  Background pileup value: 1.022786
Processing experimental file #2: results/4-ATAC_genotype/corrected_bams/name/218_DBA_CTRL_full.nm.bam
Warning! Read K00382:111:HKHK5BBXY:1:2209:7273:4813 prevented from extending below 0 on chr4_JH584295_random
Warning! Read K00382:111:HKHK5BBXY:1:1102:23683:29131 prevented from extending past 24323 on chrUn_GL456394
Warning! Read K00382:110:HKHKHBBXY:2:2204:17147:40280 prevented from extending past 40056 on chrUn_GL456239
Warning! Read K00382:111:HKHK5BBXY:1:1212:2290:25404 prevented from extending past 55711 on chrUn_GL456393
Warning! Read K00382:111:HKHK5BBXY:1:1209:23348:9139 prevented from extending past 24323 on chrUn_GL456394
Warning! Read K00382:110:HKHKHBBXY:4:1204:7111:47401 prevented from extending past 1976 on chr4_JH584295_random
Warning! Read K00382:110:HKHKHBBXY:3:1105:9891:20709 prevented from extending past 28772 on chrUn_GL456389
  BAM records analyzed:    43639981
    Unmapped:                278268
    To skipped refs:        3730740
      (chrM)
    MAPQ < 30:              7359400
    Paired alignments:            0
    Unpaired alignments:   32271573
  PCR duplicates --
    Paired aln sets:              0
      duplicates:                 0 (0.0%)
    Discordant aln sets:          0
      duplicates:                 0 (0.0%)
    Singleton aln sets:    36002313
      duplicates:           6618241 (18.4%)
  Fragments analyzed:      29362432
    Full fragments:               0
    Half fragments:        29362432
      (from unpaired alns)
    ATAC-seq cut sites:    29362432
      (expanded to length 100bp)
- control file #2 not provided -
  Background pileup value: 1.162938
Peak-calling parameters:
  Genome length: 2491878275bp
  Significance threshold: -log(q) > 1.301
  Min. AUC: 200.000
  Max. gap between sites: 100bp
Peaks identified: 14664 (10000916bp)
Logs saved in <logs/5-ATAC_peaks/subset_DBA_CTRL_4.log>
