Calling peaks for results/4-ATAC_genotype/corrected_bams/name/098_BXD79_SD_sub1.nm.bam results/4-ATAC_genotype/corrected_bams/name/167_BXD79_SD_sub1.nm.bam results/4-ATAC_genotype/corrected_bams/name/211_BXD79_SD_sub1.nm.bam results/4-ATAC_genotype/corrected_bams/name/213_BXD79_SD_sub1.nm.bam
Processing experimental file #0: results/4-ATAC_genotype/corrected_bams/name/098_BXD79_SD_sub1.nm.bam
Warning! Read K00382:115:HKHC5BBXY:6:2226:10815:32086 prevented from extending past 40056 on chrUn_GL456239
Warning! Read K00382:118:HKHCJBBXY:2:1201:16640:24947 prevented from extending past 40056 on chrUn_GL456239
Warning! Read K00382:107:HJ55YBBXY:6:1128:15595:2527 prevented from extending below 0 on chr4_JH584295_random
  BAM records analyzed:    20000000
    Unmapped:                 87451
    To skipped refs:        2052334
      (chrM)
    MAPQ < 30:              3448628
    Paired alignments:            0
    Unpaired alignments:   14411587
  PCR duplicates --
    Paired aln sets:              0
      duplicates:                 0 (0.0%)
    Discordant aln sets:          0
      duplicates:                 0 (0.0%)
    Singleton aln sets:    16463921
      duplicates:           2427339 (14.7%)
  Fragments analyzed:      14015040
    Full fragments:               0
    Half fragments:        14015040
      (from unpaired alns)
    ATAC-seq cut sites:    14015040
      (expanded to length 100bp)
- control file #0 not provided -
  Background pileup value: 0.554708
Processing experimental file #1: results/4-ATAC_genotype/corrected_bams/name/167_BXD79_SD_sub1.nm.bam
Warning! Read K00382:111:HKHK5BBXY:1:2227:5244:22045 prevented from extending below 0 on chr4_JH584295_random
Warning! Read K00382:114:HKH5VBBXY:8:2124:2808:11952 prevented from extending past 40056 on chrUn_GL456239
Warning! Read K00382:110:HKHKHBBXY:4:1107:4858:5692 prevented from extending past 1976 on chr4_JH584295_random
Warning! Read K00382:111:HKHK5BBXY:1:2204:3660:18353 prevented from extending below 0 on chr4_JH584295_random
Warning! Read K00382:110:HKHKHBBXY:1:2110:28128:26142 prevented from extending below 0 on chrUn_GL456389
Warning! Read K00382:110:HKHKHBBXY:1:1228:25256:29184 prevented from extending past 1976 on chr4_JH584295_random
Warning! Read K00382:111:HKHK5BBXY:1:1206:13788:30380 prevented from extending past 1976 on chr4_JH584295_random
  BAM records analyzed:    20000000
    Unmapped:                 79875
    To skipped refs:        1643714
      (chrM)
    MAPQ < 30:              3262935
    Paired alignments:            0
    Unpaired alignments:   15013476
  PCR duplicates --
    Paired aln sets:              0
      duplicates:                 0 (0.0%)
    Discordant aln sets:          0
      duplicates:                 0 (0.0%)
    Singleton aln sets:    16657190
      duplicates:           2186491 (13.1%)
  Fragments analyzed:      14449175
    Full fragments:               0
    Half fragments:        14449175
      (from unpaired alns)
    ATAC-seq cut sites:    14449175
      (expanded to length 100bp)
- control file #1 not provided -
  Background pileup value: 0.571771
Processing experimental file #2: results/4-ATAC_genotype/corrected_bams/name/211_BXD79_SD_sub1.nm.bam
Warning! Read K00382:115:HKHC5BBXY:5:2224:5020:4180 prevented from extending below 0 on chrUn_GL456390
Warning! Read K00382:109:HJ5Y5BBXY:5:2227:21552:31242 prevented from extending below 0 on chrUn_GL456366
Warning! Read K00382:115:HKHC5BBXY:5:2104:31467:19373 prevented from extending past 24323 on chrUn_GL456394
Warning! Read K00382:109:HJ5Y5BBXY:8:1114:5761:21465 prevented from extending past 1976 on chr4_JH584295_random
Warning! Read K00382:115:HKHC5BBXY:5:1214:22648:32472 prevented from extending below 0 on chr4_JH584295_random
Warning! Read K00382:109:HJ5Y5BBXY:7:1103:7273:8611 prevented from extending past 40056 on chrUn_GL456239
Warning! Read K00382:115:HKHC5BBXY:5:1215:8714:14941 prevented from extending past 1976 on chr4_JH584295_random
  BAM records analyzed:    20000000
    Unmapped:                 95221
    To skipped refs:         869545
      (chrM)
    MAPQ < 30:              3029892
    Paired alignments:            0
    Unpaired alignments:   16005342
  PCR duplicates --
    Paired aln sets:              0
      duplicates:                 0 (0.0%)
    Discordant aln sets:          0
      duplicates:                 0 (0.0%)
    Singleton aln sets:    16874887
      duplicates:           1224746 (7.3%)
  Fragments analyzed:      15629842
    Full fragments:               0
    Half fragments:        15629842
      (from unpaired alns)
    ATAC-seq cut sites:    15629842
      (expanded to length 100bp)
- control file #2 not provided -
  Background pileup value: 0.618566
Processing experimental file #3: results/4-ATAC_genotype/corrected_bams/name/213_BXD79_SD_sub1.nm.bam
Warning! Read K00382:118:HKHCJBBXY:1:1207:25246:8383 prevented from extending past 55711 on chrUn_GL456393
Warning! Read K00382:115:HKHC5BBXY:1:1119:9496:34864 prevented from extending below 0 on chr4_JH584295_random
Warning! Read K00382:109:HJ5Y5BBXY:1:2220:13535:7679 prevented from extending past 40056 on chrUn_GL456239
Warning! Read K00382:109:HJ5Y5BBXY:1:1114:30117:23048 prevented from extending past 336933 on chrX_GL456233_random
Warning! Read K00382:109:HJ5Y5BBXY:2:1218:11393:6712 prevented from extending past 40056 on chrUn_GL456239
Warning! Read K00382:109:HJ5Y5BBXY:1:2204:14215:24894 prevented from extending past 40056 on chrUn_GL456239
  BAM records analyzed:    20000000
    Unmapped:                 73635
    To skipped refs:        1293538
      (chrM)
    MAPQ < 30:              3207190
    Paired alignments:            0
    Unpaired alignments:   15425637
  PCR duplicates --
    Paired aln sets:              0
      duplicates:                 0 (0.0%)
    Discordant aln sets:          0
      duplicates:                 0 (0.0%)
    Singleton aln sets:    16719175
      duplicates:           1813526 (10.8%)
  Fragments analyzed:      14884600
    Full fragments:               0
    Half fragments:        14884600
      (from unpaired alns)
    ATAC-seq cut sites:    14884600
      (expanded to length 100bp)
- control file #3 not provided -
  Background pileup value: 0.588996
Peak-calling parameters:
  Genome length: 2491878275bp
  Significance threshold: -log(q) > 1.301
  Min. AUC: 200.000
  Max. gap between sites: 100bp
Peaks identified: 24042 (16358095bp)
Logs saved in <logs/5-ATAC_peaks/subset_BXD79_SD_1.log>
