Calling peaks for results/4-ATAC_genotype/corrected_bams/name/098_BXD79_SD_sub2.nm.bam results/4-ATAC_genotype/corrected_bams/name/167_BXD79_SD_sub2.nm.bam results/4-ATAC_genotype/corrected_bams/name/211_BXD79_SD_sub2.nm.bam results/4-ATAC_genotype/corrected_bams/name/213_BXD79_SD_sub2.nm.bam
Processing experimental file #0: results/4-ATAC_genotype/corrected_bams/name/098_BXD79_SD_sub2.nm.bam
Warning! Read K00382:107:HJ55YBBXY:5:1211:19613:1367 prevented from extending past 55711 on chrUn_GL456393
Warning! Read K00382:115:HKHC5BBXY:8:1109:19887:33457 prevented from extending below 0 on chr4_JH584295_random
  BAM records analyzed:    15000000
    Unmapped:                 65833
    To skipped refs:        1538722
      (chrM)
    MAPQ < 30:              2581084
    Paired alignments:            0
    Unpaired alignments:   10814361
  PCR duplicates --
    Paired aln sets:              0
      duplicates:                 0 (0.0%)
    Discordant aln sets:          0
      duplicates:                 0 (0.0%)
    Singleton aln sets:    12353083
      duplicates:           1745333 (14.1%)
  Fragments analyzed:      10586510
    Full fragments:               0
    Half fragments:        10586510
      (from unpaired alns)
    ATAC-seq cut sites:    10586510
      (expanded to length 100bp)
- control file #0 not provided -
  Background pileup value: 0.418949
Processing experimental file #1: results/4-ATAC_genotype/corrected_bams/name/167_BXD79_SD_sub2.nm.bam
Warning! Read K00382:111:HKHK5BBXY:1:1117:6989:43919 prevented from extending below 0 on chr4_JH584295_random
Warning! Read K00382:110:HKHKHBBXY:1:1216:30299:36657 prevented from extending past 25871 on chrUn_GL456381
Warning! Read K00382:110:HKHKHBBXY:3:1207:24495:45027 prevented from extending past 1976 on chr4_JH584295_random
Warning! Read K00382:110:HKHKHBBXY:1:2110:28128:26142 prevented from extending below 0 on chrUn_GL456389
  BAM records analyzed:    15000000
    Unmapped:                 59957
    To skipped refs:        1232951
      (chrM)
    MAPQ < 30:              2446320
    Paired alignments:            0
    Unpaired alignments:   11260772
  PCR duplicates --
    Paired aln sets:              0
      duplicates:                 0 (0.0%)
    Discordant aln sets:          0
      duplicates:                 0 (0.0%)
    Singleton aln sets:    12493723
      duplicates:           1536073 (12.3%)
  Fragments analyzed:      10936468
    Full fragments:               0
    Half fragments:        10936468
      (from unpaired alns)
    ATAC-seq cut sites:    10936468
      (expanded to length 100bp)
- control file #1 not provided -
  Background pileup value: 0.432746
Processing experimental file #2: results/4-ATAC_genotype/corrected_bams/name/211_BXD79_SD_sub2.nm.bam
Warning! Read K00382:115:HKHC5BBXY:5:2224:5020:4180 prevented from extending below 0 on chrUn_GL456390
Warning! Read K00382:109:HJ5Y5BBXY:8:1203:14661:34881 prevented from extending past 31602 on chrUn_GL456378
Warning! Read K00382:109:HJ5Y5BBXY:7:1223:16579:42706 prevented from extending below 0 on chr4_JH584295_random
Warning! Read K00382:115:HKHC5BBXY:5:2104:31467:19373 prevented from extending past 24323 on chrUn_GL456394
Warning! Read K00382:115:HKHC5BBXY:4:2113:7507:30187 prevented from extending past 28772 on chrUn_GL456389
Warning! Read K00382:109:HJ5Y5BBXY:8:1114:5761:21465 prevented from extending past 1976 on chr4_JH584295_random
Warning! Read K00382:109:HJ5Y5BBXY:7:2124:13443:17579 prevented from extending below 0 on chrUn_GL456239
Warning! Read K00382:109:HJ5Y5BBXY:6:2220:26808:6413 prevented from extending past 40056 on chrUn_GL456239
  BAM records analyzed:    15000000
    Unmapped:                 70999
    To skipped refs:         654112
      (chrM)
    MAPQ < 30:              2268798
    Paired alignments:            0
    Unpaired alignments:   12006091
  PCR duplicates --
    Paired aln sets:              0
      duplicates:                 0 (0.0%)
    Discordant aln sets:          0
      duplicates:                 0 (0.0%)
    Singleton aln sets:    12660203
      duplicates:            847805 (6.7%)
  Fragments analyzed:      11792554
    Full fragments:               0
    Half fragments:        11792554
      (from unpaired alns)
    ATAC-seq cut sites:    11792554
      (expanded to length 100bp)
- control file #2 not provided -
  Background pileup value: 0.466663
Processing experimental file #3: results/4-ATAC_genotype/corrected_bams/name/213_BXD79_SD_sub2.nm.bam
Warning! Read K00382:115:HKHC5BBXY:1:1119:9496:34864 prevented from extending below 0 on chr4_JH584295_random
Warning! Read K00382:115:HKHC5BBXY:1:2112:30178:31488 prevented from extending past 40056 on chrUn_GL456239
Warning! Read K00382:109:HJ5Y5BBXY:2:1218:11393:6712 prevented from extending past 40056 on chrUn_GL456239
Warning! Read K00382:109:HJ5Y5BBXY:2:2104:14306:36095 prevented from extending past 55711 on chrUn_GL456393
Warning! Read K00382:118:HKHCJBBXY:1:2206:27793:33299 prevented from extending past 1976 on chr4_JH584295_random
Warning! Read K00382:115:HKHC5BBXY:2:1212:29883:1789 prevented from extending past 31602 on chrUn_GL456378
Warning! Read K00382:109:HJ5Y5BBXY:1:2204:14215:24894 prevented from extending past 40056 on chrUn_GL456239
  BAM records analyzed:    15000000
    Unmapped:                 54961
    To skipped refs:         970971
      (chrM)
    MAPQ < 30:              2407023
    Paired alignments:            0
    Unpaired alignments:   11567045
  PCR duplicates --
    Paired aln sets:              0
      duplicates:                 0 (0.0%)
    Discordant aln sets:          0
      duplicates:                 0 (0.0%)
    Singleton aln sets:    12538016
      duplicates:           1259555 (10.0%)
  Fragments analyzed:      11257746
    Full fragments:               0
    Half fragments:        11257746
      (from unpaired alns)
    ATAC-seq cut sites:    11257746
      (expanded to length 100bp)
- control file #3 not provided -
  Background pileup value: 0.445438
Peak-calling parameters:
  Genome length: 2491878275bp
  Significance threshold: -log(q) > 1.301
  Min. AUC: 200.000
  Max. gap between sites: 100bp
Peaks identified: 26221 (16576728bp)
Logs saved in <logs/5-ATAC_peaks/subset_BXD79_SD_2.log>
