Calling peaks for results/4-ATAC_genotype/corrected_bams/name/030_BXD100_CTRL_sub1.nm.bam results/4-ATAC_genotype/corrected_bams/name/107_BXD100_CTRL_sub1.nm.bam results/4-ATAC_genotype/corrected_bams/name/196_BXD100_CTRL_sub1.nm.bam
Processing experimental file #0: results/4-ATAC_genotype/corrected_bams/name/030_BXD100_CTRL_sub1.nm.bam
Warning! Read K00382:109:HJ5Y5BBXY:6:1119:3955:5605 prevented from extending below 0 on chr4_JH584295_random
Warning! Read K00382:115:HKHC5BBXY:3:2116:23774:7451 prevented from extending past 1976 on chr4_JH584295_random
Warning! Read K00382:115:HKHC5BBXY:4:2215:13088:19355 prevented from extending past 1976 on chr4_JH584295_random
  BAM records analyzed:    20000000
    Unmapped:                266446
    To skipped refs:        5113312
      (chrM)
    MAPQ < 30:              4965810
    Paired alignments:            0
    Unpaired alignments:    9654432
  PCR duplicates --
    Paired aln sets:              0
      duplicates:                 0 (0.0%)
    Discordant aln sets:          0
      duplicates:                 0 (0.0%)
    Singleton aln sets:    14767744
      duplicates:           5476004 (37.1%)
  Fragments analyzed:       9269630
    Full fragments:               0
    Half fragments:         9269630
      (from unpaired alns)
    ATAC-seq cut sites:     9269630
      (expanded to length 100bp)
- control file #0 not provided -
  Background pileup value: 0.366795
Processing experimental file #1: results/4-ATAC_genotype/corrected_bams/name/107_BXD100_CTRL_sub1.nm.bam
Warning! Read K00382:106:HJ57YBBXY:5:2223:21349:13693 prevented from extending past 40056 on chrUn_GL456239
Warning! Read K00382:106:HJ57YBBXY:6:2227:25712:39400 prevented from extending past 40056 on chrUn_GL456239
Warning! Read K00382:125:HKHL3BBXY:6:1215:29528:4585 prevented from extending past 1976 on chr4_JH584295_random
Warning! Read K00382:111:HKHK5BBXY:4:2205:10805:42864 prevented from extending below 0 on chr4_JH584295_random
Warning! Read K00382:106:HJ57YBBXY:5:1224:30502:27408 prevented from extending past 1976 on chr4_JH584295_random
Warning! Read K00382:111:HKHK5BBXY:2:1106:1895:23768 prevented from extending past 1976 on chr4_JH584295_random
Warning! Read K00382:111:HKHK5BBXY:5:1113:7669:18370 prevented from extending past 40056 on chrUn_GL456239
Warning! Read K00382:106:HJ57YBBXY:7:2125:2737:31242 prevented from extending below 0 on chr4_JH584295_random
  BAM records analyzed:    20000000
    Unmapped:                160402
    To skipped refs:        2247150
      (chrM)
    MAPQ < 30:              3395593
    Paired alignments:            0
    Unpaired alignments:   14196855
  PCR duplicates --
    Paired aln sets:              0
      duplicates:                 0 (0.0%)
    Discordant aln sets:          0
      duplicates:                 0 (0.0%)
    Singleton aln sets:    16444005
      duplicates:           2763507 (16.8%)
  Fragments analyzed:      13659161
    Full fragments:               0
    Half fragments:        13659161
      (from unpaired alns)
    ATAC-seq cut sites:    13659161
      (expanded to length 100bp)
- control file #1 not provided -
  Background pileup value: 0.540439
Processing experimental file #2: results/4-ATAC_genotype/corrected_bams/name/196_BXD100_CTRL_sub1.nm.bam
Warning! Read K00382:120:HKHGNBBXY:7:2104:21521:5376 prevented from extending below 0 on chr4_JH584295_random
Warning! Read K00382:109:HJ5Y5BBXY:2:2125:29954:47313 prevented from extending below 0 on chrUn_GL456366
Warning! Read K00382:109:HJ5Y5BBXY:1:2120:29437:30696 prevented from extending below 0 on chrUn_GL456387
Warning! Read K00382:120:HKHGNBBXY:7:1116:26494:30978 prevented from extending past 1976 on chr4_JH584295_random
Warning! Read K00382:109:HJ5Y5BBXY:2:1125:7111:39348 prevented from extending below 0 on chr4_JH584295_random
  BAM records analyzed:    20000000
    Unmapped:                 67927
    To skipped refs:        1174859
      (chrM)
    MAPQ < 30:              3025946
    Paired alignments:            0
    Unpaired alignments:   15731268
  PCR duplicates --
    Paired aln sets:              0
      duplicates:                 0 (0.0%)
    Discordant aln sets:          0
      duplicates:                 0 (0.0%)
    Singleton aln sets:    16906127
      duplicates:           1683919 (10.0%)
  Fragments analyzed:      15201204
    Full fragments:               0
    Half fragments:        15201204
      (from unpaired alns)
    ATAC-seq cut sites:    15201204
      (expanded to length 100bp)
- control file #2 not provided -
  Background pileup value: 0.601584
Peak-calling parameters:
  Genome length: 2491878275bp
  Significance threshold: -log(q) > 1.301
  Min. AUC: 200.000
  Max. gap between sites: 100bp
Peaks identified: 26692 (16246612bp)
Logs saved in <logs/5-ATAC_peaks/subset_BXD100_CTRL_1.log>
