Calling peaks for results/4-ATAC_genotype/corrected_bams/name/021_BXD83_SD_sub1.nm.bam results/4-ATAC_genotype/corrected_bams/name/100_BXD83_SD_sub1.nm.bam results/4-ATAC_genotype/corrected_bams/name/127_BXD83_SD_sub1.nm.bam
Processing experimental file #0: results/4-ATAC_genotype/corrected_bams/name/021_BXD83_SD_sub1.nm.bam
Warning! Read K00382:109:HJ5Y5BBXY:4:2103:5589:15399 prevented from extending past 1976 on chr4_JH584295_random
Warning! Read K00382:109:HJ5Y5BBXY:2:1109:18294:25210 prevented from extending below 0 on chr4_JH584295_random
Warning! Read K00382:109:HJ5Y5BBXY:3:2106:5781:7504 prevented from extending past 1976 on chr4_JH584295_random
Warning! Read K00382:109:HJ5Y5BBXY:2:1205:3457:39523 prevented from extending below 0 on chrUn_GL456239
  BAM records analyzed:    20000000
    Unmapped:                191401
    To skipped refs:        3081174
      (chrM)
    MAPQ < 30:              4134906
    Paired alignments:            0
    Unpaired alignments:   12592519
  PCR duplicates --
    Paired aln sets:              0
      duplicates:                 0 (0.0%)
    Discordant aln sets:          0
      duplicates:                 0 (0.0%)
    Singleton aln sets:    15673693
      duplicates:           3524265 (22.5%)
  Fragments analyzed:      12127530
    Full fragments:               0
    Half fragments:        12127530
      (from unpaired alns)
    ATAC-seq cut sites:    12127530
      (expanded to length 100bp)
- control file #0 not provided -
  Background pileup value: 0.479913
Processing experimental file #1: results/4-ATAC_genotype/corrected_bams/name/100_BXD83_SD_sub1.nm.bam
Warning! Read K00382:109:HJ5Y5BBXY:7:2220:7436:30485 prevented from extending past 47073 on chrUn_GL456366
Warning! Read K00382:115:HKHC5BBXY:5:2120:8217:27795 prevented from extending below 0 on chr4_JH584295_random
Warning! Read K00382:120:HKHGNBBXY:8:2207:19410:1965 prevented from extending past 1976 on chr4_JH584295_random
Warning! Read K00382:115:HKHC5BBXY:5:1217:2250:16542 prevented from extending past 1976 on chr4_JH584295_random
Warning! Read K00382:115:HKHC5BBXY:5:2116:27874:43955 prevented from extending past 1976 on chr4_JH584295_random
Warning! Read K00382:109:HJ5Y5BBXY:5:1205:2909:29360 prevented from extending past 1976 on chr4_JH584295_random
  BAM records analyzed:    20000000
    Unmapped:                 98158
    To skipped refs:        3496931
      (chrM)
    MAPQ < 30:              4152231
    Paired alignments:            0
    Unpaired alignments:   12252680
  PCR duplicates --
    Paired aln sets:              0
      duplicates:                 0 (0.0%)
    Discordant aln sets:          0
      duplicates:                 0 (0.0%)
    Singleton aln sets:    15749611
      duplicates:           3862403 (24.5%)
  Fragments analyzed:      11865294
    Full fragments:               0
    Half fragments:        11865294
      (from unpaired alns)
    ATAC-seq cut sites:    11865294
      (expanded to length 100bp)
- control file #1 not provided -
  Background pileup value: 0.469569
Processing experimental file #2: results/4-ATAC_genotype/corrected_bams/name/127_BXD83_SD_sub1.nm.bam
Warning! Read K00382:118:HKHCJBBXY:3:1210:6482:20498 prevented from extending past 40056 on chrUn_GL456239
Warning! Read K00382:107:HJ55YBBXY:7:1203:28655:27654 prevented from extending past 55711 on chrUn_GL456393
Warning! Read K00382:107:HJ55YBBXY:6:1118:20395:20586 prevented from extending past 31602 on chrUn_GL456378
Warning! Read K00382:118:HKHCJBBXY:3:1213:4452:11179 prevented from extending below 0 on chr4_JH584295_random
Warning! Read K00382:115:HKHC5BBXY:8:1112:7456:36253 prevented from extending past 1976 on chr4_JH584295_random
Warning! Read K00382:118:HKHCJBBXY:2:1128:5375:27373 prevented from extending below 0 on chr4_JH584295_random
Warning! Read K00382:118:HKHCJBBXY:2:2221:1681:46328 prevented from extending past 1976 on chr4_JH584295_random
Warning! Read K00382:107:HJ55YBBXY:8:2225:21988:17685 prevented from extending past 1976 on chr4_JH584295_random
Warning! Read K00382:115:HKHC5BBXY:8:1108:27103:21518 prevented from extending past 24685 on chrUn_GL456387
Warning! Read K00382:115:HKHC5BBXY:6:2205:27904:1806 prevented from extending past 1976 on chr4_JH584295_random
Warning! Read K00382:107:HJ55YBBXY:8:2216:11241:18757 prevented from extending past 28772 on chrUn_GL456389
  BAM records analyzed:    20000000
    Unmapped:                104380
    To skipped refs:        1365840
      (chrM)
    MAPQ < 30:              3159978
    Paired alignments:            0
    Unpaired alignments:   15369802
  PCR duplicates --
    Paired aln sets:              0
      duplicates:                 0 (0.0%)
    Discordant aln sets:          0
      duplicates:                 0 (0.0%)
    Singleton aln sets:    16735642
      duplicates:           1640142 (9.8%)
  Fragments analyzed:      15074525
    Full fragments:               0
    Half fragments:        15074525
      (from unpaired alns)
    ATAC-seq cut sites:    15074525
      (expanded to length 100bp)
- control file #2 not provided -
  Background pileup value: 0.596654
Peak-calling parameters:
  Genome length: 2491878275bp
  Significance threshold: -log(q) > 1.301
  Min. AUC: 200.000
  Max. gap between sites: 100bp
Peaks identified: 18943 (10954353bp)
Logs saved in <logs/5-ATAC_peaks/subset_BXD83_SD_1.log>
