Calling peaks for results/4-ATAC_genotype/corrected_bams/name/006_BXD55_CTRL_sub2.nm.bam results/4-ATAC_genotype/corrected_bams/name/081_BXD55_CTRL_sub2.nm.bam results/4-ATAC_genotype/corrected_bams/name/120_BXD55_CTRL_sub2.nm.bam
Processing experimental file #0: results/4-ATAC_genotype/corrected_bams/name/006_BXD55_CTRL_sub2.nm.bam
Warning! Read K00382:114:HKH5VBBXY:8:2127:12723:32754 prevented from extending below 0 on chr4_JH584295_random
Warning! Read K00382:114:HKH5VBBXY:8:1222:18751:34934 prevented from extending past 47073 on chrUn_GL456366
Warning! Read K00382:110:HKHKHBBXY:3:1106:13332:21852 prevented from extending past 1976 on chr4_JH584295_random
Warning! Read K00382:110:HKHKHBBXY:1:2226:20486:17087 prevented from extending below 0 on chr4_JH584295_random
Warning! Read K00382:110:HKHKHBBXY:2:2105:3660:34073 prevented from extending past 1976 on chr4_JH584295_random
Warning! Read K00382:110:HKHKHBBXY:2:1207:22221:26775 prevented from extending past 1976 on chr4_JH584295_random
Warning! Read K00382:114:HKH5VBBXY:8:2224:20862:35743 prevented from extending past 1976 on chr4_JH584295_random
  BAM records analyzed:    15000000
    Unmapped:                153218
    To skipped refs:        3256019
      (chrM)
    MAPQ < 30:              3377630
    Paired alignments:            0
    Unpaired alignments:    8213133
  PCR duplicates --
    Paired aln sets:              0
      duplicates:                 0 (0.0%)
    Discordant aln sets:          0
      duplicates:                 0 (0.0%)
    Singleton aln sets:    11469152
      duplicates:           3578031 (31.2%)
  Fragments analyzed:       7869108
    Full fragments:               0
    Half fragments:         7869108
      (from unpaired alns)
    ATAC-seq cut sites:     7869108
      (expanded to length 100bp)
- control file #0 not provided -
  Background pileup value: 0.311399
Processing experimental file #1: results/4-ATAC_genotype/corrected_bams/name/081_BXD55_CTRL_sub2.nm.bam
Warning! Read K00382:106:HJ57YBBXY:8:2123:24799:28674 prevented from extending below 0 on chr4_JH584295_random
Warning! Read K00382:106:HJ57YBBXY:5:2114:2727:32701 prevented from extending past 40056 on chrUn_GL456239
Warning! Read K00382:106:HJ57YBBXY:6:2115:28676:6484 prevented from extending past 1976 on chr4_JH584295_random
Warning! Read K00382:106:HJ57YBBXY:7:2206:16234:32719 prevented from extending past 40056 on chrUn_GL456239
  BAM records analyzed:    15000000
    Unmapped:                209943
    To skipped refs:        3078447
      (chrM)
    MAPQ < 30:              3261640
    Paired alignments:            0
    Unpaired alignments:    8449970
  PCR duplicates --
    Paired aln sets:              0
      duplicates:                 0 (0.0%)
    Discordant aln sets:          0
      duplicates:                 0 (0.0%)
    Singleton aln sets:    11528417
      duplicates:           3279964 (28.5%)
  Fragments analyzed:       8226640
    Full fragments:               0
    Half fragments:         8226640
      (from unpaired alns)
    ATAC-seq cut sites:     8226640
      (expanded to length 100bp)
- control file #1 not provided -
  Background pileup value: 0.325432
Processing experimental file #2: results/4-ATAC_genotype/corrected_bams/name/120_BXD55_CTRL_sub2.nm.bam
Warning! Read K00382:115:HKHC5BBXY:6:2104:26768:34934 prevented from extending past 206961 on chr1_GL456221_random
Warning! Read K00382:107:HJ55YBBXY:6:2212:20983:3002 prevented from extending below 0 on chr4_JH584295_random
Warning! Read K00382:118:HKHCJBBXY:2:1111:30837:18634 prevented from extending past 24323 on chrUn_GL456394
  BAM records analyzed:    15000000
    Unmapped:                117210
    To skipped refs:        3059115
      (chrM)
    MAPQ < 30:              3402143
    Paired alignments:            0
    Unpaired alignments:    8421532
  PCR duplicates --
    Paired aln sets:              0
      duplicates:                 0 (0.0%)
    Discordant aln sets:          0
      duplicates:                 0 (0.0%)
    Singleton aln sets:    11480647
      duplicates:           3209633 (28.0%)
  Fragments analyzed:       8249130
    Full fragments:               0
    Half fragments:         8249130
      (from unpaired alns)
    ATAC-seq cut sites:     8249130
      (expanded to length 100bp)
- control file #2 not provided -
  Background pileup value: 0.326352
Peak-calling parameters:
  Genome length: 2491878275bp
  Significance threshold: -log(q) > 1.301
  Min. AUC: 200.000
  Max. gap between sites: 100bp
Peaks identified: 32084 (16740937bp)
Logs saved in <logs/5-ATAC_peaks/subset_BXD55_CTRL_2.log>
