Calling peaks for results/4-ATAC_genotype/corrected_bams/name/009_BXD61_SD_sub1.nm.bam results/4-ATAC_genotype/corrected_bams/name/086_BXD61_SD_sub1.nm.bam results/4-ATAC_genotype/corrected_bams/name/157_BXD61_SD_sub1.nm.bam
Processing experimental file #0: results/4-ATAC_genotype/corrected_bams/name/009_BXD61_SD_sub1.nm.bam
Warning! Read K00382:109:HJ5Y5BBXY:8:2223:10774:43339 prevented from extending past 1976 on chr4_JH584295_random
Warning! Read K00382:109:HJ5Y5BBXY:7:1226:14560:21377 prevented from extending past 1976 on chr4_JH584295_random
Warning! Read K00382:109:HJ5Y5BBXY:5:1111:18994:18019 prevented from extending below 0 on chr4_JH584295_random
Warning! Read K00382:115:HKHC5BBXY:3:1206:16102:44306 prevented from extending below 0 on chr4_JH584295_random
Warning! Read K00382:109:HJ5Y5BBXY:5:2222:16285:12515 prevented from extending below 0 on chrUn_GL456381
Warning! Read K00382:109:HJ5Y5BBXY:7:1101:31162:10932 prevented from extending past 1976 on chr4_JH584295_random
  BAM records analyzed:    20000000
    Unmapped:                172779
    To skipped refs:        2877299
      (chrM)
    MAPQ < 30:              3978631
    Paired alignments:            0
    Unpaired alignments:   12971291
  PCR duplicates --
    Paired aln sets:              0
      duplicates:                 0 (0.0%)
    Discordant aln sets:          0
      duplicates:                 0 (0.0%)
    Singleton aln sets:    15848590
      duplicates:           3325125 (21.0%)
  Fragments analyzed:      12501889
    Full fragments:               0
    Half fragments:        12501889
      (from unpaired alns)
    ATAC-seq cut sites:    12501889
      (expanded to length 100bp)
- control file #0 not provided -
  Background pileup value: 0.494531
Processing experimental file #1: results/4-ATAC_genotype/corrected_bams/name/086_BXD61_SD_sub1.nm.bam
Warning! Read K00382:118:HKHCJBBXY:3:2222:12043:15926 prevented from extending past 40056 on chrUn_GL456239
Warning! Read K00382:107:HJ55YBBXY:5:1213:10165:6273 prevented from extending below 0 on chr4_JH584295_random
Warning! Read K00382:107:HJ55YBBXY:5:2221:12672:19654 prevented from extending past 1976 on chr4_JH584295_random
Warning! Read K00382:118:HKHCJBBXY:3:2102:21643:19162 prevented from extending below 0 on chr4_JH584295_random
Warning! Read K00382:118:HKHCJBBXY:3:2225:13524:22221 prevented from extending past 1976 on chr4_JH584295_random
Warning! Read K00382:107:HJ55YBBXY:5:1123:8846:13306 prevented from extending past 1976 on chr4_JH584295_random
Warning! Read K00382:115:HKHC5BBXY:8:2203:30604:15240 prevented from extending below 0 on chrUn_GL456381
Warning! Read K00382:115:HKHC5BBXY:7:1201:18639:42864 prevented from extending below 0 on chrUn_GL456239
Warning! Read K00382:118:HKHCJBBXY:3:1124:11606:10739 prevented from extending past 1976 on chr4_JH584295_random
  BAM records analyzed:    20000000
    Unmapped:                109587
    To skipped refs:        2678748
      (chrM)
    MAPQ < 30:              3661165
    Paired alignments:            0
    Unpaired alignments:   13550500
  PCR duplicates --
    Paired aln sets:              0
      duplicates:                 0 (0.0%)
    Discordant aln sets:          0
      duplicates:                 0 (0.0%)
    Singleton aln sets:    16229248
      duplicates:           3046556 (18.8%)
  Fragments analyzed:      13161089
    Full fragments:               0
    Half fragments:        13161089
      (from unpaired alns)
    ATAC-seq cut sites:    13161089
      (expanded to length 100bp)
- control file #1 not provided -
  Background pileup value: 0.520863
Processing experimental file #2: results/4-ATAC_genotype/corrected_bams/name/157_BXD61_SD_sub1.nm.bam
Warning! Read K00382:106:HJ57YBBXY:8:1227:20994:22960 prevented from extending below 0 on chr4_JH584295_random
Warning! Read K00382:111:HKHK5BBXY:2:2225:14306:20515 prevented from extending below 0 on chrUn_GL456389
Warning! Read K00382:111:HKHK5BBXY:2:2125:25794:3811 prevented from extending past 1976 on chr4_JH584295_random
Warning! Read K00382:106:HJ57YBBXY:5:1207:20851:41176 prevented from extending below 0 on chr4_JH584295_random
Warning! Read K00382:111:HKHK5BBXY:2:1106:12794:3793 prevented from extending below 0 on chr4_JH584295_random
Warning! Read K00382:111:HKHK5BBXY:4:2222:25723:32982 prevented from extending past 24323 on chrUn_GL456394
Warning! Read K00382:111:HKHK5BBXY:3:1108:7770:6413 prevented from extending past 1976 on chr4_JH584295_random
Warning! Read K00382:111:HKHK5BBXY:3:2222:22658:17649 prevented from extending below 0 on chrUn_GL456239
Warning! Read K00382:106:HJ57YBBXY:7:1116:19563:25650 prevented from extending past 40056 on chrUn_GL456239
  BAM records analyzed:    20000000
    Unmapped:                 88741
    To skipped refs:        1473359
      (chrM)
    MAPQ < 30:              3151185
    Paired alignments:            0
    Unpaired alignments:   15286715
  PCR duplicates --
    Paired aln sets:              0
      duplicates:                 0 (0.0%)
    Discordant aln sets:          0
      duplicates:                 0 (0.0%)
    Singleton aln sets:    16760074
      duplicates:           1758832 (10.5%)
  Fragments analyzed:      14980144
    Full fragments:               0
    Half fragments:        14980144
      (from unpaired alns)
    ATAC-seq cut sites:    14980144
      (expanded to length 100bp)
- control file #2 not provided -
  Background pileup value: 0.592757
Peak-calling parameters:
  Genome length: 2491878275bp
  Significance threshold: -log(q) > 1.301
  Min. AUC: 200.000
  Max. gap between sites: 100bp
Peaks identified: 25211 (14402058bp)
Logs saved in <logs/5-ATAC_peaks/subset_BXD61_SD_1.log>
