Calling peaks for results/4-ATAC_genotype/corrected_bams/name/041_BXD50_SD_sub2.nm.bam results/4-ATAC_genotype/corrected_bams/name/155_BXD50_SD_sub2.nm.bam results/4-ATAC_genotype/corrected_bams/name/187_BXD50_SD_sub2.nm.bam
Processing experimental file #0: results/4-ATAC_genotype/corrected_bams/name/041_BXD50_SD_sub2.nm.bam
Warning! Read K00382:120:HKHGNBBXY:8:2101:15656:20568 prevented from extending below 0 on chr4_JH584295_random
Warning! Read K00382:109:HJ5Y5BBXY:7:1110:21430:22977 prevented from extending past 55711 on chrUn_GL456393
  BAM records analyzed:    15000000
    Unmapped:                111514
    To skipped refs:        1930683
      (chrM)
    MAPQ < 30:              2698545
    Paired alignments:            0
    Unpaired alignments:   10259258
  PCR duplicates --
    Paired aln sets:              0
      duplicates:                 0 (0.0%)
    Discordant aln sets:          0
      duplicates:                 0 (0.0%)
    Singleton aln sets:    12189941
      duplicates:           2167863 (17.8%)
  Fragments analyzed:      10001193
    Full fragments:               0
    Half fragments:        10001193
      (from unpaired alns)
    ATAC-seq cut sites:    10001193
      (expanded to length 100bp)
- control file #0 not provided -
  Background pileup value: 0.396240
Processing experimental file #1: results/4-ATAC_genotype/corrected_bams/name/155_BXD50_SD_sub2.nm.bam
Warning! Read K00382:120:HKHGNBBXY:7:1110:9810:39594 prevented from extending past 40056 on chrUn_GL456239
Warning! Read K00382:118:HKHCJBBXY:1:2112:4787:45203 prevented from extending below 0 on chrUn_GL456393
Warning! Read K00382:115:HKHC5BBXY:2:1216:24951:30485 prevented from extending past 24323 on chrUn_GL456394
Warning! Read K00382:118:HKHCJBBXY:1:1227:21684:18107 prevented from extending past 1976 on chr4_JH584295_random
Warning! Read K00382:118:HKHCJBBXY:1:1207:2747:43427 prevented from extending below 0 on chr4_JH584295_random
  BAM records analyzed:    15000000
    Unmapped:                 56288
    To skipped refs:        1067362
      (chrM)
    MAPQ < 30:              2330368
    Paired alignments:            0
    Unpaired alignments:   11545982
  PCR duplicates --
    Paired aln sets:              0
      duplicates:                 0 (0.0%)
    Discordant aln sets:          0
      duplicates:                 0 (0.0%)
    Singleton aln sets:    12613344
      duplicates:           1330865 (10.6%)
  Fragments analyzed:      11261590
    Full fragments:               0
    Half fragments:        11261590
      (from unpaired alns)
    ATAC-seq cut sites:    11261590
      (expanded to length 100bp)
- control file #1 not provided -
  Background pileup value: 0.445766
Processing experimental file #2: results/4-ATAC_genotype/corrected_bams/name/187_BXD50_SD_sub2.nm.bam
Warning! Read K00382:106:HJ57YBBXY:6:1206:4259:44007 prevented from extending past 1976 on chr4_JH584295_random
Warning! Read K00382:106:HJ57YBBXY:5:1122:20709:18880 prevented from extending past 40056 on chrUn_GL456239
Warning! Read K00382:111:HKHK5BBXY:2:2124:14052:4004 prevented from extending past 40056 on chrUn_GL456239
Warning! Read K00382:106:HJ57YBBXY:5:2219:7111:44588 prevented from extending past 1976 on chr4_JH584295_random
Warning! Read K00382:106:HJ57YBBXY:5:1127:12571:29677 prevented from extending below 0 on chr4_JH584295_random
Warning! Read K00382:106:HJ57YBBXY:6:2113:19492:40016 prevented from extending past 1976 on chr4_JH584295_random
  BAM records analyzed:    15000000
    Unmapped:                200575
    To skipped refs:        1148460
      (chrM)
    MAPQ < 30:              2229885
    Paired alignments:            0
    Unpaired alignments:   11421080
  PCR duplicates --
    Paired aln sets:              0
      duplicates:                 0 (0.0%)
    Discordant aln sets:          0
      duplicates:                 0 (0.0%)
    Singleton aln sets:    12569540
      duplicates:           1339576 (10.7%)
  Fragments analyzed:      11209141
    Full fragments:               0
    Half fragments:        11209141
      (from unpaired alns)
    ATAC-seq cut sites:    11209141
      (expanded to length 100bp)
- control file #2 not provided -
  Background pileup value: 0.443814
Peak-calling parameters:
  Genome length: 2491878275bp
  Significance threshold: -log(q) > 1.301
  Min. AUC: 200.000
  Max. gap between sites: 100bp
Peaks identified: 18115 (11712419bp)
Logs saved in <logs/5-ATAC_peaks/subset_BXD50_SD_2.log>
