Calling peaks for results/4-ATAC_genotype/corrected_bams/name/002_BXD45_CTRL_sub1.nm.bam results/4-ATAC_genotype/corrected_bams/name/077_BXD45_CTRL_sub1.nm.bam results/4-ATAC_genotype/corrected_bams/name/150_BXD45_CTRL_sub1.nm.bam
Processing experimental file #0: results/4-ATAC_genotype/corrected_bams/name/002_BXD45_CTRL_sub1.nm.bam
Warning! Read K00382:110:HKHKHBBXY:1:2225:15859:1121 prevented from extending past 24323 on chrUn_GL456394
Warning! Read K00382:111:HKHK5BBXY:1:2212:2331:12743 prevented from extending past 1976 on chr4_JH584295_random
Warning! Read K00382:110:HKHKHBBXY:2:2115:9130:41440 prevented from extending past 47073 on chrUn_GL456366
Warning! Read K00382:111:HKHK5BBXY:1:1221:23277:32015 prevented from extending below 0 on chr4_JH584295_random
Warning! Read K00382:110:HKHKHBBXY:2:2116:11048:48280 prevented from extending past 31704 on chrUn_GL456360
Warning! Read K00382:111:HKHK5BBXY:1:1112:7131:47823 prevented from extending below 0 on chr4_JH584295_random
  BAM records analyzed:    20000000
    Unmapped:                 71092
    To skipped refs:        1286122
      (chrM)
    MAPQ < 30:              2736626
    Paired alignments:            0
    Unpaired alignments:   15906160
  PCR duplicates --
    Paired aln sets:              0
      duplicates:                 0 (0.0%)
    Discordant aln sets:          0
      duplicates:                 0 (0.0%)
    Singleton aln sets:    17192282
      duplicates:           1854952 (10.8%)
  Fragments analyzed:      15316305
    Full fragments:               0
    Half fragments:        15316305
      (from unpaired alns)
    ATAC-seq cut sites:    15316305
      (expanded to length 100bp)
- control file #0 not provided -
  Background pileup value: 0.606533
Processing experimental file #1: results/4-ATAC_genotype/corrected_bams/name/077_BXD45_CTRL_sub1.nm.bam
Warning! Read K00382:120:HKHGNBBXY:8:2212:16691:17720 prevented from extending past 40056 on chrUn_GL456239
Warning! Read K00382:115:HKHC5BBXY:3:1115:18761:3196 prevented from extending below 0 on chr4_JH584295_random
Warning! Read K00382:120:HKHGNBBXY:8:1118:2554:1595 prevented from extending past 1976 on chr4_JH584295_random
Warning! Read K00382:120:HKHGNBBXY:8:2221:8126:12972 prevented from extending below 0 on chr4_JH584295_random
Warning! Read K00382:120:HKHGNBBXY:8:2102:1732:4602 prevented from extending past 38659 on chrUn_GL456383
  BAM records analyzed:    20000000
    Unmapped:                 84243
    To skipped refs:        1835930
      (chrM)
    MAPQ < 30:              3204613
    Paired alignments:            0
    Unpaired alignments:   14875214
  PCR duplicates --
    Paired aln sets:              0
      duplicates:                 0 (0.0%)
    Discordant aln sets:          0
      duplicates:                 0 (0.0%)
    Singleton aln sets:    16711144
      duplicates:           2091453 (12.5%)
  Fragments analyzed:      14598287
    Full fragments:               0
    Half fragments:        14598287
      (from unpaired alns)
    ATAC-seq cut sites:    14598287
      (expanded to length 100bp)
- control file #1 not provided -
  Background pileup value: 0.577838
Processing experimental file #2: results/4-ATAC_genotype/corrected_bams/name/150_BXD45_CTRL_sub1.nm.bam
Warning! Read K00382:118:HKHCJBBXY:2:1217:29285:30468 prevented from extending past 25871 on chrUn_GL456381
Warning! Read K00382:118:HKHCJBBXY:2:2126:23043:15012 prevented from extending past 1976 on chr4_JH584295_random
Warning! Read K00382:118:HKHCJBBXY:2:2125:18274:3969 prevented from extending past 40056 on chrUn_GL456239
Warning! Read K00382:115:HKHC5BBXY:6:1205:18142:1806 prevented from extending below 0 on chrUn_GL456389
Warning! Read K00382:107:HJ55YBBXY:6:1214:20557:3354 prevented from extending below 0 on chr4_JH584295_random
Warning! Read K00382:107:HJ55YBBXY:7:1119:7811:43304 prevented from extending past 28772 on chrUn_GL456389
Warning! Read K00382:118:HKHCJBBXY:3:2114:14945:6361 prevented from extending past 1976 on chr4_JH584295_random
Warning! Read K00382:115:HKHC5BBXY:8:1111:1905:48157 prevented from extending past 1976 on chr4_JH584295_random
Warning! Read K00382:118:HKHCJBBXY:2:2201:18071:23768 prevented from extending past 66673 on chr4_GL456216_random
  BAM records analyzed:    20000000
    Unmapped:                 87958
    To skipped refs:        1830684
      (chrM)
    MAPQ < 30:              3274619
    Paired alignments:            0
    Unpaired alignments:   14806739
  PCR duplicates --
    Paired aln sets:              0
      duplicates:                 0 (0.0%)
    Discordant aln sets:          0
      duplicates:                 0 (0.0%)
    Singleton aln sets:    16637423
      duplicates:           2095885 (12.6%)
  Fragments analyzed:      14520234
    Full fragments:               0
    Half fragments:        14520234
      (from unpaired alns)
    ATAC-seq cut sites:    14520234
      (expanded to length 100bp)
- control file #2 not provided -
  Background pileup value: 0.574742
Peak-calling parameters:
  Genome length: 2491878275bp
  Significance threshold: -log(q) > 1.301
  Min. AUC: 200.000
  Max. gap between sites: 100bp
Peaks identified: 9744 (6359347bp)
Logs saved in <logs/5-ATAC_peaks/subset_BXD45_CTRL_1.log>
