Qualimap bamqc for <results/16-NRF_bam/sort/10290_CT_NSD.co.bam>
Java memory size is set to 1200M
Launching application...

OpenJDK 64-Bit Server VM warning: ignoring option MaxPermSize=1024m; support was removed in 8.0
QualiMap v.2.3
Built on 2023-05-19 16:57

Selected tool: bamqc
Available memory (Mb): 32
Max memory (Mb): 1118
Mon Aug 24 21:18:58 CEST 2026		WARNING	Output folder already exists, the results will be saved there

Starting bam qc....
Loading sam header...
Loading locator...
Loading reference...
Number of windows: 400, effective number of windows: 465
Chunk of reads size: 1000
Number of threads: 10
Initializing regions from results/15-NRF_align/index/gencode.vM10.primary_assembly.annotation.gtf.....
Found 1617655 regions
Filling region references... 
Processed 50 out of 465 windows...
Processed 100 out of 465 windows...
Processed 150 out of 465 windows...
Processed 200 out of 465 windows...
Processed 250 out of 465 windows...
Processed 300 out of 465 windows...
Processed 350 out of 465 windows...
Processed 400 out of 465 windows...
Processed 450 out of 465 windows...
Total processed windows:465
Number of reads: 22545301
Number of valid reads: 22194804
Number of correct strand reads:0

Inside of regions...
Num mapped reads: 21153049
Num mapped first of pair: 0
Num mapped second of pair: 0
Num singletons: 0

Ouside of regions...
Num mapped reads: 1041755
Num mapped first of pair: 0
Num mapped second of pair: 0
Num singletons: 0
Time taken to analyze reads: 1003
Computing descriptors...
numberOfMappedBases: 39708157832
referenceSize: 2730871774
numberOfSequencedBases: 3064258978
numberOfAs: 773009478
Computing per chromosome statistics...
Computing histograms...
Computing descriptors for outside regions...
numberOfMappedBases: 639318017
referenceSize: 2730871774
numberOfSequencedBases: 158463798
numberOfAs: 44377776
Computing per chromosome statistics for outside regions...
Computing histograms for outside regions...
Overall analysis time: 1003
end of bam qc
Computing report...
Writing HTML report...
HTML report created successfully

Finished
Qualimap rnaseq for <results/16-NRF_bam/sort/10290_CT_NSD.co.bam>
Java memory size is set to 20G
Launching application...

OpenJDK 64-Bit Server VM warning: ignoring option MaxPermSize=1024m; support was removed in 8.0
QualiMap v.2.3
Built on 2023-05-19 16:57

Selected tool: rnaseq
Mon Aug 24 21:35:46 CEST 2026		WARNING	Output folder already exists, the results will be saved there

Initializing regions from results/15-NRF_align/index/gencode.vM10.primary_assembly.annotation.gtf...

Initialized 100000 regions...
Initialized 200000 regions...
Initialized 300000 regions...
Initialized 400000 regions...
Initialized 500000 regions...
Initialized 600000 regions...
Initialized 700000 regions...
Initialized 800000 regions...
Initialized 900000 regions...
Initialized 1000000 regions...
Initialized 1100000 regions...
Initialized 1200000 regions...
Initialized 1300000 regions...
Initialized 1400000 regions...
Initialized 1500000 regions...
Initialized 1600000 regions...

Initialized 1617655 regions it total

Starting constructing transcripts for RNA-seq stats...
Finished constructing transcripts

Starting BAM file analysis

Analyzed 500000 reads...
Analyzed 1000000 reads...
Analyzed 1500000 reads...
Analyzed 2500000 reads...
Analyzed 3000000 reads...
Analyzed 3500000 reads...
Analyzed 4000000 reads...
Analyzed 4500000 reads...
Analyzed 5000000 reads...
Analyzed 6000000 reads...
Analyzed 6500000 reads...
Analyzed 7000000 reads...
Analyzed 7500000 reads...
Analyzed 8000000 reads...
Analyzed 9000000 reads...
Analyzed 10000000 reads...
Analyzed 10500000 reads...
Analyzed 11000000 reads...
Analyzed 11500000 reads...
Analyzed 12000000 reads...
Analyzed 12500000 reads...
Analyzed 13000000 reads...
Analyzed 13500000 reads...
Analyzed 14500000 reads...
Analyzed 15000000 reads...
Analyzed 15500000 reads...
Analyzed 16000000 reads...
Analyzed 16500000 reads...
Analyzed 17000000 reads...
Analyzed 17500000 reads...
Analyzed 18000000 reads...
Analyzed 18500000 reads...
Analyzed 19000000 reads...
Analyzed 19500000 reads...
Analyzed 20000000 reads...
Analyzed 20500000 reads...
Analyzed 21000000 reads...
Analyzed 21500000 reads...
Analyzed 22000000 reads...
Analyzed 22500000 reads...
Analyzed 23000000 reads...
Analyzed 23500000 reads...

WARNING! The following chromosomes from reads are not found in annotations:
GL456366.1
GL456367.1
GL456378.1
GL456360.1
GL456383.1
GL456382.1
GL456393.1
GL456396.1
GL456368.1
GL456379.1
GL456359.1
GL456213.1
JH584302.1
GL456370.1

Processed 23680702 reads in total

BAM file analysis finished
Creating plots
Writing HTML report...
HTML report created successfully

Logs saved in <logs/16-NRF_bam/qualimap_10290_CT_NSD.log>
