Reading inputs
null device 
          1 
null device 
          1 
null device 
          1 
R version 4.5.2 (2025-10-31)
Platform: x86_64-pc-linux-gnu
Running under: Ubuntu 22.04.5 LTS

Matrix products: default
BLAS/LAPACK: /usr/lib/x86_64-linux-gnu/openblas-pthread/libopenblasp-r0.3.20.so;  LAPACK version 3.10.0

locale:
 [1] LC_CTYPE=C.UTF-8       LC_NUMERIC=C           LC_TIME=C.UTF-8       
 [4] LC_COLLATE=C.UTF-8     LC_MONETARY=C.UTF-8    LC_MESSAGES=C.UTF-8   
 [7] LC_PAPER=C.UTF-8       LC_NAME=C              LC_ADDRESS=C          
[10] LC_TELEPHONE=C         LC_MEASUREMENT=C.UTF-8 LC_IDENTIFICATION=C   

time zone: Etc/UTC
tzcode source: system (glibc)

attached base packages:
[1] stats4    stats     graphics  grDevices utils     datasets  methods  
[8] base     

other attached packages:
 [1] optparse_1.8.2              edgeR_4.8.2                
 [3] limma_3.66.0                EDASeq_2.44.0              
 [5] ShortRead_1.68.0            GenomicAlignments_1.46.0   
 [7] SummarizedExperiment_1.40.0 MatrixGenerics_1.22.0      
 [9] matrixStats_1.5.0           Rsamtools_2.26.0           
[11] GenomicRanges_1.62.1        Biostrings_2.78.0          
[13] Seqinfo_1.0.0               XVector_0.50.0             
[15] IRanges_2.44.0              S4Vectors_0.48.1           
[17] BiocParallel_1.44.0         Biobase_2.70.0             
[19] BiocGenerics_0.56.0         generics_0.1.4             

loaded via a namespace (and not attached):
 [1] KEGGREST_1.50.0        rjson_0.2.23           hwriter_1.3.2.1       
 [4] httr2_1.3.0            latticeExtra_0.6-31    lattice_0.22-7        
 [7] vctrs_0.7.3            tools_4.5.2            bitops_1.0-9          
[10] curl_7.1.0             parallel_4.5.2         AnnotationDbi_1.72.0  
[13] tibble_3.3.1           RSQLite_3.53.3         blob_1.3.0            
[16] pkgconfig_2.0.3        R.oo_1.27.1            Matrix_1.7-4          
[19] dbplyr_2.6.0           RColorBrewer_1.1-3     cigarillo_1.0.0       
[22] lifecycle_1.0.5        compiler_4.5.2         stringr_1.6.0         
[25] deldir_2.0-4           progress_1.2.3         statmod_1.5.2         
[28] codetools_0.2-20       yaml_2.3.12            RCurl_1.98-1.19       
[31] pillar_1.11.1          crayon_1.5.3           R.utils_2.13.0        
[34] DelayedArray_0.36.1    cachem_1.1.0           abind_1.4-8           
[37] locfit_1.5-9.12        tidyselect_1.2.1       stringi_1.8.7         
[40] restfulr_0.0.17        dplyr_1.2.1            biomaRt_2.66.2        
[43] fastmap_1.2.0          grid_4.5.2             cli_3.6.6             
[46] SparseArray_1.10.10    magrittr_2.0.5         GenomicFeatures_1.62.0
[49] S4Arrays_1.10.1        XML_3.99-0.23          prettyunits_1.2.0     
[52] filelock_1.0.3         aroma.light_3.40.0     bit64_4.8.2           
[55] httr_1.4.8             pwalign_1.6.0          jpeg_0.1-11           
[58] bit_4.6.0              interp_1.1-6           otel_0.2.0            
[61] png_0.1-9              R.methodsS3_1.8.2      hms_1.1.4             
[64] memoise_2.0.1          BiocIO_1.20.0          BiocFileCache_3.0.0   
[67] rtracklayer_1.70.1     rlang_1.3.0            Rcpp_1.1.2            
[70] glue_1.8.1             DBI_1.3.0              R6_2.6.1              
