Reading inputs
[1] "rna count dimensions (original): 32544, 86"
[1] "rna count dimensions (only standard chrs): 32544, 86"
[1] "rna count dimensions (filtered by counts): 16099, 86 | Percentage kept: 49.47 %"
null device 
          1 
[1] "rna samples with highest percentages of 0 counts:"
GSM3151502 GSM3151478 GSM3151490 GSM3151474 GSM3151508 GSM3151472 GSM3151476 
     39.15      39.13      38.84      38.80      38.78      38.77      38.73 
GSM3151529 GSM3151544 GSM3151536 GSM3151496 GSM3151500 GSM3151503 GSM3151468 
     38.71      38.66      38.63      38.59      38.58      38.58      38.55 
GSM3151531 
     38.52 
[1] "rna proportion of values with very low cpm 0.111"
[1] "rna proportion of values with low cpm 0.161"
[1] "rna proportion of values with high cpm 0.63"
null device 
          1 
Warning message:
Removed 872143 rows containing non-finite outside the scale range (`stat_boxplot()`). 
null device 
          1 
R version 4.5.2 (2025-10-31)
Platform: x86_64-pc-linux-gnu
Running under: Ubuntu 22.04.5 LTS

Matrix products: default
BLAS/LAPACK: /usr/lib/x86_64-linux-gnu/openblas-pthread/libopenblasp-r0.3.20.so;  LAPACK version 3.10.0

locale:
 [1] LC_CTYPE=C.UTF-8       LC_NUMERIC=C           LC_TIME=C.UTF-8       
 [4] LC_COLLATE=C.UTF-8     LC_MONETARY=C.UTF-8    LC_MESSAGES=C.UTF-8   
 [7] LC_PAPER=C.UTF-8       LC_NAME=C              LC_ADDRESS=C          
[10] LC_TELEPHONE=C         LC_MEASUREMENT=C.UTF-8 LC_IDENTIFICATION=C   

time zone: Etc/UTC
tzcode source: system (glibc)

attached base packages:
[1] stats     graphics  grDevices utils     datasets  methods   base     

other attached packages:
[1] optparse_1.8.2 tidyr_1.3.2    ggplot2_4.0.3  edgeR_4.8.2    limma_3.66.0  

loaded via a namespace (and not attached):
 [1] labeling_0.4.3     RColorBrewer_1.1-3 R6_2.6.1           tidyselect_1.2.1  
 [5] lattice_0.22-7     farver_2.1.2       magrittr_2.0.5     gtable_0.3.6      
 [9] glue_1.8.1         tibble_3.3.1       pkgconfig_2.0.3    generics_0.1.4    
[13] dplyr_1.2.1        lifecycle_1.0.5    cli_3.6.6          S7_0.2.2          
[17] scales_1.4.0       grid_4.5.2         vctrs_0.7.3        withr_3.0.3       
[21] statmod_1.5.2      compiler_4.5.2     purrr_1.2.2        pillar_1.11.1     
[25] locfit_1.5-9.12    rlang_1.3.0       
Logs saved in <logs/7-ATAC_normalization/filter_rna.log>
