Reading inputs
null device 
          1 
The automatically generated colors map from the 1^st and 99^th of the
values in the matrix. There are outliers in the matrix whose patterns
might be hidden by this color mapping. You can manually set the color
to `col` argument.

Use `suppressMessages()` to turn off this message.
null device 
          1 
The automatically generated colors map from the 1^st and 99^th of the
values in the matrix. There are outliers in the matrix whose patterns
might be hidden by this color mapping. You can manually set the color
to `col` argument.

Use `suppressMessages()` to turn off this message.
null device 
          1 
R version 4.5.2 (2025-10-31)
Platform: x86_64-pc-linux-gnu
Running under: Ubuntu 22.04.5 LTS

Matrix products: default
BLAS/LAPACK: /usr/lib/x86_64-linux-gnu/openblas-pthread/libopenblasp-r0.3.20.so;  LAPACK version 3.10.0

locale:
 [1] LC_CTYPE=C.UTF-8       LC_NUMERIC=C           LC_TIME=C.UTF-8       
 [4] LC_COLLATE=C.UTF-8     LC_MONETARY=C.UTF-8    LC_MESSAGES=C.UTF-8   
 [7] LC_PAPER=C.UTF-8       LC_NAME=C              LC_ADDRESS=C          
[10] LC_TELEPHONE=C         LC_MEASUREMENT=C.UTF-8 LC_IDENTIFICATION=C   

time zone: Etc/UTC
tzcode source: system (glibc)

attached base packages:
[1] grid      stats     graphics  grDevices utils     datasets  methods  
[8] base     

other attached packages:
[1] optparse_1.8.2        tidyr_1.3.2           ComplexHeatmap_2.26.1
[4] ggplot2_4.0.3         edgeR_4.8.2           limma_3.66.0         

loaded via a namespace (and not attached):
 [1] gtable_0.3.6        dplyr_1.2.1         compiler_4.5.2     
 [4] rjson_0.2.23        crayon_1.5.3        tidyselect_1.2.1   
 [7] parallel_4.5.2      cluster_2.1.8.1     IRanges_2.44.0     
[10] scales_1.4.0        png_0.1-9           statmod_1.5.2      
[13] lattice_0.22-7      R6_2.6.1            labeling_0.4.3     
[16] generics_0.1.4      shape_1.4.6.1       BiocGenerics_0.56.0
[19] iterators_1.0.14    GetoptLong_1.1.1    circlize_0.4.18    
[22] tibble_3.3.1        pillar_1.11.1       RColorBrewer_1.1-3 
[25] rlang_1.3.0         GlobalOptions_0.1.4 S7_0.2.2           
[28] doParallel_1.0.17   cli_3.6.6           withr_3.0.3        
[31] magrittr_2.0.5      digest_0.6.39       foreach_1.5.2      
[34] locfit_1.5-9.12     clue_0.3-68         lifecycle_1.0.5    
[37] S4Vectors_0.48.1    vctrs_0.7.3         glue_1.8.1         
[40] farver_2.1.2        codetools_0.2-20    stats4_4.5.2       
[43] colorspace_2.1-3    purrr_1.2.2         matrixStats_1.5.0  
[46] pkgconfig_2.0.3    
