Loading packages
Checking arguments
Load normalized counts
Warning message:
In cpm.DGEList(y, log = TRUE) :
  Offset may not reflect library sizes. Scaling offset may be required.
null device 
          1 
R version 4.5.2 (2025-10-31)
Platform: x86_64-pc-linux-gnu
Running under: Ubuntu 22.04.5 LTS

Matrix products: default
BLAS/LAPACK: /usr/lib/x86_64-linux-gnu/openblas-pthread/libopenblasp-r0.3.20.so;  LAPACK version 3.10.0

locale:
 [1] LC_CTYPE=en_US.UTF-8       LC_NUMERIC=C              
 [3] LC_TIME=en_US.UTF-8        LC_COLLATE=en_US.UTF-8    
 [5] LC_MONETARY=en_US.UTF-8    LC_MESSAGES=en_US.UTF-8   
 [7] LC_PAPER=en_US.UTF-8       LC_NAME=C                 
 [9] LC_ADDRESS=C               LC_TELEPHONE=C            
[11] LC_MEASUREMENT=en_US.UTF-8 LC_IDENTIFICATION=C       

time zone: Etc/UTC
tzcode source: system (glibc)

attached base packages:
[1] stats4    stats     graphics  grDevices utils     datasets  methods  
[8] base     

other attached packages:
 [1] optparse_1.8.2              openxlsx_4.2.8.1           
 [3] EDASeq_2.44.0               ShortRead_1.68.0           
 [5] GenomicAlignments_1.46.0    SummarizedExperiment_1.40.0
 [7] MatrixGenerics_1.22.0       matrixStats_1.5.0          
 [9] Rsamtools_2.26.0            GenomicRanges_1.62.1       
[11] Biostrings_2.78.0           Seqinfo_1.0.0              
[13] XVector_0.50.0              IRanges_2.44.0             
[15] S4Vectors_0.48.1            BiocParallel_1.44.0        
[17] Biobase_2.70.0              BiocGenerics_0.56.0        
[19] generics_0.1.4              edgeR_4.8.2                
[21] limma_3.66.0               

loaded via a namespace (and not attached):
 [1] tidyselect_1.2.1       dplyr_1.2.1            blob_1.3.0            
 [4] filelock_1.0.3         R.utils_2.13.0         bitops_1.1-0          
 [7] fastmap_1.2.0          RCurl_1.98-1.20        BiocFileCache_3.0.0   
[10] XML_3.99-0.24          lifecycle_1.0.5        pwalign_1.6.0         
[13] statmod_1.5.2          KEGGREST_1.50.0        RSQLite_3.53.3        
[16] magrittr_2.0.5         compiler_4.5.2         rlang_1.3.0           
[19] progress_1.2.3         tools_4.5.2            yaml_2.3.12           
[22] rtracklayer_1.70.1     prettyunits_1.2.0      S4Arrays_1.10.1       
[25] interp_1.1-6           bit_4.6.0              aroma.light_3.40.0    
[28] curl_8.0.0             DelayedArray_0.36.1    RColorBrewer_1.1-3    
[31] abind_1.4-8            hwriter_1.3.2.1        R.oo_1.27.1           
[34] grid_4.5.2             latticeExtra_0.6-31    biomaRt_2.66.2        
[37] cli_3.6.6              crayon_1.5.3           otel_0.2.0            
[40] httr_1.4.8             rjson_0.2.23           DBI_1.3.0             
[43] cachem_1.1.0           stringr_1.6.0          parallel_4.5.2        
[46] AnnotationDbi_1.72.0   restfulr_0.0.17        vctrs_0.7.3           
[49] Matrix_1.7-4           hms_1.1.4              bit64_4.8.4           
[52] jpeg_0.1-11            GenomicFeatures_1.62.0 locfit_1.5-9.12       
[55] glue_1.8.1             codetools_0.2-20       stringi_1.8.9         
[58] deldir_2.0-4           BiocIO_1.20.0          tibble_3.3.1          
[61] pillar_1.11.1          rappdirs_0.3.4         R6_2.6.1              
[64] dbplyr_2.6.0           httr2_1.2.2            lattice_0.22-7        
[67] R.methodsS3_1.8.2      png_0.1-9              cigarillo_1.0.0       
[70] memoise_2.0.1          Rcpp_1.1.2             zip_3.0.2             
[73] SparseArray_1.10.10    pkgconfig_2.0.3       
