Loading packages
Checking arguments
Load counts
Load Table S2
Get examples
[1] FALSE
Filter dataset
Save plot
`geom_smooth()` using formula = 'y ~ x'
There were 12 warnings (use warnings() to see them)
null device 
          1 
R version 4.5.2 (2025-10-31)
Platform: x86_64-pc-linux-gnu
Running under: Ubuntu 22.04.5 LTS

Matrix products: default
BLAS/LAPACK: /usr/lib/x86_64-linux-gnu/openblas-pthread/libopenblasp-r0.3.20.so;  LAPACK version 3.10.0

locale:
 [1] LC_CTYPE=en_US.UTF-8       LC_NUMERIC=C              
 [3] LC_TIME=en_US.UTF-8        LC_COLLATE=en_US.UTF-8    
 [5] LC_MONETARY=en_US.UTF-8    LC_MESSAGES=en_US.UTF-8   
 [7] LC_PAPER=en_US.UTF-8       LC_NAME=C                 
 [9] LC_ADDRESS=C               LC_TELEPHONE=C            
[11] LC_MEASUREMENT=en_US.UTF-8 LC_IDENTIFICATION=C       

time zone: Etc/UTC
tzcode source: system (glibc)

attached base packages:
[1] stats4    stats     graphics  grDevices utils     datasets  methods  
[8] base     

other attached packages:
 [1] optparse_1.8.2       GenomicRanges_1.62.1 Seqinfo_1.0.0       
 [4] IRanges_2.44.0       S4Vectors_0.48.1     BiocGenerics_0.56.0 
 [7] generics_0.1.4       ggpubr_1.0.0         lubridate_1.9.5     
[10] forcats_1.0.1        stringr_1.6.0        dplyr_1.2.1         
[13] purrr_1.2.2          readr_2.2.0          tidyr_1.3.2         
[16] tibble_3.3.1         tidyverse_2.0.0      openxlsx_4.2.8.1    
[19] edgeR_4.8.2          limma_3.66.0         ggplot2_4.0.3       

loaded via a namespace (and not attached):
 [1] rstatix_1.1.0      stringi_1.8.9      lattice_0.22-7     hms_1.1.4         
 [5] magrittr_2.0.5     grid_4.5.2         timechange_0.4.0   RColorBrewer_1.1-3
 [9] Matrix_1.7-4       zip_3.0.2          backports_1.5.1    Formula_1.2-6     
[13] mgcv_1.9-3         scales_1.4.0       abind_1.4-8        cli_3.6.6         
[17] rlang_1.3.0        splines_4.5.2      withr_3.0.3        tools_4.5.2       
[21] tzdb_0.5.0         ggsignif_0.6.4     locfit_1.5-9.12    broom_1.0.13      
[25] vctrs_0.7.3        R6_2.6.1           lifecycle_1.0.5    car_3.1-5         
[29] pkgconfig_2.0.3    pillar_1.11.1      gtable_0.3.6       glue_1.8.1        
[33] Rcpp_1.1.2         statmod_1.5.2      tidyselect_1.2.1   farver_2.1.2      
[37] nlme_3.1-168       labeling_0.4.3     carData_3.0-6      compiler_4.5.2    
[41] S7_0.2.2          
