Loading packages
Checking arguments
Warning message:
In cpm.DGEList(y, log = TRUE) :
  Offset may not reflect library sizes. Scaling offset may be required.
'select()' returned 1:many mapping between keys and columns
`stat_compare_means()` with `comparisons` displays *unadjusted* p-values (no correction for multiple comparisons).
ℹ For p-values adjusted for multiple comparisons, use `geom_pwc()`, or `stat_pvalue_manual()` together with `compare_means(..., p.adjust.method = )`.
This message is displayed once per session.
null device 
          1 
R version 4.5.2 (2025-10-31)
Platform: x86_64-pc-linux-gnu
Running under: Ubuntu 22.04.5 LTS

Matrix products: default
BLAS/LAPACK: /usr/lib/x86_64-linux-gnu/openblas-pthread/libopenblasp-r0.3.20.so;  LAPACK version 3.10.0

locale:
 [1] LC_CTYPE=en_US.UTF-8       LC_NUMERIC=C              
 [3] LC_TIME=en_US.UTF-8        LC_COLLATE=en_US.UTF-8    
 [5] LC_MONETARY=en_US.UTF-8    LC_MESSAGES=en_US.UTF-8   
 [7] LC_PAPER=en_US.UTF-8       LC_NAME=C                 
 [9] LC_ADDRESS=C               LC_TELEPHONE=C            
[11] LC_MEASUREMENT=en_US.UTF-8 LC_IDENTIFICATION=C       

time zone: Etc/UTC
tzcode source: system (glibc)

attached base packages:
[1] stats4    stats     graphics  grDevices utils     datasets  methods  
[8] base     

other attached packages:
 [1] optparse_1.8.2              openxlsx_4.2.8.1           
 [3] igraph_2.3.3                org.Mm.eg.db_3.22.0        
 [5] AnnotationDbi_1.72.0        ggpubr_1.0.0               
 [7] ggrepel_0.9.8               lubridate_1.9.5            
 [9] forcats_1.0.1               stringr_1.6.0              
[11] dplyr_1.2.1                 purrr_1.2.2                
[13] readr_2.2.0                 tidyr_1.3.2                
[15] tibble_3.3.1                ggplot2_4.0.3              
[17] tidyverse_2.0.0             edgeR_4.8.2                
[19] limma_3.66.0                EDASeq_2.44.0              
[21] ShortRead_1.68.0            GenomicAlignments_1.46.0   
[23] SummarizedExperiment_1.40.0 MatrixGenerics_1.22.0      
[25] matrixStats_1.5.0           Rsamtools_2.26.0           
[27] GenomicRanges_1.62.1        Biostrings_2.78.0          
[29] Seqinfo_1.0.0               XVector_0.50.0             
[31] IRanges_2.44.0              S4Vectors_0.48.1           
[33] BiocParallel_1.44.0         Biobase_2.70.0             
[35] BiocGenerics_0.56.0         generics_0.1.4             

loaded via a namespace (and not attached):
 [1] DBI_1.3.0              bitops_1.1-0           deldir_2.0-4          
 [4] httr2_1.2.2            biomaRt_2.66.2         rlang_1.3.0           
 [7] magrittr_2.0.5         otel_0.2.0             compiler_4.5.2        
[10] RSQLite_3.53.3         GenomicFeatures_1.62.0 png_0.1-9             
[13] vctrs_0.7.3            pwalign_1.6.0          pkgconfig_2.0.3       
[16] crayon_1.5.3           fastmap_1.2.0          backports_1.5.1       
[19] dbplyr_2.6.0           labeling_0.4.3         tzdb_0.5.0            
[22] bit_4.6.0              cachem_1.1.0           cigarillo_1.0.0       
[25] progress_1.2.3         blob_1.3.0             DelayedArray_0.36.1   
[28] jpeg_0.1-11            broom_1.0.13           parallel_4.5.2        
[31] prettyunits_1.2.0      R6_2.6.1               stringi_1.8.9         
[34] RColorBrewer_1.1-3     rtracklayer_1.70.1     car_3.1-5             
[37] Rcpp_1.1.2             R.utils_2.13.0         Matrix_1.7-4          
[40] timechange_0.4.0       tidyselect_1.2.1       abind_1.4-8           
[43] yaml_2.3.12            codetools_0.2-20       hwriter_1.3.2.1       
[46] curl_8.0.0             lattice_0.22-7         withr_3.0.3           
[49] KEGGREST_1.50.0        S7_0.2.2               BiocFileCache_3.0.0   
[52] zip_3.0.2              pillar_1.11.1          filelock_1.0.3        
[55] carData_3.0-6          RCurl_1.98-1.20        hms_1.1.4             
[58] scales_1.4.0           glue_1.8.1             tools_4.5.2           
[61] interp_1.1-6           BiocIO_1.20.0          locfit_1.5-9.12       
[64] ggsignif_0.6.4         XML_3.99-0.24          grid_4.5.2            
[67] latticeExtra_0.6-31    restfulr_0.0.17        Formula_1.2-6         
[70] cli_3.6.6              rappdirs_0.3.4         S4Arrays_1.10.1       
[73] gtable_0.3.6           R.methodsS3_1.8.2      rstatix_1.1.0         
[76] aroma.light_3.40.0     SparseArray_1.10.10    rjson_0.2.23          
[79] farver_2.1.2           memoise_2.0.1          R.oo_1.27.1           
[82] lifecycle_1.0.5        httr_1.4.8             statmod_1.5.2         
[85] bit64_4.8.4           
