Loading packages
Checking arguments
Load counts
Save plot
`summarise()` has regrouped the output.
ℹ Summaries were computed grouped by label and col.
ℹ Output is grouped by label.
ℹ Use `summarise(.groups = "drop_last")` to silence this message.
ℹ Use `summarise(.by = c(label, col))` for per-operation grouping (`?dplyr::dplyr_by`) instead.
null device 
          1 
Warning message:
In tab$color <- colors[strains] : Coercing LHS to a list
R version 4.5.2 (2025-10-31)
Platform: x86_64-pc-linux-gnu
Running under: Ubuntu 22.04.5 LTS

Matrix products: default
BLAS/LAPACK: /usr/lib/x86_64-linux-gnu/openblas-pthread/libopenblasp-r0.3.20.so;  LAPACK version 3.10.0

locale:
 [1] LC_CTYPE=en_US.UTF-8       LC_NUMERIC=C              
 [3] LC_TIME=en_US.UTF-8        LC_COLLATE=en_US.UTF-8    
 [5] LC_MONETARY=en_US.UTF-8    LC_MESSAGES=en_US.UTF-8   
 [7] LC_PAPER=en_US.UTF-8       LC_NAME=C                 
 [9] LC_ADDRESS=C               LC_TELEPHONE=C            
[11] LC_MEASUREMENT=en_US.UTF-8 LC_IDENTIFICATION=C       

time zone: Etc/UTC
tzcode source: system (glibc)

attached base packages:
[1] stats4    stats     graphics  grDevices utils     datasets  methods  
[8] base     

other attached packages:
 [1] optparse_1.8.2              lubridate_1.9.5            
 [3] forcats_1.0.1               stringr_1.6.0              
 [5] dplyr_1.2.1                 purrr_1.2.2                
 [7] readr_2.2.0                 tidyr_1.3.2                
 [9] tibble_3.3.1                ggplot2_4.0.3              
[11] tidyverse_2.0.0             edgeR_4.8.2                
[13] limma_3.66.0                EDASeq_2.44.0              
[15] ShortRead_1.68.0            GenomicAlignments_1.46.0   
[17] SummarizedExperiment_1.40.0 MatrixGenerics_1.22.0      
[19] matrixStats_1.5.0           Rsamtools_2.26.0           
[21] GenomicRanges_1.62.1        Biostrings_2.78.0          
[23] Seqinfo_1.0.0               XVector_0.50.0             
[25] IRanges_2.44.0              S4Vectors_0.48.1           
[27] BiocParallel_1.44.0         Biobase_2.70.0             
[29] BiocGenerics_0.56.0         generics_0.1.4             

loaded via a namespace (and not attached):
 [1] tidyselect_1.2.1       farver_2.1.2           blob_1.3.0            
 [4] filelock_1.0.3         R.utils_2.13.0         S7_0.2.2              
 [7] bitops_1.1-0           fastmap_1.2.0          RCurl_1.98-1.20       
[10] BiocFileCache_3.0.0    XML_3.99-0.24          timechange_0.4.0      
[13] lifecycle_1.0.5        pwalign_1.6.0          statmod_1.5.2         
[16] KEGGREST_1.50.0        RSQLite_3.53.3         magrittr_2.0.5        
[19] compiler_4.5.2         rlang_1.3.0            progress_1.2.3        
[22] tools_4.5.2            yaml_2.3.12            rtracklayer_1.70.1    
[25] prettyunits_1.2.0      S4Arrays_1.10.1        interp_1.1-6          
[28] bit_4.6.0              aroma.light_3.40.0     curl_8.0.0            
[31] DelayedArray_0.36.1    RColorBrewer_1.1-3     abind_1.4-8           
[34] withr_3.0.3            hwriter_1.3.2.1        R.oo_1.27.1           
[37] grid_4.5.2             latticeExtra_0.6-31    scales_1.4.0          
[40] biomaRt_2.66.2         cli_3.6.6              crayon_1.5.3          
[43] otel_0.2.0             tzdb_0.5.0             httr_1.4.8            
[46] rjson_0.2.23           DBI_1.3.0              cachem_1.1.0          
[49] parallel_4.5.2         AnnotationDbi_1.72.0   restfulr_0.0.17       
[52] vctrs_0.7.3            Matrix_1.7-4           hms_1.1.4             
[55] bit64_4.8.4            jpeg_0.1-11            GenomicFeatures_1.62.0
[58] locfit_1.5-9.12        glue_1.8.1             codetools_0.2-20      
[61] stringi_1.8.9          gtable_0.3.6           deldir_2.0-4          
[64] BiocIO_1.20.0          pillar_1.11.1          rappdirs_0.3.4        
[67] R6_2.6.1               dbplyr_2.6.0           httr2_1.2.2           
[70] lattice_0.22-7         R.methodsS3_1.8.2      png_0.1-9             
[73] cigarillo_1.0.0        memoise_2.0.1          Rcpp_1.1.2            
[76] SparseArray_1.10.10    pkgconfig_2.0.3       
