Loading packages
Checking arguments
Reading inputs
Read-level EDA
null device 
          1 
null device 
          1 
null device 
          1 
reducing width to trailing  17 
  path:  results/16-NRF_bam/sort/9280_CT_SD.co.bam
reducing width to trailing  16 
  path:  results/16-NRF_bam/sort/9347_FV_SD.co.bam
reducing width to trailing  15 
  path:  results/16-NRF_bam/sort/9348_FT_SD.co.bam
reducing width to trailing  15 
  path:  results/16-NRF_bam/sort/9243_FV_NSD.co.bam
reducing width to trailing  15 
  path:  results/16-NRF_bam/sort/9268_CT_NSD.co.bam
reducing width to trailing  15 
  path:  results/16-NRF_bam/sort/9279_CT_NSD.co.bam
reducing width to trailing  15 
  path:  results/16-NRF_bam/sort/9244_FT_NSD.co.bam
reducing width to trailing  15 
  path:  results/16-NRF_bam/sort/9844_FT_SD.co.bam
reducing width to trailing  15 
  path:  results/16-NRF_bam/sort/9726_FT_NSD.co.bam
reducing width to trailing  16 
  path:  results/16-NRF_bam/sort/9661_FV_NSD.co.bam
reducing width to trailing  15 
  path:  results/16-NRF_bam/sort/9673_FV_SD.co.bam
reducing width to trailing  15 
  path:  results/16-NRF_bam/sort/9517_CT_SD.co.bam
reducing width to trailing  18 
  path:  results/16-NRF_bam/sort/9515_CT_SD.co.bam
reducing width to trailing  15 
  path:  results/16-NRF_bam/sort/9516_CT_NSD.co.bam
reducing width to trailing  15 
  path:  results/16-NRF_bam/sort/9518_CT_NSD.co.bam
reducing width to trailing  17 
  path:  results/16-NRF_bam/sort/9984_CT_SD.co.bam
reducing width to trailing  15 
  path:  results/16-NRF_bam/sort/10081_CT_NSD.co.bam
reducing width to trailing  15 
  path:  results/16-NRF_bam/sort/10049_FT_NSD.co.bam
reducing width to trailing  17 
  path:  results/16-NRF_bam/sort/9993_FT_NSD.co.bam
reducing width to trailing  15 
  path:  results/16-NRF_bam/sort/10048_FT_SD.co.bam
reducing width to trailing  16 
  path:  results/16-NRF_bam/sort/10089_FV_NSD.co.bam
reducing width to trailing  16 
  path:  results/16-NRF_bam/sort/10092_FV_NSD.co.bam
reducing width to trailing  15 
  path:  results/16-NRF_bam/sort/10050_FV_SD.co.bam
reducing width to trailing  15 
  path:  results/16-NRF_bam/sort/10290_CT_NSD.co.bam
reducing width to trailing  15 
  path:  results/16-NRF_bam/sort/10175_FT_SD.co.bam
reducing width to trailing  16 
  path:  results/16-NRF_bam/sort/10289_CT_NSD.co.bam
reducing width to trailing  15 
  path:  results/16-NRF_bam/sort/10160_FT_NSD.co.bam
reducing width to trailing  17 
  path:  results/16-NRF_bam/sort/10288_CT_SD.co.bam
reducing width to trailing  16 
  path:  results/16-NRF_bam/sort/10174_FV_SD.co.bam
reducing width to trailing  16 
  path:  results/16-NRF_bam/sort/10163_FV_NSD.co.bam
reducing width to trailing  16 
  path:  results/16-NRF_bam/sort/10173_FV_SD.co.bam
reducing width to trailing  15 
  path:  results/16-NRF_bam/sort/10205_FT_SD.co.bam
null device 
          1 
Gene-level EDA
Loading required package: TxDb.Mmusculus.UCSC.mm10.knownGene
Loading required package: GenomicFeatures
Loading required package: AnnotationDbi
Loading required package: BSgenome.Mmusculus.UCSC.mm10
Loading required package: BSgenome
Loading required package: BiocIO
Loading required package: rtracklayer
Loading required package: org.Mm.eg.db

'select()' returned 1:many mapping between keys and columns
filter
FALSE  TRUE 
31616 16910 
[1] 16910
[1] 1998
null device 
          1 
Normalize counts
null device 
          1 
null device 
          1 
null device 
          1 
null device 
          1 
null device 
          1 
null device 
          1 
null device 
          1 
R version 4.5.2 (2025-10-31)
Platform: x86_64-pc-linux-gnu
Running under: Ubuntu 22.04.5 LTS

Matrix products: default
BLAS/LAPACK: /usr/lib/x86_64-linux-gnu/openblas-pthread/libopenblasp-r0.3.20.so;  LAPACK version 3.10.0

locale:
 [1] LC_CTYPE=en_US.UTF-8       LC_NUMERIC=C              
 [3] LC_TIME=en_US.UTF-8        LC_COLLATE=en_US.UTF-8    
 [5] LC_MONETARY=en_US.UTF-8    LC_MESSAGES=en_US.UTF-8   
 [7] LC_PAPER=en_US.UTF-8       LC_NAME=C                 
 [9] LC_ADDRESS=C               LC_TELEPHONE=C            
[11] LC_MEASUREMENT=en_US.UTF-8 LC_IDENTIFICATION=C       

time zone: Etc/UTC
tzcode source: system (glibc)

attached base packages:
[1] stats4    stats     graphics  grDevices utils     datasets  methods  
[8] base     

other attached packages:
 [1] org.Mm.eg.db_3.22.0                      
 [2] BSgenome.Mmusculus.UCSC.mm10_1.4.3       
 [3] BSgenome_1.78.0                          
 [4] rtracklayer_1.70.1                       
 [5] BiocIO_1.20.0                            
 [6] TxDb.Mmusculus.UCSC.mm10.knownGene_3.10.0
 [7] GenomicFeatures_1.62.0                   
 [8] AnnotationDbi_1.72.0                     
 [9] optparse_1.8.2                           
[10] biomaRt_2.66.2                           
[11] edgeR_4.8.2                              
[12] limma_3.66.0                             
[13] EDASeq_2.44.0                            
[14] ShortRead_1.68.0                         
[15] GenomicAlignments_1.46.0                 
[16] SummarizedExperiment_1.40.0              
[17] MatrixGenerics_1.22.0                    
[18] matrixStats_1.5.0                        
[19] Rsamtools_2.26.0                         
[20] GenomicRanges_1.62.1                     
[21] Biostrings_2.78.0                        
[22] Seqinfo_1.0.0                            
[23] XVector_0.50.0                           
[24] IRanges_2.44.0                           
[25] S4Vectors_0.48.1                         
[26] BiocParallel_1.44.0                      
[27] Biobase_2.70.0                           
[28] BiocGenerics_0.56.0                      
[29] generics_0.1.4                           
[30] XML_3.99-0.24                            

loaded via a namespace (and not attached):
 [1] tidyselect_1.2.1    dplyr_1.2.1         blob_1.3.0         
 [4] filelock_1.0.3      R.utils_2.13.0      bitops_1.1-0       
 [7] fastmap_1.2.0       RCurl_1.98-1.20     BiocFileCache_3.0.0
[10] lifecycle_1.0.5     pwalign_1.6.0       statmod_1.5.2      
[13] KEGGREST_1.50.0     RSQLite_3.53.3      magrittr_2.0.5     
[16] compiler_4.5.2      rlang_1.3.0         progress_1.2.3     
[19] tools_4.5.2         yaml_2.3.12         prettyunits_1.2.0  
[22] S4Arrays_1.10.1     interp_1.1-6        bit_4.6.0          
[25] aroma.light_3.40.0  curl_7.1.0          DelayedArray_0.36.1
[28] RColorBrewer_1.1-3  KernSmooth_2.23-26  abind_1.4-8        
[31] hwriter_1.3.2.1     R.oo_1.27.1         grid_4.5.2         
[34] latticeExtra_0.6-31 cli_3.6.6           crayon_1.5.3       
[37] otel_0.2.0          httr_1.4.8          rjson_0.2.23       
[40] DBI_1.3.0           cachem_1.1.0        stringr_1.6.0      
[43] parallel_4.5.2      restfulr_0.0.17     vctrs_0.7.3        
[46] Matrix_1.7-4        hms_1.1.4           bit64_4.8.4        
[49] jpeg_0.1-11         locfit_1.5-9.12     glue_1.8.1         
[52] codetools_0.2-20    stringi_1.8.7       deldir_2.0-4       
[55] tibble_3.3.1        pillar_1.11.1       rappdirs_0.3.4     
[58] R6_2.6.1            dbplyr_2.6.0        httr2_1.2.2        
[61] lattice_0.22-7      R.methodsS3_1.8.2   png_0.1-9          
[64] cigarillo_1.0.0     memoise_2.0.1       Rcpp_1.1.1-1.1     
[67] SparseArray_1.10.10 pkgconfig_2.0.3    
