Loading packages
Checking arguments
Load Table S2
Determining gene groups
[1] "IEG in plasticity"
 [1] "Arc"    "Homer1" "Rheb"   "Npas4"  "Ptgs2"  "Fos"    "Rcan1"  "Nptx2" 
 [9] "Dusp1"  "Per1"  
Set plot parameters
Save plot
null device 
          1 
R version 4.5.2 (2025-10-31)
Platform: x86_64-pc-linux-gnu
Running under: Ubuntu 22.04.5 LTS

Matrix products: default
BLAS/LAPACK: /usr/lib/x86_64-linux-gnu/openblas-pthread/libopenblasp-r0.3.20.so;  LAPACK version 3.10.0

locale:
 [1] LC_CTYPE=en_US.UTF-8       LC_NUMERIC=C              
 [3] LC_TIME=en_US.UTF-8        LC_COLLATE=en_US.UTF-8    
 [5] LC_MONETARY=en_US.UTF-8    LC_MESSAGES=en_US.UTF-8   
 [7] LC_PAPER=en_US.UTF-8       LC_NAME=C                 
 [9] LC_ADDRESS=C               LC_TELEPHONE=C            
[11] LC_MEASUREMENT=en_US.UTF-8 LC_IDENTIFICATION=C       

time zone: Etc/UTC
tzcode source: system (glibc)

attached base packages:
[1] stats     graphics  grDevices utils     datasets  methods   base     

other attached packages:
 [1] optparse_1.8.2   openxlsx_4.2.8.1 lubridate_1.9.5  forcats_1.0.1   
 [5] stringr_1.6.0    dplyr_1.2.1      purrr_1.2.2      readr_2.2.0     
 [9] tidyr_1.3.2      tibble_3.3.1     tidyverse_2.0.0  ggrepel_0.9.8   
[13] ggplot2_4.0.3   

loaded via a namespace (and not attached):
 [1] gtable_0.3.6       compiler_4.5.2     tidyselect_1.2.1   Rcpp_1.1.2        
 [5] zip_3.0.2          scales_1.4.0       R6_2.6.1           labeling_0.4.3    
 [9] generics_0.1.4     pillar_1.11.1      RColorBrewer_1.1-3 tzdb_0.5.0        
[13] rlang_1.3.0        stringi_1.8.9      S7_0.2.2           timechange_0.4.0  
[17] cli_3.6.6          withr_3.0.3        magrittr_2.0.5     grid_4.5.2        
[21] hms_1.1.4          lifecycle_1.0.5    vctrs_0.7.3        glue_1.8.1        
[25] farver_2.1.2       tools_4.5.2        pkgconfig_2.0.3   
