Loading packages
Checking arguments
Load Table S6
TSS annotation
>> preparing features information...		 2026-09-11 09:41:40 AM 
>> Using Genome: mm10 ...
>> identifying nearest features...		 2026-09-11 09:41:40 AM 
>> calculating distance from peak to TSS...	 2026-09-11 09:41:41 AM 
>> assigning genomic annotation...		 2026-09-11 09:41:41 AM 
>> Using Genome: mm10 ...
>> Using Genome: mm10 ...
>> adding gene annotation...			 2026-09-11 09:41:57 AM 
'select()' returned 1:many mapping between keys and columns
>> assigning chromosome lengths			 2026-09-11 09:41:57 AM 
>> done...					 2026-09-11 09:41:57 AM 
Save plot 1
null device 
          1 
ENCODE annotation
[1] "Percentage annotated up: 51.29 %"
Save plot 2
null device 
          1 
R version 4.5.2 (2025-10-31)
Platform: x86_64-pc-linux-gnu
Running under: Ubuntu 22.04.5 LTS

Matrix products: default
BLAS/LAPACK: /usr/lib/x86_64-linux-gnu/openblas-pthread/libopenblasp-r0.3.20.so;  LAPACK version 3.10.0

locale:
 [1] LC_CTYPE=en_US.UTF-8       LC_NUMERIC=C              
 [3] LC_TIME=en_US.UTF-8        LC_COLLATE=en_US.UTF-8    
 [5] LC_MONETARY=en_US.UTF-8    LC_MESSAGES=en_US.UTF-8   
 [7] LC_PAPER=en_US.UTF-8       LC_NAME=C                 
 [9] LC_ADDRESS=C               LC_TELEPHONE=C            
[11] LC_MEASUREMENT=en_US.UTF-8 LC_IDENTIFICATION=C       

time zone: Etc/UTC
tzcode source: system (glibc)

attached base packages:
[1] stats4    stats     graphics  grDevices utils     datasets  methods  
[8] base     

other attached packages:
 [1] optparse_1.8.2                           
 [2] openxlsx_4.2.8.1                         
 [3] TxDb.Mmusculus.UCSC.mm10.knownGene_3.10.0
 [4] GenomicFeatures_1.62.0                   
 [5] GenomicRanges_1.62.1                     
 [6] Seqinfo_1.0.0                            
 [7] ChIPseeker_1.46.1                        
 [8] org.Mm.eg.db_3.22.0                      
 [9] AnnotationDbi_1.72.0                     
[10] IRanges_2.44.0                           
[11] S4Vectors_0.48.1                         
[12] Biobase_2.70.0                           
[13] BiocGenerics_0.56.0                      
[14] generics_0.1.4                           

loaded via a namespace (and not attached):
  [1] RColorBrewer_1.1-3                      
  [2] jsonlite_2.0.0                          
  [3] tidydr_0.0.6                            
  [4] magrittr_2.0.5                          
  [5] ggtangle_0.1.2                          
  [6] farver_2.1.2                            
  [7] fs_2.1.0                                
  [8] BiocIO_1.20.0                           
  [9] vctrs_0.7.3                             
 [10] memoise_2.0.1                           
 [11] Rsamtools_2.26.0                        
 [12] RCurl_1.98-1.20                         
 [13] ggtree_4.0.5                            
 [14] htmltools_0.5.9                         
 [15] S4Arrays_1.10.1                         
 [16] TxDb.Hsapiens.UCSC.hg19.knownGene_3.22.1
 [17] plotrix_3.8-14                          
 [18] curl_8.0.0                              
 [19] SparseArray_1.10.10                     
 [20] gridGraphics_0.5-1                      
 [21] KernSmooth_2.23-26                      
 [22] htmlwidgets_1.6.4                       
 [23] plyr_1.8.9                              
 [24] cachem_1.1.0                            
 [25] GenomicAlignments_1.46.0                
 [26] igraph_2.3.3                            
 [27] lifecycle_1.0.5                         
 [28] pkgconfig_2.0.3                         
 [29] Matrix_1.7-4                            
 [30] R6_2.6.1                                
 [31] fastmap_1.2.0                           
 [32] MatrixGenerics_1.22.0                   
 [33] digest_0.6.39                           
 [34] aplot_0.3.1                             
 [35] enrichplot_1.30.5                       
 [36] ggnewscale_0.5.2                        
 [37] patchwork_1.3.2                         
 [38] RSQLite_3.53.3                          
 [39] httr_1.4.8                              
 [40] polyclip_1.10-7                         
 [41] abind_1.4-8                             
 [42] compiler_4.5.2                          
 [43] bit64_4.8.4                             
 [44] fontquiver_0.2.1                        
 [45] withr_3.0.3                             
 [46] S7_0.2.2                                
 [47] BiocParallel_1.44.0                     
 [48] DBI_1.3.0                               
 [49] gplots_3.3.0                            
 [50] ggforce_0.5.0                           
 [51] R.utils_2.13.0                          
 [52] MASS_7.3-65                             
 [53] rappdirs_0.3.4                          
 [54] DelayedArray_0.36.1                     
 [55] rjson_0.2.23                            
 [56] caTools_1.18.4                          
 [57] gtools_3.9.5                            
 [58] tools_4.5.2                             
 [59] otel_0.2.0                              
 [60] ape_5.8-1                               
 [61] scatterpie_0.2.6                        
 [62] zip_3.0.2                               
 [63] R.oo_1.27.1                             
 [64] glue_1.8.1                              
 [65] restfulr_0.0.17                         
 [66] nlme_3.1-168                            
 [67] GOSemSim_2.36.0                         
 [68] grid_4.5.2                              
 [69] cluster_2.1.8.1                         
 [70] reshape2_1.4.5                          
 [71] fgsea_1.36.2                            
 [72] gtable_0.3.6                            
 [73] R.methodsS3_1.8.2                       
 [74] tidyr_1.3.2                             
 [75] data.table_1.18.6.1                     
 [76] XVector_0.50.0                          
 [77] ggrepel_0.9.8                           
 [78] pillar_1.11.1                           
 [79] stringr_1.6.0                           
 [80] yulab.utils_0.2.4                       
 [81] splines_4.5.2                           
 [82] dplyr_1.2.1                             
 [83] tweenr_2.0.3                            
 [84] treeio_1.34.0                           
 [85] lattice_0.22-7                          
 [86] rtracklayer_1.70.1                      
 [87] bit_4.6.0                               
 [88] tidyselect_1.2.1                        
 [89] fontLiberation_0.1.0                    
 [90] GO.db_3.22.0                            
 [91] Biostrings_2.78.0                       
 [92] fontBitstreamVera_0.1.1                 
 [93] SummarizedExperiment_1.40.0             
 [94] matrixStats_1.5.0                       
 [95] stringi_1.8.9                           
 [96] UCSC.utils_1.6.1                        
 [97] lazyeval_0.2.3                          
 [98] ggfun_0.2.1                             
 [99] yaml_2.3.12                             
[100] boot_1.3-32                             
[101] codetools_0.2-20                        
[102] cigarillo_1.0.0                         
[103] gdtools_0.5.1                           
[104] tibble_3.3.1                            
[105] qvalue_2.42.0                           
[106] ggplotify_0.1.3                         
[107] cli_3.6.6                               
[108] systemfonts_1.3.2                       
[109] Rcpp_1.1.2                              
[110] GenomeInfoDb_1.46.2                     
[111] png_0.1-9                               
[112] XML_3.99-0.24                           
[113] parallel_4.5.2                          
[114] ggplot2_4.0.3                           
[115] blob_1.3.0                              
[116] DOSE_4.4.0                              
[117] bitops_1.1-0                            
[118] tidytree_0.4.8                          
[119] ggiraph_0.9.6                           
[120] scales_1.4.0                            
[121] purrr_1.2.2                             
[122] crayon_1.5.3                            
[123] rlang_1.3.0                             
[124] cowplot_1.2.0                           
[125] fastmatch_1.1-8                         
[126] KEGGREST_1.50.0                         
