Loading packages
Checking arguments
Load Table S3
Get ATAC enrichment
Get RNA enrichment
Filter overlapping terms
Save plot
null device 
          1 
R version 4.5.2 (2025-10-31)
Platform: x86_64-pc-linux-gnu
Running under: Ubuntu 22.04.5 LTS

Matrix products: default
BLAS/LAPACK: /usr/lib/x86_64-linux-gnu/openblas-pthread/libopenblasp-r0.3.20.so;  LAPACK version 3.10.0

locale:
 [1] LC_CTYPE=en_US.UTF-8       LC_NUMERIC=C              
 [3] LC_TIME=en_US.UTF-8        LC_COLLATE=en_US.UTF-8    
 [5] LC_MONETARY=en_US.UTF-8    LC_MESSAGES=en_US.UTF-8   
 [7] LC_PAPER=en_US.UTF-8       LC_NAME=C                 
 [9] LC_ADDRESS=C               LC_TELEPHONE=C            
[11] LC_MEASUREMENT=en_US.UTF-8 LC_IDENTIFICATION=C       

time zone: Etc/UTC
tzcode source: system (glibc)

attached base packages:
[1] stats     graphics  grDevices utils     datasets  methods   base     

other attached packages:
[1] optparse_1.8.2         svglite_2.2.2          enrichplot_1.30.5     
[4] ggplot2_4.0.3          clusterProfiler_4.18.4

loaded via a namespace (and not attached):
  [1] DBI_1.3.0               gson_0.2.1              rlang_1.3.0            
  [4] magrittr_2.0.5          DOSE_4.4.0              otel_0.2.0             
  [7] compiler_4.5.2          RSQLite_3.53.3          png_0.1-9              
 [10] systemfonts_1.3.2       vctrs_0.7.3             reshape2_1.4.5         
 [13] stringr_1.6.0           pkgconfig_2.0.3         crayon_1.5.3           
 [16] fastmap_1.2.0           XVector_0.50.0          labeling_0.4.3         
 [19] purrr_1.2.2             bit_4.6.0               cachem_1.1.0           
 [22] aplot_0.3.1             jsonlite_2.0.0          blob_1.3.0             
 [25] tidydr_0.0.6            BiocParallel_1.44.0     tweenr_2.0.3           
 [28] parallel_4.5.2          cluster_2.1.8.1         R6_2.6.1               
 [31] stringi_1.8.9           RColorBrewer_1.1-3      GOSemSim_2.36.0        
 [34] Rcpp_1.1.2              Seqinfo_1.0.0           ggtangle_0.1.2         
 [37] R.utils_2.13.0          IRanges_2.44.0          Matrix_1.7-4           
 [40] splines_4.5.2           igraph_2.3.3            tidyselect_1.2.1       
 [43] qvalue_2.42.0           codetools_0.2-20        lattice_0.22-7         
 [46] tibble_3.3.1            plyr_1.8.9              Biobase_2.70.0         
 [49] treeio_1.34.0           withr_3.0.3             KEGGREST_1.50.0        
 [52] S7_0.2.2                gridGraphics_0.5-1      scatterpie_0.2.6       
 [55] polyclip_1.10-7         Biostrings_2.78.0       pillar_1.11.1          
 [58] ggtree_4.0.5            stats4_4.5.2            ggfun_0.2.1            
 [61] generics_0.1.4          S4Vectors_0.48.1        scales_1.4.0           
 [64] tidytree_0.4.8          glue_1.8.1              gdtools_0.5.1          
 [67] lazyeval_0.2.3          tools_4.5.2             ggnewscale_0.5.2       
 [70] data.table_1.18.6.1     fgsea_1.36.2            ggiraph_0.9.6          
 [73] fs_2.1.0                fastmatch_1.1-8         cowplot_1.2.0          
 [76] grid_4.5.2              tidyr_1.3.2             ape_5.8-1              
 [79] AnnotationDbi_1.72.0    nlme_3.1-168            patchwork_1.3.2        
 [82] ggforce_0.5.0           cli_3.6.6               rappdirs_0.3.4         
 [85] textshaping_1.0.5       fontBitstreamVera_0.1.1 dplyr_1.2.1            
 [88] gtable_0.3.6            R.methodsS3_1.8.2       yulab.utils_0.2.4      
 [91] digest_0.6.39           fontquiver_0.2.1        BiocGenerics_0.56.0    
 [94] ggrepel_0.9.8           ggplotify_0.1.3         htmlwidgets_1.6.4      
 [97] farver_2.1.2            memoise_2.0.1           htmltools_0.5.9        
[100] R.oo_1.27.1             lifecycle_1.0.5         httr_1.4.8             
[103] GO.db_3.22.0            fontLiberation_0.1.0    bit64_4.8.4            
[106] MASS_7.3-65            
