Loading packages
Checking arguments
Load Table S2
Warning message:
NAs introduced by coercion 
Set plot parameters
Make plot
Save plot
Warning messages:
1: Removed 1 row containing missing values or values outside the scale range (`geom_point()`). 
2: Removed 17740 rows containing missing values or values outside the scale range
(`geom_text_repel()`). 
null device 
          1 
R version 4.5.2 (2025-10-31)
Platform: x86_64-pc-linux-gnu
Running under: Ubuntu 22.04.5 LTS

Matrix products: default
BLAS/LAPACK: /usr/lib/x86_64-linux-gnu/openblas-pthread/libopenblasp-r0.3.20.so;  LAPACK version 3.10.0

locale:
 [1] LC_CTYPE=en_US.UTF-8       LC_NUMERIC=C              
 [3] LC_TIME=en_US.UTF-8        LC_COLLATE=en_US.UTF-8    
 [5] LC_MONETARY=en_US.UTF-8    LC_MESSAGES=en_US.UTF-8   
 [7] LC_PAPER=en_US.UTF-8       LC_NAME=C                 
 [9] LC_ADDRESS=C               LC_TELEPHONE=C            
[11] LC_MEASUREMENT=en_US.UTF-8 LC_IDENTIFICATION=C       

time zone: Etc/UTC
tzcode source: system (glibc)

attached base packages:
[1] stats4    stats     graphics  grDevices utils     datasets  methods  
[8] base     

other attached packages:
 [1] optparse_1.8.2       GenomicRanges_1.62.1 Seqinfo_1.0.0       
 [4] IRanges_2.44.0       S4Vectors_0.48.1     BiocGenerics_0.56.0 
 [7] generics_0.1.4       ggrepel_0.9.8        ggplot2_4.0.3       
[10] openxlsx_4.2.8.1    

loaded via a namespace (and not attached):
 [1] vctrs_0.7.3        zip_3.0.2          cli_3.6.6          rlang_1.3.0       
 [5] stringi_1.8.9      S7_0.2.2           labeling_0.4.3     glue_1.8.1        
 [9] scales_1.4.0       grid_4.5.2         tibble_3.3.1       lifecycle_1.0.5   
[13] compiler_4.5.2     dplyr_1.2.1        RColorBrewer_1.1-3 Rcpp_1.1.2        
[17] pkgconfig_2.0.3    farver_2.1.2       R6_2.6.1           tidyselect_1.2.1  
[21] pillar_1.11.1      magrittr_2.0.5     tools_4.5.2        withr_3.0.3       
[25] gtable_0.3.6      
