Loading packages
Checking arguments
Load Genotyping data
Get parent strain genotypes
Match BXD lines to parents
Save plot
null device 
          1 
R version 4.5.2 (2025-10-31)
Platform: x86_64-pc-linux-gnu
Running under: Ubuntu 22.04.5 LTS

Matrix products: default
BLAS/LAPACK: /usr/lib/x86_64-linux-gnu/openblas-pthread/libopenblasp-r0.3.20.so;  LAPACK version 3.10.0

locale:
 [1] LC_CTYPE=en_US.UTF-8       LC_NUMERIC=C              
 [3] LC_TIME=en_US.UTF-8        LC_COLLATE=en_US.UTF-8    
 [5] LC_MONETARY=en_US.UTF-8    LC_MESSAGES=en_US.UTF-8   
 [7] LC_PAPER=en_US.UTF-8       LC_NAME=C                 
 [9] LC_ADDRESS=C               LC_TELEPHONE=C            
[11] LC_MEASUREMENT=en_US.UTF-8 LC_IDENTIFICATION=C       

time zone: Etc/UTC
tzcode source: system (glibc)

attached base packages:
[1] grid      stats     graphics  grDevices utils     datasets  methods  
[8] base     

other attached packages:
[1] optparse_1.8.2        svglite_2.2.2         circlize_0.4.18      
[4] ComplexHeatmap_2.26.1

loaded via a namespace (and not attached):
 [1] crayon_1.5.3        doParallel_1.0.17   cli_3.6.6          
 [4] rlang_1.3.0         png_0.1-9           generics_0.1.4     
 [7] textshaping_1.0.5   clue_0.3-68         S4Vectors_0.48.1   
[10] rjson_0.2.23        colorspace_2.1-3    GlobalOptions_0.1.4
[13] stats4_4.5.2        IRanges_2.44.0      foreach_1.5.2      
[16] lifecycle_1.0.5     cluster_2.1.8.1     compiler_4.5.2     
[19] codetools_0.2-20    RColorBrewer_1.1-3  systemfonts_1.3.2  
[22] digest_0.6.39       parallel_4.5.2      shape_1.4.6.1      
[25] GetoptLong_1.1.1    iterators_1.0.14    matrixStats_1.5.0  
[28] BiocGenerics_0.56.0
