Loading packages
Checking arguments
Load Table S2
Annotation to TSS
>> preparing features information...		 2026-09-11 09:44:33 AM 
>> Using Genome: mm10 ...
>> identifying nearest features...		 2026-09-11 09:44:34 AM 
>> calculating distance from peak to TSS...	 2026-09-11 09:44:36 AM 
>> assigning genomic annotation...		 2026-09-11 09:44:36 AM 
>> Using Genome: mm10 ...
>> Using Genome: mm10 ...
>> adding gene annotation...			 2026-09-11 09:44:52 AM 
Loading required package: org.Mm.eg.db

'select()' returned 1:many mapping between keys and columns
>> assigning chromosome lengths			 2026-09-11 09:44:53 AM 
>> done...					 2026-09-11 09:44:53 AM 
[1] "Percentage annotated up: 100 %"
[1] "size of up: 24739"
null device 
          1 
>> preparing features information...		 2026-09-11 09:44:53 AM 
>> Using Genome: mm10 ...
>> identifying nearest features...		 2026-09-11 09:44:53 AM 
>> calculating distance from peak to TSS...	 2026-09-11 09:44:53 AM 
>> assigning genomic annotation...		 2026-09-11 09:44:53 AM 
>> Using Genome: mm10 ...
>> Using Genome: mm10 ...
>> adding gene annotation...			 2026-09-11 09:44:59 AM 
'select()' returned 1:many mapping between keys and columns
>> assigning chromosome lengths			 2026-09-11 09:44:59 AM 
>> done...					 2026-09-11 09:44:59 AM 
[1] "Percentage annotated down: 100 %"
[1] "size of down: 10023"
null device 
          1 
Annotation to ENCODE cCRE
[1] "Percentage annotated up: 47.38 %"
null device 
          1 
[1] "Percentage annotated down: 68.05 %"
null device 
          1 
R version 4.5.2 (2025-10-31)
Platform: x86_64-pc-linux-gnu
Running under: Ubuntu 22.04.5 LTS

Matrix products: default
BLAS/LAPACK: /usr/lib/x86_64-linux-gnu/openblas-pthread/libopenblasp-r0.3.20.so;  LAPACK version 3.10.0

locale:
 [1] LC_CTYPE=en_US.UTF-8       LC_NUMERIC=C              
 [3] LC_TIME=en_US.UTF-8        LC_COLLATE=en_US.UTF-8    
 [5] LC_MONETARY=en_US.UTF-8    LC_MESSAGES=en_US.UTF-8   
 [7] LC_PAPER=en_US.UTF-8       LC_NAME=C                 
 [9] LC_ADDRESS=C               LC_TELEPHONE=C            
[11] LC_MEASUREMENT=en_US.UTF-8 LC_IDENTIFICATION=C       

time zone: Etc/UTC
tzcode source: system (glibc)

attached base packages:
[1] stats4    stats     graphics  grDevices utils     datasets  methods  
[8] base     

other attached packages:
 [1] org.Mm.eg.db_3.22.0                      
 [2] optparse_1.8.2                           
 [3] TxDb.Mmusculus.UCSC.mm10.knownGene_3.10.0
 [4] GenomicFeatures_1.62.0                   
 [5] AnnotationDbi_1.72.0                     
 [6] Biobase_2.70.0                           
 [7] ChIPseeker_1.46.1                        
 [8] annotatr_1.36.0                          
 [9] GenomicRanges_1.62.1                     
[10] Seqinfo_1.0.0                            
[11] IRanges_2.44.0                           
[12] S4Vectors_0.48.1                         
[13] BiocGenerics_0.56.0                      
[14] generics_0.1.4                           
[15] openxlsx_4.2.8.1                         

loaded via a namespace (and not attached):
  [1] RColorBrewer_1.1-3                      
  [2] jsonlite_2.0.0                          
  [3] tidydr_0.0.6                            
  [4] magrittr_2.0.5                          
  [5] ggtangle_0.1.2                          
  [6] farver_2.1.2                            
  [7] fs_2.1.0                                
  [8] BiocIO_1.20.0                           
  [9] vctrs_0.7.3                             
 [10] memoise_2.0.1                           
 [11] Rsamtools_2.26.0                        
 [12] RCurl_1.98-1.20                         
 [13] ggtree_4.0.5                            
 [14] htmltools_0.5.9                         
 [15] S4Arrays_1.10.1                         
 [16] TxDb.Hsapiens.UCSC.hg19.knownGene_3.22.1
 [17] plotrix_3.8-14                          
 [18] AnnotationHub_4.0.0                     
 [19] curl_8.0.0                              
 [20] SparseArray_1.10.10                     
 [21] gridGraphics_0.5-1                      
 [22] KernSmooth_2.23-26                      
 [23] htmlwidgets_1.6.4                       
 [24] plyr_1.8.9                              
 [25] httr2_1.2.2                             
 [26] cachem_1.1.0                            
 [27] GenomicAlignments_1.46.0                
 [28] igraph_2.3.3                            
 [29] lifecycle_1.0.5                         
 [30] pkgconfig_2.0.3                         
 [31] Matrix_1.7-4                            
 [32] R6_2.6.1                                
 [33] fastmap_1.2.0                           
 [34] MatrixGenerics_1.22.0                   
 [35] digest_0.6.39                           
 [36] aplot_0.3.1                             
 [37] enrichplot_1.30.5                       
 [38] ggnewscale_0.5.2                        
 [39] patchwork_1.3.2                         
 [40] regioneR_1.42.0                         
 [41] RSQLite_3.53.3                          
 [42] filelock_1.0.3                          
 [43] polyclip_1.10-7                         
 [44] httr_1.4.8                              
 [45] abind_1.4-8                             
 [46] compiler_4.5.2                          
 [47] withr_3.0.3                             
 [48] fontquiver_0.2.1                        
 [49] bit64_4.8.4                             
 [50] S7_0.2.2                                
 [51] BiocParallel_1.44.0                     
 [52] DBI_1.3.0                               
 [53] gplots_3.3.0                            
 [54] ggforce_0.5.0                           
 [55] R.utils_2.13.0                          
 [56] MASS_7.3-65                             
 [57] rappdirs_0.3.4                          
 [58] DelayedArray_0.36.1                     
 [59] rjson_0.2.23                            
 [60] caTools_1.18.4                          
 [61] gtools_3.9.5                            
 [62] tools_4.5.2                             
 [63] otel_0.2.0                              
 [64] scatterpie_0.2.6                        
 [65] ape_5.8-1                               
 [66] zip_3.0.2                               
 [67] R.oo_1.27.1                             
 [68] glue_1.8.1                              
 [69] restfulr_0.0.17                         
 [70] nlme_3.1-168                            
 [71] GOSemSim_2.36.0                         
 [72] grid_4.5.2                              
 [73] cluster_2.1.8.1                         
 [74] reshape2_1.4.5                          
 [75] fgsea_1.36.2                            
 [76] gtable_0.3.6                            
 [77] BSgenome_1.78.0                         
 [78] tzdb_0.5.0                              
 [79] R.methodsS3_1.8.2                       
 [80] tidyr_1.3.2                             
 [81] data.table_1.18.6.1                     
 [82] hms_1.1.4                               
 [83] XVector_0.50.0                          
 [84] ggrepel_0.9.8                           
 [85] BiocVersion_3.22.0                      
 [86] pillar_1.11.1                           
 [87] stringr_1.6.0                           
 [88] yulab.utils_0.2.4                       
 [89] splines_4.5.2                           
 [90] tweenr_2.0.3                            
 [91] dplyr_1.2.1                             
 [92] treeio_1.34.0                           
 [93] BiocFileCache_3.0.0                     
 [94] lattice_0.22-7                          
 [95] rtracklayer_1.70.1                      
 [96] bit_4.6.0                               
 [97] tidyselect_1.2.1                        
 [98] fontLiberation_0.1.0                    
 [99] GO.db_3.22.0                            
[100] Biostrings_2.78.0                       
[101] fontBitstreamVera_0.1.1                 
[102] SummarizedExperiment_1.40.0             
[103] matrixStats_1.5.0                       
[104] stringi_1.8.9                           
[105] UCSC.utils_1.6.1                        
[106] lazyeval_0.2.3                          
[107] ggfun_0.2.1                             
[108] yaml_2.3.12                             
[109] boot_1.3-32                             
[110] codetools_0.2-20                        
[111] cigarillo_1.0.0                         
[112] gdtools_0.5.1                           
[113] tibble_3.3.1                            
[114] qvalue_2.42.0                           
[115] BiocManager_1.30.27                     
[116] ggplotify_0.1.3                         
[117] cli_3.6.6                               
[118] systemfonts_1.3.2                       
[119] Rcpp_1.1.2                              
[120] GenomeInfoDb_1.46.2                     
[121] dbplyr_2.6.0                            
[122] png_0.1-9                               
[123] XML_3.99-0.24                           
[124] parallel_4.5.2                          
[125] ggplot2_4.0.3                           
[126] readr_2.2.0                             
[127] blob_1.3.0                              
[128] DOSE_4.4.0                              
[129] bitops_1.1-0                            
[130] tidytree_0.4.8                          
[131] ggiraph_0.9.6                           
[132] scales_1.4.0                            
[133] purrr_1.2.2                             
[134] crayon_1.5.3                            
[135] rlang_1.3.0                             
[136] cowplot_1.2.0                           
[137] fastmatch_1.1-8                         
[138] KEGGREST_1.50.0                         
