Loading packages
Checking arguments
Load table S6
`summarise()` has regrouped the output.
ℹ Summaries were computed grouped by chr, start, end, and len.
ℹ Output is grouped by chr, start, and end.
ℹ Use `summarise(.groups = "drop_last")` to silence this message.
ℹ Use `summarise(.by = c(chr, start, end, len))` for per-operation grouping (`?dplyr::dplyr_by`)
  instead.
Save plot
null device 
          1 
R version 4.5.2 (2025-10-31)
Platform: x86_64-pc-linux-gnu
Running under: Ubuntu 22.04.5 LTS

Matrix products: default
BLAS/LAPACK: /usr/lib/x86_64-linux-gnu/openblas-pthread/libopenblasp-r0.3.20.so;  LAPACK version 3.10.0

locale:
 [1] LC_CTYPE=en_US.UTF-8       LC_NUMERIC=C              
 [3] LC_TIME=en_US.UTF-8        LC_COLLATE=en_US.UTF-8    
 [5] LC_MONETARY=en_US.UTF-8    LC_MESSAGES=en_US.UTF-8   
 [7] LC_PAPER=en_US.UTF-8       LC_NAME=C                 
 [9] LC_ADDRESS=C               LC_TELEPHONE=C            
[11] LC_MEASUREMENT=en_US.UTF-8 LC_IDENTIFICATION=C       

time zone: Etc/UTC
tzcode source: system (glibc)

attached base packages:
[1] stats4    stats     graphics  grDevices utils     datasets  methods  
[8] base     

other attached packages:
 [1] optparse_1.8.2                     openxlsx_4.2.8.1                  
 [3] dplyr_1.2.1                        ggplot2_4.0.3                     
 [5] BSgenome.Mmusculus.UCSC.mm10_1.4.3 BSgenome_1.78.0                   
 [7] rtracklayer_1.70.1                 BiocIO_1.20.0                     
 [9] Biostrings_2.78.0                  XVector_0.50.0                    
[11] GenomicRanges_1.62.1               Seqinfo_1.0.0                     
[13] IRanges_2.44.0                     S4Vectors_0.48.1                  
[15] BiocGenerics_0.56.0                generics_0.1.4                    

loaded via a namespace (and not attached):
 [1] SparseArray_1.10.10         bitops_1.1-0               
 [3] stringi_1.8.9               lattice_0.22-7             
 [5] magrittr_2.0.5              grid_4.5.2                 
 [7] RColorBrewer_1.1-3          Matrix_1.7-4               
 [9] zip_3.0.2                   cigarillo_1.0.0            
[11] restfulr_0.0.17             httr_1.4.8                 
[13] scales_1.4.0                XML_3.99-0.24              
[15] codetools_0.2-20            abind_1.4-8                
[17] cli_3.6.6                   rlang_1.3.0                
[19] crayon_1.5.3                Biobase_2.70.0             
[21] withr_3.0.3                 DelayedArray_0.36.1        
[23] yaml_2.3.12                 S4Arrays_1.10.1            
[25] tools_4.5.2                 parallel_4.5.2             
[27] BiocParallel_1.44.0         Rsamtools_2.26.0           
[29] SummarizedExperiment_1.40.0 curl_8.0.0                 
[31] vctrs_0.7.3                 R6_2.6.1                   
[33] matrixStats_1.5.0           lifecycle_1.0.5            
[35] pkgconfig_2.0.3             pillar_1.11.1              
[37] gtable_0.3.6                Rcpp_1.1.2                 
[39] glue_1.8.1                  tibble_3.3.1               
[41] GenomicAlignments_1.46.0    tidyselect_1.2.1           
[43] MatrixGenerics_1.22.0       farver_2.1.2               
[45] rjson_0.2.23                labeling_0.4.3             
[47] compiler_4.5.2              S7_0.2.2                   
[49] RCurl_1.98-1.20            
