Loading packages
Checking arguments
Reading inputs
[1] "Merge files"
[1] "results/12-BXD_footprints/qtl/footprints_QTL_sigs.csv"
[1] "Filtering table"
[1] "Check merging tables - NAs: 0"
[1] "QTL_table_footprints.csv Original size 68 Filtered size 68"
[1] "Merge files"
[1] "results/12-BXD_footprints/qtl/footprintsFC_QTL_sigs.csv"
[1] "Filtering table"
[1] "Check merging tables - NAs: 0"
[1] "QTL_table_footprintsFC.csv Original size 74 Filtered size 73"
R version 4.5.2 (2025-10-31)
Platform: x86_64-pc-linux-gnu
Running under: Ubuntu 22.04.5 LTS

Matrix products: default
BLAS/LAPACK: /usr/lib/x86_64-linux-gnu/openblas-pthread/libopenblasp-r0.3.20.so;  LAPACK version 3.10.0

locale:
 [1] LC_CTYPE=en_US.UTF-8       LC_NUMERIC=C              
 [3] LC_TIME=en_US.UTF-8        LC_COLLATE=en_US.UTF-8    
 [5] LC_MONETARY=en_US.UTF-8    LC_MESSAGES=en_US.UTF-8   
 [7] LC_PAPER=en_US.UTF-8       LC_NAME=C                 
 [9] LC_ADDRESS=C               LC_TELEPHONE=C            
[11] LC_MEASUREMENT=en_US.UTF-8 LC_IDENTIFICATION=C       

time zone: Etc/UTC
tzcode source: system (glibc)

attached base packages:
[1] stats     graphics  grDevices utils     datasets  methods   base     

other attached packages:
[1] optparse_1.8.2

loaded via a namespace (and not attached):
[1] compiler_4.5.2
