Estimate differential activity for all samples
BED files: results/12-BXD_footprints/motifs/BXD98_CTRL_mpbs.bed,results/12-BXD_footprints/motifs/BXD67_CTRL_mpbs.bed,results/12-BXD_footprints/motifs/BXD101_CTRL_mpbs.bed,results/12-BXD_footprints/motifs/48a_CTRL_mpbs.bed,results/12-BXD_footprints/motifs/BXD61_CTRL_mpbs.bed,results/12-BXD_footprints/motifs/BXD89_CTRL_mpbs.bed,results/12-BXD_footprints/motifs/BXD95_CTRL_mpbs.bed,results/12-BXD_footprints/motifs/BXD79_CTRL_mpbs.bed,results/12-BXD_footprints/motifs/DBA_CTRL_mpbs.bed,results/12-BXD_footprints/motifs/BXD71_CTRL_mpbs.bed,results/12-BXD_footprints/motifs/BXD45_CTRL_mpbs.bed,results/12-BXD_footprints/motifs/BXD81_CTRL_mpbs.bed,results/12-BXD_footprints/motifs/BXD65_CTRL_mpbs.bed,results/12-BXD_footprints/motifs/C57Bl6_CTRL_mpbs.bed,results/12-BXD_footprints/motifs/BXD66_CTRL_mpbs.bed,results/12-BXD_footprints/motifs/BXD100_CTRL_mpbs.bed,results/12-BXD_footprints/motifs/BXD84_CTRL_mpbs.bed,results/12-BXD_footprints/motifs/BXD90_CTRL_mpbs.bed,results/12-BXD_footprints/motifs/BXD56_CTRL_mpbs.bed,results/12-BXD_footprints/motifs/BXD50_CTRL_mpbs.bed,results/12-BXD_footprints/motifs/BXD64_CTRL_mpbs.bed,results/12-BXD_footprints/motifs/BXD44_CTRL_mpbs.bed,results/12-BXD_footprints/motifs/BXD55_CTRL_mpbs.bed,results/12-BXD_footprints/motifs/BXD70_CTRL_mpbs.bed,results/12-BXD_footprints/motifs/BXD75_CTRL_mpbs.bed,results/12-BXD_footprints/motifs/BXD51_CTRL_mpbs.bed,results/12-BXD_footprints/motifs/BXD83_CTRL_mpbs.bed,results/12-BXD_footprints/motifs/BXD48_CTRL_mpbs.bed,results/12-BXD_footprints/motifs/BXD43_CTRL_mpbs.bed,results/12-BXD_footprints/motifs/BXD73_CTRL_mpbs.bed,results/12-BXD_footprints/motifs/65a_CTRL_mpbs.bed,results/12-BXD_footprints/motifs/BXD85_CTRL_mpbs.bed,results/12-BXD_footprints/motifs/BXD49_CTRL_mpbs.bed,results/12-BXD_footprints/motifs/73b_CTRL_mpbs.bed,results/12-BXD_footprints/motifs/BXD98_SD_mpbs.bed,results/12-BXD_footprints/motifs/BXD67_SD_mpbs.bed,results/12-BXD_footprints/motifs/BXD101_SD_mpbs.bed,results/12-BXD_footprints/motifs/48a_SD_mpbs.bed,results/12-BXD_footprints/motifs/BXD61_SD_mpbs.bed,results/12-BXD_footprints/motifs/BXD89_SD_mpbs.bed,results/12-BXD_footprints/motifs/BXD95_SD_mpbs.bed,results/12-BXD_footprints/motifs/BXD79_SD_mpbs.bed,results/12-BXD_footprints/motifs/DBA_SD_mpbs.bed,results/12-BXD_footprints/motifs/BXD71_SD_mpbs.bed,results/12-BXD_footprints/motifs/BXD45_SD_mpbs.bed,results/12-BXD_footprints/motifs/BXD81_SD_mpbs.bed,results/12-BXD_footprints/motifs/BXD65_SD_mpbs.bed,results/12-BXD_footprints/motifs/C57Bl6_SD_mpbs.bed,results/12-BXD_footprints/motifs/BXD66_SD_mpbs.bed,results/12-BXD_footprints/motifs/BXD100_SD_mpbs.bed,results/12-BXD_footprints/motifs/BXD84_SD_mpbs.bed,results/12-BXD_footprints/motifs/BXD90_SD_mpbs.bed,results/12-BXD_footprints/motifs/BXD56_SD_mpbs.bed,results/12-BXD_footprints/motifs/BXD50_SD_mpbs.bed,results/12-BXD_footprints/motifs/BXD64_SD_mpbs.bed,results/12-BXD_footprints/motifs/BXD44_SD_mpbs.bed,results/12-BXD_footprints/motifs/BXD55_SD_mpbs.bed,results/12-BXD_footprints/motifs/BXD70_SD_mpbs.bed,results/12-BXD_footprints/motifs/BXD75_SD_mpbs.bed,results/12-BXD_footprints/motifs/BXD51_SD_mpbs.bed,results/12-BXD_footprints/motifs/BXD83_SD_mpbs.bed,results/12-BXD_footprints/motifs/BXD48_SD_mpbs.bed,results/12-BXD_footprints/motifs/BXD43_SD_mpbs.bed,results/12-BXD_footprints/motifs/BXD73_SD_mpbs.bed,results/12-BXD_footprints/motifs/65a_SD_mpbs.bed,results/12-BXD_footprints/motifs/BXD85_SD_mpbs.bed,results/12-BXD_footprints/motifs/BXD49_SD_mpbs.bed,results/12-BXD_footprints/motifs/73b_SD_mpbs.bed
BAM files: results/12-BXD_footprints/bams/BXD98_CTRL.bam,results/12-BXD_footprints/bams/BXD67_CTRL.bam,results/12-BXD_footprints/bams/BXD101_CTRL.bam,results/12-BXD_footprints/bams/48a_CTRL.bam,results/12-BXD_footprints/bams/BXD61_CTRL.bam,results/12-BXD_footprints/bams/BXD89_CTRL.bam,results/12-BXD_footprints/bams/BXD95_CTRL.bam,results/12-BXD_footprints/bams/BXD79_CTRL.bam,results/12-BXD_footprints/bams/DBA_CTRL.bam,results/12-BXD_footprints/bams/BXD71_CTRL.bam,results/12-BXD_footprints/bams/BXD45_CTRL.bam,results/12-BXD_footprints/bams/BXD81_CTRL.bam,results/12-BXD_footprints/bams/BXD65_CTRL.bam,results/12-BXD_footprints/bams/C57Bl6_CTRL.bam,results/12-BXD_footprints/bams/BXD66_CTRL.bam,results/12-BXD_footprints/bams/BXD100_CTRL.bam,results/12-BXD_footprints/bams/BXD84_CTRL.bam,results/12-BXD_footprints/bams/BXD90_CTRL.bam,results/12-BXD_footprints/bams/BXD56_CTRL.bam,results/12-BXD_footprints/bams/BXD50_CTRL.bam,results/12-BXD_footprints/bams/BXD64_CTRL.bam,results/12-BXD_footprints/bams/BXD44_CTRL.bam,results/12-BXD_footprints/bams/BXD55_CTRL.bam,results/12-BXD_footprints/bams/BXD70_CTRL.bam,results/12-BXD_footprints/bams/BXD75_CTRL.bam,results/12-BXD_footprints/bams/BXD51_CTRL.bam,results/12-BXD_footprints/bams/BXD83_CTRL.bam,results/12-BXD_footprints/bams/BXD48_CTRL.bam,results/12-BXD_footprints/bams/BXD43_CTRL.bam,results/12-BXD_footprints/bams/BXD73_CTRL.bam,results/12-BXD_footprints/bams/65a_CTRL.bam,results/12-BXD_footprints/bams/BXD85_CTRL.bam,results/12-BXD_footprints/bams/BXD49_CTRL.bam,results/12-BXD_footprints/bams/73b_CTRL.bam,results/12-BXD_footprints/bams/BXD98_SD.bam,results/12-BXD_footprints/bams/BXD67_SD.bam,results/12-BXD_footprints/bams/BXD101_SD.bam,results/12-BXD_footprints/bams/48a_SD.bam,results/12-BXD_footprints/bams/BXD61_SD.bam,results/12-BXD_footprints/bams/BXD89_SD.bam,results/12-BXD_footprints/bams/BXD95_SD.bam,results/12-BXD_footprints/bams/BXD79_SD.bam,results/12-BXD_footprints/bams/DBA_SD.bam,results/12-BXD_footprints/bams/BXD71_SD.bam,results/12-BXD_footprints/bams/BXD45_SD.bam,results/12-BXD_footprints/bams/BXD81_SD.bam,results/12-BXD_footprints/bams/BXD65_SD.bam,results/12-BXD_footprints/bams/C57Bl6_SD.bam,results/12-BXD_footprints/bams/BXD66_SD.bam,results/12-BXD_footprints/bams/BXD100_SD.bam,results/12-BXD_footprints/bams/BXD84_SD.bam,results/12-BXD_footprints/bams/BXD90_SD.bam,results/12-BXD_footprints/bams/BXD56_SD.bam,results/12-BXD_footprints/bams/BXD50_SD.bam,results/12-BXD_footprints/bams/BXD64_SD.bam,results/12-BXD_footprints/bams/BXD44_SD.bam,results/12-BXD_footprints/bams/BXD55_SD.bam,results/12-BXD_footprints/bams/BXD70_SD.bam,results/12-BXD_footprints/bams/BXD75_SD.bam,results/12-BXD_footprints/bams/BXD51_SD.bam,results/12-BXD_footprints/bams/BXD83_SD.bam,results/12-BXD_footprints/bams/BXD48_SD.bam,results/12-BXD_footprints/bams/BXD43_SD.bam,results/12-BXD_footprints/bams/BXD73_SD.bam,results/12-BXD_footprints/bams/65a_SD.bam,results/12-BXD_footprints/bams/BXD85_SD.bam,results/12-BXD_footprints/bams/BXD49_SD.bam,results/12-BXD_footprints/bams/73b_SD.bam
groups: BXD98_CTRL,BXD67_CTRL,BXD101_CTRL,48a_CTRL,BXD61_CTRL,BXD89_CTRL,BXD95_CTRL,BXD79_CTRL,DBA_CTRL,BXD71_CTRL,BXD45_CTRL,BXD81_CTRL,BXD65_CTRL,C57Bl6_CTRL,BXD66_CTRL,BXD100_CTRL,BXD84_CTRL,BXD90_CTRL,BXD56_CTRL,BXD50_CTRL,BXD64_CTRL,BXD44_CTRL,BXD55_CTRL,BXD70_CTRL,BXD75_CTRL,BXD51_CTRL,BXD83_CTRL,BXD48_CTRL,BXD43_CTRL,BXD73_CTRL,65a_CTRL,BXD85_CTRL,BXD49_CTRL,73b_CTRL,BXD98_SD,BXD67_SD,BXD101_SD,48a_SD,BXD61_SD,BXD89_SD,BXD95_SD,BXD79_SD,DBA_SD,BXD71_SD,BXD45_SD,BXD81_SD,BXD65_SD,C57Bl6_SD,BXD66_SD,BXD100_SD,BXD84_SD,BXD90_SD,BXD56_SD,BXD50_SD,BXD64_SD,BXD44_SD,BXD55_SD,BXD70_SD,BXD75_SD,BXD51_SD,BXD83_SD,BXD48_SD,BXD43_SD,BXD73_SD,65a_SD,BXD85_SD,BXD49_SD,73b_SD
 48 cpus are detected and 20 of them will be used...

generating signal for each motif and condition...

generating signal for condition BXD98_CTRL 

generating signal for condition BXD67_CTRL 

generating signal for condition BXD101_CTRL 

generating signal for condition 48a_CTRL 

generating signal for condition BXD61_CTRL 

generating signal for condition BXD89_CTRL 

generating signal for condition BXD95_CTRL 

generating signal for condition BXD79_CTRL 

generating signal for condition DBA_CTRL 

generating signal for condition BXD71_CTRL 

generating signal for condition BXD45_CTRL 

generating signal for condition BXD81_CTRL 

generating signal for condition BXD65_CTRL 

generating signal for condition C57Bl6_CTRL 

generating signal for condition BXD66_CTRL 

generating signal for condition BXD100_CTRL 

generating signal for condition BXD84_CTRL 

generating signal for condition BXD90_CTRL 

generating signal for condition BXD56_CTRL 

generating signal for condition BXD50_CTRL 

generating signal for condition BXD64_CTRL 

generating signal for condition BXD44_CTRL 

generating signal for condition BXD55_CTRL 

generating signal for condition BXD70_CTRL 

generating signal for condition BXD75_CTRL 

generating signal for condition BXD51_CTRL 

generating signal for condition BXD83_CTRL 

generating signal for condition BXD48_CTRL 

generating signal for condition BXD43_CTRL 

generating signal for condition BXD73_CTRL 

generating signal for condition 65a_CTRL 

generating signal for condition BXD85_CTRL 

generating signal for condition BXD49_CTRL 

generating signal for condition 73b_CTRL 

generating signal for condition BXD98_SD 

generating signal for condition BXD67_SD 

generating signal for condition BXD101_SD 

generating signal for condition 48a_SD 

generating signal for condition BXD61_SD 

generating signal for condition BXD89_SD 

generating signal for condition BXD95_SD 

generating signal for condition BXD79_SD 

generating signal for condition DBA_SD 

generating signal for condition BXD71_SD 

generating signal for condition BXD45_SD 

generating signal for condition BXD81_SD 

generating signal for condition BXD65_SD 

generating signal for condition C57Bl6_SD 

generating signal for condition BXD66_SD 

generating signal for condition BXD100_SD 

generating signal for condition BXD84_SD 

generating signal for condition BXD90_SD 

generating signal for condition BXD56_SD 

generating signal for condition BXD50_SD 

generating signal for condition BXD64_SD 

generating signal for condition BXD44_SD 

generating signal for condition BXD55_SD 

generating signal for condition BXD70_SD 

generating signal for condition BXD75_SD 

generating signal for condition BXD51_SD 

generating signal for condition BXD83_SD 

generating signal for condition BXD48_SD 

generating signal for condition BXD43_SD 

generating signal for condition BXD73_SD 

generating signal for condition 65a_SD 

generating signal for condition BXD85_SD 

generating signal for condition BXD49_SD 

generating signal for condition 73b_SD 

signal generation is done!


[total time: 85h 30m 26s]
Logs saved in <logs/12-BXD_footprints/diff_all.log>
