Reading inputs
[1] "Excluced sample 192_BXD98_CTRL due to low FRiP score"
[1] "Minimum estimated depth of experiment: 6.31158307845522"
[1] "Percentage of samples with ok depth of experiment: 1"
[1] "Percentage of samples with good depth of experiment: 0.951111111111111"
null device 
          1 
null device 
          1 
[1] "Common feature dispersion 0.055"
null device 
          1 
[1] "Down 10655"    "NotSig 472902" "Up 24529"     
[1] "Percentage of significant features 6.92%"
null device 
          1 
null device 
          1 
R version 4.5.2 (2025-10-31)
Platform: x86_64-pc-linux-gnu
Running under: Ubuntu 22.04.5 LTS

Matrix products: default
BLAS/LAPACK: /usr/lib/x86_64-linux-gnu/openblas-pthread/libopenblasp-r0.3.20.so;  LAPACK version 3.10.0

locale:
 [1] LC_CTYPE=C.UTF-8       LC_NUMERIC=C           LC_TIME=C.UTF-8       
 [4] LC_COLLATE=C.UTF-8     LC_MONETARY=C.UTF-8    LC_MESSAGES=C.UTF-8   
 [7] LC_PAPER=C.UTF-8       LC_NAME=C              LC_ADDRESS=C          
[10] LC_TELEPHONE=C         LC_MEASUREMENT=C.UTF-8 LC_IDENTIFICATION=C   

time zone: Etc/UTC
tzcode source: system (glibc)

attached base packages:
[1] stats     graphics  grDevices utils     datasets  methods   base     

other attached packages:
[1] optparse_1.8.2 tidyr_1.3.2    ggplot2_4.0.3  edgeR_4.8.2    limma_3.66.0  

loaded via a namespace (and not attached):
 [1] RColorBrewer_1.1-3 R6_2.6.1           tidyselect_1.2.1   lattice_0.22-7    
 [5] farver_2.1.2       magrittr_2.0.5     gtable_0.3.6       glue_1.8.1        
 [9] tibble_3.3.1       pkgconfig_2.0.3    generics_0.1.4     dplyr_1.2.1       
[13] lifecycle_1.0.5    cli_3.6.6          S7_0.2.2           scales_1.4.0      
[17] grid_4.5.2         vctrs_0.7.3        withr_3.0.3        statmod_1.5.2     
[21] compiler_4.5.2     purrr_1.2.2        pillar_1.11.1      locfit_1.5-9.12   
[25] rlang_1.3.0       
