Loading packages
Checking arguments
Reading inputs
[1] "Misclassified samples:"
    Strain assign
029 BXD100  BXD43
030 BXD100  BXD43
038  BXD48  BXD49
039  BXD49  BXD48
107 BXD100  BXD43
108 BXD100  BXD43
196 BXD100  BXD43
197 BXD100  BXD43
[1] "Misclassified samples (no bad mm10 chromosomes):"
    Strain assign
038  BXD48  BXD49
039  BXD49  BXD48
null device 
          1 
null device 
          1 
R version 4.5.2 (2025-10-31)
Platform: x86_64-pc-linux-gnu
Running under: Ubuntu 22.04.5 LTS

Matrix products: default
BLAS/LAPACK: /usr/lib/x86_64-linux-gnu/openblas-pthread/libopenblasp-r0.3.20.so;  LAPACK version 3.10.0

locale:
 [1] LC_CTYPE=C.UTF-8       LC_NUMERIC=C           LC_TIME=C.UTF-8       
 [4] LC_COLLATE=C.UTF-8     LC_MONETARY=C.UTF-8    LC_MESSAGES=C.UTF-8   
 [7] LC_PAPER=C.UTF-8       LC_NAME=C              LC_ADDRESS=C          
[10] LC_TELEPHONE=C         LC_MEASUREMENT=C.UTF-8 LC_IDENTIFICATION=C   

time zone: Etc/UTC
tzcode source: system (glibc)

attached base packages:
[1] grid      stats     graphics  grDevices utils     datasets  methods  
[8] base     

other attached packages:
[1] optparse_1.8.2        circlize_0.4.18       ComplexHeatmap_2.26.1

loaded via a namespace (and not attached):
 [1] digest_0.6.39       RColorBrewer_1.1-3  codetools_0.2-20   
 [4] GlobalOptions_0.1.4 shape_1.4.6.1       doParallel_1.0.17  
 [7] clue_0.3-68         rjson_0.2.23        matrixStats_1.5.0  
[10] iterators_1.0.14    parallel_4.5.2      BiocGenerics_0.56.0
[13] png_0.1-9           generics_0.1.4      stats4_4.5.2       
[16] foreach_1.5.2       IRanges_2.44.0      compiler_4.5.2     
[19] cluster_2.1.8.1     colorspace_2.1-3    S4Vectors_0.48.1   
[22] crayon_1.5.3        GetoptLong_1.1.1   
