Loading packages
Checking arguments
Load QTL results
Process accessibility QTLs
Process expressions QTLs
Process footprints QTLs
Process sleep QTLs
Overlap QTLs
Save table
R version 4.5.2 (2025-10-31)
Platform: x86_64-pc-linux-gnu
Running under: Ubuntu 22.04.5 LTS

Matrix products: default
BLAS/LAPACK: /usr/lib/x86_64-linux-gnu/openblas-pthread/libopenblasp-r0.3.20.so;  LAPACK version 3.10.0

locale:
 [1] LC_CTYPE=en_US.UTF-8       LC_NUMERIC=C              
 [3] LC_TIME=en_US.UTF-8        LC_COLLATE=en_US.UTF-8    
 [5] LC_MONETARY=en_US.UTF-8    LC_MESSAGES=en_US.UTF-8   
 [7] LC_PAPER=en_US.UTF-8       LC_NAME=C                 
 [9] LC_ADDRESS=C               LC_TELEPHONE=C            
[11] LC_MEASUREMENT=en_US.UTF-8 LC_IDENTIFICATION=C       

time zone: Etc/UTC
tzcode source: system (glibc)

attached base packages:
[1] stats4    stats     graphics  grDevices utils     datasets  methods  
[8] base     

other attached packages:
 [1] optparse_1.8.2       lubridate_1.9.5      forcats_1.0.1       
 [4] stringr_1.6.0        dplyr_1.2.1          purrr_1.2.2         
 [7] readr_2.2.0          tidyr_1.3.2          tibble_3.3.1        
[10] ggplot2_4.0.3        tidyverse_2.0.0      GenomicRanges_1.62.1
[13] Seqinfo_1.0.0        IRanges_2.44.0       S4Vectors_0.48.1    
[16] BiocGenerics_0.56.0  generics_0.1.4       openxlsx_4.2.8.1    

loaded via a namespace (and not attached):
 [1] gtable_0.3.6       compiler_4.5.2     tidyselect_1.2.1   Rcpp_1.1.2        
 [5] zip_3.0.2          scales_1.4.0       R6_2.6.1           pillar_1.11.1     
 [9] RColorBrewer_1.1-3 tzdb_0.5.0         rlang_1.3.0        stringi_1.8.9     
[13] S7_0.2.2           timechange_0.4.0   cli_3.6.6          withr_3.0.3       
[17] magrittr_2.0.5     grid_4.5.2         hms_1.1.4          lifecycle_1.0.5   
[21] vctrs_0.7.3        glue_1.8.1         farver_2.1.2       tools_4.5.2       
[25] pkgconfig_2.0.3   
