Loading packages
Checking arguments
Load sequencing QC tab
Load alignmnet QC tab
Load peak calling QC tab
Load peak calling number
Load features tab
>> preparing features information...		 2026-09-11 08:41:33 AM 
>> Using Genome: mm10 ...
>> identifying nearest features...		 2026-09-11 08:41:35 AM 
>> calculating distance from peak to TSS...	 2026-09-11 08:41:38 AM 
>> assigning genomic annotation...		 2026-09-11 08:41:38 AM 
>> Using Genome: mm10 ...
>> Using Genome: mm10 ...
>> adding gene annotation...			 2026-09-11 08:41:56 AM 
'select()' returned 1:many mapping between keys and columns
>> assigning chromosome lengths			 2026-09-11 08:41:57 AM 
>> done...					 2026-09-11 08:41:57 AM 
Split regions
>> preparing features information...		 2026-09-11 08:42:05 AM 
>> Using Genome: mm10 ...
>> identifying nearest features...		 2026-09-11 08:42:05 AM 
>> calculating distance from peak to TSS...	 2026-09-11 08:42:16 AM 
>> assigning genomic annotation...		 2026-09-11 08:42:16 AM 
>> Using Genome: mm10 ...
>> Using Genome: mm10 ...
>> adding gene annotation...			 2026-09-11 08:42:23 AM 
'select()' returned 1:many mapping between keys and columns
>> assigning chromosome lengths			 2026-09-11 08:42:24 AM 
>> done...					 2026-09-11 08:42:24 AM 
Warning message:
In valid.GenomicRanges.seqinfo(x, suggest.trim = TRUE) :
  GRanges object contains 1 out-of-bound range located on sequence
  chr4_JH584295_random. Note that ranges located on a sequence whose length is
  unknown (NA) or on a circular sequence are not considered out-of-bound (use
  seqlengths() and isCircular() to get the lengths and circularity flags of the
  underlying sequences). You can use trim() to trim these ranges. See
  ?`trim,GenomicRanges-method` for more information.
Annotating...
Compute cCRE for regions
Save Table
R version 4.5.2 (2025-10-31)
Platform: x86_64-pc-linux-gnu
Running under: Ubuntu 22.04.5 LTS

Matrix products: default
BLAS/LAPACK: /usr/lib/x86_64-linux-gnu/openblas-pthread/libopenblasp-r0.3.20.so;  LAPACK version 3.10.0

locale:
 [1] LC_CTYPE=en_US.UTF-8       LC_NUMERIC=C              
 [3] LC_TIME=en_US.UTF-8        LC_COLLATE=en_US.UTF-8    
 [5] LC_MONETARY=en_US.UTF-8    LC_MESSAGES=en_US.UTF-8   
 [7] LC_PAPER=en_US.UTF-8       LC_NAME=C                 
 [9] LC_ADDRESS=C               LC_TELEPHONE=C            
[11] LC_MEASUREMENT=en_US.UTF-8 LC_IDENTIFICATION=C       

time zone: Etc/UTC
tzcode source: system (glibc)

attached base packages:
[1] parallel  stats4    stats     graphics  grDevices utils     datasets 
[8] methods   base     

other attached packages:
 [1] optparse_1.8.2                           
 [2] annotatr_1.36.0                          
 [3] doSNOW_1.0.20                            
 [4] snow_0.4-4                               
 [5] doParallel_1.0.17                        
 [6] iterators_1.0.14                         
 [7] foreach_1.5.2                            
 [8] BSgenome.Mmusculus.UCSC.mm10_1.4.3       
 [9] BSgenome_1.78.0                          
[10] rtracklayer_1.70.1                       
[11] BiocIO_1.20.0                            
[12] Biostrings_2.78.0                        
[13] XVector_0.50.0                           
[14] TxDb.Mmusculus.UCSC.mm10.knownGene_3.10.0
[15] GenomicFeatures_1.62.0                   
[16] GenomicRanges_1.62.1                     
[17] Seqinfo_1.0.0                            
[18] ChIPseeker_1.46.1                        
[19] org.Mm.eg.db_3.22.0                      
[20] AnnotationDbi_1.72.0                     
[21] IRanges_2.44.0                           
[22] S4Vectors_0.48.1                         
[23] Biobase_2.70.0                           
[24] BiocGenerics_0.56.0                      
[25] generics_0.1.4                           
[26] lubridate_1.9.5                          
[27] forcats_1.0.1                            
[28] stringr_1.6.0                            
[29] dplyr_1.2.1                              
[30] purrr_1.2.2                              
[31] readr_2.2.0                              
[32] tidyr_1.3.2                              
[33] tibble_3.3.1                             
[34] ggplot2_4.0.3                            
[35] tidyverse_2.0.0                          
[36] openxlsx_4.2.8.1                         

loaded via a namespace (and not attached):
  [1] splines_4.5.2                           
  [2] filelock_1.0.3                          
  [3] bitops_1.1-0                            
  [4] ggplotify_0.1.3                         
  [5] R.oo_1.27.1                             
  [6] polyclip_1.10-7                         
  [7] XML_3.99-0.24                           
  [8] httr2_1.2.2                             
  [9] lifecycle_1.0.5                         
 [10] lattice_0.22-7                          
 [11] MASS_7.3-65                             
 [12] magrittr_2.0.5                          
 [13] yaml_2.3.12                             
 [14] plotrix_3.8-14                          
 [15] otel_0.2.0                              
 [16] ggtangle_0.1.2                          
 [17] zip_3.0.2                               
 [18] cowplot_1.2.0                           
 [19] DBI_1.3.0                               
 [20] RColorBrewer_1.1-3                      
 [21] abind_1.4-8                             
 [22] R.utils_2.13.0                          
 [23] RCurl_1.98-1.20                         
 [24] yulab.utils_0.2.4                       
 [25] tweenr_2.0.3                            
 [26] rappdirs_0.3.4                          
 [27] gdtools_0.5.1                           
 [28] enrichplot_1.30.5                       
 [29] ggrepel_0.9.8                           
 [30] tidytree_0.4.8                          
 [31] codetools_0.2-20                        
 [32] DelayedArray_0.36.1                     
 [33] DOSE_4.4.0                              
 [34] ggforce_0.5.0                           
 [35] tidyselect_1.2.1                        
 [36] aplot_0.3.1                             
 [37] UCSC.utils_1.6.1                        
 [38] farver_2.1.2                            
 [39] BiocFileCache_3.0.0                     
 [40] matrixStats_1.5.0                       
 [41] GenomicAlignments_1.46.0                
 [42] jsonlite_2.0.0                          
 [43] systemfonts_1.3.2                       
 [44] tools_4.5.2                             
 [45] ggnewscale_0.5.2                        
 [46] treeio_1.34.0                           
 [47] TxDb.Hsapiens.UCSC.hg19.knownGene_3.22.1
 [48] Rcpp_1.1.2                              
 [49] glue_1.8.1                              
 [50] SparseArray_1.10.10                     
 [51] qvalue_2.42.0                           
 [52] MatrixGenerics_1.22.0                   
 [53] GenomeInfoDb_1.46.2                     
 [54] withr_3.0.3                             
 [55] BiocManager_1.30.27                     
 [56] fastmap_1.2.0                           
 [57] boot_1.3-32                             
 [58] caTools_1.18.4                          
 [59] digest_0.6.39                           
 [60] timechange_0.4.0                        
 [61] R6_2.6.1                                
 [62] gridGraphics_0.5-1                      
 [63] GO.db_3.22.0                            
 [64] gtools_3.9.5                            
 [65] RSQLite_3.53.3                          
 [66] cigarillo_1.0.0                         
 [67] R.methodsS3_1.8.2                       
 [68] fontLiberation_0.1.0                    
 [69] data.table_1.18.6.1                     
 [70] httr_1.4.8                              
 [71] htmlwidgets_1.6.4                       
 [72] S4Arrays_1.10.1                         
 [73] scatterpie_0.2.6                        
 [74] regioneR_1.42.0                         
 [75] pkgconfig_2.0.3                         
 [76] gtable_0.3.6                            
 [77] blob_1.3.0                              
 [78] S7_0.2.2                                
 [79] htmltools_0.5.9                         
 [80] fontBitstreamVera_0.1.1                 
 [81] fgsea_1.36.2                            
 [82] scales_1.4.0                            
 [83] png_0.1-9                               
 [84] ggfun_0.2.1                             
 [85] tzdb_0.5.0                              
 [86] reshape2_1.4.5                          
 [87] rjson_0.2.23                            
 [88] nlme_3.1-168                            
 [89] curl_8.0.0                              
 [90] cachem_1.1.0                            
 [91] BiocVersion_3.22.0                      
 [92] KernSmooth_2.23-26                      
 [93] restfulr_0.0.17                         
 [94] pillar_1.11.1                           
 [95] grid_4.5.2                              
 [96] vctrs_0.7.3                             
 [97] gplots_3.3.0                            
 [98] tidydr_0.0.6                            
 [99] dbplyr_2.6.0                            
[100] cluster_2.1.8.1                         
[101] cli_3.6.6                               
[102] compiler_4.5.2                          
[103] Rsamtools_2.26.0                        
[104] rlang_1.3.0                             
[105] crayon_1.5.3                            
[106] plyr_1.8.9                              
[107] fs_2.1.0                                
[108] ggiraph_0.9.6                           
[109] stringi_1.8.9                           
[110] BiocParallel_1.44.0                     
[111] lazyeval_0.2.3                          
[112] GOSemSim_2.36.0                         
[113] fontquiver_0.2.1                        
[114] Matrix_1.7-4                            
[115] hms_1.1.4                               
[116] patchwork_1.3.2                         
[117] bit64_4.8.4                             
[118] KEGGREST_1.50.0                         
[119] SummarizedExperiment_1.40.0             
[120] AnnotationHub_4.0.0                     
[121] igraph_2.3.3                            
[122] memoise_2.0.1                           
[123] ggtree_4.0.5                            
[124] fastmatch_1.1-8                         
[125] bit_4.6.0                               
[126] ape_5.8-1                               
