Loading packages
Checking arguments
Load differential analyses
Prepare RNA results 
'select()' returned 1:1 mapping between keys and columns
Prepare ATAC results 
'select()' returned 1:1 mapping between keys and columns
Run GO enrichment
using 'fgsea' for GSEA analysis, please cite Korotkevich et al (2019).

preparing geneSet collections...
GSEA analysis...
leading edge analysis...
done...
Warning message:
In preparePathwaysAndStats(pathways, stats, minSize, maxSize, gseaParam,  :
  There are ties in the preranked stats (0.03% of the list).
The order of those tied genes will be arbitrary, which may produce unexpected results.
using 'fgsea' for GSEA analysis, please cite Korotkevich et al (2019).

preparing geneSet collections...
GSEA analysis...
leading edge analysis...
done...
Warning messages:
1: In fgseaMultilevel(pathways = pathways, stats = stats, minSize = minSize,  :
  For some of the pathways the P-values were likely overestimated. For such pathways log2err is set to NA.
2: In fgseaMultilevel(pathways = pathways, stats = stats, minSize = minSize,  :
  For some pathways, in reality P-values are less than 1e-10. You can set the `eps` argument to zero for better estimation.
Run KEGG enrichment
Reading KEGG annotation online: "https://rest.kegg.jp/link/mmu/pathway"...
Reading KEGG annotation online: "https://rest.kegg.jp/list/pathway/mmu"...
using 'fgsea' for GSEA analysis, please cite Korotkevich et al (2019).

preparing geneSet collections...
GSEA analysis...
leading edge analysis...
done...
Warning message:
In preparePathwaysAndStats(pathways, stats, minSize, maxSize, gseaParam,  :
  There are ties in the preranked stats (0.03% of the list).
The order of those tied genes will be arbitrary, which may produce unexpected results.
using 'fgsea' for GSEA analysis, please cite Korotkevich et al (2019).

preparing geneSet collections...
GSEA analysis...
leading edge analysis...
done...
Get overlapping enrichment
Save table
R version 4.5.2 (2025-10-31)
Platform: x86_64-pc-linux-gnu
Running under: Ubuntu 22.04.5 LTS

Matrix products: default
BLAS/LAPACK: /usr/lib/x86_64-linux-gnu/openblas-pthread/libopenblasp-r0.3.20.so;  LAPACK version 3.10.0

locale:
 [1] LC_CTYPE=en_US.UTF-8       LC_NUMERIC=C              
 [3] LC_TIME=en_US.UTF-8        LC_COLLATE=en_US.UTF-8    
 [5] LC_MONETARY=en_US.UTF-8    LC_MESSAGES=en_US.UTF-8   
 [7] LC_PAPER=en_US.UTF-8       LC_NAME=C                 
 [9] LC_ADDRESS=C               LC_TELEPHONE=C            
[11] LC_MEASUREMENT=en_US.UTF-8 LC_IDENTIFICATION=C       

time zone: Etc/UTC
tzcode source: system (glibc)

attached base packages:
[1] stats4    stats     graphics  grDevices utils     datasets  methods  
[8] base     

other attached packages:
 [1] optparse_1.8.2                           
 [2] lubridate_1.9.5                          
 [3] forcats_1.0.1                            
 [4] stringr_1.6.0                            
 [5] dplyr_1.2.1                              
 [6] purrr_1.2.2                              
 [7] readr_2.2.0                              
 [8] tidyr_1.3.2                              
 [9] tibble_3.3.1                             
[10] ggplot2_4.0.3                            
[11] tidyverse_2.0.0                          
[12] clusterProfiler_4.18.4                   
[13] TxDb.Mmusculus.UCSC.mm10.knownGene_3.10.0
[14] GenomicFeatures_1.62.0                   
[15] GenomicRanges_1.62.1                     
[16] Seqinfo_1.0.0                            
[17] ChIPseeker_1.46.1                        
[18] org.Mm.eg.db_3.22.0                      
[19] AnnotationDbi_1.72.0                     
[20] IRanges_2.44.0                           
[21] S4Vectors_0.48.1                         
[22] Biobase_2.70.0                           
[23] BiocGenerics_0.56.0                      
[24] generics_0.1.4                           
[25] openxlsx_4.2.8.1                         

loaded via a namespace (and not attached):
  [1] RColorBrewer_1.1-3                      
  [2] jsonlite_2.0.0                          
  [3] tidydr_0.0.6                            
  [4] magrittr_2.0.5                          
  [5] ggtangle_0.1.2                          
  [6] farver_2.1.2                            
  [7] fs_2.1.0                                
  [8] BiocIO_1.20.0                           
  [9] vctrs_0.7.3                             
 [10] memoise_2.0.1                           
 [11] Rsamtools_2.26.0                        
 [12] RCurl_1.98-1.20                         
 [13] ggtree_4.0.5                            
 [14] htmltools_0.5.9                         
 [15] S4Arrays_1.10.1                         
 [16] TxDb.Hsapiens.UCSC.hg19.knownGene_3.22.1
 [17] plotrix_3.8-14                          
 [18] curl_8.0.0                              
 [19] SparseArray_1.10.10                     
 [20] gridGraphics_0.5-1                      
 [21] KernSmooth_2.23-26                      
 [22] htmlwidgets_1.6.4                       
 [23] plyr_1.8.9                              
 [24] cachem_1.1.0                            
 [25] GenomicAlignments_1.46.0                
 [26] igraph_2.3.3                            
 [27] lifecycle_1.0.5                         
 [28] pkgconfig_2.0.3                         
 [29] gson_0.2.1                              
 [30] Matrix_1.7-4                            
 [31] R6_2.6.1                                
 [32] fastmap_1.2.0                           
 [33] MatrixGenerics_1.22.0                   
 [34] digest_0.6.39                           
 [35] aplot_0.3.1                             
 [36] enrichplot_1.30.5                       
 [37] ggnewscale_0.5.2                        
 [38] patchwork_1.3.2                         
 [39] RSQLite_3.53.3                          
 [40] timechange_0.4.0                        
 [41] polyclip_1.10-7                         
 [42] httr_1.4.8                              
 [43] abind_1.4-8                             
 [44] compiler_4.5.2                          
 [45] withr_3.0.3                             
 [46] bit64_4.8.4                             
 [47] fontquiver_0.2.1                        
 [48] S7_0.2.2                                
 [49] BiocParallel_1.44.0                     
 [50] DBI_1.3.0                               
 [51] gplots_3.3.0                            
 [52] ggforce_0.5.0                           
 [53] R.utils_2.13.0                          
 [54] MASS_7.3-65                             
 [55] rappdirs_0.3.4                          
 [56] DelayedArray_0.36.1                     
 [57] rjson_0.2.23                            
 [58] caTools_1.18.4                          
 [59] gtools_3.9.5                            
 [60] tools_4.5.2                             
 [61] otel_0.2.0                              
 [62] ape_5.8-1                               
 [63] scatterpie_0.2.6                        
 [64] zip_3.0.2                               
 [65] R.oo_1.27.1                             
 [66] glue_1.8.1                              
 [67] restfulr_0.0.17                         
 [68] nlme_3.1-168                            
 [69] GOSemSim_2.36.0                         
 [70] grid_4.5.2                              
 [71] cluster_2.1.8.1                         
 [72] reshape2_1.4.5                          
 [73] fgsea_1.36.2                            
 [74] gtable_0.3.6                            
 [75] tzdb_0.5.0                              
 [76] R.methodsS3_1.8.2                       
 [77] hms_1.1.4                               
 [78] data.table_1.18.6.1                     
 [79] XVector_0.50.0                          
 [80] ggrepel_0.9.8                           
 [81] pillar_1.11.1                           
 [82] yulab.utils_0.2.4                       
 [83] splines_4.5.2                           
 [84] tweenr_2.0.3                            
 [85] treeio_1.34.0                           
 [86] lattice_0.22-7                          
 [87] rtracklayer_1.70.1                      
 [88] bit_4.6.0                               
 [89] tidyselect_1.2.1                        
 [90] fontLiberation_0.1.0                    
 [91] GO.db_3.22.0                            
 [92] Biostrings_2.78.0                       
 [93] fontBitstreamVera_0.1.1                 
 [94] SummarizedExperiment_1.40.0             
 [95] matrixStats_1.5.0                       
 [96] stringi_1.8.9                           
 [97] UCSC.utils_1.6.1                        
 [98] lazyeval_0.2.3                          
 [99] ggfun_0.2.1                             
[100] yaml_2.3.12                             
[101] boot_1.3-32                             
[102] codetools_0.2-20                        
[103] cigarillo_1.0.0                         
[104] gdtools_0.5.1                           
[105] qvalue_2.42.0                           
[106] ggplotify_0.1.3                         
[107] cli_3.6.6                               
[108] systemfonts_1.3.2                       
[109] Rcpp_1.1.2                              
[110] GenomeInfoDb_1.46.2                     
[111] png_0.1-9                               
[112] XML_3.99-0.24                           
[113] parallel_4.5.2                          
[114] blob_1.3.0                              
[115] DOSE_4.4.0                              
[116] bitops_1.1-0                            
[117] tidytree_0.4.8                          
[118] ggiraph_0.9.6                           
[119] scales_1.4.0                            
[120] crayon_1.5.3                            
[121] rlang_1.3.0                             
[122] cowplot_1.2.0                           
[123] fastmatch_1.1-8                         
[124] KEGGREST_1.50.0                         
