Aligning full sample <results/1-ATAC_fastq/subsampling/126_BXD83_CTRL_full.fq.gz> to <mm10> genome annotation
Time loading reference: 00:00:00
Time loading forward index: 00:00:00
Time loading mirror index: 00:00:00
Multiseed full-index search: 00:14:59
48366070 reads; of these:
  48366070 (100.00%) were unpaired; of these:
    196547 (0.41%) aligned 0 times
    30368228 (62.79%) aligned exactly 1 time
    17801295 (36.81%) aligned >1 times
99.59% overall alignment rate
Time searching: 00:14:59
Overall time: 00:14:59
Aligning subsample <results/1-ATAC_fastq/subsampling/126_BXD83_CTRL_sub1.fq.gz> to <mm10> genome annotation
Time loading reference: 00:00:00
Time loading forward index: 00:00:00
Time loading mirror index: 00:00:01
Multiseed full-index search: 00:06:14
20000000 reads; of these:
  20000000 (100.00%) were unpaired; of these:
    81411 (0.41%) aligned 0 times
    12556135 (62.78%) aligned exactly 1 time
    7362454 (36.81%) aligned >1 times
99.59% overall alignment rate
Time searching: 00:06:15
Overall time: 00:06:15
Aligning subsample <results/1-ATAC_fastq/subsampling/126_BXD83_CTRL_sub2.fq.gz> to <mm10> genome annotation
Time loading reference: 00:00:00
Time loading forward index: 00:00:00
Time loading mirror index: 00:00:00
Multiseed full-index search: 00:04:39
15000000 reads; of these:
  15000000 (100.00%) were unpaired; of these:
    61349 (0.41%) aligned 0 times
    9417670 (62.78%) aligned exactly 1 time
    5520981 (36.81%) aligned >1 times
99.59% overall alignment rate
Time searching: 00:04:39
Overall time: 00:04:39
Logs saved in <logs/2-ATAC_align/align_126_BXD83_CTRL.log>
