Aligning full sample <results/1-ATAC_fastq/subsampling/094_BXD73_SD_full.fq.gz> to <mm10> genome annotation
Time loading reference: 00:00:00
Time loading forward index: 00:00:01
Time loading mirror index: 00:00:00
Multiseed full-index search: 00:14:29
48504716 reads; of these:
  48504716 (100.00%) were unpaired; of these:
    195104 (0.40%) aligned 0 times
    31175343 (64.27%) aligned exactly 1 time
    17134269 (35.32%) aligned >1 times
99.60% overall alignment rate
Time searching: 00:14:30
Overall time: 00:14:30
Aligning subsample <results/1-ATAC_fastq/subsampling/094_BXD73_SD_sub1.fq.gz> to <mm10> genome annotation
Time loading reference: 00:00:00
Time loading forward index: 00:00:00
Time loading mirror index: 00:00:01
Multiseed full-index search: 00:05:59
20000000 reads; of these:
  20000000 (100.00%) were unpaired; of these:
    80452 (0.40%) aligned 0 times
    12856342 (64.28%) aligned exactly 1 time
    7063206 (35.32%) aligned >1 times
99.60% overall alignment rate
Time searching: 00:06:00
Overall time: 00:06:00
Aligning subsample <results/1-ATAC_fastq/subsampling/094_BXD73_SD_sub2.fq.gz> to <mm10> genome annotation
Time loading reference: 00:00:00
Time loading forward index: 00:00:01
Time loading mirror index: 00:00:00
Multiseed full-index search: 00:04:31
15000000 reads; of these:
  15000000 (100.00%) were unpaired; of these:
    60303 (0.40%) aligned 0 times
    9640409 (64.27%) aligned exactly 1 time
    5299288 (35.33%) aligned >1 times
99.60% overall alignment rate
Time searching: 00:04:32
Overall time: 00:04:32
Logs saved in <logs/2-ATAC_align/align_094_BXD73_SD.log>
