Aligning full sample <results/1-ATAC_fastq/subsampling/097_BXD79_CTRL_full.fq.gz> to <mm10> genome annotation
Time loading reference: 00:00:00
Time loading forward index: 00:00:00
Time loading mirror index: 00:00:00
Multiseed full-index search: 00:13:50
48655389 reads; of these:
  48655389 (100.00%) were unpaired; of these:
    270556 (0.56%) aligned 0 times
    30472824 (62.63%) aligned exactly 1 time
    17912009 (36.81%) aligned >1 times
99.44% overall alignment rate
Time searching: 00:13:50
Overall time: 00:13:50
Aligning subsample <results/1-ATAC_fastq/subsampling/097_BXD79_CTRL_sub1.fq.gz> to <mm10> genome annotation
Time loading reference: 00:00:01
Time loading forward index: 00:00:00
Time loading mirror index: 00:00:00
Multiseed full-index search: 00:05:42
20000000 reads; of these:
  20000000 (100.00%) were unpaired; of these:
    111153 (0.56%) aligned 0 times
    12527212 (62.64%) aligned exactly 1 time
    7361635 (36.81%) aligned >1 times
99.44% overall alignment rate
Time searching: 00:05:43
Overall time: 00:05:43
Aligning subsample <results/1-ATAC_fastq/subsampling/097_BXD79_CTRL_sub2.fq.gz> to <mm10> genome annotation
Time loading reference: 00:00:00
Time loading forward index: 00:00:00
Time loading mirror index: 00:00:01
Multiseed full-index search: 00:04:16
15000000 reads; of these:
  15000000 (100.00%) were unpaired; of these:
    83646 (0.56%) aligned 0 times
    9393920 (62.63%) aligned exactly 1 time
    5522434 (36.82%) aligned >1 times
99.44% overall alignment rate
Time searching: 00:04:17
Overall time: 00:04:17
Logs saved in <logs/2-ATAC_align/align_097_BXD79_CTRL.log>
