Aligning full sample <results/1-ATAC_fastq/subsampling/208_BXD44_CTRL_full.fq.gz> to <mm10> genome annotation
Time loading reference: 00:00:00
Time loading forward index: 00:00:00
Time loading mirror index: 00:00:00
Multiseed full-index search: 00:15:59
57247924 reads; of these:
  57247924 (100.00%) were unpaired; of these:
    207867 (0.36%) aligned 0 times
    38427024 (67.12%) aligned exactly 1 time
    18613033 (32.51%) aligned >1 times
99.64% overall alignment rate
Time searching: 00:15:59
Overall time: 00:15:59
Aligning subsample <results/1-ATAC_fastq/subsampling/208_BXD44_CTRL_sub1.fq.gz> to <mm10> genome annotation
Time loading reference: 00:00:00
Time loading forward index: 00:00:01
Time loading mirror index: 00:00:00
Multiseed full-index search: 00:05:37
20000000 reads; of these:
  20000000 (100.00%) were unpaired; of these:
    72451 (0.36%) aligned 0 times
    13425427 (67.13%) aligned exactly 1 time
    6502122 (32.51%) aligned >1 times
99.64% overall alignment rate
Time searching: 00:05:38
Overall time: 00:05:38
Aligning subsample <results/1-ATAC_fastq/subsampling/208_BXD44_CTRL_sub2.fq.gz> to <mm10> genome annotation
Time loading reference: 00:00:00
Time loading forward index: 00:00:01
Time loading mirror index: 00:00:00
Multiseed full-index search: 00:04:13
15000000 reads; of these:
  15000000 (100.00%) were unpaired; of these:
    54606 (0.36%) aligned 0 times
    10069880 (67.13%) aligned exactly 1 time
    4875514 (32.50%) aligned >1 times
99.64% overall alignment rate
Time searching: 00:04:14
Overall time: 00:04:14
Logs saved in <logs/2-ATAC_align/align_208_BXD44_CTRL.log>
