Aligning full sample <results/1-ATAC_fastq/subsampling/070_C57Bl6_CTRL_full.fq.gz> to <mm10> genome annotation
Time loading reference: 00:00:00
Time loading forward index: 00:00:01
Time loading mirror index: 00:00:00
Multiseed full-index search: 00:06:41
34333504 reads; of these:
  34333504 (100.00%) were unpaired; of these:
    374145 (1.09%) aligned 0 times
    16288675 (47.44%) aligned exactly 1 time
    17670684 (51.47%) aligned >1 times
98.91% overall alignment rate
Time searching: 00:06:42
Overall time: 00:06:42
Aligning subsample <results/1-ATAC_fastq/subsampling/070_C57Bl6_CTRL_sub1.fq.gz> to <mm10> genome annotation
Time loading reference: 00:00:00
Time loading forward index: 00:00:00
Time loading mirror index: 00:00:01
Multiseed full-index search: 00:03:52
20000000 reads; of these:
  20000000 (100.00%) were unpaired; of these:
    218107 (1.09%) aligned 0 times
    9488683 (47.44%) aligned exactly 1 time
    10293210 (51.47%) aligned >1 times
98.91% overall alignment rate
Time searching: 00:03:53
Overall time: 00:03:53
Aligning subsample <results/1-ATAC_fastq/subsampling/070_C57Bl6_CTRL_sub2.fq.gz> to <mm10> genome annotation
Time loading reference: 00:00:00
Time loading forward index: 00:00:00
Time loading mirror index: 00:00:01
Multiseed full-index search: 00:02:56
15000000 reads; of these:
  15000000 (100.00%) were unpaired; of these:
    162915 (1.09%) aligned 0 times
    7116902 (47.45%) aligned exactly 1 time
    7720183 (51.47%) aligned >1 times
98.91% overall alignment rate
Time searching: 00:02:57
Overall time: 00:02:57
Logs saved in <logs/2-ATAC_align/align_070_C57Bl6_CTRL.log>
