Aligning full sample <results/1-ATAC_fastq/subsampling/182_DBA_CTRL_full.fq.gz> to <mm10> genome annotation
Time loading reference: 00:00:00
Time loading forward index: 00:00:00
Time loading mirror index: 00:00:01
Multiseed full-index search: 00:11:13
43651939 reads; of these:
  43651939 (100.00%) were unpaired; of these:
    462189 (1.06%) aligned 0 times
    26091209 (59.77%) aligned exactly 1 time
    17098541 (39.17%) aligned >1 times
98.94% overall alignment rate
Time searching: 00:11:14
Overall time: 00:11:14
Aligning subsample <results/1-ATAC_fastq/subsampling/182_DBA_CTRL_sub1.fq.gz> to <mm10> genome annotation
Time loading reference: 00:00:00
Time loading forward index: 00:00:00
Time loading mirror index: 00:00:01
Multiseed full-index search: 00:05:04
20000000 reads; of these:
  20000000 (100.00%) were unpaired; of these:
    211836 (1.06%) aligned 0 times
    11956144 (59.78%) aligned exactly 1 time
    7832020 (39.16%) aligned >1 times
98.94% overall alignment rate
Time searching: 00:05:05
Overall time: 00:05:05
Aligning subsample <results/1-ATAC_fastq/subsampling/182_DBA_CTRL_sub2.fq.gz> to <mm10> genome annotation
Time loading reference: 00:00:00
Time loading forward index: 00:00:01
Time loading mirror index: 00:00:00
Multiseed full-index search: 00:03:48
15000000 reads; of these:
  15000000 (100.00%) were unpaired; of these:
    158774 (1.06%) aligned 0 times
    8964482 (59.76%) aligned exactly 1 time
    5876744 (39.18%) aligned >1 times
98.94% overall alignment rate
Time searching: 00:03:49
Overall time: 00:03:49
Logs saved in <logs/2-ATAC_align/align_182_DBA_CTRL.log>
