Aligning full sample <results/1-ATAC_fastq/subsampling/156_BXD61_CTRL_full.fq.gz> to <mm10> genome annotation
Time loading reference: 00:00:01
Time loading forward index: 00:00:00
Time loading mirror index: 00:00:00
Multiseed full-index search: 00:14:22
46129873 reads; of these:
  46129873 (100.00%) were unpaired; of these:
    170710 (0.37%) aligned 0 times
    29200573 (63.30%) aligned exactly 1 time
    16758590 (36.33%) aligned >1 times
99.63% overall alignment rate
Time searching: 00:14:23
Overall time: 00:14:23
Aligning subsample <results/1-ATAC_fastq/subsampling/156_BXD61_CTRL_sub1.fq.gz> to <mm10> genome annotation
Time loading reference: 00:00:00
Time loading forward index: 00:00:00
Time loading mirror index: 00:00:01
Multiseed full-index search: 00:06:14
20000000 reads; of these:
  20000000 (100.00%) were unpaired; of these:
    73818 (0.37%) aligned 0 times
    12658790 (63.29%) aligned exactly 1 time
    7267392 (36.34%) aligned >1 times
99.63% overall alignment rate
Time searching: 00:06:15
Overall time: 00:06:15
Aligning subsample <results/1-ATAC_fastq/subsampling/156_BXD61_CTRL_sub2.fq.gz> to <mm10> genome annotation
Time loading reference: 00:00:00
Time loading forward index: 00:00:00
Time loading mirror index: 00:00:01
Multiseed full-index search: 00:04:40
15000000 reads; of these:
  15000000 (100.00%) were unpaired; of these:
    55419 (0.37%) aligned 0 times
    9495130 (63.30%) aligned exactly 1 time
    5449451 (36.33%) aligned >1 times
99.63% overall alignment rate
Time searching: 00:04:42
Overall time: 00:04:42
Logs saved in <logs/2-ATAC_align/align_156_BXD61_CTRL.log>
