Aligning full sample <results/1-ATAC_fastq/subsampling/064_BXD95_CTRL_full.fq.gz> to <mm10> genome annotation
Time loading reference: 00:00:00
Time loading forward index: 00:00:01
Time loading mirror index: 00:00:00
Multiseed full-index search: 00:12:35
42426064 reads; of these:
  42426064 (100.00%) were unpaired; of these:
    401023 (0.95%) aligned 0 times
    24892042 (58.67%) aligned exactly 1 time
    17132999 (40.38%) aligned >1 times
99.05% overall alignment rate
Time searching: 00:12:36
Overall time: 00:12:36
Aligning subsample <results/1-ATAC_fastq/subsampling/064_BXD95_CTRL_sub1.fq.gz> to <mm10> genome annotation
Time loading reference: 00:00:00
Time loading forward index: 00:00:00
Time loading mirror index: 00:00:00
Multiseed full-index search: 00:05:57
20000000 reads; of these:
  20000000 (100.00%) were unpaired; of these:
    188725 (0.94%) aligned 0 times
    11733584 (58.67%) aligned exactly 1 time
    8077691 (40.39%) aligned >1 times
99.06% overall alignment rate
Time searching: 00:05:57
Overall time: 00:05:57
Aligning subsample <results/1-ATAC_fastq/subsampling/064_BXD95_CTRL_sub2.fq.gz> to <mm10> genome annotation
Time loading reference: 00:00:00
Time loading forward index: 00:00:01
Time loading mirror index: 00:00:00
Multiseed full-index search: 00:04:26
15000000 reads; of these:
  15000000 (100.00%) were unpaired; of these:
    142016 (0.95%) aligned 0 times
    8797840 (58.65%) aligned exactly 1 time
    6060144 (40.40%) aligned >1 times
99.05% overall alignment rate
Time searching: 00:04:27
Overall time: 00:04:27
Logs saved in <logs/2-ATAC_align/align_064_BXD95_CTRL.log>
