Aligning full sample <results/1-ATAC_fastq/subsampling/125_BXD81_SD_full.fq.gz> to <mm10> genome annotation
Time loading reference: 00:00:00
Time loading forward index: 00:00:01
Time loading mirror index: 00:00:00
Multiseed full-index search: 00:14:22
45942918 reads; of these:
  45942918 (100.00%) were unpaired; of these:
    163848 (0.36%) aligned 0 times
    28354886 (61.72%) aligned exactly 1 time
    17424184 (37.93%) aligned >1 times
99.64% overall alignment rate
Time searching: 00:14:23
Overall time: 00:14:23
Aligning subsample <results/1-ATAC_fastq/subsampling/125_BXD81_SD_sub1.fq.gz> to <mm10> genome annotation
Time loading reference: 00:00:00
Time loading forward index: 00:00:01
Time loading mirror index: 00:00:00
Multiseed full-index search: 00:06:14
20000000 reads; of these:
  20000000 (100.00%) were unpaired; of these:
    71469 (0.36%) aligned 0 times
    12345141 (61.73%) aligned exactly 1 time
    7583390 (37.92%) aligned >1 times
99.64% overall alignment rate
Time searching: 00:06:15
Overall time: 00:06:15
Aligning subsample <results/1-ATAC_fastq/subsampling/125_BXD81_SD_sub2.fq.gz> to <mm10> genome annotation
Time loading reference: 00:00:00
Time loading forward index: 00:00:01
Time loading mirror index: 00:00:00
Multiseed full-index search: 00:04:44
15000000 reads; of these:
  15000000 (100.00%) were unpaired; of these:
    53836 (0.36%) aligned 0 times
    9255712 (61.70%) aligned exactly 1 time
    5690452 (37.94%) aligned >1 times
99.64% overall alignment rate
Time searching: 00:04:45
Overall time: 00:04:45
Logs saved in <logs/2-ATAC_align/align_125_BXD81_SD.log>
