Aligning full sample <results/1-ATAC_fastq/subsampling/059_BXD81_SD_full.fq.gz> to <mm10> genome annotation
Time loading reference: 00:00:00
Time loading forward index: 00:00:00
Time loading mirror index: 00:00:00
Multiseed full-index search: 00:10:31
44160318 reads; of these:
  44160318 (100.00%) were unpaired; of these:
    498666 (1.13%) aligned 0 times
    26200149 (59.33%) aligned exactly 1 time
    17461503 (39.54%) aligned >1 times
98.87% overall alignment rate
Time searching: 00:10:31
Overall time: 00:10:31
Aligning subsample <results/1-ATAC_fastq/subsampling/059_BXD81_SD_sub1.fq.gz> to <mm10> genome annotation
Time loading reference: 00:00:00
Time loading forward index: 00:00:00
Time loading mirror index: 00:00:01
Multiseed full-index search: 00:04:45
20000000 reads; of these:
  20000000 (100.00%) were unpaired; of these:
    226107 (1.13%) aligned 0 times
    11864802 (59.32%) aligned exactly 1 time
    7909091 (39.55%) aligned >1 times
98.87% overall alignment rate
Time searching: 00:04:46
Overall time: 00:04:46
Aligning subsample <results/1-ATAC_fastq/subsampling/059_BXD81_SD_sub2.fq.gz> to <mm10> genome annotation
Time loading reference: 00:00:00
Time loading forward index: 00:00:01
Time loading mirror index: 00:00:00
Multiseed full-index search: 00:03:32
15000000 reads; of these:
  15000000 (100.00%) were unpaired; of these:
    169036 (1.13%) aligned 0 times
    8902063 (59.35%) aligned exactly 1 time
    5928901 (39.53%) aligned >1 times
98.87% overall alignment rate
Time searching: 00:03:33
Overall time: 00:03:33
Logs saved in <logs/2-ATAC_align/align_059_BXD81_SD.log>
