Aligning full sample <results/1-ATAC_fastq/subsampling/152_BXD48_CTRL_full.fq.gz> to <mm10> genome annotation
Time loading reference: 00:00:00
Time loading forward index: 00:00:00
Time loading mirror index: 00:00:01
Multiseed full-index search: 00:25:15
84581192 reads; of these:
  84581192 (100.00%) were unpaired; of these:
    379680 (0.45%) aligned 0 times
    54678559 (64.65%) aligned exactly 1 time
    29522953 (34.90%) aligned >1 times
99.55% overall alignment rate
Time searching: 00:25:16
Overall time: 00:25:16
Aligning subsample <results/1-ATAC_fastq/subsampling/152_BXD48_CTRL_sub1.fq.gz> to <mm10> genome annotation
Time loading reference: 00:00:00
Time loading forward index: 00:00:01
Time loading mirror index: 00:00:00
Multiseed full-index search: 00:06:03
20000000 reads; of these:
  20000000 (100.00%) were unpaired; of these:
    89894 (0.45%) aligned 0 times
    12932253 (64.66%) aligned exactly 1 time
    6977853 (34.89%) aligned >1 times
99.55% overall alignment rate
Time searching: 00:06:04
Overall time: 00:06:04
Aligning subsample <results/1-ATAC_fastq/subsampling/152_BXD48_CTRL_sub2.fq.gz> to <mm10> genome annotation
Time loading reference: 00:00:00
Time loading forward index: 00:00:00
Time loading mirror index: 00:00:00
Multiseed full-index search: 00:04:33
15000000 reads; of these:
  15000000 (100.00%) were unpaired; of these:
    67606 (0.45%) aligned 0 times
    9695122 (64.63%) aligned exactly 1 time
    5237272 (34.92%) aligned >1 times
99.55% overall alignment rate
Time searching: 00:04:33
Overall time: 00:04:33
Logs saved in <logs/2-ATAC_align/align_152_BXD48_CTRL.log>
