Aligning full sample <results/1-ATAC_fastq/subsampling/123_BXD64_SD_full.fq.gz> to <mm10> genome annotation
Time loading reference: 00:00:00
Time loading forward index: 00:00:01
Time loading mirror index: 00:00:00
Multiseed full-index search: 00:13:39
47498703 reads; of these:
  47498703 (100.00%) were unpaired; of these:
    211123 (0.44%) aligned 0 times
    29794851 (62.73%) aligned exactly 1 time
    17492729 (36.83%) aligned >1 times
99.56% overall alignment rate
Time searching: 00:13:40
Overall time: 00:13:40
Aligning subsample <results/1-ATAC_fastq/subsampling/123_BXD64_SD_sub1.fq.gz> to <mm10> genome annotation
Time loading reference: 00:00:00
Time loading forward index: 00:00:00
Time loading mirror index: 00:00:01
Multiseed full-index search: 00:05:48
20000000 reads; of these:
  20000000 (100.00%) were unpaired; of these:
    88927 (0.44%) aligned 0 times
    12545269 (62.73%) aligned exactly 1 time
    7365804 (36.83%) aligned >1 times
99.56% overall alignment rate
Time searching: 00:05:49
Overall time: 00:05:49
Aligning subsample <results/1-ATAC_fastq/subsampling/123_BXD64_SD_sub2.fq.gz> to <mm10> genome annotation
Time loading reference: 00:00:00
Time loading forward index: 00:00:01
Time loading mirror index: 00:00:00
Multiseed full-index search: 00:04:21
15000000 reads; of these:
  15000000 (100.00%) were unpaired; of these:
    66571 (0.44%) aligned 0 times
    9408583 (62.72%) aligned exactly 1 time
    5524846 (36.83%) aligned >1 times
99.56% overall alignment rate
Time searching: 00:04:22
Overall time: 00:04:22
Logs saved in <logs/2-ATAC_align/align_123_BXD64_SD.log>
