Aligning full sample <results/1-ATAC_fastq/subsampling/019_BXD75_SD_full.fq.gz> to <mm10> genome annotation
Time loading reference: 00:00:00
Time loading forward index: 00:00:00
Time loading mirror index: 00:00:01
Multiseed full-index search: 00:08:23
38578132 reads; of these:
  38578132 (100.00%) were unpaired; of these:
    434776 (1.13%) aligned 0 times
    22450821 (58.20%) aligned exactly 1 time
    15692535 (40.68%) aligned >1 times
98.87% overall alignment rate
Time searching: 00:08:24
Overall time: 00:08:24
Aligning subsample <results/1-ATAC_fastq/subsampling/019_BXD75_SD_sub1.fq.gz> to <mm10> genome annotation
Time loading reference: 00:00:01
Time loading forward index: 00:00:00
Time loading mirror index: 00:00:00
Multiseed full-index search: 00:04:23
20000000 reads; of these:
  20000000 (100.00%) were unpaired; of these:
    225364 (1.13%) aligned 0 times
    11636567 (58.18%) aligned exactly 1 time
    8138069 (40.69%) aligned >1 times
98.87% overall alignment rate
Time searching: 00:04:24
Overall time: 00:04:24
Aligning subsample <results/1-ATAC_fastq/subsampling/019_BXD75_SD_sub2.fq.gz> to <mm10> genome annotation
Time loading reference: 00:00:00
Time loading forward index: 00:00:01
Time loading mirror index: 00:00:00
Multiseed full-index search: 00:03:16
15000000 reads; of these:
  15000000 (100.00%) were unpaired; of these:
    169204 (1.13%) aligned 0 times
    8730277 (58.20%) aligned exactly 1 time
    6100519 (40.67%) aligned >1 times
98.87% overall alignment rate
Time searching: 00:03:17
Overall time: 00:03:17
Logs saved in <logs/2-ATAC_align/align_019_BXD75_SD.log>
