Aligning full sample <results/1-ATAC_fastq/subsampling/219_DBA_SD_full.fq.gz> to <mm10> genome annotation
Time loading reference: 00:00:00
Time loading forward index: 00:00:01
Time loading mirror index: 00:00:00
Multiseed full-index search: 00:16:24
41795118 reads; of these:
  41795118 (100.00%) were unpaired; of these:
    286905 (0.69%) aligned 0 times
    25290269 (60.51%) aligned exactly 1 time
    16217944 (38.80%) aligned >1 times
99.31% overall alignment rate
Time searching: 00:16:25
Overall time: 00:16:25
Aligning subsample <results/1-ATAC_fastq/subsampling/219_DBA_SD_sub1.fq.gz> to <mm10> genome annotation
Time loading reference: 00:00:00
Time loading forward index: 00:00:00
Time loading mirror index: 00:00:00
Multiseed full-index search: 00:07:49
20000000 reads; of these:
  20000000 (100.00%) were unpaired; of these:
    137533 (0.69%) aligned 0 times
    12101535 (60.51%) aligned exactly 1 time
    7760932 (38.80%) aligned >1 times
99.31% overall alignment rate
Time searching: 00:07:49
Overall time: 00:07:49
Aligning subsample <results/1-ATAC_fastq/subsampling/219_DBA_SD_sub2.fq.gz> to <mm10> genome annotation
Time loading reference: 00:00:00
Time loading forward index: 00:00:01
Time loading mirror index: 00:00:00
Multiseed full-index search: 00:05:52
15000000 reads; of these:
  15000000 (100.00%) were unpaired; of these:
    102749 (0.68%) aligned 0 times
    9078622 (60.52%) aligned exactly 1 time
    5818629 (38.79%) aligned >1 times
99.32% overall alignment rate
Time searching: 00:05:53
Overall time: 00:05:53
Logs saved in <logs/2-ATAC_align/align_219_DBA_SD.log>
