Aligning full sample <results/1-ATAC_fastq/subsampling/032_BXD101_CTRL_full.fq.gz> to <mm10> genome annotation
Time loading reference: 00:00:00
Time loading forward index: 00:00:01
Time loading mirror index: 00:00:00
Multiseed full-index search: 00:06:44
36680683 reads; of these:
  36680683 (100.00%) were unpaired; of these:
    312128 (0.85%) aligned 0 times
    19329960 (52.70%) aligned exactly 1 time
    17038595 (46.45%) aligned >1 times
99.15% overall alignment rate
Time searching: 00:06:45
Overall time: 00:06:45
Aligning subsample <results/1-ATAC_fastq/subsampling/032_BXD101_CTRL_sub1.fq.gz> to <mm10> genome annotation
Time loading reference: 00:00:00
Time loading forward index: 00:00:00
Time loading mirror index: 00:00:00
Multiseed full-index search: 00:03:39
20000000 reads; of these:
  20000000 (100.00%) were unpaired; of these:
    170236 (0.85%) aligned 0 times
    10538897 (52.69%) aligned exactly 1 time
    9290867 (46.45%) aligned >1 times
99.15% overall alignment rate
Time searching: 00:03:39
Overall time: 00:03:39
Aligning subsample <results/1-ATAC_fastq/subsampling/032_BXD101_CTRL_sub2.fq.gz> to <mm10> genome annotation
Time loading reference: 00:00:00
Time loading forward index: 00:00:00
Time loading mirror index: 00:00:01
Multiseed full-index search: 00:02:45
15000000 reads; of these:
  15000000 (100.00%) were unpaired; of these:
    127832 (0.85%) aligned 0 times
    7903501 (52.69%) aligned exactly 1 time
    6968667 (46.46%) aligned >1 times
99.15% overall alignment rate
Time searching: 00:02:46
Overall time: 00:02:46
Logs saved in <logs/2-ATAC_align/align_032_BXD101_CTRL.log>
