Aligning full sample <results/1-ATAC_fastq/subsampling/013_BXD67_SD_full.fq.gz> to <mm10> genome annotation
Time loading reference: 00:00:00
Time loading forward index: 00:00:01
Time loading mirror index: 00:00:00
Multiseed full-index search: 00:17:13
50092481 reads; of these:
  50092481 (100.00%) were unpaired; of these:
    234850 (0.47%) aligned 0 times
    33194948 (66.27%) aligned exactly 1 time
    16662683 (33.26%) aligned >1 times
99.53% overall alignment rate
Time searching: 00:17:14
Overall time: 00:17:14
Aligning subsample <results/1-ATAC_fastq/subsampling/013_BXD67_SD_sub1.fq.gz> to <mm10> genome annotation
Time loading reference: 00:00:00
Time loading forward index: 00:00:00
Time loading mirror index: 00:00:01
Multiseed full-index search: 00:06:55
20000000 reads; of these:
  20000000 (100.00%) were unpaired; of these:
    93281 (0.47%) aligned 0 times
    13255158 (66.28%) aligned exactly 1 time
    6651561 (33.26%) aligned >1 times
99.53% overall alignment rate
Time searching: 00:06:56
Overall time: 00:06:56
Aligning subsample <results/1-ATAC_fastq/subsampling/013_BXD67_SD_sub2.fq.gz> to <mm10> genome annotation
Time loading reference: 00:00:00
Time loading forward index: 00:00:01
Time loading mirror index: 00:00:00
Multiseed full-index search: 00:05:11
15000000 reads; of these:
  15000000 (100.00%) were unpaired; of these:
    70382 (0.47%) aligned 0 times
    9941018 (66.27%) aligned exactly 1 time
    4988600 (33.26%) aligned >1 times
99.53% overall alignment rate
Time searching: 00:05:12
Overall time: 00:05:12
Logs saved in <logs/2-ATAC_align/align_013_BXD67_SD.log>
