Aligning full sample <results/1-ATAC_fastq/subsampling/174_BXD89_CTRL_full.fq.gz> to <mm10> genome annotation
Time loading reference: 00:00:00
Time loading forward index: 00:00:01
Time loading mirror index: 00:00:00
Multiseed full-index search: 00:12:32
46397110 reads; of these:
  46397110 (100.00%) were unpaired; of these:
    422926 (0.91%) aligned 0 times
    28486146 (61.40%) aligned exactly 1 time
    17488038 (37.69%) aligned >1 times
99.09% overall alignment rate
Time searching: 00:12:33
Overall time: 00:12:33
Aligning subsample <results/1-ATAC_fastq/subsampling/174_BXD89_CTRL_sub1.fq.gz> to <mm10> genome annotation
Time loading reference: 00:00:00
Time loading forward index: 00:00:00
Time loading mirror index: 00:00:00
Multiseed full-index search: 00:05:28
20000000 reads; of these:
  20000000 (100.00%) were unpaired; of these:
    182115 (0.91%) aligned 0 times
    12277821 (61.39%) aligned exactly 1 time
    7540064 (37.70%) aligned >1 times
99.09% overall alignment rate
Time searching: 00:05:28
Overall time: 00:05:28
Aligning subsample <results/1-ATAC_fastq/subsampling/174_BXD89_CTRL_sub2.fq.gz> to <mm10> genome annotation
Time loading reference: 00:00:00
Time loading forward index: 00:00:00
Time loading mirror index: 00:00:01
Multiseed full-index search: 00:04:02
15000000 reads; of these:
  15000000 (100.00%) were unpaired; of these:
    137052 (0.91%) aligned 0 times
    9207563 (61.38%) aligned exactly 1 time
    5655385 (37.70%) aligned >1 times
99.09% overall alignment rate
Time searching: 00:04:03
Overall time: 00:04:03
Logs saved in <logs/2-ATAC_align/align_174_BXD89_CTRL.log>
