Aligning full sample <results/1-ATAC_fastq/subsampling/142_BXD101_CTRL_full.fq.gz> to <mm10> genome annotation
Time loading reference: 00:00:00
Time loading forward index: 00:00:01
Time loading mirror index: 00:00:00
Multiseed full-index search: 00:10:33
39377765 reads; of these:
  39377765 (100.00%) were unpaired; of these:
    309560 (0.79%) aligned 0 times
    21886005 (55.58%) aligned exactly 1 time
    17182200 (43.63%) aligned >1 times
99.21% overall alignment rate
Time searching: 00:10:34
Overall time: 00:10:34
Aligning subsample <results/1-ATAC_fastq/subsampling/142_BXD101_CTRL_sub1.fq.gz> to <mm10> genome annotation
Time loading reference: 00:00:00
Time loading forward index: 00:00:00
Time loading mirror index: 00:00:01
Multiseed full-index search: 00:05:19
20000000 reads; of these:
  20000000 (100.00%) were unpaired; of these:
    157676 (0.79%) aligned 0 times
    11115610 (55.58%) aligned exactly 1 time
    8726714 (43.63%) aligned >1 times
99.21% overall alignment rate
Time searching: 00:05:20
Overall time: 00:05:20
Aligning subsample <results/1-ATAC_fastq/subsampling/142_BXD101_CTRL_sub2.fq.gz> to <mm10> genome annotation
Time loading reference: 00:00:00
Time loading forward index: 00:00:00
Time loading mirror index: 00:00:00
Multiseed full-index search: 00:04:02
15000000 reads; of these:
  15000000 (100.00%) were unpaired; of these:
    117896 (0.79%) aligned 0 times
    8334805 (55.57%) aligned exactly 1 time
    6547299 (43.65%) aligned >1 times
99.21% overall alignment rate
Time searching: 00:04:02
Overall time: 00:04:02
Logs saved in <logs/2-ATAC_align/align_142_BXD101_CTRL.log>
