Aligning full sample <results/1-ATAC_fastq/subsampling/114_BXD48_CTRL_full.fq.gz> to <mm10> genome annotation
Time loading reference: 00:00:00
Time loading forward index: 00:00:00
Time loading mirror index: 00:00:01
Multiseed full-index search: 00:11:03
40583146 reads; of these:
  40583146 (100.00%) were unpaired; of these:
    356286 (0.88%) aligned 0 times
    24202273 (59.64%) aligned exactly 1 time
    16024587 (39.49%) aligned >1 times
99.12% overall alignment rate
Time searching: 00:11:04
Overall time: 00:11:04
Aligning subsample <results/1-ATAC_fastq/subsampling/114_BXD48_CTRL_sub1.fq.gz> to <mm10> genome annotation
Time loading reference: 00:00:00
Time loading forward index: 00:00:01
Time loading mirror index: 00:00:00
Multiseed full-index search: 00:05:24
20000000 reads; of these:
  20000000 (100.00%) were unpaired; of these:
    175845 (0.88%) aligned 0 times
    11925339 (59.63%) aligned exactly 1 time
    7898816 (39.49%) aligned >1 times
99.12% overall alignment rate
Time searching: 00:05:25
Overall time: 00:05:25
Aligning subsample <results/1-ATAC_fastq/subsampling/114_BXD48_CTRL_sub2.fq.gz> to <mm10> genome annotation
Time loading reference: 00:00:00
Time loading forward index: 00:00:00
Time loading mirror index: 00:00:01
Multiseed full-index search: 00:04:04
15000000 reads; of these:
  15000000 (100.00%) were unpaired; of these:
    131451 (0.88%) aligned 0 times
    8944182 (59.63%) aligned exactly 1 time
    5924367 (39.50%) aligned >1 times
99.12% overall alignment rate
Time searching: 00:04:05
Overall time: 00:04:05
Logs saved in <logs/2-ATAC_align/align_114_BXD48_CTRL.log>
