Aligning full sample <results/1-ATAC_fastq/subsampling/051_BXD66_SD_full.fq.gz> to <mm10> genome annotation
Time loading reference: 00:00:00
Time loading forward index: 00:00:01
Time loading mirror index: 00:00:00
Multiseed full-index search: 00:15:13
44809108 reads; of these:
  44809108 (100.00%) were unpaired; of these:
    226789 (0.51%) aligned 0 times
    26655613 (59.49%) aligned exactly 1 time
    17926706 (40.01%) aligned >1 times
99.49% overall alignment rate
Time searching: 00:15:14
Overall time: 00:15:14
Aligning subsample <results/1-ATAC_fastq/subsampling/051_BXD66_SD_sub1.fq.gz> to <mm10> genome annotation
Time loading reference: 00:00:00
Time loading forward index: 00:00:00
Time loading mirror index: 00:00:01
Multiseed full-index search: 00:06:52
20000000 reads; of these:
  20000000 (100.00%) were unpaired; of these:
    101624 (0.51%) aligned 0 times
    11895158 (59.48%) aligned exactly 1 time
    8003218 (40.02%) aligned >1 times
99.49% overall alignment rate
Time searching: 00:06:53
Overall time: 00:06:53
Aligning subsample <results/1-ATAC_fastq/subsampling/051_BXD66_SD_sub2.fq.gz> to <mm10> genome annotation
Time loading reference: 00:00:00
Time loading forward index: 00:00:01
Time loading mirror index: 00:00:00
Multiseed full-index search: 00:05:07
15000000 reads; of these:
  15000000 (100.00%) were unpaired; of these:
    76177 (0.51%) aligned 0 times
    8923353 (59.49%) aligned exactly 1 time
    6000470 (40.00%) aligned >1 times
99.49% overall alignment rate
Time searching: 00:05:08
Overall time: 00:05:08
Logs saved in <logs/2-ATAC_align/align_051_BXD66_SD.log>
