Aligning full sample <results/1-ATAC_fastq/subsampling/144_73b_CTRL_full.fq.gz> to <mm10> genome annotation
Time loading reference: 00:00:00
Time loading forward index: 00:00:00
Time loading mirror index: 00:00:00
Multiseed full-index search: 00:19:58
54453327 reads; of these:
  54453327 (100.00%) were unpaired; of these:
    331421 (0.61%) aligned 0 times
    34466064 (63.29%) aligned exactly 1 time
    19655842 (36.10%) aligned >1 times
99.39% overall alignment rate
Time searching: 00:19:58
Overall time: 00:19:58
Aligning subsample <results/1-ATAC_fastq/subsampling/144_73b_CTRL_sub1.fq.gz> to <mm10> genome annotation
Time loading reference: 00:00:00
Time loading forward index: 00:00:01
Time loading mirror index: 00:00:00
Multiseed full-index search: 00:07:17
20000000 reads; of these:
  20000000 (100.00%) were unpaired; of these:
    121758 (0.61%) aligned 0 times
    12658214 (63.29%) aligned exactly 1 time
    7220028 (36.10%) aligned >1 times
99.39% overall alignment rate
Time searching: 00:07:18
Overall time: 00:07:18
Aligning subsample <results/1-ATAC_fastq/subsampling/144_73b_CTRL_sub2.fq.gz> to <mm10> genome annotation
Time loading reference: 00:00:00
Time loading forward index: 00:00:00
Time loading mirror index: 00:00:00
Multiseed full-index search: 00:05:29
15000000 reads; of these:
  15000000 (100.00%) were unpaired; of these:
    91372 (0.61%) aligned 0 times
    9494908 (63.30%) aligned exactly 1 time
    5413720 (36.09%) aligned >1 times
99.39% overall alignment rate
Time searching: 00:05:29
Overall time: 00:05:29
Logs saved in <logs/2-ATAC_align/align_144_73b_CTRL.log>
