Aligning full sample <results/1-ATAC_fastq/subsampling/137_48a_SD_full.fq.gz> to <mm10> genome annotation
Time loading reference: 00:00:00
Time loading forward index: 00:00:00
Time loading mirror index: 00:00:01
Multiseed full-index search: 00:08:12
34705485 reads; of these:
  34705485 (100.00%) were unpaired; of these:
    398912 (1.15%) aligned 0 times
    18198227 (52.44%) aligned exactly 1 time
    16108346 (46.41%) aligned >1 times
98.85% overall alignment rate
Time searching: 00:08:13
Overall time: 00:08:13
Aligning subsample <results/1-ATAC_fastq/subsampling/137_48a_SD_sub1.fq.gz> to <mm10> genome annotation
Time loading reference: 00:00:00
Time loading forward index: 00:00:01
Time loading mirror index: 00:00:00
Multiseed full-index search: 00:04:47
20000000 reads; of these:
  20000000 (100.00%) were unpaired; of these:
    230310 (1.15%) aligned 0 times
    10487371 (52.44%) aligned exactly 1 time
    9282319 (46.41%) aligned >1 times
98.85% overall alignment rate
Time searching: 00:04:48
Overall time: 00:04:48
Aligning subsample <results/1-ATAC_fastq/subsampling/137_48a_SD_sub2.fq.gz> to <mm10> genome annotation
Time loading reference: 00:00:01
Time loading forward index: 00:00:00
Time loading mirror index: 00:00:00
Multiseed full-index search: 00:03:36
15000000 reads; of these:
  15000000 (100.00%) were unpaired; of these:
    172049 (1.15%) aligned 0 times
    7867495 (52.45%) aligned exactly 1 time
    6960456 (46.40%) aligned >1 times
98.85% overall alignment rate
Time searching: 00:03:37
Overall time: 00:03:37
Logs saved in <logs/2-ATAC_align/align_137_48a_SD.log>
