Aligning full sample <results/1-ATAC_fastq/subsampling/067_73b_SD_full.fq.gz> to <mm10> genome annotation
Time loading reference: 00:00:01
Time loading forward index: 00:00:00
Time loading mirror index: 00:00:00
Multiseed full-index search: 00:10:43
41615440 reads; of these:
  41615440 (100.00%) were unpaired; of these:
    357753 (0.86%) aligned 0 times
    24409288 (58.65%) aligned exactly 1 time
    16848399 (40.49%) aligned >1 times
99.14% overall alignment rate
Time searching: 00:10:44
Overall time: 00:10:44
Aligning subsample <results/1-ATAC_fastq/subsampling/067_73b_SD_sub1.fq.gz> to <mm10> genome annotation
Time loading reference: 00:00:00
Time loading forward index: 00:00:01
Time loading mirror index: 00:00:00
Multiseed full-index search: 00:05:13
20000000 reads; of these:
  20000000 (100.00%) were unpaired; of these:
    172134 (0.86%) aligned 0 times
    11731242 (58.66%) aligned exactly 1 time
    8096624 (40.48%) aligned >1 times
99.14% overall alignment rate
Time searching: 00:05:14
Overall time: 00:05:14
Aligning subsample <results/1-ATAC_fastq/subsampling/067_73b_SD_sub2.fq.gz> to <mm10> genome annotation
Time loading reference: 00:00:00
Time loading forward index: 00:00:01
Time loading mirror index: 00:00:00
Multiseed full-index search: 00:03:53
15000000 reads; of these:
  15000000 (100.00%) were unpaired; of these:
    129228 (0.86%) aligned 0 times
    8797799 (58.65%) aligned exactly 1 time
    6072973 (40.49%) aligned >1 times
99.14% overall alignment rate
Time searching: 00:03:54
Overall time: 00:03:54
Logs saved in <logs/2-ATAC_align/align_067_73b_SD.log>
