Aligning full sample <results/1-ATAC_fastq/subsampling/060_BXD81_CTRL_full.fq.gz> to <mm10> genome annotation
Time loading reference: 00:00:01
Time loading forward index: 00:00:00
Time loading mirror index: 00:00:00
Multiseed full-index search: 00:08:59
39183633 reads; of these:
  39183633 (100.00%) were unpaired; of these:
    446385 (1.14%) aligned 0 times
    22876376 (58.38%) aligned exactly 1 time
    15860872 (40.48%) aligned >1 times
98.86% overall alignment rate
Time searching: 00:09:00
Overall time: 00:09:00
Aligning subsample <results/1-ATAC_fastq/subsampling/060_BXD81_CTRL_sub1.fq.gz> to <mm10> genome annotation
Time loading reference: 00:00:00
Time loading forward index: 00:00:00
Time loading mirror index: 00:00:01
Multiseed full-index search: 00:04:36
20000000 reads; of these:
  20000000 (100.00%) were unpaired; of these:
    227716 (1.14%) aligned 0 times
    11675574 (58.38%) aligned exactly 1 time
    8096710 (40.48%) aligned >1 times
98.86% overall alignment rate
Time searching: 00:04:37
Overall time: 00:04:37
Aligning subsample <results/1-ATAC_fastq/subsampling/060_BXD81_CTRL_sub2.fq.gz> to <mm10> genome annotation
Time loading reference: 00:00:00
Time loading forward index: 00:00:01
Time loading mirror index: 00:00:00
Multiseed full-index search: 00:03:30
15000000 reads; of these:
  15000000 (100.00%) were unpaired; of these:
    170764 (1.14%) aligned 0 times
    8756805 (58.38%) aligned exactly 1 time
    6072431 (40.48%) aligned >1 times
98.86% overall alignment rate
Time searching: 00:03:31
Overall time: 00:03:31
Logs saved in <logs/2-ATAC_align/align_060_BXD81_CTRL.log>
