Aligning full sample <results/1-ATAC_fastq/subsampling/091_BXD70_CTRL_full.fq.gz> to <mm10> genome annotation
Time loading reference: 00:00:01
Time loading forward index: 00:00:00
Time loading mirror index: 00:00:00
Multiseed full-index search: 00:20:15
48917956 reads; of these:
  48917956 (100.00%) were unpaired; of these:
    163394 (0.33%) aligned 0 times
    31474930 (64.34%) aligned exactly 1 time
    17279632 (35.32%) aligned >1 times
99.67% overall alignment rate
Time searching: 00:20:16
Overall time: 00:20:16
Aligning subsample <results/1-ATAC_fastq/subsampling/091_BXD70_CTRL_sub1.fq.gz> to <mm10> genome annotation
Time loading reference: 00:00:00
Time loading forward index: 00:00:01
Time loading mirror index: 00:00:00
Multiseed full-index search: 00:08:22
20000000 reads; of these:
  20000000 (100.00%) were unpaired; of these:
    67141 (0.34%) aligned 0 times
    12865549 (64.33%) aligned exactly 1 time
    7067310 (35.34%) aligned >1 times
99.66% overall alignment rate
Time searching: 00:08:23
Overall time: 00:08:23
Aligning subsample <results/1-ATAC_fastq/subsampling/091_BXD70_CTRL_sub2.fq.gz> to <mm10> genome annotation
Time loading reference: 00:00:00
Time loading forward index: 00:00:01
Time loading mirror index: 00:00:00
Multiseed full-index search: 00:06:13
15000000 reads; of these:
  15000000 (100.00%) were unpaired; of these:
    50131 (0.33%) aligned 0 times
    9651457 (64.34%) aligned exactly 1 time
    5298412 (35.32%) aligned >1 times
99.67% overall alignment rate
Time searching: 00:06:14
Overall time: 00:06:14
Logs saved in <logs/2-ATAC_align/align_091_BXD70_CTRL.log>
