Aligning full sample <results/1-ATAC_fastq/subsampling/187_BXD50_SD_full.fq.gz> to <mm10> genome annotation
Time loading reference: 00:00:00
Time loading forward index: 00:00:00
Time loading mirror index: 00:00:01
Multiseed full-index search: 00:15:39
55794297 reads; of these:
  55794297 (100.00%) were unpaired; of these:
    747069 (1.34%) aligned 0 times
    36158984 (64.81%) aligned exactly 1 time
    18888244 (33.85%) aligned >1 times
98.66% overall alignment rate
Time searching: 00:15:40
Overall time: 00:15:40
Aligning subsample <results/1-ATAC_fastq/subsampling/187_BXD50_SD_sub1.fq.gz> to <mm10> genome annotation
Time loading reference: 00:00:00
Time loading forward index: 00:00:00
Time loading mirror index: 00:00:00
Multiseed full-index search: 00:05:56
20000000 reads; of these:
  20000000 (100.00%) were unpaired; of these:
    267352 (1.34%) aligned 0 times
    12964151 (64.82%) aligned exactly 1 time
    6768497 (33.84%) aligned >1 times
98.66% overall alignment rate
Time searching: 00:05:56
Overall time: 00:05:56
Aligning subsample <results/1-ATAC_fastq/subsampling/187_BXD50_SD_sub2.fq.gz> to <mm10> genome annotation
Time loading reference: 00:00:00
Time loading forward index: 00:00:01
Time loading mirror index: 00:00:00
Multiseed full-index search: 00:04:28
15000000 reads; of these:
  15000000 (100.00%) were unpaired; of these:
    200575 (1.34%) aligned 0 times
    9721560 (64.81%) aligned exactly 1 time
    5077865 (33.85%) aligned >1 times
98.66% overall alignment rate
Time searching: 00:04:29
Overall time: 00:04:29
Logs saved in <logs/2-ATAC_align/align_187_BXD50_SD.log>
