Aligning full sample <results/1-ATAC_fastq/subsampling/148_BXD43_CTRL_full.fq.gz> to <mm10> genome annotation
Time loading reference: 00:00:00
Time loading forward index: 00:00:00
Time loading mirror index: 00:00:01
Multiseed full-index search: 00:11:37
42631771 reads; of these:
  42631771 (100.00%) were unpaired; of these:
    209613 (0.49%) aligned 0 times
    25257835 (59.25%) aligned exactly 1 time
    17164323 (40.26%) aligned >1 times
99.51% overall alignment rate
Time searching: 00:11:38
Overall time: 00:11:38
Aligning subsample <results/1-ATAC_fastq/subsampling/148_BXD43_CTRL_sub1.fq.gz> to <mm10> genome annotation
Time loading reference: 00:00:00
Time loading forward index: 00:00:01
Time loading mirror index: 00:00:00
Multiseed full-index search: 00:05:33
20000000 reads; of these:
  20000000 (100.00%) were unpaired; of these:
    97919 (0.49%) aligned 0 times
    11850111 (59.25%) aligned exactly 1 time
    8051970 (40.26%) aligned >1 times
99.51% overall alignment rate
Time searching: 00:05:34
Overall time: 00:05:34
Aligning subsample <results/1-ATAC_fastq/subsampling/148_BXD43_CTRL_sub2.fq.gz> to <mm10> genome annotation
Time loading reference: 00:00:00
Time loading forward index: 00:00:00
Time loading mirror index: 00:00:00
Multiseed full-index search: 00:04:10
15000000 reads; of these:
  15000000 (100.00%) were unpaired; of these:
    73569 (0.49%) aligned 0 times
    8886177 (59.24%) aligned exactly 1 time
    6040254 (40.27%) aligned >1 times
99.51% overall alignment rate
Time searching: 00:04:10
Overall time: 00:04:11
Logs saved in <logs/2-ATAC_align/align_148_BXD43_CTRL.log>
