Aligning full sample <results/1-ATAC_fastq/subsampling/166_BXD79_CTRL_full.fq.gz> to <mm10> genome annotation
Time loading reference: 00:00:00
Time loading forward index: 00:00:00
Time loading mirror index: 00:00:00
Multiseed full-index search: 00:17:57
46483117 reads; of these:
  46483117 (100.00%) were unpaired; of these:
    211475 (0.45%) aligned 0 times
    28129240 (60.51%) aligned exactly 1 time
    18142402 (39.03%) aligned >1 times
99.55% overall alignment rate
Time searching: 00:17:57
Overall time: 00:17:57
Aligning subsample <results/1-ATAC_fastq/subsampling/166_BXD79_CTRL_sub1.fq.gz> to <mm10> genome annotation
Time loading reference: 00:00:00
Time loading forward index: 00:00:01
Time loading mirror index: 00:00:00
Multiseed full-index search: 00:07:44
20000000 reads; of these:
  20000000 (100.00%) were unpaired; of these:
    91003 (0.46%) aligned 0 times
    12101784 (60.51%) aligned exactly 1 time
    7807213 (39.04%) aligned >1 times
99.54% overall alignment rate
Time searching: 00:07:45
Overall time: 00:07:45
Aligning subsample <results/1-ATAC_fastq/subsampling/166_BXD79_CTRL_sub2.fq.gz> to <mm10> genome annotation
Time loading reference: 00:00:00
Time loading forward index: 00:00:00
Time loading mirror index: 00:00:00
Multiseed full-index search: 00:05:53
15000000 reads; of these:
  15000000 (100.00%) were unpaired; of these:
    68350 (0.46%) aligned 0 times
    9076353 (60.51%) aligned exactly 1 time
    5855297 (39.04%) aligned >1 times
99.54% overall alignment rate
Time searching: 00:05:53
Overall time: 00:05:53
Logs saved in <logs/2-ATAC_align/align_166_BXD79_CTRL.log>
