Aligning full sample <results/1-ATAC_fastq/subsampling/228_DBA_CTRL_full.fq.gz> to <mm10> genome annotation
Time loading reference: 00:00:00
Time loading forward index: 00:00:00
Time loading mirror index: 00:00:01
Multiseed full-index search: 00:21:22
66510615 reads; of these:
  66510615 (100.00%) were unpaired; of these:
    319348 (0.48%) aligned 0 times
    43730876 (65.75%) aligned exactly 1 time
    22460391 (33.77%) aligned >1 times
99.52% overall alignment rate
Time searching: 00:21:23
Overall time: 00:21:23
Aligning subsample <results/1-ATAC_fastq/subsampling/228_DBA_CTRL_sub1.fq.gz> to <mm10> genome annotation
Time loading reference: 00:00:00
Time loading forward index: 00:00:00
Time loading mirror index: 00:00:01
Multiseed full-index search: 00:06:27
20000000 reads; of these:
  20000000 (100.00%) were unpaired; of these:
    96101 (0.48%) aligned 0 times
    13150040 (65.75%) aligned exactly 1 time
    6753859 (33.77%) aligned >1 times
99.52% overall alignment rate
Time searching: 00:06:28
Overall time: 00:06:28
Aligning subsample <results/1-ATAC_fastq/subsampling/228_DBA_CTRL_sub2.fq.gz> to <mm10> genome annotation
Time loading reference: 00:00:00
Time loading forward index: 00:00:01
Time loading mirror index: 00:00:00
Multiseed full-index search: 00:04:53
15000000 reads; of these:
  15000000 (100.00%) were unpaired; of these:
    72077 (0.48%) aligned 0 times
    9864585 (65.76%) aligned exactly 1 time
    5063338 (33.76%) aligned >1 times
99.52% overall alignment rate
Time searching: 00:04:54
Overall time: 00:04:54
Logs saved in <logs/2-ATAC_align/align_228_DBA_CTRL.log>
