Aligning full sample <results/1-ATAC_fastq/subsampling/006_BXD55_CTRL_full.fq.gz> to <mm10> genome annotation
Time loading reference: 00:00:00
Time loading forward index: 00:00:00
Time loading mirror index: 00:00:01
Multiseed full-index search: 00:11:34
41949944 reads; of these:
  41949944 (100.00%) were unpaired; of these:
    428738 (1.02%) aligned 0 times
    23304360 (55.55%) aligned exactly 1 time
    18216846 (43.43%) aligned >1 times
98.98% overall alignment rate
Time searching: 00:11:35
Overall time: 00:11:35
Aligning subsample <results/1-ATAC_fastq/subsampling/006_BXD55_CTRL_sub1.fq.gz> to <mm10> genome annotation
Time loading reference: 00:00:01
Time loading forward index: 00:00:00
Time loading mirror index: 00:00:00
Multiseed full-index search: 00:05:32
20000000 reads; of these:
  20000000 (100.00%) were unpaired; of these:
    204521 (1.02%) aligned 0 times
    11110389 (55.55%) aligned exactly 1 time
    8685090 (43.43%) aligned >1 times
98.98% overall alignment rate
Time searching: 00:05:33
Overall time: 00:05:33
Aligning subsample <results/1-ATAC_fastq/subsampling/006_BXD55_CTRL_sub2.fq.gz> to <mm10> genome annotation
Time loading reference: 00:00:00
Time loading forward index: 00:00:01
Time loading mirror index: 00:00:00
Multiseed full-index search: 00:04:07
15000000 reads; of these:
  15000000 (100.00%) were unpaired; of these:
    153218 (1.02%) aligned 0 times
    8331855 (55.55%) aligned exactly 1 time
    6514927 (43.43%) aligned >1 times
98.98% overall alignment rate
Time searching: 00:04:08
Overall time: 00:04:08
Logs saved in <logs/2-ATAC_align/align_006_BXD55_CTRL.log>
