Aligning full sample <results/1-ATAC_fastq/subsampling/158_BXD64_CTRL_full.fq.gz> to <mm10> genome annotation
Time loading reference: 00:00:00
Time loading forward index: 00:00:01
Time loading mirror index: 00:00:00
Multiseed full-index search: 00:14:56
46218444 reads; of these:
  46218444 (100.00%) were unpaired; of these:
    212169 (0.46%) aligned 0 times
    28185211 (60.98%) aligned exactly 1 time
    17821064 (38.56%) aligned >1 times
99.54% overall alignment rate
Time searching: 00:14:57
Overall time: 00:14:57
Aligning subsample <results/1-ATAC_fastq/subsampling/158_BXD64_CTRL_sub1.fq.gz> to <mm10> genome annotation
Time loading reference: 00:00:00
Time loading forward index: 00:00:01
Time loading mirror index: 00:00:00
Multiseed full-index search: 00:06:27
20000000 reads; of these:
  20000000 (100.00%) were unpaired; of these:
    91655 (0.46%) aligned 0 times
    12195976 (60.98%) aligned exactly 1 time
    7712369 (38.56%) aligned >1 times
99.54% overall alignment rate
Time searching: 00:06:28
Overall time: 00:06:28
Aligning subsample <results/1-ATAC_fastq/subsampling/158_BXD64_CTRL_sub2.fq.gz> to <mm10> genome annotation
Time loading reference: 00:00:00
Time loading forward index: 00:00:01
Time loading mirror index: 00:00:00
Multiseed full-index search: 00:04:49
15000000 reads; of these:
  15000000 (100.00%) were unpaired; of these:
    69195 (0.46%) aligned 0 times
    9147995 (60.99%) aligned exactly 1 time
    5782810 (38.55%) aligned >1 times
99.54% overall alignment rate
Time searching: 00:04:50
Overall time: 00:04:50
Logs saved in <logs/2-ATAC_align/align_158_BXD64_CTRL.log>
