Aligning full sample <results/1-ATAC_fastq/subsampling/010_BXD61_CTRL_full.fq.gz> to <mm10> genome annotation
Time loading reference: 00:00:00
Time loading forward index: 00:00:00
Time loading mirror index: 00:00:01
Multiseed full-index search: 00:09:56
44408999 reads; of these:
  44408999 (100.00%) were unpaired; of these:
    355279 (0.80%) aligned 0 times
    26128370 (58.84%) aligned exactly 1 time
    17925350 (40.36%) aligned >1 times
99.20% overall alignment rate
Time searching: 00:09:57
Overall time: 00:09:57
Aligning subsample <results/1-ATAC_fastq/subsampling/010_BXD61_CTRL_sub1.fq.gz> to <mm10> genome annotation
Time loading reference: 00:00:00
Time loading forward index: 00:00:00
Time loading mirror index: 00:00:01
Multiseed full-index search: 00:04:27
20000000 reads; of these:
  20000000 (100.00%) were unpaired; of these:
    160192 (0.80%) aligned 0 times
    11768087 (58.84%) aligned exactly 1 time
    8071721 (40.36%) aligned >1 times
99.20% overall alignment rate
Time searching: 00:04:28
Overall time: 00:04:28
Aligning subsample <results/1-ATAC_fastq/subsampling/010_BXD61_CTRL_sub2.fq.gz> to <mm10> genome annotation
Time loading reference: 00:00:00
Time loading forward index: 00:00:00
Time loading mirror index: 00:00:01
Multiseed full-index search: 00:03:17
15000000 reads; of these:
  15000000 (100.00%) were unpaired; of these:
    120047 (0.80%) aligned 0 times
    8826176 (58.84%) aligned exactly 1 time
    6053777 (40.36%) aligned >1 times
99.20% overall alignment rate
Time searching: 00:03:18
Overall time: 00:03:18
Logs saved in <logs/2-ATAC_align/align_010_BXD61_CTRL.log>
