Aligning full sample <results/1-ATAC_fastq/subsampling/171_BXD85_SD_full.fq.gz> to <mm10> genome annotation
Time loading reference: 00:00:00
Time loading forward index: 00:00:00
Time loading mirror index: 00:00:00
Multiseed full-index search: 00:17:15
42083634 reads; of these:
  42083634 (100.00%) were unpaired; of these:
    696009 (1.65%) aligned 0 times
    25996971 (61.77%) aligned exactly 1 time
    15390654 (36.57%) aligned >1 times
98.35% overall alignment rate
Time searching: 00:17:15
Overall time: 00:17:15
Aligning subsample <results/1-ATAC_fastq/subsampling/171_BXD85_SD_sub1.fq.gz> to <mm10> genome annotation
Time loading reference: 00:00:00
Time loading forward index: 00:00:01
Time loading mirror index: 00:00:00
Multiseed full-index search: 00:08:12
20000000 reads; of these:
  20000000 (100.00%) were unpaired; of these:
    330737 (1.65%) aligned 0 times
    12353525 (61.77%) aligned exactly 1 time
    7315738 (36.58%) aligned >1 times
98.35% overall alignment rate
Time searching: 00:08:13
Overall time: 00:08:13
Aligning subsample <results/1-ATAC_fastq/subsampling/171_BXD85_SD_sub2.fq.gz> to <mm10> genome annotation
Time loading reference: 00:00:00
Time loading forward index: 00:00:01
Time loading mirror index: 00:00:00
Multiseed full-index search: 00:06:12
15000000 reads; of these:
  15000000 (100.00%) were unpaired; of these:
    247982 (1.65%) aligned 0 times
    9266021 (61.77%) aligned exactly 1 time
    5485997 (36.57%) aligned >1 times
98.35% overall alignment rate
Time searching: 00:06:13
Overall time: 00:06:13
Logs saved in <logs/2-ATAC_align/align_171_BXD85_SD.log>
