Aligning full sample <results/1-ATAC_fastq/subsampling/024_BXD84_CTRL_full.fq.gz> to <mm10> genome annotation
Time loading reference: 00:00:00
Time loading forward index: 00:00:00
Time loading mirror index: 00:00:00
Multiseed full-index search: 00:07:50
34204054 reads; of these:
  34204054 (100.00%) were unpaired; of these:
    466276 (1.36%) aligned 0 times
    18498407 (54.08%) aligned exactly 1 time
    15239371 (44.55%) aligned >1 times
98.64% overall alignment rate
Time searching: 00:07:50
Overall time: 00:07:50
Aligning subsample <results/1-ATAC_fastq/subsampling/024_BXD84_CTRL_sub1.fq.gz> to <mm10> genome annotation
Time loading reference: 00:00:00
Time loading forward index: 00:00:01
Time loading mirror index: 00:00:00
Multiseed full-index search: 00:04:38
20000000 reads; of these:
  20000000 (100.00%) were unpaired; of these:
    272558 (1.36%) aligned 0 times
    10816559 (54.08%) aligned exactly 1 time
    8910883 (44.55%) aligned >1 times
98.64% overall alignment rate
Time searching: 00:04:39
Overall time: 00:04:39
Aligning subsample <results/1-ATAC_fastq/subsampling/024_BXD84_CTRL_sub2.fq.gz> to <mm10> genome annotation
Time loading reference: 00:00:00
Time loading forward index: 00:00:00
Time loading mirror index: 00:00:01
Multiseed full-index search: 00:03:25
15000000 reads; of these:
  15000000 (100.00%) were unpaired; of these:
    203596 (1.36%) aligned 0 times
    8112781 (54.09%) aligned exactly 1 time
    6683623 (44.56%) aligned >1 times
98.64% overall alignment rate
Time searching: 00:03:26
Overall time: 00:03:26
Logs saved in <logs/2-ATAC_align/align_024_BXD84_CTRL.log>
