Aligning full sample <results/1-ATAC_fastq/subsampling/037_BXD48_SD_full.fq.gz> to <mm10> genome annotation
Time loading reference: 00:00:00
Time loading forward index: 00:00:01
Time loading mirror index: 00:00:00
Multiseed full-index search: 00:10:19
34981733 reads; of these:
  34981733 (100.00%) were unpaired; of these:
    504304 (1.44%) aligned 0 times
    18440653 (52.72%) aligned exactly 1 time
    16036776 (45.84%) aligned >1 times
98.56% overall alignment rate
Time searching: 00:10:20
Overall time: 00:10:20
Aligning subsample <results/1-ATAC_fastq/subsampling/037_BXD48_SD_sub1.fq.gz> to <mm10> genome annotation
Time loading reference: 00:00:00
Time loading forward index: 00:00:01
Time loading mirror index: 00:00:00
Multiseed full-index search: 00:05:55
20000000 reads; of these:
  20000000 (100.00%) were unpaired; of these:
    288602 (1.44%) aligned 0 times
    10540261 (52.70%) aligned exactly 1 time
    9171137 (45.86%) aligned >1 times
98.56% overall alignment rate
Time searching: 00:05:56
Overall time: 00:05:56
Aligning subsample <results/1-ATAC_fastq/subsampling/037_BXD48_SD_sub2.fq.gz> to <mm10> genome annotation
Time loading reference: 00:00:01
Time loading forward index: 00:00:00
Time loading mirror index: 00:00:00
Multiseed full-index search: 00:04:29
15000000 reads; of these:
  15000000 (100.00%) were unpaired; of these:
    216265 (1.44%) aligned 0 times
    7907217 (52.71%) aligned exactly 1 time
    6876518 (45.84%) aligned >1 times
98.56% overall alignment rate
Time searching: 00:04:30
Overall time: 00:04:30
Logs saved in <logs/2-ATAC_align/align_037_BXD48_SD.log>
