Aligning full sample <results/1-ATAC_fastq/subsampling/115_BXD48_SD_full.fq.gz> to <mm10> genome annotation
Time loading reference: 00:00:00
Time loading forward index: 00:00:00
Time loading mirror index: 00:00:01
Multiseed full-index search: 00:09:49
38610683 reads; of these:
  38610683 (100.00%) were unpaired; of these:
    431510 (1.12%) aligned 0 times
    21586565 (55.91%) aligned exactly 1 time
    16592608 (42.97%) aligned >1 times
98.88% overall alignment rate
Time searching: 00:09:50
Overall time: 00:09:50
Aligning subsample <results/1-ATAC_fastq/subsampling/115_BXD48_SD_sub1.fq.gz> to <mm10> genome annotation
Time loading reference: 00:00:00
Time loading forward index: 00:00:00
Time loading mirror index: 00:00:00
Multiseed full-index search: 00:05:09
20000000 reads; of these:
  20000000 (100.00%) were unpaired; of these:
    223533 (1.12%) aligned 0 times
    11179482 (55.90%) aligned exactly 1 time
    8596985 (42.98%) aligned >1 times
98.88% overall alignment rate
Time searching: 00:05:09
Overall time: 00:05:09
Aligning subsample <results/1-ATAC_fastq/subsampling/115_BXD48_SD_sub2.fq.gz> to <mm10> genome annotation
Time loading reference: 00:00:00
Time loading forward index: 00:00:01
Time loading mirror index: 00:00:00
Multiseed full-index search: 00:03:49
15000000 reads; of these:
  15000000 (100.00%) were unpaired; of these:
    167744 (1.12%) aligned 0 times
    8385868 (55.91%) aligned exactly 1 time
    6446388 (42.98%) aligned >1 times
98.88% overall alignment rate
Time searching: 00:03:50
Overall time: 00:03:50
Logs saved in <logs/2-ATAC_align/align_115_BXD48_SD.log>
