Aligning full sample <results/1-ATAC_fastq/subsampling/164_BXD70_CTRL_full.fq.gz> to <mm10> genome annotation
Time loading reference: 00:00:00
Time loading forward index: 00:00:01
Time loading mirror index: 00:00:00
Multiseed full-index search: 00:13:49
46233107 reads; of these:
  46233107 (100.00%) were unpaired; of these:
    296304 (0.64%) aligned 0 times
    28734991 (62.15%) aligned exactly 1 time
    17201812 (37.21%) aligned >1 times
99.36% overall alignment rate
Time searching: 00:13:50
Overall time: 00:13:50
Aligning subsample <results/1-ATAC_fastq/subsampling/164_BXD70_CTRL_sub1.fq.gz> to <mm10> genome annotation
Time loading reference: 00:00:00
Time loading forward index: 00:00:01
Time loading mirror index: 00:00:00
Multiseed full-index search: 00:06:00
20000000 reads; of these:
  20000000 (100.00%) were unpaired; of these:
    128123 (0.64%) aligned 0 times
    12434648 (62.17%) aligned exactly 1 time
    7437229 (37.19%) aligned >1 times
99.36% overall alignment rate
Time searching: 00:06:01
Overall time: 00:06:01
Aligning subsample <results/1-ATAC_fastq/subsampling/164_BXD70_CTRL_sub2.fq.gz> to <mm10> genome annotation
Time loading reference: 00:00:00
Time loading forward index: 00:00:00
Time loading mirror index: 00:00:01
Multiseed full-index search: 00:04:33
15000000 reads; of these:
  15000000 (100.00%) were unpaired; of these:
    96422 (0.64%) aligned 0 times
    9318954 (62.13%) aligned exactly 1 time
    5584624 (37.23%) aligned >1 times
99.36% overall alignment rate
Time searching: 00:04:34
Overall time: 00:04:34
Logs saved in <logs/2-ATAC_align/align_164_BXD70_CTRL.log>
