Aligning full sample <results/1-ATAC_fastq/subsampling/093_BXD73_CTRL_full.fq.gz> to <mm10> genome annotation
Time loading reference: 00:00:01
Time loading forward index: 00:00:00
Time loading mirror index: 00:00:00
Multiseed full-index search: 00:13:54
49069277 reads; of these:
  49069277 (100.00%) were unpaired; of these:
    216570 (0.44%) aligned 0 times
    31038818 (63.26%) aligned exactly 1 time
    17813889 (36.30%) aligned >1 times
99.56% overall alignment rate
Time searching: 00:13:55
Overall time: 00:13:55
Aligning subsample <results/1-ATAC_fastq/subsampling/093_BXD73_CTRL_sub1.fq.gz> to <mm10> genome annotation
Time loading reference: 00:00:00
Time loading forward index: 00:00:00
Time loading mirror index: 00:00:00
Multiseed full-index search: 00:05:40
20000000 reads; of these:
  20000000 (100.00%) were unpaired; of these:
    88535 (0.44%) aligned 0 times
    12648956 (63.24%) aligned exactly 1 time
    7262509 (36.31%) aligned >1 times
99.56% overall alignment rate
Time searching: 00:05:40
Overall time: 00:05:40
Aligning subsample <results/1-ATAC_fastq/subsampling/093_BXD73_CTRL_sub2.fq.gz> to <mm10> genome annotation
Time loading reference: 00:00:00
Time loading forward index: 00:00:01
Time loading mirror index: 00:00:00
Multiseed full-index search: 00:04:16
15000000 reads; of these:
  15000000 (100.00%) were unpaired; of these:
    66145 (0.44%) aligned 0 times
    9489359 (63.26%) aligned exactly 1 time
    5444496 (36.30%) aligned >1 times
99.56% overall alignment rate
Time searching: 00:04:17
Overall time: 00:04:17
Logs saved in <logs/2-ATAC_align/align_093_BXD73_CTRL.log>
