Aligning full sample <results/1-ATAC_fastq/subsampling/155_BXD50_SD_full.fq.gz> to <mm10> genome annotation
Time loading reference: 00:00:00
Time loading forward index: 00:00:00
Time loading mirror index: 00:00:00
Multiseed full-index search: 00:25:27
57944661 reads; of these:
  57944661 (100.00%) were unpaired; of these:
    216966 (0.37%) aligned 0 times
    36569326 (63.11%) aligned exactly 1 time
    21158369 (36.51%) aligned >1 times
99.63% overall alignment rate
Time searching: 00:25:27
Overall time: 00:25:27
Aligning subsample <results/1-ATAC_fastq/subsampling/155_BXD50_SD_sub1.fq.gz> to <mm10> genome annotation
Time loading reference: 00:00:00
Time loading forward index: 00:00:00
Time loading mirror index: 00:00:00
Multiseed full-index search: 00:08:57
20000000 reads; of these:
  20000000 (100.00%) were unpaired; of these:
    74879 (0.37%) aligned 0 times
    12622385 (63.11%) aligned exactly 1 time
    7302736 (36.51%) aligned >1 times
99.63% overall alignment rate
Time searching: 00:08:57
Overall time: 00:08:57
Aligning subsample <results/1-ATAC_fastq/subsampling/155_BXD50_SD_sub2.fq.gz> to <mm10> genome annotation
Time loading reference: 00:00:00
Time loading forward index: 00:00:00
Time loading mirror index: 00:00:00
Multiseed full-index search: 00:06:42
15000000 reads; of these:
  15000000 (100.00%) were unpaired; of these:
    56288 (0.38%) aligned 0 times
    9466215 (63.11%) aligned exactly 1 time
    5477497 (36.52%) aligned >1 times
99.62% overall alignment rate
Time searching: 00:06:42
Overall time: 00:06:42
Logs saved in <logs/2-ATAC_align/align_155_BXD50_SD.log>
