Aligning full sample <results/1-ATAC_fastq/subsampling/220_BXD71_CTRL_full.fq.gz> to <mm10> genome annotation
Time loading reference: 00:00:00
Time loading forward index: 00:00:00
Time loading mirror index: 00:00:01
Multiseed full-index search: 00:13:14
43362132 reads; of these:
  43362132 (100.00%) were unpaired; of these:
    226762 (0.52%) aligned 0 times
    26821885 (61.86%) aligned exactly 1 time
    16313485 (37.62%) aligned >1 times
99.48% overall alignment rate
Time searching: 00:13:15
Overall time: 00:13:15
Aligning subsample <results/1-ATAC_fastq/subsampling/220_BXD71_CTRL_sub1.fq.gz> to <mm10> genome annotation
Time loading reference: 00:00:01
Time loading forward index: 00:00:00
Time loading mirror index: 00:00:00
Multiseed full-index search: 00:06:07
20000000 reads; of these:
  20000000 (100.00%) were unpaired; of these:
    104443 (0.52%) aligned 0 times
    12369792 (61.85%) aligned exactly 1 time
    7525765 (37.63%) aligned >1 times
99.48% overall alignment rate
Time searching: 00:06:08
Overall time: 00:06:08
Aligning subsample <results/1-ATAC_fastq/subsampling/220_BXD71_CTRL_sub2.fq.gz> to <mm10> genome annotation
Time loading reference: 00:00:01
Time loading forward index: 00:00:00
Time loading mirror index: 00:00:00
Multiseed full-index search: 00:04:38
15000000 reads; of these:
  15000000 (100.00%) were unpaired; of these:
    78427 (0.52%) aligned 0 times
    9277654 (61.85%) aligned exactly 1 time
    5643919 (37.63%) aligned >1 times
99.48% overall alignment rate
Time searching: 00:04:39
Overall time: 00:04:39
Logs saved in <logs/2-ATAC_align/align_220_BXD71_CTRL.log>
