Aligning full sample <results/1-ATAC_fastq/subsampling/047_BXD64_SD_full.fq.gz> to <mm10> genome annotation
Time loading reference: 00:00:00
Time loading forward index: 00:00:00
Time loading mirror index: 00:00:00
Multiseed full-index search: 00:10:46
41538693 reads; of these:
  41538693 (100.00%) were unpaired; of these:
    446834 (1.08%) aligned 0 times
    24626714 (59.29%) aligned exactly 1 time
    16465145 (39.64%) aligned >1 times
98.92% overall alignment rate
Time searching: 00:10:46
Overall time: 00:10:46
Aligning subsample <results/1-ATAC_fastq/subsampling/047_BXD64_SD_sub1.fq.gz> to <mm10> genome annotation
Time loading reference: 00:00:01
Time loading forward index: 00:00:00
Time loading mirror index: 00:00:00
Multiseed full-index search: 00:05:10
20000000 reads; of these:
  20000000 (100.00%) were unpaired; of these:
    215366 (1.08%) aligned 0 times
    11855446 (59.28%) aligned exactly 1 time
    7929188 (39.65%) aligned >1 times
98.92% overall alignment rate
Time searching: 00:05:11
Overall time: 00:05:11
Aligning subsample <results/1-ATAC_fastq/subsampling/047_BXD64_SD_sub2.fq.gz> to <mm10> genome annotation
Time loading reference: 00:00:00
Time loading forward index: 00:00:00
Time loading mirror index: 00:00:00
Multiseed full-index search: 00:03:52
15000000 reads; of these:
  15000000 (100.00%) were unpaired; of these:
    161277 (1.08%) aligned 0 times
    8890897 (59.27%) aligned exactly 1 time
    5947826 (39.65%) aligned >1 times
98.92% overall alignment rate
Time searching: 00:03:52
Overall time: 00:03:52
Logs saved in <logs/2-ATAC_align/align_047_BXD64_SD.log>
