Aligning full sample <results/1-ATAC_fastq/subsampling/076_BXD43_SD_full.fq.gz> to <mm10> genome annotation
Time loading reference: 00:00:01
Time loading forward index: 00:00:00
Time loading mirror index: 00:00:00
Multiseed full-index search: 00:15:39
44288262 reads; of these:
  44288262 (100.00%) were unpaired; of these:
    279300 (0.63%) aligned 0 times
    26613954 (60.09%) aligned exactly 1 time
    17395008 (39.28%) aligned >1 times
99.37% overall alignment rate
Time searching: 00:15:40
Overall time: 00:15:40
Aligning subsample <results/1-ATAC_fastq/subsampling/076_BXD43_SD_sub1.fq.gz> to <mm10> genome annotation
Time loading reference: 00:00:00
Time loading forward index: 00:00:01
Time loading mirror index: 00:00:00
Multiseed full-index search: 00:07:04
20000000 reads; of these:
  20000000 (100.00%) were unpaired; of these:
    125689 (0.63%) aligned 0 times
    12018806 (60.09%) aligned exactly 1 time
    7855505 (39.28%) aligned >1 times
99.37% overall alignment rate
Time searching: 00:07:06
Overall time: 00:07:06
Aligning subsample <results/1-ATAC_fastq/subsampling/076_BXD43_SD_sub2.fq.gz> to <mm10> genome annotation
Time loading reference: 00:00:00
Time loading forward index: 00:00:00
Time loading mirror index: 00:00:00
Multiseed full-index search: 00:05:19
15000000 reads; of these:
  15000000 (100.00%) were unpaired; of these:
    94207 (0.63%) aligned 0 times
    9013169 (60.09%) aligned exactly 1 time
    5892624 (39.28%) aligned >1 times
99.37% overall alignment rate
Time searching: 00:05:19
Overall time: 00:05:19
Logs saved in <logs/2-ATAC_align/align_076_BXD43_SD.log>
