Aligning full sample <results/1-ATAC_fastq/subsampling/195_BXD98_SD_full.fq.gz> to <mm10> genome annotation
Time loading reference: 00:00:00
Time loading forward index: 00:00:00
Time loading mirror index: 00:00:01
Multiseed full-index search: 00:12:43
45359989 reads; of these:
  45359989 (100.00%) were unpaired; of these:
    287162 (0.63%) aligned 0 times
    28374925 (62.55%) aligned exactly 1 time
    16697902 (36.81%) aligned >1 times
99.37% overall alignment rate
Time searching: 00:12:44
Overall time: 00:12:44
Aligning subsample <results/1-ATAC_fastq/subsampling/195_BXD98_SD_sub1.fq.gz> to <mm10> genome annotation
Time loading reference: 00:00:00
Time loading forward index: 00:00:01
Time loading mirror index: 00:00:00
Multiseed full-index search: 00:05:35
20000000 reads; of these:
  20000000 (100.00%) were unpaired; of these:
    125988 (0.63%) aligned 0 times
    12512135 (62.56%) aligned exactly 1 time
    7361877 (36.81%) aligned >1 times
99.37% overall alignment rate
Time searching: 00:05:36
Overall time: 00:05:36
Aligning subsample <results/1-ATAC_fastq/subsampling/195_BXD98_SD_sub2.fq.gz> to <mm10> genome annotation
Time loading reference: 00:00:00
Time loading forward index: 00:00:01
Time loading mirror index: 00:00:00
Multiseed full-index search: 00:04:13
15000000 reads; of these:
  15000000 (100.00%) were unpaired; of these:
    94747 (0.63%) aligned 0 times
    9385857 (62.57%) aligned exactly 1 time
    5519396 (36.80%) aligned >1 times
99.37% overall alignment rate
Time searching: 00:04:14
Overall time: 00:04:14
Logs saved in <logs/2-ATAC_align/align_195_BXD98_SD.log>
