Aligning full sample <results/1-ATAC_fastq/subsampling/150_BXD45_CTRL_full.fq.gz> to <mm10> genome annotation
Time loading reference: 00:00:01
Time loading forward index: 00:00:00
Time loading mirror index: 00:00:00
Multiseed full-index search: 00:13:20
53722609 reads; of these:
  53722609 (100.00%) were unpaired; of these:
    236684 (0.44%) aligned 0 times
    34050877 (63.38%) aligned exactly 1 time
    19435048 (36.18%) aligned >1 times
99.56% overall alignment rate
Time searching: 00:13:21
Overall time: 00:13:21
Aligning subsample <results/1-ATAC_fastq/subsampling/150_BXD45_CTRL_sub1.fq.gz> to <mm10> genome annotation
Time loading reference: 00:00:00
Time loading forward index: 00:00:00
Time loading mirror index: 00:00:01
Multiseed full-index search: 00:05:01
20000000 reads; of these:
  20000000 (100.00%) were unpaired; of these:
    87958 (0.44%) aligned 0 times
    12674808 (63.37%) aligned exactly 1 time
    7237234 (36.19%) aligned >1 times
99.56% overall alignment rate
Time searching: 00:05:02
Overall time: 00:05:02
Aligning subsample <results/1-ATAC_fastq/subsampling/150_BXD45_CTRL_sub2.fq.gz> to <mm10> genome annotation
Time loading reference: 00:00:00
Time loading forward index: 00:00:01
Time loading mirror index: 00:00:00
Multiseed full-index search: 00:03:41
15000000 reads; of these:
  15000000 (100.00%) were unpaired; of these:
    65879 (0.44%) aligned 0 times
    9506848 (63.38%) aligned exactly 1 time
    5427273 (36.18%) aligned >1 times
99.56% overall alignment rate
Time searching: 00:03:42
Overall time: 00:03:42
Logs saved in <logs/2-ATAC_align/align_150_BXD45_CTRL.log>
