Aligning full sample <results/1-ATAC_fastq/subsampling/117_BXD49_SD_full.fq.gz> to <mm10> genome annotation
Time loading reference: 00:00:00
Time loading forward index: 00:00:00
Time loading mirror index: 00:00:00
Multiseed full-index search: 00:11:07
43244637 reads; of these:
  43244637 (100.00%) were unpaired; of these:
    353834 (0.82%) aligned 0 times
    25655809 (59.33%) aligned exactly 1 time
    17234994 (39.85%) aligned >1 times
99.18% overall alignment rate
Time searching: 00:11:07
Overall time: 00:11:07
Aligning subsample <results/1-ATAC_fastq/subsampling/117_BXD49_SD_sub1.fq.gz> to <mm10> genome annotation
Time loading reference: 00:00:01
Time loading forward index: 00:00:00
Time loading mirror index: 00:00:00
Multiseed full-index search: 00:05:11
20000000 reads; of these:
  20000000 (100.00%) were unpaired; of these:
    163469 (0.82%) aligned 0 times
    11864257 (59.32%) aligned exactly 1 time
    7972274 (39.86%) aligned >1 times
99.18% overall alignment rate
Time searching: 00:05:12
Overall time: 00:05:12
Aligning subsample <results/1-ATAC_fastq/subsampling/117_BXD49_SD_sub2.fq.gz> to <mm10> genome annotation
Time loading reference: 00:00:00
Time loading forward index: 00:00:01
Time loading mirror index: 00:00:00
Multiseed full-index search: 00:03:55
15000000 reads; of these:
  15000000 (100.00%) were unpaired; of these:
    122407 (0.82%) aligned 0 times
    8899383 (59.33%) aligned exactly 1 time
    5978210 (39.85%) aligned >1 times
99.18% overall alignment rate
Time searching: 00:03:56
Overall time: 00:03:56
Logs saved in <logs/2-ATAC_align/align_117_BXD49_SD.log>
