Aligning full sample <results/1-ATAC_fastq/subsampling/062_BXD90_CTRL_full.fq.gz> to <mm10> genome annotation
Time loading reference: 00:00:01
Time loading forward index: 00:00:00
Time loading mirror index: 00:00:00
Multiseed full-index search: 00:09:07
41240347 reads; of these:
  41240347 (100.00%) were unpaired; of these:
    363575 (0.88%) aligned 0 times
    24025628 (58.26%) aligned exactly 1 time
    16851144 (40.86%) aligned >1 times
99.12% overall alignment rate
Time searching: 00:09:08
Overall time: 00:09:08
Aligning subsample <results/1-ATAC_fastq/subsampling/062_BXD90_CTRL_sub1.fq.gz> to <mm10> genome annotation
Time loading reference: 00:00:01
Time loading forward index: 00:00:00
Time loading mirror index: 00:00:00
Multiseed full-index search: 00:04:30
20000000 reads; of these:
  20000000 (100.00%) were unpaired; of these:
    176270 (0.88%) aligned 0 times
    11652705 (58.26%) aligned exactly 1 time
    8171025 (40.86%) aligned >1 times
99.12% overall alignment rate
Time searching: 00:04:31
Overall time: 00:04:31
Aligning subsample <results/1-ATAC_fastq/subsampling/062_BXD90_CTRL_sub2.fq.gz> to <mm10> genome annotation
Time loading reference: 00:00:00
Time loading forward index: 00:00:00
Time loading mirror index: 00:00:01
Multiseed full-index search: 00:03:20
15000000 reads; of these:
  15000000 (100.00%) were unpaired; of these:
    131830 (0.88%) aligned 0 times
    8739610 (58.26%) aligned exactly 1 time
    6128560 (40.86%) aligned >1 times
99.12% overall alignment rate
Time searching: 00:03:21
Overall time: 00:03:21
Logs saved in <logs/2-ATAC_align/align_062_BXD90_CTRL.log>
