Aligning full sample <results/1-ATAC_fastq/subsampling/121_BXD55_SD_full.fq.gz> to <mm10> genome annotation
Time loading reference: 00:00:00
Time loading forward index: 00:00:01
Time loading mirror index: 00:00:00
Multiseed full-index search: 00:12:35
49316300 reads; of these:
  49316300 (100.00%) were unpaired; of these:
    165936 (0.34%) aligned 0 times
    31192941 (63.25%) aligned exactly 1 time
    17957423 (36.41%) aligned >1 times
99.66% overall alignment rate
Time searching: 00:12:36
Overall time: 00:12:36
Aligning subsample <results/1-ATAC_fastq/subsampling/121_BXD55_SD_sub1.fq.gz> to <mm10> genome annotation
Time loading reference: 00:00:01
Time loading forward index: 00:00:00
Time loading mirror index: 00:00:00
Multiseed full-index search: 00:05:11
20000000 reads; of these:
  20000000 (100.00%) were unpaired; of these:
    66953 (0.33%) aligned 0 times
    12649186 (63.25%) aligned exactly 1 time
    7283861 (36.42%) aligned >1 times
99.67% overall alignment rate
Time searching: 00:05:12
Overall time: 00:05:12
Aligning subsample <results/1-ATAC_fastq/subsampling/121_BXD55_SD_sub2.fq.gz> to <mm10> genome annotation
Time loading reference: 00:00:00
Time loading forward index: 00:00:00
Time loading mirror index: 00:00:00
Multiseed full-index search: 00:03:50
15000000 reads; of these:
  15000000 (100.00%) were unpaired; of these:
    50301 (0.34%) aligned 0 times
    9486896 (63.25%) aligned exactly 1 time
    5462803 (36.42%) aligned >1 times
99.66% overall alignment rate
Time searching: 00:03:50
Overall time: 00:03:50
Logs saved in <logs/2-ATAC_align/align_121_BXD55_SD.log>
