Aligning full sample <results/1-ATAC_fastq/subsampling/145_73b_SD_full.fq.gz> to <mm10> genome annotation
Time loading reference: 00:00:00
Time loading forward index: 00:00:01
Time loading mirror index: 00:00:00
Multiseed full-index search: 00:21:03
52103668 reads; of these:
  52103668 (100.00%) were unpaired; of these:
    188005 (0.36%) aligned 0 times
    33599396 (64.49%) aligned exactly 1 time
    18316267 (35.15%) aligned >1 times
99.64% overall alignment rate
Time searching: 00:21:04
Overall time: 00:21:04
Aligning subsample <results/1-ATAC_fastq/subsampling/145_73b_SD_sub1.fq.gz> to <mm10> genome annotation
Time loading reference: 00:00:00
Time loading forward index: 00:00:01
Time loading mirror index: 00:00:00
Multiseed full-index search: 00:08:05
20000000 reads; of these:
  20000000 (100.00%) were unpaired; of these:
    71935 (0.36%) aligned 0 times
    12895071 (64.48%) aligned exactly 1 time
    7032994 (35.16%) aligned >1 times
99.64% overall alignment rate
Time searching: 00:08:06
Overall time: 00:08:06
Aligning subsample <results/1-ATAC_fastq/subsampling/145_73b_SD_sub2.fq.gz> to <mm10> genome annotation
Time loading reference: 00:00:00
Time loading forward index: 00:00:01
Time loading mirror index: 00:00:00
Multiseed full-index search: 00:06:01
15000000 reads; of these:
  15000000 (100.00%) were unpaired; of these:
    53867 (0.36%) aligned 0 times
    9672000 (64.48%) aligned exactly 1 time
    5274133 (35.16%) aligned >1 times
99.64% overall alignment rate
Time searching: 00:06:02
Overall time: 00:06:02
Logs saved in <logs/2-ATAC_align/align_145_73b_SD.log>
