Aligning full sample <results/1-ATAC_fastq/subsampling/196_BXD100_CTRL_full.fq.gz> to <mm10> genome annotation
Time loading reference: 00:00:00
Time loading forward index: 00:00:00
Time loading mirror index: 00:00:00
Multiseed full-index search: 00:22:16
52205737 reads; of these:
  52205737 (100.00%) were unpaired; of these:
    177670 (0.34%) aligned 0 times
    32987059 (63.19%) aligned exactly 1 time
    19041008 (36.47%) aligned >1 times
99.66% overall alignment rate
Time searching: 00:22:16
Overall time: 00:22:16
Aligning subsample <results/1-ATAC_fastq/subsampling/196_BXD100_CTRL_sub1.fq.gz> to <mm10> genome annotation
Time loading reference: 00:00:00
Time loading forward index: 00:00:00
Time loading mirror index: 00:00:01
Multiseed full-index search: 00:08:31
20000000 reads; of these:
  20000000 (100.00%) were unpaired; of these:
    67927 (0.34%) aligned 0 times
    12639013 (63.20%) aligned exactly 1 time
    7293060 (36.47%) aligned >1 times
99.66% overall alignment rate
Time searching: 00:08:32
Overall time: 00:08:32
Aligning subsample <results/1-ATAC_fastq/subsampling/196_BXD100_CTRL_sub2.fq.gz> to <mm10> genome annotation
Time loading reference: 00:00:00
Time loading forward index: 00:00:00
Time loading mirror index: 00:00:00
Multiseed full-index search: 00:06:27
15000000 reads; of these:
  15000000 (100.00%) were unpaired; of these:
    51426 (0.34%) aligned 0 times
    9478029 (63.19%) aligned exactly 1 time
    5470545 (36.47%) aligned >1 times
99.66% overall alignment rate
Time searching: 00:06:27
Overall time: 00:06:27
Logs saved in <logs/2-ATAC_align/align_196_BXD100_CTRL.log>
