Aligning full sample <results/1-ATAC_fastq/subsampling/134_BXD95_CTRL_full.fq.gz> to <mm10> genome annotation
Time loading reference: 00:00:00
Time loading forward index: 00:00:01
Time loading mirror index: 00:00:00
Multiseed full-index search: 00:19:47
47961847 reads; of these:
  47961847 (100.00%) were unpaired; of these:
    230985 (0.48%) aligned 0 times
    30247999 (63.07%) aligned exactly 1 time
    17482863 (36.45%) aligned >1 times
99.52% overall alignment rate
Time searching: 00:19:48
Overall time: 00:19:48
Aligning subsample <results/1-ATAC_fastq/subsampling/134_BXD95_CTRL_sub1.fq.gz> to <mm10> genome annotation
Time loading reference: 00:00:00
Time loading forward index: 00:00:01
Time loading mirror index: 00:00:00
Multiseed full-index search: 00:08:20
20000000 reads; of these:
  20000000 (100.00%) were unpaired; of these:
    96714 (0.48%) aligned 0 times
    12612627 (63.06%) aligned exactly 1 time
    7290659 (36.45%) aligned >1 times
99.52% overall alignment rate
Time searching: 00:08:21
Overall time: 00:08:21
Aligning subsample <results/1-ATAC_fastq/subsampling/134_BXD95_CTRL_sub2.fq.gz> to <mm10> genome annotation
Time loading reference: 00:00:00
Time loading forward index: 00:00:00
Time loading mirror index: 00:00:00
Multiseed full-index search: 00:06:13
15000000 reads; of these:
  15000000 (100.00%) were unpaired; of these:
    72408 (0.48%) aligned 0 times
    9460170 (63.07%) aligned exactly 1 time
    5467422 (36.45%) aligned >1 times
99.52% overall alignment rate
Time searching: 00:06:13
Overall time: 00:06:13
Logs saved in <logs/2-ATAC_align/align_134_BXD95_CTRL.log>
