Aligning full sample <results/1-ATAC_fastq/subsampling/113_DBA_SD_full.fq.gz> to <mm10> genome annotation
Time loading reference: 00:00:00
Time loading forward index: 00:00:00
Time loading mirror index: 00:00:01
Multiseed full-index search: 00:08:33
41844256 reads; of these:
  41844256 (100.00%) were unpaired; of these:
    377482 (0.90%) aligned 0 times
    24433631 (58.39%) aligned exactly 1 time
    17033143 (40.71%) aligned >1 times
99.10% overall alignment rate
Time searching: 00:08:34
Overall time: 00:08:34
Aligning subsample <results/1-ATAC_fastq/subsampling/113_DBA_SD_sub1.fq.gz> to <mm10> genome annotation
Time loading reference: 00:00:00
Time loading forward index: 00:00:00
Time loading mirror index: 00:00:00
Multiseed full-index search: 00:04:09
20000000 reads; of these:
  20000000 (100.00%) were unpaired; of these:
    180151 (0.90%) aligned 0 times
    11680197 (58.40%) aligned exactly 1 time
    8139652 (40.70%) aligned >1 times
99.10% overall alignment rate
Time searching: 00:04:09
Overall time: 00:04:09
Aligning subsample <results/1-ATAC_fastq/subsampling/113_DBA_SD_sub2.fq.gz> to <mm10> genome annotation
Time loading reference: 00:00:00
Time loading forward index: 00:00:00
Time loading mirror index: 00:00:01
Multiseed full-index search: 00:03:07
15000000 reads; of these:
  15000000 (100.00%) were unpaired; of these:
    134990 (0.90%) aligned 0 times
    8758903 (58.39%) aligned exactly 1 time
    6106107 (40.71%) aligned >1 times
99.10% overall alignment rate
Time searching: 00:03:08
Overall time: 00:03:08
Logs saved in <logs/2-ATAC_align/align_113_DBA_SD.log>
