Aligning full sample <results/1-ATAC_fastq/subsampling/226_C57Bl6_CTRL_full.fq.gz> to <mm10> genome annotation
Time loading reference: 00:00:00
Time loading forward index: 00:00:01
Time loading mirror index: 00:00:00
Multiseed full-index search: 00:34:09
77813205 reads; of these:
  77813205 (100.00%) were unpaired; of these:
    137179 (0.18%) aligned 0 times
    52113765 (66.97%) aligned exactly 1 time
    25562261 (32.85%) aligned >1 times
99.82% overall alignment rate
Time searching: 00:34:10
Overall time: 00:34:10
Aligning subsample <results/1-ATAC_fastq/subsampling/226_C57Bl6_CTRL_sub1.fq.gz> to <mm10> genome annotation
Time loading reference: 00:00:01
Time loading forward index: 00:00:00
Time loading mirror index: 00:00:00
Multiseed full-index search: 00:08:46
20000000 reads; of these:
  20000000 (100.00%) were unpaired; of these:
    35207 (0.18%) aligned 0 times
    13393636 (66.97%) aligned exactly 1 time
    6571157 (32.86%) aligned >1 times
99.82% overall alignment rate
Time searching: 00:08:47
Overall time: 00:08:47
Aligning subsample <results/1-ATAC_fastq/subsampling/226_C57Bl6_CTRL_sub2.fq.gz> to <mm10> genome annotation
Time loading reference: 00:00:00
Time loading forward index: 00:00:01
Time loading mirror index: 00:00:00
Multiseed full-index search: 00:06:34
15000000 reads; of these:
  15000000 (100.00%) were unpaired; of these:
    26620 (0.18%) aligned 0 times
    10046818 (66.98%) aligned exactly 1 time
    4926562 (32.84%) aligned >1 times
99.82% overall alignment rate
Time searching: 00:06:35
Overall time: 00:06:35
Logs saved in <logs/2-ATAC_align/align_226_C57Bl6_CTRL.log>
