Aligning full sample <results/1-ATAC_fastq/subsampling/004_BXD51_CTRL_full.fq.gz> to <mm10> genome annotation
Time loading reference: 00:00:00
Time loading forward index: 00:00:00
Time loading mirror index: 00:00:00
Multiseed full-index search: 00:13:25
50612679 reads; of these:
  50612679 (100.00%) were unpaired; of these:
    429876 (0.85%) aligned 0 times
    33071852 (65.34%) aligned exactly 1 time
    17110951 (33.81%) aligned >1 times
99.15% overall alignment rate
Time searching: 00:13:25
Overall time: 00:13:25
Aligning subsample <results/1-ATAC_fastq/subsampling/004_BXD51_CTRL_sub1.fq.gz> to <mm10> genome annotation
Time loading reference: 00:00:00
Time loading forward index: 00:00:01
Time loading mirror index: 00:00:00
Multiseed full-index search: 00:05:20
20000000 reads; of these:
  20000000 (100.00%) were unpaired; of these:
    169830 (0.85%) aligned 0 times
    13068509 (65.34%) aligned exactly 1 time
    6761661 (33.81%) aligned >1 times
99.15% overall alignment rate
Time searching: 00:05:21
Overall time: 00:05:21
Aligning subsample <results/1-ATAC_fastq/subsampling/004_BXD51_CTRL_sub2.fq.gz> to <mm10> genome annotation
Time loading reference: 00:00:00
Time loading forward index: 00:00:00
Time loading mirror index: 00:00:00
Multiseed full-index search: 00:04:01
15000000 reads; of these:
  15000000 (100.00%) were unpaired; of these:
    127069 (0.85%) aligned 0 times
    9802610 (65.35%) aligned exactly 1 time
    5070321 (33.80%) aligned >1 times
99.15% overall alignment rate
Time searching: 00:04:01
Overall time: 00:04:01
Logs saved in <logs/2-ATAC_align/align_004_BXD51_CTRL.log>
