Aligning full sample <results/1-ATAC_fastq/subsampling/050_BXD65_CTRL_full.fq.gz> to <mm10> genome annotation
Time loading reference: 00:00:00
Time loading forward index: 00:00:00
Time loading mirror index: 00:00:00
Multiseed full-index search: 00:08:54
37949239 reads; of these:
  37949239 (100.00%) were unpaired; of these:
    248050 (0.65%) aligned 0 times
    21110485 (55.63%) aligned exactly 1 time
    16590704 (43.72%) aligned >1 times
99.35% overall alignment rate
Time searching: 00:08:54
Overall time: 00:08:54
Aligning subsample <results/1-ATAC_fastq/subsampling/050_BXD65_CTRL_sub1.fq.gz> to <mm10> genome annotation
Time loading reference: 00:00:00
Time loading forward index: 00:00:00
Time loading mirror index: 00:00:00
Multiseed full-index search: 00:04:42
20000000 reads; of these:
  20000000 (100.00%) were unpaired; of these:
    130916 (0.65%) aligned 0 times
    11125478 (55.63%) aligned exactly 1 time
    8743606 (43.72%) aligned >1 times
99.35% overall alignment rate
Time searching: 00:04:42
Overall time: 00:04:42
Aligning subsample <results/1-ATAC_fastq/subsampling/050_BXD65_CTRL_sub2.fq.gz> to <mm10> genome annotation
Time loading reference: 00:00:01
Time loading forward index: 00:00:00
Time loading mirror index: 00:00:00
Multiseed full-index search: 00:03:33
15000000 reads; of these:
  15000000 (100.00%) were unpaired; of these:
    98009 (0.65%) aligned 0 times
    8344388 (55.63%) aligned exactly 1 time
    6557603 (43.72%) aligned >1 times
99.35% overall alignment rate
Time searching: 00:03:34
Overall time: 00:03:34
Logs saved in <logs/2-ATAC_align/align_050_BXD65_CTRL.log>
