Aligning full sample <results/1-ATAC_fastq/subsampling/183_DBA_SD_full.fq.gz> to <mm10> genome annotation
Time loading reference: 00:00:01
Time loading forward index: 00:00:00
Time loading mirror index: 00:00:00
Multiseed full-index search: 00:14:38
56761801 reads; of these:
  56761801 (100.00%) were unpaired; of these:
    630255 (1.11%) aligned 0 times
    35321897 (62.23%) aligned exactly 1 time
    20809649 (36.66%) aligned >1 times
98.89% overall alignment rate
Time searching: 00:14:39
Overall time: 00:14:39
Aligning subsample <results/1-ATAC_fastq/subsampling/183_DBA_SD_sub1.fq.gz> to <mm10> genome annotation
Time loading reference: 00:00:00
Time loading forward index: 00:00:00
Time loading mirror index: 00:00:01
Multiseed full-index search: 00:05:12
20000000 reads; of these:
  20000000 (100.00%) were unpaired; of these:
    221865 (1.11%) aligned 0 times
    12442562 (62.21%) aligned exactly 1 time
    7335573 (36.68%) aligned >1 times
98.89% overall alignment rate
Time searching: 00:05:13
Overall time: 00:05:13
Aligning subsample <results/1-ATAC_fastq/subsampling/183_DBA_SD_sub2.fq.gz> to <mm10> genome annotation
Time loading reference: 00:00:00
Time loading forward index: 00:00:01
Time loading mirror index: 00:00:00
Multiseed full-index search: 00:03:53
15000000 reads; of these:
  15000000 (100.00%) were unpaired; of these:
    166581 (1.11%) aligned 0 times
    9333339 (62.22%) aligned exactly 1 time
    5500080 (36.67%) aligned >1 times
98.89% overall alignment rate
Time searching: 00:03:54
Overall time: 00:03:54
Logs saved in <logs/2-ATAC_align/align_183_DBA_SD.log>
