Aligning full sample <results/1-ATAC_fastq/subsampling/132_BXD89_CTRL_full.fq.gz> to <mm10> genome annotation
Time loading reference: 00:00:00
Time loading forward index: 00:00:01
Time loading mirror index: 00:00:00
Multiseed full-index search: 00:13:03
44782674 reads; of these:
  44782674 (100.00%) were unpaired; of these:
    347125 (0.78%) aligned 0 times
    27432287 (61.26%) aligned exactly 1 time
    17003262 (37.97%) aligned >1 times
99.22% overall alignment rate
Time searching: 00:13:04
Overall time: 00:13:04
Aligning subsample <results/1-ATAC_fastq/subsampling/132_BXD89_CTRL_sub1.fq.gz> to <mm10> genome annotation
Time loading reference: 00:00:00
Time loading forward index: 00:00:00
Time loading mirror index: 00:00:00
Multiseed full-index search: 00:05:52
20000000 reads; of these:
  20000000 (100.00%) were unpaired; of these:
    154459 (0.77%) aligned 0 times
    12254757 (61.27%) aligned exactly 1 time
    7590784 (37.95%) aligned >1 times
99.23% overall alignment rate
Time searching: 00:05:52
Overall time: 00:05:52
Aligning subsample <results/1-ATAC_fastq/subsampling/132_BXD89_CTRL_sub2.fq.gz> to <mm10> genome annotation
Time loading reference: 00:00:00
Time loading forward index: 00:00:00
Time loading mirror index: 00:00:01
Multiseed full-index search: 00:04:26
15000000 reads; of these:
  15000000 (100.00%) were unpaired; of these:
    116133 (0.77%) aligned 0 times
    9188345 (61.26%) aligned exactly 1 time
    5695522 (37.97%) aligned >1 times
99.23% overall alignment rate
Time searching: 00:04:27
Overall time: 00:04:27
Logs saved in <logs/2-ATAC_align/align_132_BXD89_CTRL.log>
