Aligning full sample <results/1-ATAC_fastq/subsampling/205_BXD44_SD_full.fq.gz> to <mm10> genome annotation
Time loading reference: 00:00:00
Time loading forward index: 00:00:01
Time loading mirror index: 00:00:00
Multiseed full-index search: 00:12:29
49865198 reads; of these:
  49865198 (100.00%) were unpaired; of these:
    242853 (0.49%) aligned 0 times
    32268837 (64.71%) aligned exactly 1 time
    17353508 (34.80%) aligned >1 times
99.51% overall alignment rate
Time searching: 00:12:30
Overall time: 00:12:30
Aligning subsample <results/1-ATAC_fastq/subsampling/205_BXD44_SD_sub1.fq.gz> to <mm10> genome annotation
Time loading reference: 00:00:00
Time loading forward index: 00:00:00
Time loading mirror index: 00:00:00
Multiseed full-index search: 00:05:01
20000000 reads; of these:
  20000000 (100.00%) were unpaired; of these:
    97818 (0.49%) aligned 0 times
    12943585 (64.72%) aligned exactly 1 time
    6958597 (34.79%) aligned >1 times
99.51% overall alignment rate
Time searching: 00:05:01
Overall time: 00:05:01
Aligning subsample <results/1-ATAC_fastq/subsampling/205_BXD44_SD_sub2.fq.gz> to <mm10> genome annotation
Time loading reference: 00:00:00
Time loading forward index: 00:00:00
Time loading mirror index: 00:00:00
Multiseed full-index search: 00:03:48
15000000 reads; of these:
  15000000 (100.00%) were unpaired; of these:
    72881 (0.49%) aligned 0 times
    9707290 (64.72%) aligned exactly 1 time
    5219829 (34.80%) aligned >1 times
99.51% overall alignment rate
Time searching: 00:03:48
Overall time: 00:03:48
Logs saved in <logs/2-ATAC_align/align_205_BXD44_SD.log>
