Aligning full sample <results/1-ATAC_fastq/subsampling/151_BXD45_SD_full.fq.gz> to <mm10> genome annotation
Time loading reference: 00:00:00
Time loading forward index: 00:00:01
Time loading mirror index: 00:00:00
Multiseed full-index search: 00:13:09
49787661 reads; of these:
  49787661 (100.00%) were unpaired; of these:
    180930 (0.36%) aligned 0 times
    31971452 (64.22%) aligned exactly 1 time
    17635279 (35.42%) aligned >1 times
99.64% overall alignment rate
Time searching: 00:13:10
Overall time: 00:13:10
Aligning subsample <results/1-ATAC_fastq/subsampling/151_BXD45_SD_sub1.fq.gz> to <mm10> genome annotation
Time loading reference: 00:00:00
Time loading forward index: 00:00:00
Time loading mirror index: 00:00:01
Multiseed full-index search: 00:05:18
20000000 reads; of these:
  20000000 (100.00%) were unpaired; of these:
    72397 (0.36%) aligned 0 times
    12842948 (64.21%) aligned exactly 1 time
    7084655 (35.42%) aligned >1 times
99.64% overall alignment rate
Time searching: 00:05:19
Overall time: 00:05:19
Aligning subsample <results/1-ATAC_fastq/subsampling/151_BXD45_SD_sub2.fq.gz> to <mm10> genome annotation
Time loading reference: 00:00:01
Time loading forward index: 00:00:00
Time loading mirror index: 00:00:00
Multiseed full-index search: 00:04:04
15000000 reads; of these:
  15000000 (100.00%) were unpaired; of these:
    54556 (0.36%) aligned 0 times
    9634221 (64.23%) aligned exactly 1 time
    5311223 (35.41%) aligned >1 times
99.64% overall alignment rate
Time searching: 00:04:05
Overall time: 00:04:05
Logs saved in <logs/2-ATAC_align/align_151_BXD45_SD.log>
