Reading inputs
Loading required namespace: edgeR
[1] "Running enrichment for DEG"
'select()' returned 1:1 mapping between keys and columns
[1] "ORA analyses for Reactome"
[1] "genes "
#
# over-representation test
#
#...@organism 	 mouse 
#...@ontology 	 Reactome 
#...@keytype 	 ENTREZID 
#...@gene 	 chr [1:11165] "12282" "12304" "14828" "57778" "381511" "64136" "210573" ...
#...pvalues adjusted by 'BH' with cutoff <0.05 
#...59 enriched terms found
'data.frame':	59 obs. of  12 variables:
 $ ID            : chr  "R-MMU-9012999" "R-MMU-9007101" "R-MMU-9675108" "R-MMU-422475" ...
 $ Description   : chr  "RHO GTPase cycle" "Rab regulation of trafficking" "Nervous system development" "Axon guidance" ...
 $ GeneRatio     : chr  "292/5510" "94/5510" "191/5510" "190/5510" ...
 $ BgRatio       : chr  "382/8736" "110/8736" "245/8736" "244/8736" ...
 $ RichFactor    : num  0.764 0.855 0.78 0.779 0.743 ...
 $ FoldEnrichment: num  1.21 1.35 1.24 1.23 1.18 ...
 $ zScore        : num  5.54 4.89 4.9 4.86 4.77 ...
 $ pvalue        : num  7.81e-09 1.53e-07 2.77e-07 3.46e-07 6.72e-07 ...
 $ p.adjust      : num  9.17e-06 8.95e-05 1.01e-04 1.01e-04 1.58e-04 ...
 $ qvalue        : num  7.71e-06 7.53e-05 8.53e-05 8.53e-05 1.33e-04 ...
 $ geneID        : chr  "Fmnl1/Gfod1/Stip1/Baiap2/Tfrc/Wdr6/Rnd3/Arhgap31/Hnrnpc/Tpm4/Elmo2/Tex2/Iqgap2/Arfgap3/Arhgap42/Actn1/Arhgef7/R"| __truncated__ "Rin1/Tbc1d2/Rin2/Dennd6b/Optn/Hps1/Rab3gap1/Akt2/Rab21/Trappc12/Dennd1a/Dennd2a/Hps4/Tbc1d24/Trappc13/Tbc1d10c/"| __truncated__ "Irs2/Ezr/Ptk2/Arpc2/Fgfr1/Grb10/Col4a2/Arhgef7/Epha8/Rock2/Numb/Hsp90ab1/Ap2b1/Arpc5/Slit2/Efnb1/Shank3/Epha10/"| __truncated__ "Irs2/Ezr/Ptk2/Arpc2/Fgfr1/Grb10/Col4a2/Arhgef7/Epha8/Rock2/Numb/Hsp90ab1/Ap2b1/Arpc5/Slit2/Efnb1/Shank3/Epha10/"| __truncated__ ...
 $ Count         : int  292 94 191 190 300 213 155 150 59 203 ...
#...Citation
Guangchuang Yu, Qing-Yu He. ReactomePA: an R/Bioconductor package for reactome pathway analysis and visualization. Molecular BioSystems. 2016, 12(2):477-479 

[1] "plotting DEG ORA Reactome genes "
[1] "Barplot"
[1] "Dotplot"
[1] "Cnet"
[1] "Heatplot"
[1] "Emap"
[1] "Upset plot"
[1] "Running enrichment for QTL"
'select()' returned 1:1 mapping between keys and columns
[1] "ORA analyses for Reactome"
[1] "genes "
#
# over-representation test
#
#...@organism 	 mouse 
#...@ontology 	 Reactome 
#...@keytype 	 ENTREZID 
#...@gene 	 chr [1:4514] "102634333" "66236" "66323" "73598" "75480" "69349" "72254" ...
#...pvalues adjusted by 'BH' with cutoff <0.05 
#...0 enriched terms found
#...Citation
Guangchuang Yu, Qing-Yu He. ReactomePA: an R/Bioconductor package for reactome pathway analysis and visualization. Molecular BioSystems. 2016, 12(2):477-479 

[1] "Running enrichment for QTLxSD"
'select()' returned 1:1 mapping between keys and columns
[1] "ORA analyses for Reactome"
[1] "genes "
#
# over-representation test
#
#...@organism 	 mouse 
#...@ontology 	 Reactome 
#...@keytype 	 ENTREZID 
#...@gene 	 chr [1:1243] "72244" "66421" "378954" "69277" "75106" "102638670" ...
#...pvalues adjusted by 'BH' with cutoff <0.05 
#...0 enriched terms found
#...Citation
Guangchuang Yu, Qing-Yu He. ReactomePA: an R/Bioconductor package for reactome pathway analysis and visualization. Molecular BioSystems. 2016, 12(2):477-479 

Warning messages:
1: In (function (model, data, ...)  : Arguments in `...` must be used.
✖ Problematic argument:
• by = "GeneRatio"
ℹ Did you misspell an argument name?
2: Using `size` aesthetic for lines was deprecated in ggplot2 3.4.0.
ℹ Please use `linewidth` instead.
ℹ The deprecated feature was likely used in the ggupset package.
  Please report the issue at <https://github.com/const-ae/ggupset/issues>. 
R version 4.5.2 (2025-10-31)
Platform: x86_64-pc-linux-gnu
Running under: Ubuntu 22.04.5 LTS

Matrix products: default
BLAS/LAPACK: /usr/lib/x86_64-linux-gnu/openblas-pthread/libopenblasp-r0.3.20.so;  LAPACK version 3.10.0

locale:
 [1] LC_CTYPE=C.UTF-8       LC_NUMERIC=C           LC_TIME=C.UTF-8       
 [4] LC_COLLATE=C.UTF-8     LC_MONETARY=C.UTF-8    LC_MESSAGES=C.UTF-8   
 [7] LC_PAPER=C.UTF-8       LC_NAME=C              LC_ADDRESS=C          
[10] LC_TELEPHONE=C         LC_MEASUREMENT=C.UTF-8 LC_IDENTIFICATION=C   

time zone: Etc/UTC
tzcode source: system (glibc)

attached base packages:
[1] stats4    stats     graphics  grDevices utils     datasets  methods  
[8] base     

other attached packages:
 [1] optparse_1.8.2                           
 [2] ReactomePA_1.54.0                        
 [3] lubridate_1.9.5                          
 [4] forcats_1.0.1                            
 [5] stringr_1.6.0                            
 [6] dplyr_1.2.1                              
 [7] purrr_1.2.2                              
 [8] readr_2.2.0                              
 [9] tidyr_1.3.2                              
[10] tibble_3.3.1                             
[11] tidyverse_2.0.0                          
[12] org.Mm.eg.db_3.22.0                      
[13] TxDb.Mmusculus.UCSC.mm10.knownGene_3.10.0
[14] GenomicFeatures_1.62.0                   
[15] AnnotationDbi_1.72.0                     
[16] Biobase_2.70.0                           
[17] GenomicRanges_1.62.1                     
[18] Seqinfo_1.0.0                            
[19] IRanges_2.44.0                           
[20] S4Vectors_0.48.1                         
[21] BiocGenerics_0.56.0                      
[22] generics_0.1.4                           
[23] enrichplot_1.30.5                        
[24] ggplot2_4.0.3                            
[25] clusterProfiler_4.18.4                   

loaded via a namespace (and not attached):
  [1] RColorBrewer_1.1-3          jsonlite_2.0.0             
  [3] tidydr_0.0.6                magrittr_2.0.5             
  [5] ggtangle_0.1.2              farver_2.1.2               
  [7] fs_2.1.0                    BiocIO_1.20.0              
  [9] vctrs_0.7.3                 memoise_2.0.1              
 [11] Rsamtools_2.26.0            RCurl_1.98-1.19            
 [13] ggtree_4.0.5                htmltools_0.5.9            
 [15] S4Arrays_1.10.1             curl_7.1.0                 
 [17] SparseArray_1.10.10         gridGraphics_0.5-1         
 [19] htmlwidgets_1.6.4           plyr_1.8.9                 
 [21] cachem_1.1.0                GenomicAlignments_1.46.0   
 [23] igraph_2.3.3                lifecycle_1.0.5            
 [25] pkgconfig_2.0.3             Matrix_1.7-4               
 [27] R6_2.6.1                    fastmap_1.2.0              
 [29] gson_0.2.1                  MatrixGenerics_1.22.0      
 [31] digest_0.6.39               aplot_0.3.1                
 [33] ggnewscale_0.5.2            patchwork_1.3.2            
 [35] RSQLite_3.53.3              labeling_0.4.3             
 [37] timechange_0.4.0            httr_1.4.8                 
 [39] polyclip_1.10-7             abind_1.4-8                
 [41] compiler_4.5.2              bit64_4.8.2                
 [43] fontquiver_0.2.1            withr_3.0.3                
 [45] graphite_1.56.0             S7_0.2.2                   
 [47] BiocParallel_1.44.0         viridis_0.6.5              
 [49] DBI_1.3.0                   ggupset_0.4.1              
 [51] ggforce_0.5.0               R.utils_2.13.0             
 [53] MASS_7.3-65                 rappdirs_0.3.4             
 [55] DelayedArray_0.36.1         rjson_0.2.23               
 [57] tools_4.5.2                 otel_0.2.0                 
 [59] ape_5.8-1                   scatterpie_0.2.6           
 [61] R.oo_1.27.1                 glue_1.8.1                 
 [63] restfulr_0.0.17             nlme_3.1-168               
 [65] GOSemSim_2.36.0             grid_4.5.2                 
 [67] cluster_2.1.8.1             reshape2_1.4.5             
 [69] fgsea_1.36.2                gtable_0.3.6               
 [71] tzdb_0.5.0                  R.methodsS3_1.8.2          
 [73] hms_1.1.4                   data.table_1.18.4          
 [75] tidygraph_1.3.1             XVector_0.50.0             
 [77] ggrepel_0.9.8               pillar_1.11.1              
 [79] limma_3.66.0                yulab.utils_0.2.4          
 [81] splines_4.5.2               tweenr_2.0.3               
 [83] treeio_1.34.0               lattice_0.22-7             
 [85] rtracklayer_1.70.1          bit_4.6.0                  
 [87] tidyselect_1.2.1            locfit_1.5-9.12            
 [89] fontLiberation_0.1.0        GO.db_3.22.0               
 [91] Biostrings_2.78.0           reactome.db_1.95.0         
 [93] gridExtra_2.3.1             fontBitstreamVera_0.1.1    
 [95] edgeR_4.8.2                 SummarizedExperiment_1.40.0
 [97] graphlayouts_1.2.5          statmod_1.5.2              
 [99] matrixStats_1.5.0           stringi_1.8.7              
[101] lazyeval_0.2.3              ggfun_0.2.1                
[103] yaml_2.3.12                 codetools_0.2-20           
[105] cigarillo_1.0.0             ggraph_2.2.2               
[107] gdtools_0.5.1               qvalue_2.42.0              
[109] graph_1.88.1                ggplotify_0.1.3            
[111] cli_3.6.6                   systemfonts_1.3.2          
[113] Rcpp_1.1.1-1.1              png_0.1-9                  
[115] XML_3.99-0.23               parallel_4.5.2             
[117] blob_1.3.0                  DOSE_4.4.0                 
[119] bitops_1.1-0                viridisLite_0.4.3          
[121] tidytree_0.4.8              ggiraph_0.9.6              
[123] scales_1.4.0                crayon_1.5.3               
[125] rlang_1.3.0                 cowplot_1.2.0              
[127] fastmatch_1.1-8             KEGGREST_1.50.0            
