Reading inputs
Loading required namespace: edgeR
[1] "Running enrichment for DEG"
'select()' returned 1:1 mapping between keys and columns
[1] "ORA analyses for Wikipaths"
[1] "genes "
#
# over-representation test
#
#...@organism 	 Mus musculus 
#...@ontology 	 WikiPathways 
#...@keytype 	 ENTREZID 
#...@gene 	 chr [1:11165] "12282" "12304" "14828" "57778" "381511" "64136" "210573" ...
#...pvalues adjusted by 'BH' with cutoff <0.05 
#...28 enriched terms found
'data.frame':	28 obs. of  12 variables:
 $ ID            : chr  "WP493" "WP258" "WP310" "WP246" ...
 $ Description   : chr  "Mapk signaling pathway" "TGF beta receptor signaling pathway" "mRNA processing" "TNF alpha NF kB signaling pathway" ...
 $ GeneRatio     : chr  "130/2912" "120/2912" "314/2912" "138/2912" ...
 $ BgRatio       : chr  "159/4787" "150/4787" "443/4787" "181/4787" ...
 $ RichFactor    : num  0.818 0.8 0.709 0.762 0.755 ...
 $ FoldEnrichment: num  1.34 1.32 1.17 1.25 1.24 ...
 $ zScore        : num  5.5 4.89 4.55 4.33 3.85 ...
 $ pvalue        : num  6.37e-09 2.71e-07 2.41e-06 5.81e-06 5.42e-05 ...
 $ p.adjust      : num  1.14e-06 2.43e-05 1.44e-04 2.60e-04 1.94e-03 ...
 $ qvalue        : num  7.98e-07 1.70e-05 1.00e-04 1.82e-04 1.36e-03 ...
 $ geneID        : chr  "14828/15481/67603/319520/240672/15370/17532/19259/20807/12367/12064/19252/50772/12371/21809/18591/18099/14281/2"| __truncated__ "15481/14282/12575/17344/103573/21809/16477/14281/17127/12325/19087/71770/18044/21781/17131/56317/17260/19651/26"| __truncated__ "12696/239188/76936/59013/20975/18789/53319/50926/56215/56275/225027/224344/27366/67996/15381/19652/72290/27993/"| __truncated__ "22031/18789/109658/19708/14083/77045/544963/12367/231130/27215/53376/15516/15507/14229/23938/53859/16150/11652/"| __truncated__ ...
 $ Count         : int  130 120 314 138 120 129 66 135 60 24 ...
#...Citation
S Xu, E Hu, Y Cai, Z Xie, X Luo, L Zhan, W Tang, Q Wang, B Liu, R Wang, W Xie, T Wu, L Xie, G Yu. Using clusterProfiler to characterize multiomics data. Nature Protocols. 2024, 19(11):3292-3320 

[1] "plotting DEG ORA Wikipaths genes "
[1] "Barplot"
[1] "Dotplot"
[1] "Cnet"
[1] "Heatplot"
[1] "Emap"
[1] "Upset plot"
[1] "Running enrichment for QTL"
'select()' returned 1:1 mapping between keys and columns
[1] "ORA analyses for Wikipaths"
[1] "genes "
#
# over-representation test
#
#...@organism 	 Mus musculus 
#...@ontology 	 WikiPathways 
#...@keytype 	 ENTREZID 
#...@gene 	 chr [1:4514] "102634333" "66236" "66323" "73598" "75480" "69349" "72254" ...
#...pvalues adjusted by 'BH' with cutoff <0.05 
#...0 enriched terms found
#...Citation
S Xu, E Hu, Y Cai, Z Xie, X Luo, L Zhan, W Tang, Q Wang, B Liu, R Wang, W Xie, T Wu, L Xie, G Yu. Using clusterProfiler to characterize multiomics data. Nature Protocols. 2024, 19(11):3292-3320 

[1] "Running enrichment for QTLxSD"
'select()' returned 1:1 mapping between keys and columns
[1] "ORA analyses for Wikipaths"
[1] "genes "
#
# over-representation test
#
#...@organism 	 Mus musculus 
#...@ontology 	 WikiPathways 
#...@keytype 	 ENTREZID 
#...@gene 	 chr [1:1243] "72244" "66421" "378954" "69277" "75106" "102638670" ...
#...pvalues adjusted by 'BH' with cutoff <0.05 
#...0 enriched terms found
#...Citation
S Xu, E Hu, Y Cai, Z Xie, X Luo, L Zhan, W Tang, Q Wang, B Liu, R Wang, W Xie, T Wu, L Xie, G Yu. Using clusterProfiler to characterize multiomics data. Nature Protocols. 2024, 19(11):3292-3320 

Warning messages:
1: In (function (model, data, ...)  : Arguments in `...` must be used.
✖ Problematic argument:
• by = "GeneRatio"
ℹ Did you misspell an argument name?
2: Using `size` aesthetic for lines was deprecated in ggplot2 3.4.0.
ℹ Please use `linewidth` instead.
ℹ The deprecated feature was likely used in the ggupset package.
  Please report the issue at <https://github.com/const-ae/ggupset/issues>. 
R version 4.5.2 (2025-10-31)
Platform: x86_64-pc-linux-gnu
Running under: Ubuntu 22.04.5 LTS

Matrix products: default
BLAS/LAPACK: /usr/lib/x86_64-linux-gnu/openblas-pthread/libopenblasp-r0.3.20.so;  LAPACK version 3.10.0

locale:
 [1] LC_CTYPE=C.UTF-8       LC_NUMERIC=C           LC_TIME=C.UTF-8       
 [4] LC_COLLATE=C.UTF-8     LC_MONETARY=C.UTF-8    LC_MESSAGES=C.UTF-8   
 [7] LC_PAPER=C.UTF-8       LC_NAME=C              LC_ADDRESS=C          
[10] LC_TELEPHONE=C         LC_MEASUREMENT=C.UTF-8 LC_IDENTIFICATION=C   

time zone: Etc/UTC
tzcode source: system (glibc)

attached base packages:
[1] stats4    stats     graphics  grDevices utils     datasets  methods  
[8] base     

other attached packages:
 [1] optparse_1.8.2                           
 [2] ReactomePA_1.54.0                        
 [3] lubridate_1.9.5                          
 [4] forcats_1.0.1                            
 [5] stringr_1.6.0                            
 [6] dplyr_1.2.1                              
 [7] purrr_1.2.2                              
 [8] readr_2.2.0                              
 [9] tidyr_1.3.2                              
[10] tibble_3.3.1                             
[11] tidyverse_2.0.0                          
[12] org.Mm.eg.db_3.22.0                      
[13] TxDb.Mmusculus.UCSC.mm10.knownGene_3.10.0
[14] GenomicFeatures_1.62.0                   
[15] AnnotationDbi_1.72.0                     
[16] Biobase_2.70.0                           
[17] GenomicRanges_1.62.1                     
[18] Seqinfo_1.0.0                            
[19] IRanges_2.44.0                           
[20] S4Vectors_0.48.1                         
[21] BiocGenerics_0.56.0                      
[22] generics_0.1.4                           
[23] enrichplot_1.30.5                        
[24] ggplot2_4.0.3                            
[25] clusterProfiler_4.18.4                   

loaded via a namespace (and not attached):
  [1] RColorBrewer_1.1-3          jsonlite_2.0.0             
  [3] tidydr_0.0.6                magrittr_2.0.5             
  [5] ggtangle_0.1.2              farver_2.1.2               
  [7] fs_2.1.0                    BiocIO_1.20.0              
  [9] vctrs_0.7.3                 memoise_2.0.1              
 [11] Rsamtools_2.26.0            RCurl_1.98-1.19            
 [13] ggtree_4.0.5                htmltools_0.5.9            
 [15] S4Arrays_1.10.1             curl_7.1.0                 
 [17] SparseArray_1.10.10         gridGraphics_0.5-1         
 [19] htmlwidgets_1.6.4           plyr_1.8.9                 
 [21] cachem_1.1.0                GenomicAlignments_1.46.0   
 [23] igraph_2.3.3                lifecycle_1.0.5            
 [25] pkgconfig_2.0.3             Matrix_1.7-4               
 [27] R6_2.6.1                    fastmap_1.2.0              
 [29] gson_0.2.1                  MatrixGenerics_1.22.0      
 [31] digest_0.6.39               aplot_0.3.1                
 [33] ggnewscale_0.5.2            patchwork_1.3.2            
 [35] RSQLite_3.53.3              labeling_0.4.3             
 [37] timechange_0.4.0            httr_1.4.8                 
 [39] polyclip_1.10-7             abind_1.4-8                
 [41] compiler_4.5.2              bit64_4.8.2                
 [43] fontquiver_0.2.1            withr_3.0.3                
 [45] graphite_1.56.0             S7_0.2.2                   
 [47] BiocParallel_1.44.0         viridis_0.6.5              
 [49] DBI_1.3.0                   ggupset_0.4.1              
 [51] ggforce_0.5.0               R.utils_2.13.0             
 [53] MASS_7.3-65                 rappdirs_0.3.4             
 [55] DelayedArray_0.36.1         rjson_0.2.23               
 [57] tools_4.5.2                 otel_0.2.0                 
 [59] ape_5.8-1                   scatterpie_0.2.6           
 [61] R.oo_1.27.1                 glue_1.8.1                 
 [63] restfulr_0.0.17             nlme_3.1-168               
 [65] GOSemSim_2.36.0             grid_4.5.2                 
 [67] cluster_2.1.8.1             reshape2_1.4.5             
 [69] fgsea_1.36.2                gtable_0.3.6               
 [71] tzdb_0.5.0                  R.methodsS3_1.8.2          
 [73] hms_1.1.4                   data.table_1.18.4          
 [75] tidygraph_1.3.1             XVector_0.50.0             
 [77] ggrepel_0.9.8               pillar_1.11.1              
 [79] limma_3.66.0                yulab.utils_0.2.4          
 [81] splines_4.5.2               tweenr_2.0.3               
 [83] treeio_1.34.0               lattice_0.22-7             
 [85] rtracklayer_1.70.1          bit_4.6.0                  
 [87] tidyselect_1.2.1            locfit_1.5-9.12            
 [89] fontLiberation_0.1.0        GO.db_3.22.0               
 [91] Biostrings_2.78.0           reactome.db_1.95.0         
 [93] gridExtra_2.3.1             fontBitstreamVera_0.1.1    
 [95] edgeR_4.8.2                 SummarizedExperiment_1.40.0
 [97] graphlayouts_1.2.5          statmod_1.5.2              
 [99] matrixStats_1.5.0           stringi_1.8.7              
[101] lazyeval_0.2.3              ggfun_0.2.1                
[103] yaml_2.3.12                 codetools_0.2-20           
[105] cigarillo_1.0.0             ggraph_2.2.2               
[107] gdtools_0.5.1               qvalue_2.42.0              
[109] graph_1.88.1                ggplotify_0.1.3            
[111] cli_3.6.6                   systemfonts_1.3.2          
[113] Rcpp_1.1.1-1.1              png_0.1-9                  
[115] XML_3.99-0.23               parallel_4.5.2             
[117] blob_1.3.0                  DOSE_4.4.0                 
[119] bitops_1.1-0                viridisLite_0.4.3          
[121] tidytree_0.4.8              ggiraph_0.9.6              
[123] scales_1.4.0                crayon_1.5.3               
[125] rlang_1.3.0                 cowplot_1.2.0              
[127] fastmatch_1.1-8             KEGGREST_1.50.0            
