Loading packages
Checking arguments
Reading inputs
Collecting QC data summaries
Generating summary table
Checking low read samples
[1] "SAMPLES with low counts (<50M) before filtering"
             Strain      Mice_ID Treatment Sample    Reads
1-BXD75-20    BXD75   1-BXD75-20      CTRL     20 41324577
2-BXD56-45    BXD56   2-BXD56-45        SD     45 23480436
4-BXD51-119   BXD51  4-BXD51-119        SD    119 49260316
4-BXD65a-138    65a 4-BXD65a-138      CTRL    138 46303049
4-BXD65a-139    65a 4-BXD65a-139        SD    139 47304510
5-BXD81-169   BXD81  5-BXD81-169        SD    169 48620771
7-BXD79-213   BXD79  7-BXD79-213        SD    213 43266295
Saving table
R version 4.5.2 (2025-10-31)
Platform: x86_64-pc-linux-gnu
Running under: Ubuntu 22.04.5 LTS

Matrix products: default
BLAS/LAPACK: /usr/lib/x86_64-linux-gnu/openblas-pthread/libopenblasp-r0.3.20.so;  LAPACK version 3.10.0

locale:
 [1] LC_CTYPE=en_US.UTF-8       LC_NUMERIC=C              
 [3] LC_TIME=en_US.UTF-8        LC_COLLATE=en_US.UTF-8    
 [5] LC_MONETARY=en_US.UTF-8    LC_MESSAGES=en_US.UTF-8   
 [7] LC_PAPER=en_US.UTF-8       LC_NAME=C                 
 [9] LC_ADDRESS=C               LC_TELEPHONE=C            
[11] LC_MEASUREMENT=en_US.UTF-8 LC_IDENTIFICATION=C       

time zone: Etc/UTC
tzcode source: system (glibc)

attached base packages:
[1] stats     graphics  grDevices utils     datasets  methods   base     

other attached packages:
[1] optparse_1.8.2 dplyr_1.2.1    rjson_0.2.23  

loaded via a namespace (and not attached):
 [1] tidyselect_1.2.1 compiler_4.5.2   magrittr_2.0.5   R6_2.6.1        
 [5] generics_0.1.4   cli_3.6.6        withr_3.0.3      pillar_1.11.1   
 [9] glue_1.8.1       tibble_3.3.1     vctrs_0.7.3      lifecycle_1.0.5 
[13] pkgconfig_2.0.3  rlang_1.3.0     
