Calling peaks with mitochondrial DNA for results/4-ATAC_genotype/corrected_bams/name/021_BXD83_SD_full.nm.bam results/4-ATAC_genotype/corrected_bams/name/100_BXD83_SD_full.nm.bam results/4-ATAC_genotype/corrected_bams/name/127_BXD83_SD_full.nm.bam
Processing experimental file #0: results/4-ATAC_genotype/corrected_bams/name/021_BXD83_SD_full.nm.bam
Warning! Read K00382:109:HJ5Y5BBXY:1:1112:13616:6871 prevented from extending below 0 on chrM
Warning! Read K00382:109:HJ5Y5BBXY:1:1116:19350:3618 prevented from extending below 0 on chrM
Warning! Read K00382:109:HJ5Y5BBXY:1:1122:24809:41282 prevented from extending below 0 on chrM
Warning! Read K00382:109:HJ5Y5BBXY:1:1204:21663:45502 prevented from extending below 0 on chrM
Warning! Read K00382:109:HJ5Y5BBXY:2:1216:8562:24911 prevented from extending past 16299 on chrM
Warning! Read K00382:109:HJ5Y5BBXY:2:1228:9039:11179 prevented from extending below 0 on chrM
Warning! Read K00382:109:HJ5Y5BBXY:2:2203:7923:18423 prevented from extending below 0 on chrM
Warning! Read K00382:109:HJ5Y5BBXY:3:1126:7659:45537 prevented from extending past 16299 on chrM
Warning! Read K00382:109:HJ5Y5BBXY:3:1225:24363:4673 prevented from extending below 0 on chrUn_GL456392
Warning! Read K00382:109:HJ5Y5BBXY:3:2216:6492:35426 prevented from extending past 16299 on chrM
Warning! Read K00382:109:HJ5Y5BBXY:4:2120:17371:3530 prevented from extending below 0 on chrM
Warning! Read K00382:115:HKHC5BBXY:1:1115:3133:12726 prevented from extending below 0 on chrM
Warning! Read K00382:115:HKHC5BBXY:1:1125:11941:18669 prevented from extending below 0 on chrM
Warning! Read K00382:115:HKHC5BBXY:1:1208:4868:33703 prevented from extending below 0 on chrM
Warning! Read K00382:115:HKHC5BBXY:1:1220:22638:45115 prevented from extending below 0 on chrM
Warning! Read K00382:115:HKHC5BBXY:1:1221:8755:41211 prevented from extending below 0 on chrM
Warning! Read K00382:115:HKHC5BBXY:2:1105:17168:46469 prevented from extending below 0 on chrM
Warning! Read K00382:109:HJ5Y5BBXY:1:1128:21004:29483 prevented from extending below 0 on chrM
Warning! Read K00382:109:HJ5Y5BBXY:1:2102:8268:13816 prevented from extending below 0 on chrM
Warning! Read K00382:109:HJ5Y5BBXY:1:2110:11505:21641 prevented from extending past 16299 on chrM
Warning! Read K00382:109:HJ5Y5BBXY:2:1122:17097:37554 prevented from extending below 0 on chrM
Warning! Read K00382:109:HJ5Y5BBXY:2:2214:3417:12480 prevented from extending below 0 on chrM
Warning! Read K00382:109:HJ5Y5BBXY:3:1111:11495:5306 prevented from extending below 0 on chrM
Warning! Read K00382:109:HJ5Y5BBXY:3:1215:18893:6730 prevented from extending below 0 on chrM
Warning! Read K00382:109:HJ5Y5BBXY:3:1219:16884:19707 prevented from extending past 16299 on chrM
Warning! Read K00382:109:HJ5Y5BBXY:3:1221:10003:35567 prevented from extending below 0 on chrM
Warning! Read K00382:109:HJ5Y5BBXY:4:2204:5619:27232 prevented from extending below 0 on chrM
Warning! Read K00382:115:HKHC5BBXY:1:1117:29143:27936 prevented from extending below 0 on chrM
Warning! Read K00382:115:HKHC5BBXY:1:1125:15270:13289 prevented from extending below 0 on chrM
Warning! Read K00382:115:HKHC5BBXY:1:2117:9891:18001 prevented from extending below 0 on chrM
Warning! Read K00382:115:HKHC5BBXY:1:2124:6502:13042 prevented from extending below 0 on chrM
Warning! Read K00382:120:HKHGNBBXY:7:2112:20588:8295 prevented from extending below 0 on chrM
Warning! Read K00382:109:HJ5Y5BBXY:1:1104:22120:42917 prevented from extending below 0 on chrM
Warning! Read K00382:109:HJ5Y5BBXY:1:1107:22343:36868 prevented from extending past 16299 on chrM
Warning! Read K00382:109:HJ5Y5BBXY:1:1211:17320:42548 prevented from extending past 16299 on chrM
Warning! Read K00382:109:HJ5Y5BBXY:2:1104:21399:26898 prevented from extending past 16299 on chrM
Warning! Read K00382:109:HJ5Y5BBXY:3:2228:12286:8260 prevented from extending past 16299 on chrM
Warning! Read K00382:115:HKHC5BBXY:1:1104:12672:26371 prevented from extending past 16299 on chrM
Warning! Read K00382:115:HKHC5BBXY:1:1114:15260:43972 prevented from extending past 16299 on chrM
Warning! Read K00382:115:HKHC5BBXY:1:1217:15138:42460 prevented from extending past 16299 on chrM
Warning! Read K00382:115:HKHC5BBXY:1:2115:19553:11003 prevented from extending below 0 on chrM
Warning! Read K00382:118:HKHCJBBXY:1:1217:26108:38257 prevented from extending below 0 on chrM
Warning! Read K00382:115:HKHC5BBXY:1:1108:13575:42214 prevented from extending below 0 on chrM
Warning! Read K00382:109:HJ5Y5BBXY:2:1107:19583:30749 prevented from extending past 16299 on chrM
Warning! Read K00382:109:HJ5Y5BBXY:4:2201:11931:21008 prevented from extending below 0 on chrM
Warning! Read K00382:109:HJ5Y5BBXY:1:2113:6573:47876 prevented from extending below 0 on chrM
Warning! Read K00382:109:HJ5Y5BBXY:1:2227:24271:48896 prevented from extending below 0 on chrM
Warning! Read K00382:109:HJ5Y5BBXY:2:1215:7344:16366 prevented from extending past 16299 on chrM
Warning! Read K00382:109:HJ5Y5BBXY:3:2106:24962:20410 prevented from extending below 0 on chrM
Warning! Read K00382:109:HJ5Y5BBXY:1:2102:25489:32156 prevented from extending past 16299 on chrM
Warning! Read K00382:109:HJ5Y5BBXY:3:2110:10713:41088 prevented from extending past 16299 on chrM
Warning! Read K00382:115:HKHC5BBXY:1:1107:26636:6888 prevented from extending past 16299 on chrM
Warning! Read K00382:115:HKHC5BBXY:1:1116:28950:30732 prevented from extending past 16299 on chrM
Warning! Read K00382:115:HKHC5BBXY:1:1124:29609:19777 prevented from extending below 0 on chrM
Warning! Read K00382:115:HKHC5BBXY:2:2228:15848:38803 prevented from extending past 16299 on chrM
Warning! Read K00382:109:HJ5Y5BBXY:1:2217:24840:42565 prevented from extending below 0 on chrM
Warning! Read K00382:115:HKHC5BBXY:2:2214:18852:23012 prevented from extending past 16299 on chrM
Warning! Read K00382:109:HJ5Y5BBXY:1:1122:20588:27074 prevented from extending past 16299 on chrM
Warning! Read K00382:109:HJ5Y5BBXY:1:2213:15392:27883 prevented from extending past 16299 on chrM
Warning! Read K00382:109:HJ5Y5BBXY:1:1116:6664:28622 prevented from extending past 16299 on chrM
Warning! Read K00382:115:HKHC5BBXY:1:2128:9140:25808 prevented from extending past 16299 on chrM
Warning! Read K00382:115:HKHC5BBXY:1:1110:26808:28006 prevented from extending past 16299 on chrM
Warning! Read K00382:115:HKHC5BBXY:1:1204:11891:37079 prevented from extending below 0 on chrM
Warning! Read K00382:115:HKHC5BBXY:1:1122:2686:9174 prevented from extending past 16299 on chrM
Warning! Read K00382:120:HKHGNBBXY:7:2204:9333:49212 prevented from extending past 16299 on chrM
Warning! Read K00382:118:HKHCJBBXY:1:2102:17492:39963 prevented from extending below 0 on chrM
Warning! Read K00382:109:HJ5Y5BBXY:1:1103:12418:29694 prevented from extending past 16299 on chrM
Warning! Read K00382:109:HJ5Y5BBXY:1:1222:15402:13236 prevented from extending past 16299 on chrM
Warning! Read K00382:109:HJ5Y5BBXY:1:2116:12489:5130 prevented from extending below 0 on chrM
Warning! Read K00382:109:HJ5Y5BBXY:4:2107:26636:8646 prevented from extending past 16299 on chrM
Warning! Read K00382:109:HJ5Y5BBXY:1:2208:1753:45643 prevented from extending past 24323 on chrUn_GL456394
Warning! Read K00382:109:HJ5Y5BBXY:4:2224:19116:35040 prevented from extending past 16299 on chrM
Warning! Read K00382:109:HJ5Y5BBXY:2:2109:19004:19337 prevented from extending past 1976 on chr4_JH584295_random
Warning! Read K00382:109:HJ5Y5BBXY:4:2216:12063:9842 prevented from extending past 16299 on chrM
Warning! Read K00382:109:HJ5Y5BBXY:1:2222:32146:39400 prevented from extending past 16299 on chrM
Warning! Read K00382:109:HJ5Y5BBXY:3:1202:28737:11020 prevented from extending past 16299 on chrM
Warning! Read K00382:109:HJ5Y5BBXY:1:2224:28980:15909 prevented from extending past 16299 on chrM
Warning! Read K00382:115:HKHC5BBXY:1:2215:18071:9772 prevented from extending below 0 on chrM
Warning! Read K00382:115:HKHC5BBXY:1:2224:29295:43146 prevented from extending past 16299 on chrM
Warning! Read K00382:109:HJ5Y5BBXY:2:2226:1296:30081 prevented from extending past 16299 on chrM
Warning! Read K00382:109:HJ5Y5BBXY:4:2228:17442:11179 prevented from extending past 16299 on chrM
Warning! Read K00382:115:HKHC5BBXY:1:2227:19461:11935 prevented from extending past 16299 on chrM
Warning! Read K00382:120:HKHGNBBXY:7:2108:10592:2439 prevented from extending past 1976 on chr4_JH584295_random
Warning! Read K00382:109:HJ5Y5BBXY:2:1128:24312:41264 prevented from extending past 16299 on chrM
Warning! Read K00382:109:HJ5Y5BBXY:2:1124:17848:43744 prevented from extending past 16299 on chrM
Warning! Read K00382:109:HJ5Y5BBXY:3:2222:1387:45115 prevented from extending past 16299 on chrM
Warning! Read K00382:109:HJ5Y5BBXY:1:1216:1854:41704 prevented from extending below 0 on chrM
Warning! Read K00382:120:HKHGNBBXY:7:2105:28432:23505 prevented from extending below 0 on chrM
Warning! Read K00382:109:HJ5Y5BBXY:1:1122:1407:46733 prevented from extending below 0 on chrM
Warning! Read K00382:109:HJ5Y5BBXY:2:2119:1824:43902 prevented from extending below 0 on chr4_JH584295_random
Warning! Read K00382:109:HJ5Y5BBXY:3:1112:7557:43849 prevented from extending past 16299 on chrM
Warning! Read K00382:109:HJ5Y5BBXY:1:1221:1753:7416 prevented from extending past 16299 on chrM
Warning! Read K00382:109:HJ5Y5BBXY:3:2208:25114:19548 prevented from extending past 40056 on chrUn_GL456239
Warning! Read K00382:109:HJ5Y5BBXY:3:2124:12154:9578 prevented from extending past 16299 on chrM
Warning! Read K00382:109:HJ5Y5BBXY:1:2227:1438:13728 prevented from extending below 0 on chrM
Warning! Read K00382:118:HKHCJBBXY:1:1225:4868:45555 prevented from extending below 0 on chrM
Warning! Read K00382:109:HJ5Y5BBXY:3:2112:2493:3952 prevented from extending past 24668 on chrUn_GL456390
Warning! Read K00382:109:HJ5Y5BBXY:4:2103:5589:15399 prevented from extending past 1976 on chr4_JH584295_random
Warning! Read K00382:109:HJ5Y5BBXY:4:2207:23460:22098 prevented from extending below 0 on chr4_JH584295_random
Warning! Read K00382:109:HJ5Y5BBXY:3:1115:25763:28270 prevented from extending below 0 on chrM
Warning! Read K00382:109:HJ5Y5BBXY:3:1214:11454:16840 prevented from extending past 16299 on chrM
Warning! Read K00382:109:HJ5Y5BBXY:1:2124:17969:15926 prevented from extending past 16299 on chrM
Warning! Read K00382:115:HKHC5BBXY:1:2104:21491:33527 prevented from extending below 0 on chrM
Warning! Read K00382:115:HKHC5BBXY:1:1217:19715:27356 prevented from extending below 0 on chrM
Warning! Read K00382:109:HJ5Y5BBXY:3:1104:30513:1332 prevented from extending past 38659 on chrUn_GL456383
Warning! Read K00382:109:HJ5Y5BBXY:1:1110:11637:28762 prevented from extending past 16299 on chrM
Warning! Read K00382:109:HJ5Y5BBXY:3:2106:5781:7504 prevented from extending past 1976 on chr4_JH584295_random
Warning! Read K00382:109:HJ5Y5BBXY:4:2226:12865:14045 prevented from extending past 16299 on chrM
Warning! Read K00382:115:HKHC5BBXY:1:1117:29914:14221 prevented from extending below 0 on chrM
Warning! Read K00382:115:HKHC5BBXY:1:2123:25307:29307 prevented from extending below 0 on chrM
Warning! Read K00382:109:HJ5Y5BBXY:1:1215:18223:35919 prevented from extending below 0 on chrM
Warning! Read K00382:109:HJ5Y5BBXY:2:1220:15645:37959 prevented from extending past 16299 on chrM
Warning! Read K00382:109:HJ5Y5BBXY:2:2207:21673:29483 prevented from extending past 16299 on chrM
Warning! Read K00382:109:HJ5Y5BBXY:1:2204:26626:18616 prevented from extending below 0 on chrM
Warning! Read K00382:109:HJ5Y5BBXY:1:2120:8816:3723 prevented from extending below 0 on chrM
Warning! Read K00382:109:HJ5Y5BBXY:1:2103:10379:38785 prevented from extending past 16299 on chrM
Warning! Read K00382:109:HJ5Y5BBXY:1:2221:21663:21729 prevented from extending below 0 on chrM
Warning! Read K00382:109:HJ5Y5BBXY:1:2225:16325:41387 prevented from extending past 16299 on chrM
Warning! Read K00382:115:HKHC5BBXY:2:2206:29295:42759 prevented from extending past 40056 on chrUn_GL456239
Warning! Read K00382:115:HKHC5BBXY:1:2127:5538:21043 prevented from extending below 0 on chrM
Warning! Read K00382:109:HJ5Y5BBXY:1:1122:21734:38451 prevented from extending past 16299 on chrM
Warning! Read K00382:109:HJ5Y5BBXY:2:2119:21430:22696 prevented from extending below 0 on chrM
Warning! Read K00382:109:HJ5Y5BBXY:2:1101:25804:11284 prevented from extending below 0 on chrM
Warning! Read K00382:109:HJ5Y5BBXY:4:1123:28189:45168 prevented from extending past 16299 on chrM
Warning! Read K00382:109:HJ5Y5BBXY:1:2124:27529:27180 prevented from extending below 0 on chrM
Warning! Read K00382:109:HJ5Y5BBXY:3:2115:9770:32420 prevented from extending below 0 on chrM
Warning! Read K00382:115:HKHC5BBXY:1:2126:24576:3354 prevented from extending below 0 on chrM
Warning! Read K00382:109:HJ5Y5BBXY:1:2223:28605:4567 prevented from extending past 16299 on chrM
(another 19 warning messages suppressed)
  BAM records analyzed:    41868731
    Unmapped:                401145
    MAPQ < 30:              8657258
    Paired alignments:            0
    Unpaired alignments:   32810328
  PCR duplicates --
    Paired aln sets:              0
      duplicates:                 0 (0.0%)
    Discordant aln sets:          0
      duplicates:                 0 (0.0%)
    Singleton aln sets:    32810328
      duplicates:           8330964 (25.4%)
  Fragments analyzed:      24479364
    Full fragments:               0
    Half fragments:        24479364
      (from unpaired alns)
    ATAC-seq cut sites:    24479364
      (expanded to length 100bp)
- control file #0 not provided -
  Background pileup value: 0.968825
Processing experimental file #1: results/4-ATAC_genotype/corrected_bams/name/100_BXD83_SD_full.nm.bam
Warning! Read K00382:109:HJ5Y5BBXY:5:2210:10957:13552 prevented from extending past 16299 on chrM
Warning! Read K00382:115:HKHC5BBXY:3:1102:15970:8031 prevented from extending below 0 on chrM
Warning! Read K00382:115:HKHC5BBXY:3:1106:11475:18810 prevented from extending below 0 on chrM
Warning! Read K00382:115:HKHC5BBXY:3:1114:17827:41282 prevented from extending below 0 on chrM
Warning! Read K00382:115:HKHC5BBXY:3:1119:20517:33598 prevented from extending past 16299 on chrM
Warning! Read K00382:115:HKHC5BBXY:3:1125:11434:31435 prevented from extending below 0 on chrM
Warning! Read K00382:115:HKHC5BBXY:3:1207:6441:44412 prevented from extending past 16299 on chrM
Warning! Read K00382:115:HKHC5BBXY:5:1211:16305:11003 prevented from extending below 0 on chrM
Warning! Read K00382:120:HKHGNBBXY:8:1228:4939:39734 prevented from extending below 0 on chrM
Warning! Read K00382:120:HKHGNBBXY:8:2126:16417:32332 prevented from extending below 0 on chrM
Warning! Read K00382:109:HJ5Y5BBXY:5:2227:11799:7275 prevented from extending below 0 on chrM
Warning! Read K00382:109:HJ5Y5BBXY:6:1215:20994:7310 prevented from extending past 16299 on chrM
Warning! Read K00382:109:HJ5Y5BBXY:7:1224:11515:17016 prevented from extending past 16299 on chrM
Warning! Read K00382:115:HKHC5BBXY:3:1106:15290:37343 prevented from extending past 16299 on chrM
Warning! Read K00382:115:HKHC5BBXY:3:1113:17959:31875 prevented from extending below 0 on chrM
Warning! Read K00382:115:HKHC5BBXY:3:2202:3701:21553 prevented from extending below 0 on chrM
Warning! Read K00382:115:HKHC5BBXY:4:1113:7476:31013 prevented from extending past 16299 on chrM
Warning! Read K00382:115:HKHC5BBXY:4:1128:10074:45256 prevented from extending below 0 on chrM
Warning! Read K00382:115:HKHC5BBXY:4:1213:9496:20445 prevented from extending past 16299 on chrM
Warning! Read K00382:115:HKHC5BBXY:4:2119:20456:35778 prevented from extending below 0 on chrM
Warning! Read K00382:115:HKHC5BBXY:4:2207:6258:31927 prevented from extending below 0 on chrM
Warning! Read K00382:115:HKHC5BBXY:5:1113:18061:29694 prevented from extending below 0 on chrM
Warning! Read K00382:115:HKHC5BBXY:5:1205:17158:15610 prevented from extending below 0 on chrM
Warning! Read K00382:115:HKHC5BBXY:5:2102:27752:34952 prevented from extending below 0 on chrM
Warning! Read K00382:115:HKHC5BBXY:5:2128:9790:15996 prevented from extending below 0 on chrM
Warning! Read K00382:109:HJ5Y5BBXY:5:1222:18862:44658 prevented from extending past 16299 on chrM
Warning! Read K00382:115:HKHC5BBXY:3:1101:26494:32912 prevented from extending past 16299 on chrM
Warning! Read K00382:115:HKHC5BBXY:3:1102:23977:24472 prevented from extending past 16299 on chrM
Warning! Read K00382:115:HKHC5BBXY:3:1103:27428:36710 prevented from extending below 0 on chrM
Warning! Read K00382:115:HKHC5BBXY:3:2202:19583:36059 prevented from extending past 16299 on chrM
Warning! Read K00382:115:HKHC5BBXY:4:2224:7547:45168 prevented from extending past 16299 on chrM
Warning! Read K00382:115:HKHC5BBXY:5:1120:8958:19935 prevented from extending past 16299 on chrM
Warning! Read K00382:115:HKHC5BBXY:5:2122:26697:3160 prevented from extending below 0 on chrM
Warning! Read K00382:120:HKHGNBBXY:8:1215:3752:21957 prevented from extending below 0 on chrM
Warning! Read K00382:109:HJ5Y5BBXY:5:2112:8785:42847 prevented from extending below 0 on chrM
Warning! Read K00382:109:HJ5Y5BBXY:5:2206:25712:30362 prevented from extending past 16299 on chrM
Warning! Read K00382:109:HJ5Y5BBXY:6:2217:6329:8981 prevented from extending past 16299 on chrM
Warning! Read K00382:115:HKHC5BBXY:3:1107:14225:34407 prevented from extending below 0 on chrM
Warning! Read K00382:109:HJ5Y5BBXY:8:1101:17310:11759 prevented from extending past 16299 on chrM
Warning! Read K00382:115:HKHC5BBXY:3:1228:21785:5341 prevented from extending below 0 on chrM
Warning! Read K00382:115:HKHC5BBXY:3:2109:28260:37730 prevented from extending below 0 on chrM
Warning! Read K00382:115:HKHC5BBXY:3:2227:21460:23944 prevented from extending below 0 on chrM
Warning! Read K00382:115:HKHC5BBXY:4:2127:28645:14941 prevented from extending below 0 on chrM
Warning! Read K00382:115:HKHC5BBXY:5:1120:14590:14221 prevented from extending below 0 on chrM
Warning! Read K00382:125:HKHL3BBXY:6:2213:12682:19777 prevented from extending past 16299 on chrM
Warning! Read K00382:115:HKHC5BBXY:3:1101:25378:45150 prevented from extending below 0 on chrM
Warning! Read K00382:115:HKHC5BBXY:5:1216:18964:16770 prevented from extending below 0 on chrM
Warning! Read K00382:109:HJ5Y5BBXY:6:1223:25966:30556 prevented from extending past 16299 on chrM
Warning! Read K00382:115:HKHC5BBXY:3:1107:27164:17931 prevented from extending below 0 on chrM
Warning! Read K00382:115:HKHC5BBXY:3:1127:10409:43374 prevented from extending past 16299 on chrM
Warning! Read K00382:115:HKHC5BBXY:3:2115:10216:15012 prevented from extending past 16299 on chrM
Warning! Read K00382:115:HKHC5BBXY:3:1109:15128:20076 prevented from extending past 16299 on chrM
Warning! Read K00382:115:HKHC5BBXY:3:1112:19938:2387 prevented from extending below 0 on chrM
Warning! Read K00382:109:HJ5Y5BBXY:8:2110:24190:9297 prevented from extending past 16299 on chrM
Warning! Read K00382:115:HKHC5BBXY:5:1124:4726:48333 prevented from extending past 16299 on chrM
Warning! Read K00382:115:HKHC5BBXY:3:1104:12337:43656 prevented from extending below 0 on chrM
Warning! Read K00382:115:HKHC5BBXY:3:1106:23693:24823 prevented from extending below 0 on chrM
Warning! Read K00382:115:HKHC5BBXY:3:1222:24596:18722 prevented from extending past 16299 on chrM
Warning! Read K00382:115:HKHC5BBXY:3:2113:24261:23768 prevented from extending past 16299 on chrM
Warning! Read K00382:115:HKHC5BBXY:3:2221:11870:12708 prevented from extending past 16299 on chrM
Warning! Read K00382:109:HJ5Y5BBXY:6:2119:10044:47805 prevented from extending below 0 on chrM
Warning! Read K00382:115:HKHC5BBXY:5:2228:23865:12075 prevented from extending below 0 on chrM
Warning! Read K00382:115:HKHC5BBXY:3:1111:27874:48245 prevented from extending past 16299 on chrM
Warning! Read K00382:115:HKHC5BBXY:3:2119:6340:41387 prevented from extending past 16299 on chrM
Warning! Read K00382:115:HKHC5BBXY:5:2116:18700:5903 prevented from extending below 0 on chrM
Warning! Read K00382:115:HKHC5BBXY:3:1106:21643:28797 prevented from extending past 16299 on chrM
Warning! Read K00382:115:HKHC5BBXY:5:2204:23865:7293 prevented from extending past 16299 on chrM
Warning! Read K00382:115:HKHC5BBXY:3:1105:3092:43673 prevented from extending past 16299 on chrM
Warning! Read K00382:109:HJ5Y5BBXY:7:2228:20324:38750 prevented from extending below 0 on chrM
Warning! Read K00382:109:HJ5Y5BBXY:7:2104:19096:49247 prevented from extending past 16299 on chrM
Warning! Read K00382:120:HKHGNBBXY:8:2220:21826:10757 prevented from extending past 16299 on chrM
Warning! Read K00382:115:HKHC5BBXY:3:1118:6248:18933 prevented from extending past 16299 on chrM
Warning! Read K00382:115:HKHC5BBXY:4:1227:28625:1050 prevented from extending past 16299 on chrM
Warning! Read K00382:115:HKHC5BBXY:3:2213:25104:29554 prevented from extending below 0 on chrM
Warning! Read K00382:115:HKHC5BBXY:4:1222:18659:46135 prevented from extending past 16299 on chrM
Warning! Read K00382:115:HKHC5BBXY:4:1113:27214:8559 prevented from extending past 16299 on chrM
Warning! Read K00382:115:HKHC5BBXY:4:1112:30919:5903 prevented from extending past 16299 on chrM
Warning! Read K00382:115:HKHC5BBXY:5:2127:32441:16946 prevented from extending below 0 on chrM
Warning! Read K00382:115:HKHC5BBXY:3:2117:26281:21922 prevented from extending past 16299 on chrM
Warning! Read K00382:109:HJ5Y5BBXY:7:2220:7436:30485 prevented from extending past 47073 on chrUn_GL456366
Warning! Read K00382:109:HJ5Y5BBXY:5:1103:22171:23100 prevented from extending past 1976 on chr4_JH584295_random
Warning! Read K00382:125:HKHL3BBXY:6:1117:30259:48966 prevented from extending past 16299 on chrM
Warning! Read K00382:109:HJ5Y5BBXY:5:1202:9161:36710 prevented from extending past 16299 on chrM
Warning! Read K00382:115:HKHC5BBXY:5:2120:8217:27795 prevented from extending below 0 on chr4_JH584295_random
Warning! Read K00382:109:HJ5Y5BBXY:5:2113:23581:12146 prevented from extending below 0 on chrUn_GL456396
Warning! Read K00382:109:HJ5Y5BBXY:7:2216:6005:1490 prevented from extending below 0 on chrM
Warning! Read K00382:115:HKHC5BBXY:4:1102:24657:6273 prevented from extending below 0 on chrM
Warning! Read K00382:120:HKHGNBBXY:8:1106:28148:13552 prevented from extending past 16299 on chrM
Warning! Read K00382:115:HKHC5BBXY:5:2122:8511:49089 prevented from extending past 16299 on chrM
Warning! Read K00382:109:HJ5Y5BBXY:7:2205:21105:48333 prevented from extending below 0 on chrM
Warning! Read K00382:120:HKHGNBBXY:8:1122:32512:46997 prevented from extending below 0 on chrM
Warning! Read K00382:120:HKHGNBBXY:8:1127:32289:36235 prevented from extending below 0 on chrM
Warning! Read K00382:109:HJ5Y5BBXY:5:1110:25083:19671 prevented from extending past 1976 on chr4_JH584295_random
Warning! Read K00382:109:HJ5Y5BBXY:5:2225:1296:35673 prevented from extending below 0 on chrM
Warning! Read K00382:115:HKHC5BBXY:3:1125:23835:38855 prevented from extending below 0 on chrM
Warning! Read K00382:115:HKHC5BBXY:5:1119:18954:47524 prevented from extending past 16299 on chrM
Warning! Read K00382:115:HKHC5BBXY:5:1217:2250:16542 prevented from extending past 1976 on chr4_JH584295_random
Warning! Read K00382:109:HJ5Y5BBXY:5:2212:6918:47805 prevented from extending below 0 on chrM
Warning! Read K00382:109:HJ5Y5BBXY:6:2218:5244:6642 prevented from extending past 16299 on chrM
Warning! Read K00382:115:HKHC5BBXY:3:1225:23693:48421 prevented from extending past 16299 on chrM
Warning! Read K00382:115:HKHC5BBXY:5:1223:31781:7152 prevented from extending below 0 on chrM
Warning! Read K00382:115:HKHC5BBXY:3:2109:16396:6765 prevented from extending below 0 on chrM
Warning! Read K00382:109:HJ5Y5BBXY:7:1213:5172:32894 prevented from extending past 16299 on chrM
Warning! Read K00382:120:HKHGNBBXY:8:1207:32563:44166 prevented from extending below 0 on chrM
Warning! Read K00382:115:HKHC5BBXY:3:1114:30157:7117 prevented from extending past 16299 on chrM
Warning! Read K00382:115:HKHC5BBXY:3:1204:19350:48878 prevented from extending past 16299 on chrM
Warning! Read K00382:115:HKHC5BBXY:3:1128:7902:12937 prevented from extending below 0 on chrM
Warning! Read K00382:109:HJ5Y5BBXY:6:1212:9800:6132 prevented from extending below 0 on chrM
Warning! Read K00382:115:HKHC5BBXY:5:2116:27874:43955 prevented from extending past 1976 on chr4_JH584295_random
Warning! Read K00382:109:HJ5Y5BBXY:5:2101:26829:31664 prevented from extending past 16299 on chrM
Warning! Read K00382:109:HJ5Y5BBXY:6:2226:31274:21993 prevented from extending below 0 on chrM
Warning! Read K00382:109:HJ5Y5BBXY:8:2202:19898:2703 prevented from extending below 0 on chrM
Warning! Read K00382:109:HJ5Y5BBXY:6:2105:25388:34512 prevented from extending past 16299 on chrM
Warning! Read K00382:109:HJ5Y5BBXY:6:2102:25631:3952 prevented from extending past 16299 on chrM
Warning! Read K00382:115:HKHC5BBXY:4:2228:22820:31224 prevented from extending below 0 on chrM
Warning! Read K00382:109:HJ5Y5BBXY:7:2227:14996:14537 prevented from extending past 16299 on chrM
Warning! Read K00382:109:HJ5Y5BBXY:7:1114:12195:5499 prevented from extending past 16299 on chrM
Warning! Read K00382:109:HJ5Y5BBXY:5:1205:2909:29360 prevented from extending past 1976 on chr4_JH584295_random
Warning! Read K00382:109:HJ5Y5BBXY:7:2205:14986:10757 prevented from extending below 0 on chrM
Warning! Read K00382:109:HJ5Y5BBXY:8:2128:27580:48579 prevented from extending below 0 on chrM
Warning! Read K00382:115:HKHC5BBXY:4:2227:27559:9297 prevented from extending below 0 on chrM
Warning! Read K00382:115:HKHC5BBXY:4:1126:21024:25333 prevented from extending below 0 on chrM
Warning! Read K00382:109:HJ5Y5BBXY:6:1128:13667:41000 prevented from extending past 16299 on chrM
Warning! Read K00382:115:HKHC5BBXY:3:1116:19999:42618 prevented from extending past 31602 on chrUn_GL456378
Warning! Read K00382:109:HJ5Y5BBXY:7:2105:29792:22485 prevented from extending past 31602 on chrUn_GL456378
Warning! Read K00382:115:HKHC5BBXY:5:1218:9881:26459 prevented from extending past 16299 on chrM
Warning! Read K00382:115:HKHC5BBXY:3:1117:13707:23241 prevented from extending below 0 on chrM
Warning! Read K00382:109:HJ5Y5BBXY:5:1223:23267:28868 prevented from extending past 16299 on chrM
(another 22 warning messages suppressed)
  BAM records analyzed:    42730832
    Unmapped:                209607
    MAPQ < 30:              8868608
    Paired alignments:            0
    Unpaired alignments:   33652617
  PCR duplicates --
    Paired aln sets:              0
      duplicates:                 0 (0.0%)
    Discordant aln sets:          0
      duplicates:                 0 (0.0%)
    Singleton aln sets:    33652617
      duplicates:           9066038 (26.9%)
  Fragments analyzed:      24586579
    Full fragments:               0
    Half fragments:        24586579
      (from unpaired alns)
    ATAC-seq cut sites:    24586579
      (expanded to length 100bp)
- control file #1 not provided -
  Background pileup value: 0.973233
Processing experimental file #2: results/4-ATAC_genotype/corrected_bams/name/127_BXD83_SD_full.nm.bam
Warning! Read K00382:107:HJ55YBBXY:6:2110:13697:22555 prevented from extending below 0 on chrM
Warning! Read K00382:115:HKHC5BBXY:6:1213:16873:42231 prevented from extending past 16299 on chrM
Warning! Read K00382:115:HKHC5BBXY:6:2213:10693:27795 prevented from extending below 0 on chrM
Warning! Read K00382:115:HKHC5BBXY:6:2216:19755:3512 prevented from extending past 16299 on chrM
Warning! Read K00382:115:HKHC5BBXY:7:2121:5903:20832 prevented from extending below 0 on chrM
Warning! Read K00382:118:HKHCJBBXY:2:1109:26311:11882 prevented from extending past 16299 on chrM
Warning! Read K00382:118:HKHCJBBXY:2:1120:21542:16911 prevented from extending below 0 on chrM
Warning! Read K00382:118:HKHCJBBXY:2:1203:4411:15188 prevented from extending past 16299 on chrM
Warning! Read K00382:118:HKHCJBBXY:2:1210:13068:22872 prevented from extending past 16299 on chrM
Warning! Read K00382:118:HKHCJBBXY:2:1215:9496:12110 prevented from extending below 0 on chrM
Warning! Read K00382:118:HKHCJBBXY:2:2117:7973:41335 prevented from extending below 0 on chrM
Warning! Read K00382:118:HKHCJBBXY:2:2123:15696:11319 prevented from extending below 0 on chrM
Warning! Read K00382:118:HKHCJBBXY:3:1118:5315:47594 prevented from extending below 0 on chrUn_GL456378
Warning! Read K00382:118:HKHCJBBXY:3:1205:26321:11266 prevented from extending past 16299 on chrM
Warning! Read K00382:118:HKHCJBBXY:3:1210:3021:21993 prevented from extending past 16299 on chrM
Warning! Read K00382:118:HKHCJBBXY:3:1212:24474:12075 prevented from extending below 0 on chrM
Warning! Read K00382:107:HJ55YBBXY:5:2107:4756:32631 prevented from extending past 16299 on chrM
Warning! Read K00382:107:HJ55YBBXY:6:1219:13159:31822 prevented from extending past 16299 on chrM
Warning! Read K00382:107:HJ55YBBXY:8:1103:6745:37695 prevented from extending below 0 on chrM
Warning! Read K00382:107:HJ55YBBXY:8:1212:7984:33158 prevented from extending past 16299 on chrM
Warning! Read K00382:115:HKHC5BBXY:8:2108:21389:9473 prevented from extending below 0 on chrM
Warning! Read K00382:118:HKHCJBBXY:2:1111:17340:14273 prevented from extending below 0 on chrM
Warning! Read K00382:118:HKHCJBBXY:2:1111:19461:29061 prevented from extending below 0 on chrM
Warning! Read K00382:118:HKHCJBBXY:2:1203:5497:22309 prevented from extending past 16299 on chrM
Warning! Read K00382:118:HKHCJBBXY:2:1209:11403:23259 prevented from extending below 0 on chrM
Warning! Read K00382:118:HKHCJBBXY:2:1217:14174:9631 prevented from extending past 16299 on chrM
Warning! Read K00382:118:HKHCJBBXY:2:1225:27407:38996 prevented from extending below 0 on chrM
Warning! Read K00382:118:HKHCJBBXY:2:2111:24231:39365 prevented from extending below 0 on chrM
Warning! Read K00382:118:HKHCJBBXY:2:2227:3762:16489 prevented from extending past 16299 on chrM
Warning! Read K00382:118:HKHCJBBXY:3:1222:7791:38310 prevented from extending below 0 on chrM
Warning! Read K00382:118:HKHCJBBXY:3:2118:5132:11759 prevented from extending below 0 on chrM
Warning! Read K00382:118:HKHCJBBXY:2:1102:5913:42407 prevented from extending past 16299 on chrM
Warning! Read K00382:118:HKHCJBBXY:2:1104:27803:46434 prevented from extending below 0 on chrM
Warning! Read K00382:118:HKHCJBBXY:2:1108:8866:32156 prevented from extending past 16299 on chrM
Warning! Read K00382:118:HKHCJBBXY:2:1221:26088:7591 prevented from extending past 16299 on chrM
Warning! Read K00382:118:HKHCJBBXY:2:2120:8034:31804 prevented from extending below 0 on chrM
Warning! Read K00382:118:HKHCJBBXY:2:1108:15260:9473 prevented from extending past 16299 on chrM
Warning! Read K00382:107:HJ55YBBXY:8:1123:9414:15311 prevented from extending past 16299 on chrM
Warning! Read K00382:118:HKHCJBBXY:2:1102:10642:11179 prevented from extending below 0 on chrM
Warning! Read K00382:118:HKHCJBBXY:2:1104:19948:3670 prevented from extending past 16299 on chrM
Warning! Read K00382:118:HKHCJBBXY:2:2213:4655:21307 prevented from extending past 16299 on chrM
Warning! Read K00382:115:HKHC5BBXY:8:2221:17563:1437 prevented from extending below 0 on chrM
Warning! Read K00382:118:HKHCJBBXY:2:1226:6979:7117 prevented from extending past 16299 on chrM
Warning! Read K00382:118:HKHCJBBXY:2:2203:11464:22907 prevented from extending below 0 on chrM
Warning! Read K00382:118:HKHCJBBXY:3:2103:18517:14730 prevented from extending past 16299 on chrM
Warning! Read K00382:118:HKHCJBBXY:2:1124:16041:31892 prevented from extending below 0 on chrM
Warning! Read K00382:115:HKHC5BBXY:7:2120:9922:44570 prevented from extending below 0 on chrM
Warning! Read K00382:118:HKHCJBBXY:2:1121:19471:15504 prevented from extending past 16299 on chrM
Warning! Read K00382:107:HJ55YBBXY:5:1105:16792:48632 prevented from extending below 0 on chrM
Warning! Read K00382:118:HKHCJBBXY:2:1101:21653:20973 prevented from extending past 16299 on chrM
Warning! Read K00382:118:HKHCJBBXY:2:1120:29873:28217 prevented from extending past 16299 on chrM
Warning! Read K00382:118:HKHCJBBXY:2:1219:8866:14221 prevented from extending below 0 on chrM
Warning! Read K00382:118:HKHCJBBXY:3:1119:3336:42337 prevented from extending past 16299 on chrM
Warning! Read K00382:118:HKHCJBBXY:2:1208:24251:17491 prevented from extending below 0 on chrM
Warning! Read K00382:118:HKHCJBBXY:3:1210:6482:20498 prevented from extending past 40056 on chrUn_GL456239
Warning! Read K00382:118:HKHCJBBXY:3:1219:26585:32367 prevented from extending past 16299 on chrM
Warning! Read K00382:118:HKHCJBBXY:3:2217:17675:3494 prevented from extending past 16299 on chrM
Warning! Read K00382:118:HKHCJBBXY:2:1124:26332:9948 prevented from extending below 0 on chrM
Warning! Read K00382:118:HKHCJBBXY:3:2215:4624:17034 prevented from extending below 0 on chrM
Warning! Read K00382:118:HKHCJBBXY:2:1113:17147:17878 prevented from extending below 0 on chrM
Warning! Read K00382:115:HKHC5BBXY:8:1127:27803:24806 prevented from extending below 0 on chrM
Warning! Read K00382:107:HJ55YBBXY:7:1110:12702:48931 prevented from extending below 0 on chrM
Warning! Read K00382:118:HKHCJBBXY:2:1112:28138:6536 prevented from extending below 0 on chrM
Warning! Read K00382:107:HJ55YBBXY:5:1105:28067:31804 prevented from extending past 16299 on chrM
Warning! Read K00382:118:HKHCJBBXY:3:1122:14864:22538 prevented from extending below 0 on chrM
Warning! Read K00382:115:HKHC5BBXY:6:2224:9029:10985 prevented from extending past 16299 on chrM
Warning! Read K00382:115:HKHC5BBXY:6:1217:27702:41721 prevented from extending past 40056 on chrUn_GL456239
Warning! Read K00382:118:HKHCJBBXY:2:2203:24271:29096 prevented from extending past 16299 on chrM
Warning! Read K00382:107:HJ55YBBXY:6:2128:27235:11196 prevented from extending below 0 on chrM
Warning! Read K00382:118:HKHCJBBXY:3:2126:21430:11688 prevented from extending past 16299 on chrM
Warning! Read K00382:118:HKHCJBBXY:3:2126:10845:16665 prevented from extending past 16299 on chrM
Warning! Read K00382:115:HKHC5BBXY:6:2115:14478:43884 prevented from extending below 0 on chrM
Warning! Read K00382:107:HJ55YBBXY:5:2212:24058:8435 prevented from extending below 0 on chrM
Warning! Read K00382:107:HJ55YBBXY:5:1121:20841:31101 prevented from extending past 16299 on chrM
Warning! Read K00382:107:HJ55YBBXY:6:1207:9638:28323 prevented from extending below 0 on chrM
Warning! Read K00382:118:HKHCJBBXY:2:1203:6563:35022 prevented from extending past 16299 on chrM
Warning! Read K00382:118:HKHCJBBXY:3:2119:18822:38785 prevented from extending below 0 on chrM
Warning! Read K00382:107:HJ55YBBXY:6:2228:14712:3213 prevented from extending past 31704 on chrUn_GL456360
Warning! Read K00382:107:HJ55YBBXY:7:1203:28655:27654 prevented from extending past 55711 on chrUn_GL456393
Warning! Read K00382:107:HJ55YBBXY:5:2122:29082:41018 prevented from extending past 16299 on chrM
Warning! Read K00382:115:HKHC5BBXY:8:1104:18162:8664 prevented from extending past 16299 on chrM
Warning! Read K00382:107:HJ55YBBXY:7:2128:31852:36323 prevented from extending below 0 on chrM
Warning! Read K00382:118:HKHCJBBXY:2:1106:24688:40438 prevented from extending past 1976 on chr4_JH584295_random
Warning! Read K00382:107:HJ55YBBXY:6:1118:20395:20586 prevented from extending past 31602 on chrUn_GL456378
Warning! Read K00382:107:HJ55YBBXY:7:2202:6603:46979 prevented from extending past 55711 on chrUn_GL456393
Warning! Read K00382:115:HKHC5BBXY:6:2228:18436:1332 prevented from extending below 0 on chrM
Warning! Read K00382:115:HKHC5BBXY:6:2222:13798:1490 prevented from extending below 0 on chrM
Warning! Read K00382:107:HJ55YBBXY:7:1112:10653:11231 prevented from extending below 0 on chrM
Warning! Read K00382:107:HJ55YBBXY:7:1104:11972:24067 prevented from extending below 0 on chr4_JH584295_random
Warning! Read K00382:107:HJ55YBBXY:7:1102:17949:16032 prevented from extending past 16299 on chrM
Warning! Read K00382:107:HJ55YBBXY:8:1227:4350:7732 prevented from extending past 16299 on chrM
Warning! Read K00382:118:HKHCJBBXY:3:2123:7405:30503 prevented from extending below 0 on chrUn_GL456366
Warning! Read K00382:107:HJ55YBBXY:6:1213:1286:24894 prevented from extending below 0 on chrM
Warning! Read K00382:118:HKHCJBBXY:3:2127:26291:11917 prevented from extending past 16299 on chrM
Warning! Read K00382:118:HKHCJBBXY:3:1205:7111:15996 prevented from extending past 16299 on chrM
Warning! Read K00382:118:HKHCJBBXY:3:2114:9069:7820 prevented from extending past 24323 on chrUn_GL456394
Warning! Read K00382:118:HKHCJBBXY:2:2203:25986:16137 prevented from extending past 16299 on chrM
Warning! Read K00382:118:HKHCJBBXY:3:2126:19745:15838 prevented from extending past 16299 on chrM
Warning! Read K00382:118:HKHCJBBXY:3:2109:1905:10141 prevented from extending below 0 on chrM
Warning! Read K00382:118:HKHCJBBXY:3:1213:4452:11179 prevented from extending below 0 on chr4_JH584295_random
Warning! Read K00382:115:HKHC5BBXY:6:2211:6390:23329 prevented from extending past 16299 on chrM
Warning! Read K00382:107:HJ55YBBXY:5:2127:31852:16981 prevented from extending past 1976 on chr4_JH584295_random
Warning! Read K00382:118:HKHCJBBXY:3:1128:30127:20287 prevented from extending below 0 on chrM
Warning! Read K00382:115:HKHC5BBXY:6:1109:32289:44640 prevented from extending below 0 on chrM
Warning! Read K00382:118:HKHCJBBXY:3:1109:28371:16155 prevented from extending past 16299 on chrM
Warning! Read K00382:118:HKHCJBBXY:2:2103:9201:35374 prevented from extending below 0 on chrM
Warning! Read K00382:118:HKHCJBBXY:2:1112:19167:14590 prevented from extending past 1976 on chr4_JH584295_random
Warning! Read K00382:118:HKHCJBBXY:3:1228:3397:47225 prevented from extending past 16299 on chrM
Warning! Read K00382:118:HKHCJBBXY:2:1212:18355:5517 prevented from extending below 0 on chrM
Warning! Read K00382:115:HKHC5BBXY:8:1112:7456:36253 prevented from extending past 1976 on chr4_JH584295_random
Warning! Read K00382:107:HJ55YBBXY:5:1202:21308:17772 prevented from extending below 0 on chrM
Warning! Read K00382:118:HKHCJBBXY:3:2103:10500:19900 prevented from extending past 16299 on chrM
Warning! Read K00382:115:HKHC5BBXY:8:2126:24748:10194 prevented from extending below 0 on chrUn_GL456396
Warning! Read K00382:115:HKHC5BBXY:6:2109:10693:26740 prevented from extending past 16299 on chrM
Warning! Read K00382:107:HJ55YBBXY:7:1103:9222:30099 prevented from extending below 0 on chrM
Warning! Read K00382:107:HJ55YBBXY:5:1207:24474:27232 prevented from extending past 16299 on chrM
Warning! Read K00382:115:HKHC5BBXY:6:1117:28351:28112 prevented from extending below 0 on chrM
Warning! Read K00382:107:HJ55YBBXY:6:1222:11617:34319 prevented from extending below 0 on chrM
Warning! Read K00382:107:HJ55YBBXY:6:1122:8846:38064 prevented from extending past 16299 on chrM
Warning! Read K00382:115:HKHC5BBXY:7:1117:7293:40825 prevented from extending below 0 on chrM
Warning! Read K00382:115:HKHC5BBXY:8:2202:13321:44306 prevented from extending past 16299 on chrM
Warning! Read K00382:115:HKHC5BBXY:8:1122:14235:4708 prevented from extending below 0 on chrM
Warning! Read K00382:118:HKHCJBBXY:3:1112:29691:38345 prevented from extending past 16299 on chrM
Warning! Read K00382:115:HKHC5BBXY:6:2116:2392:33985 prevented from extending past 16299 on chrM
Warning! Read K00382:107:HJ55YBBXY:8:2102:11728:20515 prevented from extending below 0 on chrM
Warning! Read K00382:107:HJ55YBBXY:6:1223:22384:44851 prevented from extending below 0 on chrM
Warning! Read K00382:107:HJ55YBBXY:5:2111:29559:36710 prevented from extending past 16299 on chrM
Warning! Read K00382:107:HJ55YBBXY:8:2225:21988:17685 prevented from extending past 1976 on chr4_JH584295_random
(another 19 warning messages suppressed)
  BAM records analyzed:    51713470
    Unmapped:                269417
    MAPQ < 30:              8178624
    Paired alignments:            0
    Unpaired alignments:   43265429
  PCR duplicates --
    Paired aln sets:              0
      duplicates:                 0 (0.0%)
    Discordant aln sets:          0
      duplicates:                 0 (0.0%)
    Singleton aln sets:    43265429
      duplicates:           5368695 (12.4%)
  Fragments analyzed:      37896734
    Full fragments:               0
    Half fragments:        37896734
      (from unpaired alns)
    ATAC-seq cut sites:    37896734
      (expanded to length 100bp)
- control file #2 not provided -
  Background pileup value: 1.500229
Peak-calling parameters:
  Genome length: 2491894574bp
  Significance threshold: -log(q) > 1.301
  Min. AUC: 200.000
  Max. gap between sites: 100bp
Peaks identified: 16538 (10124617bp)
Logs saved in <logs/5-ATAC_peaks/mito_BXD83_SD.log>
