Calling peaks with mitochondrial DNA for results/4-ATAC_genotype/corrected_bams/name/042_BXD50_CTRL_full.nm.bam results/4-ATAC_genotype/corrected_bams/name/154_BXD50_CTRL_full.nm.bam results/4-ATAC_genotype/corrected_bams/name/186_BXD50_CTRL_full.nm.bam
Processing experimental file #0: results/4-ATAC_genotype/corrected_bams/name/042_BXD50_CTRL_full.nm.bam
Warning! Read K00382:109:HJ5Y5BBXY:5:1202:4320:15522 prevented from extending below 0 on chrM
Warning! Read K00382:109:HJ5Y5BBXY:5:2121:17086:26388 prevented from extending below 0 on chrM
Warning! Read K00382:109:HJ5Y5BBXY:7:1117:23835:7275 prevented from extending below 0 on chrM
Warning! Read K00382:109:HJ5Y5BBXY:7:2215:5467:29184 prevented from extending below 0 on chrM
Warning! Read K00382:115:HKHC5BBXY:3:1101:14458:22538 prevented from extending past 16299 on chrM
Warning! Read K00382:115:HKHC5BBXY:3:1104:27458:2193 prevented from extending past 16299 on chrM
Warning! Read K00382:115:HKHC5BBXY:3:1105:4107:7662 prevented from extending past 16299 on chrM
Warning! Read K00382:115:HKHC5BBXY:3:1105:29640:5024 prevented from extending below 0 on chrM
Warning! Read K00382:115:HKHC5BBXY:3:1108:15727:39330 prevented from extending below 0 on chrM
Warning! Read K00382:115:HKHC5BBXY:3:1109:6299:47577 prevented from extending below 0 on chrM
Warning! Read K00382:115:HKHC5BBXY:3:1110:13606:30626 prevented from extending below 0 on chrM
Warning! Read K00382:115:HKHC5BBXY:3:1114:6279:21272 prevented from extending past 16299 on chrM
Warning! Read K00382:115:HKHC5BBXY:3:2105:20902:2545 prevented from extending past 16299 on chrM
Warning! Read K00382:115:HKHC5BBXY:4:1211:14418:43708 prevented from extending below 0 on chrM
Warning! Read K00382:115:HKHC5BBXY:4:1215:9891:27496 prevented from extending below 0 on chrM
Warning! Read K00382:115:HKHC5BBXY:4:1225:5223:34213 prevented from extending past 16299 on chrM
Warning! Read K00382:115:HKHC5BBXY:4:2213:4827:8137 prevented from extending below 0 on chrM
Warning! Read K00382:115:HKHC5BBXY:5:1227:15493:32912 prevented from extending below 0 on chrM
Warning! Read K00382:115:HKHC5BBXY:5:2108:10287:37712 prevented from extending past 16299 on chrM
Warning! Read K00382:120:HKHGNBBXY:8:1209:11789:10739 prevented from extending below 0 on chrM
Warning! Read K00382:115:HKHC5BBXY:3:1110:20253:48298 prevented from extending below 0 on chrM
Warning! Read K00382:115:HKHC5BBXY:3:1115:22161:48966 prevented from extending below 0 on chrM
Warning! Read K00382:115:HKHC5BBXY:3:1125:16193:33457 prevented from extending past 16299 on chrM
Warning! Read K00382:115:HKHC5BBXY:3:1128:9090:11864 prevented from extending below 0 on chrM
Warning! Read K00382:115:HKHC5BBXY:3:1226:19004:36394 prevented from extending below 0 on chrM
Warning! Read K00382:115:HKHC5BBXY:3:1226:19532:39910 prevented from extending past 16299 on chrM
Warning! Read K00382:115:HKHC5BBXY:4:1105:23612:15610 prevented from extending past 16299 on chrM
Warning! Read K00382:115:HKHC5BBXY:4:1128:21389:23364 prevented from extending below 0 on chrM
Warning! Read K00382:115:HKHC5BBXY:4:2204:7730:8805 prevented from extending below 0 on chrM
Warning! Read K00382:115:HKHC5BBXY:4:2228:5254:15698 prevented from extending past 16299 on chrM
Warning! Read K00382:115:HKHC5BBXY:3:1101:19938:36886 prevented from extending below 0 on chrM
Warning! Read K00382:115:HKHC5BBXY:3:1102:24677:15522 prevented from extending past 16299 on chrM
Warning! Read K00382:115:HKHC5BBXY:3:1106:6340:36042 prevented from extending past 16299 on chrM
Warning! Read K00382:115:HKHC5BBXY:3:1114:10358:3829 prevented from extending past 16299 on chrM
Warning! Read K00382:115:HKHC5BBXY:3:2207:9313:2686 prevented from extending past 16299 on chrM
Warning! Read K00382:115:HKHC5BBXY:5:1202:18223:18687 prevented from extending past 31704 on chrUn_GL456360
Warning! Read K00382:115:HKHC5BBXY:5:1220:29285:24173 prevented from extending below 0 on chrM
Warning! Read K00382:115:HKHC5BBXY:5:2111:24170:18159 prevented from extending below 0 on chrM
Warning! Read K00382:115:HKHC5BBXY:3:1104:12855:13289 prevented from extending past 16299 on chrM
Warning! Read K00382:115:HKHC5BBXY:3:1204:5132:19003 prevented from extending past 16299 on chrM
Warning! Read K00382:115:HKHC5BBXY:3:1210:21836:1420 prevented from extending past 16299 on chrM
Warning! Read K00382:120:HKHGNBBXY:8:1108:9709:18036 prevented from extending past 16299 on chrM
Warning! Read K00382:109:HJ5Y5BBXY:5:1224:14519:36358 prevented from extending past 16299 on chrM
Warning! Read K00382:109:HJ5Y5BBXY:7:1211:4168:9455 prevented from extending past 16299 on chrM
Warning! Read K00382:115:HKHC5BBXY:3:1210:30959:13148 prevented from extending past 16299 on chrM
Warning! Read K00382:115:HKHC5BBXY:3:2112:24738:46082 prevented from extending below 0 on chrM
Warning! Read K00382:115:HKHC5BBXY:3:2223:12540:28920 prevented from extending below 0 on chrM
Warning! Read K00382:115:HKHC5BBXY:4:2213:28716:38029 prevented from extending below 0 on chrM
Warning! Read K00382:115:HKHC5BBXY:5:1121:26260:10809 prevented from extending below 0 on chrM
Warning! Read K00382:120:HKHGNBBXY:8:1207:25560:20322 prevented from extending past 16299 on chrM
Warning! Read K00382:120:HKHGNBBXY:8:1202:23216:35040 prevented from extending below 0 on chrM
Warning! Read K00382:120:HKHGNBBXY:8:2221:4787:8981 prevented from extending below 0 on chrM
Warning! Read K00382:115:HKHC5BBXY:3:1125:26139:4725 prevented from extending past 16299 on chrM
Warning! Read K00382:115:HKHC5BBXY:5:2211:12550:2422 prevented from extending past 16299 on chrM
Warning! Read K00382:120:HKHGNBBXY:8:1119:21582:4567 prevented from extending past 16299 on chrM
Warning! Read K00382:115:HKHC5BBXY:4:2114:16802:27901 prevented from extending past 28772 on chrUn_GL456389
Warning! Read K00382:115:HKHC5BBXY:5:1114:22587:25861 prevented from extending past 16299 on chrM
Warning! Read K00382:115:HKHC5BBXY:3:1204:13545:38363 prevented from extending past 16299 on chrM
Warning! Read K00382:115:HKHC5BBXY:3:2127:9770:46979 prevented from extending past 55711 on chrUn_GL456393
Warning! Read K00382:115:HKHC5BBXY:3:1218:3610:34793 prevented from extending below 0 on chrM
Warning! Read K00382:115:HKHC5BBXY:3:1107:3630:12673 prevented from extending below 0 on chrM
Warning! Read K00382:115:HKHC5BBXY:3:1109:11606:21113 prevented from extending below 0 on chrM
Warning! Read K00382:109:HJ5Y5BBXY:6:2218:3539:23944 prevented from extending past 16299 on chrM
Warning! Read K00382:109:HJ5Y5BBXY:5:1206:22201:9403 prevented from extending below 0 on chrM
Warning! Read K00382:115:HKHC5BBXY:4:1217:13565:11390 prevented from extending past 16299 on chrM
Warning! Read K00382:115:HKHC5BBXY:3:2222:5112:1701 prevented from extending below 0 on chrM
Warning! Read K00382:115:HKHC5BBXY:4:1217:14316:8189 prevented from extending past 16299 on chrM
Warning! Read K00382:115:HKHC5BBXY:5:2223:23074:10071 prevented from extending below 0 on chrM
Warning! Read K00382:109:HJ5Y5BBXY:8:2122:7486:49036 prevented from extending below 0 on chrM
Warning! Read K00382:115:HKHC5BBXY:3:1118:6542:30134 prevented from extending past 16299 on chrM
Warning! Read K00382:120:HKHGNBBXY:8:2214:18304:37501 prevented from extending past 16299 on chrM
Warning! Read K00382:115:HKHC5BBXY:4:1202:22069:15539 prevented from extending below 0 on chrM
Warning! Read K00382:109:HJ5Y5BBXY:8:2112:8562:35110 prevented from extending past 16299 on chrM
Warning! Read K00382:120:HKHGNBBXY:8:2226:10450:47489 prevented from extending below 0 on chrM
Warning! Read K00382:109:HJ5Y5BBXY:7:2128:3945:48948 prevented from extending below 0 on chrM
Warning! Read K00382:109:HJ5Y5BBXY:6:2119:1773:41071 prevented from extending below 0 on chrM
Warning! Read K00382:109:HJ5Y5BBXY:6:2103:19106:43357 prevented from extending below 0 on chrM
Warning! Read K00382:109:HJ5Y5BBXY:7:2205:29427:27408 prevented from extending past 16299 on chrM
Warning! Read K00382:109:HJ5Y5BBXY:5:2125:14783:10440 prevented from extending past 16299 on chrM
Warning! Read K00382:115:HKHC5BBXY:4:2217:25114:35303 prevented from extending below 0 on chr4_JH584295_random
Warning! Read K00382:115:HKHC5BBXY:3:2226:1245:11601 prevented from extending below 0 on chrM
Warning! Read K00382:109:HJ5Y5BBXY:7:1222:22374:19619 prevented from extending below 0 on chrM
Warning! Read K00382:115:HKHC5BBXY:3:2201:19735:37378 prevented from extending past 1976 on chr4_JH584295_random
Warning! Read K00382:109:HJ5Y5BBXY:6:2218:1276:9930 prevented from extending past 16299 on chrM
Warning! Read K00382:115:HKHC5BBXY:3:2216:27164:29466 prevented from extending past 16299 on chrM
Warning! Read K00382:109:HJ5Y5BBXY:7:2226:1123:46662 prevented from extending below 0 on chrM
Warning! Read K00382:109:HJ5Y5BBXY:7:2222:30858:44095 prevented from extending past 16299 on chrM
Warning! Read K00382:115:HKHC5BBXY:4:1109:8562:23470 prevented from extending past 16299 on chrM
Warning! Read K00382:115:HKHC5BBXY:4:1202:2453:28287 prevented from extending past 16299 on chrM
Warning! Read K00382:115:HKHC5BBXY:3:2104:27245:5763 prevented from extending past 16299 on chrM
Warning! Read K00382:109:HJ5Y5BBXY:8:1101:4848:19601 prevented from extending below 0 on chrM
Warning! Read K00382:109:HJ5Y5BBXY:5:1213:1215:24595 prevented from extending past 16299 on chrM
Warning! Read K00382:109:HJ5Y5BBXY:5:2212:28767:39699 prevented from extending past 24323 on chrUn_GL456394
Warning! Read K00382:109:HJ5Y5BBXY:6:1125:13849:26054 prevented from extending past 16299 on chrM
Warning! Read K00382:115:HKHC5BBXY:4:1209:19370:47577 prevented from extending past 25871 on chrUn_GL456381
Warning! Read K00382:115:HKHC5BBXY:3:1114:16193:21465 prevented from extending below 0 on chrM
Warning! Read K00382:115:HKHC5BBXY:4:2213:14986:25914 prevented from extending below 0 on chrM
Warning! Read K00382:115:HKHC5BBXY:4:1203:27143:47295 prevented from extending past 16299 on chrM
Warning! Read K00382:115:HKHC5BBXY:4:2121:14357:5552 prevented from extending past 16299 on chrM
Warning! Read K00382:109:HJ5Y5BBXY:8:2216:18994:32648 prevented from extending below 0 on chrM
Warning! Read K00382:115:HKHC5BBXY:4:1108:15250:25316 prevented from extending past 16299 on chrM
Warning! Read K00382:115:HKHC5BBXY:3:1125:3620:29466 prevented from extending below 0 on chrM
Warning! Read K00382:115:HKHC5BBXY:3:2117:21542:2563 prevented from extending below 0 on chr4_JH584295_random
Warning! Read K00382:109:HJ5Y5BBXY:5:1111:25814:28323 prevented from extending below 0 on chrM
Warning! Read K00382:115:HKHC5BBXY:4:2115:8430:37519 prevented from extending past 16299 on chrM
Warning! Read K00382:115:HKHC5BBXY:3:1110:4543:23751 prevented from extending past 16299 on chrM
Warning! Read K00382:109:HJ5Y5BBXY:8:1213:2859:26810 prevented from extending past 16299 on chrM
Warning! Read K00382:109:HJ5Y5BBXY:5:2120:22090:27215 prevented from extending below 0 on chrM
Warning! Read K00382:109:HJ5Y5BBXY:5:1108:28919:11337 prevented from extending past 16299 on chrM
Warning! Read K00382:109:HJ5Y5BBXY:5:1120:20699:19460 prevented from extending below 0 on chrM
Warning! Read K00382:109:HJ5Y5BBXY:8:2221:1600:4268 prevented from extending past 1976 on chr4_JH584295_random
Warning! Read K00382:109:HJ5Y5BBXY:5:1211:5416:19531 prevented from extending past 16299 on chrM
Warning! Read K00382:109:HJ5Y5BBXY:6:1218:15514:38363 prevented from extending below 0 on chrM
Warning! Read K00382:115:HKHC5BBXY:3:2109:13037:38468 prevented from extending past 16299 on chrM
Warning! Read K00382:115:HKHC5BBXY:3:2127:12195:45449 prevented from extending past 16299 on chrM
Warning! Read K00382:109:HJ5Y5BBXY:6:2117:14600:32736 prevented from extending below 0 on chrM
Warning! Read K00382:115:HKHC5BBXY:4:2205:25591:21465 prevented from extending below 0 on chrM
Warning! Read K00382:120:HKHGNBBXY:8:2222:4188:10792 prevented from extending below 0 on chrM
Warning! Read K00382:109:HJ5Y5BBXY:6:1211:3975:37114 prevented from extending below 0 on chrM
Warning! Read K00382:120:HKHGNBBXY:8:2211:4736:38679 prevented from extending below 0 on chrM
Warning! Read K00382:109:HJ5Y5BBXY:8:1202:11921:10018 prevented from extending below 0 on chrM
Warning! Read K00382:109:HJ5Y5BBXY:5:2107:21542:44693 prevented from extending past 16299 on chrM
Warning! Read K00382:120:HKHGNBBXY:8:2106:22567:3283 prevented from extending past 16299 on chrM
Warning! Read K00382:109:HJ5Y5BBXY:5:2209:5213:36868 prevented from extending past 16299 on chrM
Warning! Read K00382:120:HKHGNBBXY:8:1209:22333:39981 prevented from extending below 0 on chrM
Warning! Read K00382:109:HJ5Y5BBXY:8:2219:23591:25316 prevented from extending past 16299 on chrM
Warning! Read K00382:109:HJ5Y5BBXY:5:1117:8258:23681 prevented from extending past 16299 on chrM
Warning! Read K00382:109:HJ5Y5BBXY:6:1121:14773:41581 prevented from extending below 0 on chrM
(another 13 warning messages suppressed)
  BAM records analyzed:    41225005
    Unmapped:                361238
    MAPQ < 30:              8225785
    Paired alignments:            0
    Unpaired alignments:   32637982
  PCR duplicates --
    Paired aln sets:              0
      duplicates:                 0 (0.0%)
    Discordant aln sets:          0
      duplicates:                 0 (0.0%)
    Singleton aln sets:    32637982
      duplicates:           7997007 (24.5%)
  Fragments analyzed:      24640975
    Full fragments:               0
    Half fragments:        24640975
      (from unpaired alns)
    ATAC-seq cut sites:    24640975
      (expanded to length 100bp)
- control file #0 not provided -
  Background pileup value: 0.975909
Processing experimental file #1: results/4-ATAC_genotype/corrected_bams/name/154_BXD50_CTRL_full.nm.bam
Warning! Read K00382:109:HJ5Y5BBXY:1:1101:21846:24015 prevented from extending below 0 on chrM
Warning! Read K00382:109:HJ5Y5BBXY:1:1104:25672:28393 prevented from extending below 0 on chrM
Warning! Read K00382:109:HJ5Y5BBXY:1:1106:7689:24665 prevented from extending past 16299 on chrM
Warning! Read K00382:109:HJ5Y5BBXY:1:1106:23419:20199 prevented from extending past 16299 on chrM
Warning! Read K00382:109:HJ5Y5BBXY:1:1203:4706:21500 prevented from extending below 0 on chrM
Warning! Read K00382:109:HJ5Y5BBXY:1:1227:26058:42741 prevented from extending past 16299 on chrM
Warning! Read K00382:109:HJ5Y5BBXY:1:2111:3407:39154 prevented from extending below 0 on chrM
Warning! Read K00382:109:HJ5Y5BBXY:1:2111:25814:1806 prevented from extending below 0 on chrM
Warning! Read K00382:115:HKHC5BBXY:1:1128:3660:16594 prevented from extending past 16299 on chrM
Warning! Read K00382:115:HKHC5BBXY:1:1210:18213:18810 prevented from extending past 16299 on chrM
Warning! Read K00382:115:HKHC5BBXY:1:2105:10744:8189 prevented from extending below 0 on chrM
Warning! Read K00382:115:HKHC5BBXY:1:2219:22698:8998 prevented from extending below 0 on chrM
Warning! Read K00382:115:HKHC5BBXY:2:1221:17766:39734 prevented from extending below 0 on chrM
Warning! Read K00382:115:HKHC5BBXY:2:2207:7283:25404 prevented from extending past 16299 on chrM
Warning! Read K00382:118:HKHCJBBXY:1:1120:9790:24155 prevented from extending below 0 on chrM
Warning! Read K00382:118:HKHCJBBXY:1:1215:10399:21729 prevented from extending below 0 on chrM
Warning! Read K00382:118:HKHCJBBXY:1:2208:3325:27760 prevented from extending past 1976 on chr4_JH584295_random
Warning! Read K00382:120:HKHGNBBXY:7:1128:10155:35761 prevented from extending past 16299 on chrM
Warning! Read K00382:120:HKHGNBBXY:7:1208:21105:39611 prevented from extending below 0 on chrM
Warning! Read K00382:120:HKHGNBBXY:7:1220:17848:47858 prevented from extending below 0 on chrM
Warning! Read K00382:120:HKHGNBBXY:7:2217:18933:49071 prevented from extending past 16299 on chrM
Warning! Read K00382:109:HJ5Y5BBXY:1:1104:26869:33703 prevented from extending below 0 on chrM
Warning! Read K00382:109:HJ5Y5BBXY:1:1110:3924:28903 prevented from extending past 16299 on chrM
Warning! Read K00382:109:HJ5Y5BBXY:1:1224:10368:23188 prevented from extending past 16299 on chrM
Warning! Read K00382:109:HJ5Y5BBXY:3:1201:20517:44746 prevented from extending below 0 on chrM
Warning! Read K00382:115:HKHC5BBXY:1:1113:18862:13289 prevented from extending past 16299 on chrM
Warning! Read K00382:115:HKHC5BBXY:1:1209:10703:29466 prevented from extending below 0 on chrM
Warning! Read K00382:115:HKHC5BBXY:1:1222:20547:23698 prevented from extending below 0 on chrM
Warning! Read K00382:115:HKHC5BBXY:1:2113:3234:44482 prevented from extending past 16299 on chrM
Warning! Read K00382:115:HKHC5BBXY:2:1114:30858:33123 prevented from extending below 0 on chrM
Warning! Read K00382:115:HKHC5BBXY:2:2112:4848:9438 prevented from extending below 0 on chrM
Warning! Read K00382:115:HKHC5BBXY:2:2209:23602:29096 prevented from extending past 16299 on chrM
Warning! Read K00382:118:HKHCJBBXY:1:1111:15716:23909 prevented from extending past 16299 on chrM
Warning! Read K00382:118:HKHCJBBXY:1:1120:8186:2105 prevented from extending below 0 on chrM
Warning! Read K00382:118:HKHCJBBXY:1:1211:8714:20533 prevented from extending past 16299 on chrM
Warning! Read K00382:118:HKHCJBBXY:1:1223:3214:7134 prevented from extending below 0 on chrM
Warning! Read K00382:118:HKHCJBBXY:1:2102:22688:10985 prevented from extending past 16299 on chrM
Warning! Read K00382:118:HKHCJBBXY:1:2212:21633:27901 prevented from extending below 0 on chrM
Warning! Read K00382:109:HJ5Y5BBXY:1:1116:7608:5394 prevented from extending below 0 on chrM
Warning! Read K00382:115:HKHC5BBXY:1:2215:18578:14168 prevented from extending past 16299 on chrM
Warning! Read K00382:109:HJ5Y5BBXY:1:2203:24596:33809 prevented from extending past 16299 on chrM
Warning! Read K00382:115:HKHC5BBXY:1:1228:20791:28200 prevented from extending past 16299 on chrM
Warning! Read K00382:115:HKHC5BBXY:1:2211:20050:22485 prevented from extending below 0 on chrM
Warning! Read K00382:115:HKHC5BBXY:2:1121:27965:20726 prevented from extending below 0 on chrM
Warning! Read K00382:115:HKHC5BBXY:2:1126:23815:43322 prevented from extending below 0 on chrM
Warning! Read K00382:115:HKHC5BBXY:2:1221:9658:28780 prevented from extending past 16299 on chrM
Warning! Read K00382:120:HKHGNBBXY:7:1117:16082:32244 prevented from extending below 0 on chrM
Warning! Read K00382:120:HKHGNBBXY:7:1123:24992:25914 prevented from extending past 16299 on chrM
Warning! Read K00382:115:HKHC5BBXY:1:2208:17908:10546 prevented from extending below 0 on chrM
Warning! Read K00382:115:HKHC5BBXY:1:2224:8176:28534 prevented from extending below 0 on chrM
Warning! Read K00382:118:HKHCJBBXY:1:1109:14681:35409 prevented from extending past 16299 on chrM
Warning! Read K00382:109:HJ5Y5BBXY:1:2105:19126:45854 prevented from extending past 16299 on chrM
Warning! Read K00382:115:HKHC5BBXY:2:1219:23348:26898 prevented from extending past 16299 on chrM
Warning! Read K00382:115:HKHC5BBXY:2:2110:25266:38029 prevented from extending below 0 on chrM
Warning! Read K00382:115:HKHC5BBXY:2:2125:7446:15487 prevented from extending below 0 on chrM
Warning! Read K00382:118:HKHCJBBXY:1:2212:12966:26846 prevented from extending past 16299 on chrM
Warning! Read K00382:109:HJ5Y5BBXY:4:2102:24586:15856 prevented from extending past 16299 on chrM
Warning! Read K00382:115:HKHC5BBXY:1:1113:13788:1683 prevented from extending past 16299 on chrM
Warning! Read K00382:109:HJ5Y5BBXY:1:1118:3731:45660 prevented from extending past 16299 on chrM
Warning! Read K00382:109:HJ5Y5BBXY:1:1218:22861:48386 prevented from extending below 0 on chrM
Warning! Read K00382:115:HKHC5BBXY:1:1103:22820:32209 prevented from extending past 16299 on chrM
Warning! Read K00382:115:HKHC5BBXY:1:1216:21521:40614 prevented from extending past 16299 on chrM
Warning! Read K00382:120:HKHGNBBXY:7:2103:7121:21113 prevented from extending past 16299 on chrM
Warning! Read K00382:109:HJ5Y5BBXY:2:2115:20720:12708 prevented from extending below 0 on chrM
Warning! Read K00382:109:HJ5Y5BBXY:1:1109:4401:15522 prevented from extending past 16299 on chrM
Warning! Read K00382:109:HJ5Y5BBXY:1:2204:13514:25228 prevented from extending below 0 on chrM
Warning! Read K00382:115:HKHC5BBXY:1:2119:14945:5341 prevented from extending past 16299 on chrM
Warning! Read K00382:115:HKHC5BBXY:1:1122:17249:31699 prevented from extending below 0 on chrM
Warning! Read K00382:115:HKHC5BBXY:1:2225:6066:3600 prevented from extending past 16299 on chrM
Warning! Read K00382:109:HJ5Y5BBXY:1:2226:27296:30151 prevented from extending past 16299 on chrM
Warning! Read K00382:115:HKHC5BBXY:1:1105:9871:34917 prevented from extending below 0 on chrM
Warning! Read K00382:118:HKHCJBBXY:1:2224:5761:22872 prevented from extending past 16299 on chrM
Warning! Read K00382:115:HKHC5BBXY:2:2126:20131:21043 prevented from extending past 16299 on chrM
Warning! Read K00382:118:HKHCJBBXY:1:2103:7750:29061 prevented from extending below 0 on chrM
Warning! Read K00382:120:HKHGNBBXY:7:1107:17371:27373 prevented from extending past 16299 on chrM
Warning! Read K00382:120:HKHGNBBXY:7:1112:3346:5640 prevented from extending past 16299 on chrM
Warning! Read K00382:109:HJ5Y5BBXY:4:2218:8937:49124 prevented from extending below 0 on chrM
Warning! Read K00382:115:HKHC5BBXY:1:2226:28970:10932 prevented from extending below 0 on chrM
Warning! Read K00382:115:HKHC5BBXY:2:1112:22293:7099 prevented from extending below 0 on chr4_JH584295_random
Warning! Read K00382:120:HKHGNBBXY:7:2111:4706:13130 prevented from extending below 0 on chrM
Warning! Read K00382:118:HKHCJBBXY:1:1224:30279:21289 prevented from extending past 16299 on chrM
Warning! Read K00382:120:HKHGNBBXY:7:2105:24261:27180 prevented from extending below 0 on chrM
Warning! Read K00382:118:HKHCJBBXY:1:2110:13078:47436 prevented from extending below 0 on chrM
Warning! Read K00382:109:HJ5Y5BBXY:1:2101:2788:13711 prevented from extending below 0 on chrM
Warning! Read K00382:120:HKHGNBBXY:7:2105:22759:40754 prevented from extending past 16299 on chrM
Warning! Read K00382:109:HJ5Y5BBXY:1:2105:23937:47295 prevented from extending past 16299 on chrM
Warning! Read K00382:120:HKHGNBBXY:7:2104:21876:46715 prevented from extending below 0 on chrM
Warning! Read K00382:120:HKHGNBBXY:7:2113:11109:41282 prevented from extending below 0 on chrM
Warning! Read K00382:120:HKHGNBBXY:7:2212:28858:3459 prevented from extending past 16299 on chrM
Warning! Read K00382:120:HKHGNBBXY:7:2228:25185:7468 prevented from extending past 24323 on chrUn_GL456394
Warning! Read K00382:118:HKHCJBBXY:1:2118:24850:26301 prevented from extending past 1976 on chr4_JH584295_random
Warning! Read K00382:115:HKHC5BBXY:2:2207:3123:28006 prevented from extending past 1976 on chr4_JH584295_random
Warning! Read K00382:118:HKHCJBBXY:1:1112:24576:39084 prevented from extending past 1976 on chr4_JH584295_random
Warning! Read K00382:120:HKHGNBBXY:7:1112:26869:7433 prevented from extending below 0 on chr4_JH584295_random
Warning! Read K00382:118:HKHCJBBXY:1:2109:32552:20867 prevented from extending past 16299 on chrM
Warning! Read K00382:115:HKHC5BBXY:2:1217:30979:14308 prevented from extending below 0 on chr4_JH584295_random
Warning! Read K00382:115:HKHC5BBXY:1:1104:24809:10968 prevented from extending past 16299 on chrM
Warning! Read K00382:115:HKHC5BBXY:1:1127:25895:28991 prevented from extending below 0 on chrUn_GL456389
Warning! Read K00382:118:HKHCJBBXY:1:2103:18162:5710 prevented from extending past 24323 on chrUn_GL456394
Warning! Read K00382:118:HKHCJBBXY:1:1201:9851:36991 prevented from extending below 0 on chrM
Warning! Read K00382:109:HJ5Y5BBXY:3:2125:20303:3020 prevented from extending below 0 on chrM
Warning! Read K00382:109:HJ5Y5BBXY:2:1201:27965:10563 prevented from extending below 0 on chrM
Warning! Read K00382:115:HKHC5BBXY:1:2210:21268:6238 prevented from extending past 16299 on chrM
Warning! Read K00382:120:HKHGNBBXY:7:2203:11657:46100 prevented from extending past 16299 on chrM
Warning! Read K00382:115:HKHC5BBXY:1:1113:16620:2826 prevented from extending below 0 on chrM
Warning! Read K00382:115:HKHC5BBXY:1:2206:24809:28164 prevented from extending below 0 on chrM
Warning! Read K00382:118:HKHCJBBXY:1:2223:17036:3055 prevented from extending past 16299 on chrM
Warning! Read K00382:120:HKHGNBBXY:7:1123:4036:46715 prevented from extending below 0 on chrM
Warning! Read K00382:115:HKHC5BBXY:1:2204:18791:41686 prevented from extending past 16299 on chrM
Warning! Read K00382:118:HKHCJBBXY:1:2227:29406:43128 prevented from extending past 16299 on chrM
Warning! Read K00382:115:HKHC5BBXY:2:1228:20923:33598 prevented from extending past 16299 on chrM
Warning! Read K00382:115:HKHC5BBXY:2:1104:11353:45994 prevented from extending below 0 on chrM
Warning! Read K00382:115:HKHC5BBXY:1:1201:8115:39049 prevented from extending past 16299 on chrM
Warning! Read K00382:115:HKHC5BBXY:1:1212:3650:24138 prevented from extending below 0 on chrM
Warning! Read K00382:118:HKHCJBBXY:1:1211:22495:22538 prevented from extending below 0 on chrM
Warning! Read K00382:118:HKHCJBBXY:1:2108:5264:3969 prevented from extending below 0 on chrM
Warning! Read K00382:115:HKHC5BBXY:1:1126:20862:31980 prevented from extending past 16299 on chrM
Warning! Read K00382:120:HKHGNBBXY:7:1101:5030:17983 prevented from extending below 0 on chrM
Warning! Read K00382:115:HKHC5BBXY:1:2120:5446:29114 prevented from extending past 16299 on chrM
Warning! Read K00382:118:HKHCJBBXY:1:2213:19076:36622 prevented from extending below 0 on chrM
Warning! Read K00382:109:HJ5Y5BBXY:4:1216:10998:4549 prevented from extending past 16299 on chrM
Warning! Read K00382:120:HKHGNBBXY:7:1210:10338:5165 prevented from extending below 0 on chrM
Warning! Read K00382:115:HKHC5BBXY:1:2203:18061:31628 prevented from extending below 0 on chrM
Warning! Read K00382:115:HKHC5BBXY:2:2106:9049:24806 prevented from extending past 16299 on chrM
Warning! Read K00382:118:HKHCJBBXY:1:1120:25134:28340 prevented from extending past 16299 on chrM
Warning! Read K00382:109:HJ5Y5BBXY:3:2115:3721:32525 prevented from extending below 0 on chrM
Warning! Read K00382:109:HJ5Y5BBXY:1:1123:16457:48825 prevented from extending past 16299 on chrM
Warning! Read K00382:115:HKHC5BBXY:1:2107:31436:41405 prevented from extending below 0 on chrM
(another 15 warning messages suppressed)
  BAM records analyzed:    52918654
    Unmapped:                194006
    MAPQ < 30:              8635279
    Paired alignments:            0
    Unpaired alignments:   44089369
  PCR duplicates --
    Paired aln sets:              0
      duplicates:                 0 (0.0%)
    Discordant aln sets:          0
      duplicates:                 0 (0.0%)
    Singleton aln sets:    44089369
      duplicates:           7756131 (17.6%)
  Fragments analyzed:      36333238
    Full fragments:               0
    Half fragments:        36333238
      (from unpaired alns)
    ATAC-seq cut sites:    36333238
      (expanded to length 100bp)
- control file #1 not provided -
  Background pileup value: 1.438521
Processing experimental file #2: results/4-ATAC_genotype/corrected_bams/name/186_BXD50_CTRL_full.nm.bam
Warning! Read K00382:106:HJ57YBBXY:5:1128:14854:16436 prevented from extending below 0 on chrM
Warning! Read K00382:106:HJ57YBBXY:5:1202:25560:3371 prevented from extending below 0 on chrM
Warning! Read K00382:106:HJ57YBBXY:5:2122:14519:3618 prevented from extending below 0 on chrM
Warning! Read K00382:106:HJ57YBBXY:7:2201:13839:4760 prevented from extending below 0 on chrM
Warning! Read K00382:106:HJ57YBBXY:8:1123:21054:1332 prevented from extending below 0 on chrM
Warning! Read K00382:106:HJ57YBBXY:8:1214:7182:14994 prevented from extending past 16299 on chrM
Warning! Read K00382:106:HJ57YBBXY:8:2211:5132:42601 prevented from extending past 16299 on chrM
Warning! Read K00382:111:HKHK5BBXY:2:1103:7395:18564 prevented from extending below 0 on chrM
Warning! Read K00382:111:HKHK5BBXY:2:1105:10226:17526 prevented from extending below 0 on chrM
Warning! Read K00382:111:HKHK5BBXY:2:1111:6015:12761 prevented from extending below 0 on chrM
Warning! Read K00382:111:HKHK5BBXY:2:1128:22424:12708 prevented from extending below 0 on chrM
Warning! Read K00382:111:HKHK5BBXY:2:2120:10348:44113 prevented from extending below 0 on chrM
Warning! Read K00382:111:HKHK5BBXY:2:2124:23094:34899 prevented from extending below 0 on chrM
Warning! Read K00382:111:HKHK5BBXY:2:2216:13372:26986 prevented from extending past 16299 on chrM
Warning! Read K00382:111:HKHK5BBXY:2:2227:14600:8189 prevented from extending below 0 on chrM
Warning! Read K00382:111:HKHK5BBXY:3:2109:13900:24032 prevented from extending below 0 on chrM
Warning! Read K00382:111:HKHK5BBXY:4:1101:4056:21113 prevented from extending below 0 on chrM
Warning! Read K00382:111:HKHK5BBXY:4:1208:19948:43023 prevented from extending below 0 on chrM
Warning! Read K00382:111:HKHK5BBXY:4:2206:9891:2070 prevented from extending past 16299 on chrM
Warning! Read K00382:106:HJ57YBBXY:5:1102:9973:23768 prevented from extending past 16299 on chrM
Warning! Read K00382:106:HJ57YBBXY:5:2103:11677:31259 prevented from extending past 16299 on chrM
Warning! Read K00382:106:HJ57YBBXY:8:1117:27671:32560 prevented from extending past 16299 on chrM
Warning! Read K00382:111:HKHK5BBXY:2:1101:15930:14185 prevented from extending past 16299 on chrM
Warning! Read K00382:111:HKHK5BBXY:2:1103:19603:35462 prevented from extending below 0 on chrM
Warning! Read K00382:111:HKHK5BBXY:2:1117:15026:45537 prevented from extending below 0 on chrM
Warning! Read K00382:111:HKHK5BBXY:2:1121:8095:46750 prevented from extending below 0 on chrM
Warning! Read K00382:111:HKHK5BBXY:2:1125:22972:35110 prevented from extending past 16299 on chrM
Warning! Read K00382:111:HKHK5BBXY:2:1216:4685:44746 prevented from extending below 0 on chrM
Warning! Read K00382:111:HKHK5BBXY:3:1223:4239:4514 prevented from extending past 16299 on chrM
Warning! Read K00382:111:HKHK5BBXY:3:2114:9475:44500 prevented from extending past 16299 on chrM
Warning! Read K00382:111:HKHK5BBXY:4:2106:3051:33721 prevented from extending past 16299 on chrM
Warning! Read K00382:111:HKHK5BBXY:5:1102:16610:34917 prevented from extending past 16299 on chrM
Warning! Read K00382:111:HKHK5BBXY:5:1124:5010:2228 prevented from extending past 16299 on chrM
Warning! Read K00382:111:HKHK5BBXY:5:1202:28361:44693 prevented from extending below 0 on chrM
Warning! Read K00382:111:HKHK5BBXY:5:1214:8592:1578 prevented from extending past 16299 on chrM
Warning! Read K00382:106:HJ57YBBXY:5:1220:5426:27531 prevented from extending past 16299 on chrM
Warning! Read K00382:106:HJ57YBBXY:5:2114:19248:21201 prevented from extending below 0 on chrM
Warning! Read K00382:106:HJ57YBBXY:6:2212:11962:23593 prevented from extending past 16299 on chrM
Warning! Read K00382:106:HJ57YBBXY:7:2223:25641:31646 prevented from extending past 16299 on chrM
Warning! Read K00382:111:HKHK5BBXY:2:1102:27732:18599 prevented from extending below 0 on chrM
Warning! Read K00382:111:HKHK5BBXY:2:1119:17107:36692 prevented from extending past 16299 on chrM
Warning! Read K00382:111:HKHK5BBXY:2:2113:14397:9772 prevented from extending below 0 on chrM
Warning! Read K00382:111:HKHK5BBXY:5:1208:27478:36059 prevented from extending below 0 on chrM
Warning! Read K00382:111:HKHK5BBXY:3:2124:10064:21289 prevented from extending below 0 on chrM
Warning! Read K00382:106:HJ57YBBXY:5:1201:15899:19830 prevented from extending past 16299 on chrM
Warning! Read K00382:106:HJ57YBBXY:6:1206:13981:13552 prevented from extending below 0 on chrM
Warning! Read K00382:111:HKHK5BBXY:2:1102:15473:17860 prevented from extending past 16299 on chrM
Warning! Read K00382:111:HKHK5BBXY:2:1103:23135:42601 prevented from extending past 16299 on chrM
Warning! Read K00382:111:HKHK5BBXY:4:2212:23135:38732 prevented from extending past 16299 on chrM
Warning! Read K00382:106:HJ57YBBXY:7:1109:11870:29554 prevented from extending past 16299 on chrM
Warning! Read K00382:111:HKHK5BBXY:2:1104:10703:23628 prevented from extending past 16299 on chrM
Warning! Read K00382:111:HKHK5BBXY:2:2104:5903:48403 prevented from extending past 16299 on chrM
Warning! Read K00382:111:HKHK5BBXY:2:1113:20679:39330 prevented from extending below 0 on chrM
Warning! Read K00382:106:HJ57YBBXY:5:1122:26189:15961 prevented from extending past 16299 on chrM
Warning! Read K00382:111:HKHK5BBXY:2:1103:9607:16137 prevented from extending past 16299 on chrM
Warning! Read K00382:111:HKHK5BBXY:2:1203:13849:37167 prevented from extending below 0 on chrM
Warning! Read K00382:106:HJ57YBBXY:8:2105:27722:4198 prevented from extending below 0 on chrM
Warning! Read K00382:111:HKHK5BBXY:2:1114:7436:6783 prevented from extending below 0 on chrM
Warning! Read K00382:111:HKHK5BBXY:4:2113:3163:15909 prevented from extending below 0 on chrM
Warning! Read K00382:111:HKHK5BBXY:3:1207:16275:5218 prevented from extending below 0 on chrM
Warning! Read K00382:111:HKHK5BBXY:2:1103:3518:3547 prevented from extending past 16299 on chrM
Warning! Read K00382:111:HKHK5BBXY:3:1209:5041:15645 prevented from extending past 16299 on chrM
Warning! Read K00382:111:HKHK5BBXY:2:1119:9485:42372 prevented from extending below 0 on chrM
Warning! Read K00382:111:HKHK5BBXY:3:1122:14478:38293 prevented from extending past 16299 on chrM
Warning! Read K00382:111:HKHK5BBXY:4:2213:18558:32384 prevented from extending past 16299 on chrM
Warning! Read K00382:111:HKHK5BBXY:4:1103:8704:3670 prevented from extending past 16299 on chrM
Warning! Read K00382:111:HKHK5BBXY:2:1213:26514:44341 prevented from extending past 16299 on chrM
Warning! Read K00382:106:HJ57YBBXY:6:2116:19177:4901 prevented from extending past 16299 on chrM
Warning! Read K00382:111:HKHK5BBXY:5:2209:20699:11688 prevented from extending below 0 on chrM
Warning! Read K00382:111:HKHK5BBXY:3:2122:30310:44728 prevented from extending below 0 on chrM
Warning! Read K00382:111:HKHK5BBXY:2:1213:9628:45256 prevented from extending below 0 on chrM
Warning! Read K00382:111:HKHK5BBXY:2:1227:15189:3090 prevented from extending below 0 on chrM
Warning! Read K00382:106:HJ57YBBXY:7:2119:27671:1648 prevented from extending below 0 on chrM
Warning! Read K00382:111:HKHK5BBXY:2:1114:11089:2387 prevented from extending below 0 on chrM
Warning! Read K00382:111:HKHK5BBXY:3:1124:29609:11583 prevented from extending past 16299 on chrM
Warning! Read K00382:111:HKHK5BBXY:4:2201:26250:18599 prevented from extending past 16299 on chrM
Warning! Read K00382:111:HKHK5BBXY:3:2106:14905:23311 prevented from extending past 16299 on chrM
Warning! Read K00382:111:HKHK5BBXY:2:2207:27549:34248 prevented from extending below 0 on chrM
Warning! Read K00382:106:HJ57YBBXY:6:2116:27458:31242 prevented from extending past 16299 on chrM
Warning! Read K00382:111:HKHK5BBXY:2:1113:11170:9280 prevented from extending past 16299 on chrM
Warning! Read K00382:111:HKHK5BBXY:3:2108:8532:5833 prevented from extending past 16299 on chrM
Warning! Read K00382:106:HJ57YBBXY:7:1108:29021:38627 prevented from extending past 16299 on chrM
Warning! Read K00382:111:HKHK5BBXY:5:2114:10866:31822 prevented from extending below 0 on chrM
Warning! Read K00382:111:HKHK5BBXY:3:2212:20466:5095 prevented from extending past 16299 on chrM
Warning! Read K00382:106:HJ57YBBXY:8:2223:28047:17386 prevented from extending below 0 on chrM
Warning! Read K00382:111:HKHK5BBXY:4:2224:22110:34037 prevented from extending past 16299 on chrM
Warning! Read K00382:111:HKHK5BBXY:5:2213:14752:22872 prevented from extending past 16299 on chrM
Warning! Read K00382:111:HKHK5BBXY:5:2204:20111:40174 prevented from extending below 0 on chrM
Warning! Read K00382:111:HKHK5BBXY:3:2209:6329:49177 prevented from extending past 1976 on chr4_JH584295_random
Warning! Read K00382:106:HJ57YBBXY:6:1206:24403:36112 prevented from extending below 0 on chrM
Warning! Read K00382:111:HKHK5BBXY:3:2212:29630:10985 prevented from extending below 0 on chrM
Warning! Read K00382:111:HKHK5BBXY:4:2203:10642:23944 prevented from extending below 0 on chr4_JH584295_random
Warning! Read K00382:106:HJ57YBBXY:7:2104:17837:9438 prevented from extending past 1976 on chr4_JH584295_random
Warning! Read K00382:111:HKHK5BBXY:2:2216:28716:4796 prevented from extending below 0 on chrM
Warning! Read K00382:111:HKHK5BBXY:3:2114:29031:3723 prevented from extending past 16299 on chrM
Warning! Read K00382:111:HKHK5BBXY:2:1214:6360:41036 prevented from extending below 0 on chrM
Warning! Read K00382:111:HKHK5BBXY:4:2201:25043:15662 prevented from extending past 16299 on chrM
Warning! Read K00382:111:HKHK5BBXY:3:2117:3214:18001 prevented from extending past 16299 on chrM
Warning! Read K00382:111:HKHK5BBXY:5:2208:3823:10792 prevented from extending below 0 on chrM
Warning! Read K00382:111:HKHK5BBXY:2:1210:23531:13218 prevented from extending past 16299 on chrM
Warning! Read K00382:106:HJ57YBBXY:5:2118:4533:5270 prevented from extending below 0 on chrM
Warning! Read K00382:111:HKHK5BBXY:4:1109:15970:34090 prevented from extending below 0 on chrM
Warning! Read K00382:111:HKHK5BBXY:2:1214:5781:34582 prevented from extending past 16299 on chrM
Warning! Read K00382:111:HKHK5BBXY:4:1225:16610:41141 prevented from extending past 16299 on chrM
Warning! Read K00382:106:HJ57YBBXY:6:2121:2443:7380 prevented from extending below 0 on chrM
Warning! Read K00382:111:HKHK5BBXY:2:2105:28524:8787 prevented from extending past 24668 on chrUn_GL456390
Warning! Read K00382:106:HJ57YBBXY:5:2222:23967:14256 prevented from extending below 0 on chrM
Warning! Read K00382:106:HJ57YBBXY:5:1113:9059:41106 prevented from extending below 0 on chrM
Warning! Read K00382:106:HJ57YBBXY:6:1201:29660:24718 prevented from extending past 16299 on chrM
Warning! Read K00382:111:HKHK5BBXY:5:1211:19258:7679 prevented from extending past 16299 on chrM
Warning! Read K00382:106:HJ57YBBXY:5:1215:10774:11337 prevented from extending past 16299 on chrM
Warning! Read K00382:106:HJ57YBBXY:7:2227:2432:1842 prevented from extending below 0 on chrM
Warning! Read K00382:111:HKHK5BBXY:3:1224:24941:4409 prevented from extending below 0 on chrM
Warning! Read K00382:106:HJ57YBBXY:5:1113:2585:19126 prevented from extending past 16299 on chrM
Warning! Read K00382:106:HJ57YBBXY:5:2114:31000:18986 prevented from extending below 0 on chrM
Warning! Read K00382:106:HJ57YBBXY:6:1202:8450:16067 prevented from extending past 16299 on chrM
Warning! Read K00382:111:HKHK5BBXY:3:1127:9922:26494 prevented from extending past 16299 on chrM
Warning! Read K00382:106:HJ57YBBXY:7:1119:22962:29184 prevented from extending below 0 on chrM
Warning! Read K00382:106:HJ57YBBXY:7:1203:15747:43902 prevented from extending below 0 on chrM
Warning! Read K00382:106:HJ57YBBXY:6:2211:2301:48210 prevented from extending past 16299 on chrM
Warning! Read K00382:106:HJ57YBBXY:7:2217:11637:28235 prevented from extending below 0 on chrM
Warning! Read K00382:111:HKHK5BBXY:3:2104:18446:13482 prevented from extending below 0 on chrM
Warning! Read K00382:111:HKHK5BBXY:5:1124:16143:44693 prevented from extending past 1976 on chr4_JH584295_random
Warning! Read K00382:111:HKHK5BBXY:3:2221:8663:40491 prevented from extending past 16299 on chrM
Warning! Read K00382:111:HKHK5BBXY:2:1201:18852:22942 prevented from extending below 0 on chrM
Warning! Read K00382:106:HJ57YBBXY:5:1204:7659:41352 prevented from extending past 16299 on chrM
Warning! Read K00382:111:HKHK5BBXY:2:1120:17787:25457 prevented from extending past 16299 on chrM
Warning! Read K00382:111:HKHK5BBXY:3:2223:31801:32508 prevented from extending past 16299 on chrM
(another 16 warning messages suppressed)
  BAM records analyzed:    40263749
    Unmapped:                445260
    MAPQ < 30:              9028058
    Paired alignments:            0
    Unpaired alignments:   30790431
  PCR duplicates --
    Paired aln sets:              0
      duplicates:                 0 (0.0%)
    Discordant aln sets:          0
      duplicates:                 0 (0.0%)
    Singleton aln sets:    30790431
      duplicates:           9738620 (31.6%)
  Fragments analyzed:      21051811
    Full fragments:               0
    Half fragments:        21051811
      (from unpaired alns)
    ATAC-seq cut sites:    21051811
      (expanded to length 100bp)
- control file #2 not provided -
  Background pileup value: 0.833339
Peak-calling parameters:
  Genome length: 2491894574bp
  Significance threshold: -log(q) > 1.301
  Min. AUC: 200.000
  Max. gap between sites: 100bp
Peaks identified: 12394 (8342482bp)
Logs saved in <logs/5-ATAC_peaks/mito_BXD50_CTRL.log>
