Calling peaks with mitochondrial DNA for results/4-ATAC_genotype/corrected_bams/name/098_BXD79_SD_full.nm.bam results/4-ATAC_genotype/corrected_bams/name/167_BXD79_SD_full.nm.bam results/4-ATAC_genotype/corrected_bams/name/211_BXD79_SD_full.nm.bam results/4-ATAC_genotype/corrected_bams/name/213_BXD79_SD_full.nm.bam
Processing experimental file #0: results/4-ATAC_genotype/corrected_bams/name/098_BXD79_SD_full.nm.bam
Warning! Read K00382:107:HJ55YBBXY:5:1107:7496:26195 prevented from extending below 0 on chrM
Warning! Read K00382:107:HJ55YBBXY:7:1214:19898:22221 prevented from extending past 16299 on chrM
Warning! Read K00382:107:HJ55YBBXY:8:2202:14803:42935 prevented from extending below 0 on chrM
Warning! Read K00382:115:HKHC5BBXY:6:2110:10277:32420 prevented from extending below 0 on chrM
Warning! Read K00382:115:HKHC5BBXY:7:2104:11201:22274 prevented from extending below 0 on chrM
Warning! Read K00382:118:HKHCJBBXY:2:1101:24708:43216 prevented from extending below 0 on chrM
Warning! Read K00382:118:HKHCJBBXY:2:1103:21217:11706 prevented from extending below 0 on chrM
Warning! Read K00382:118:HKHCJBBXY:2:1105:26068:6607 prevented from extending past 16299 on chrM
Warning! Read K00382:118:HKHCJBBXY:2:1107:26798:8857 prevented from extending past 16299 on chrM
Warning! Read K00382:118:HKHCJBBXY:2:1211:26403:39506 prevented from extending past 16299 on chrM
Warning! Read K00382:118:HKHCJBBXY:2:2105:9262:32631 prevented from extending below 0 on chrM
Warning! Read K00382:118:HKHCJBBXY:2:2228:20608:21025 prevented from extending below 0 on chrM
Warning! Read K00382:118:HKHCJBBXY:3:1215:19563:37220 prevented from extending below 0 on chrM
Warning! Read K00382:107:HJ55YBBXY:5:1211:19613:1367 prevented from extending past 55711 on chrUn_GL456393
Warning! Read K00382:107:HJ55YBBXY:7:2218:26991:12954 prevented from extending past 16299 on chrM
Warning! Read K00382:115:HKHC5BBXY:6:2226:10815:32086 prevented from extending past 40056 on chrUn_GL456239
Warning! Read K00382:115:HKHC5BBXY:7:2112:7222:21043 prevented from extending past 16299 on chrM
Warning! Read K00382:115:HKHC5BBXY:8:1123:13971:38011 prevented from extending below 0 on chrM
Warning! Read K00382:115:HKHC5BBXY:8:1205:13190:29096 prevented from extending below 0 on chrM
Warning! Read K00382:118:HKHCJBBXY:2:1101:5994:22256 prevented from extending past 16299 on chrM
Warning! Read K00382:118:HKHCJBBXY:2:1102:19624:34336 prevented from extending below 0 on chrM
Warning! Read K00382:118:HKHCJBBXY:2:1103:16579:27197 prevented from extending past 16299 on chrM
Warning! Read K00382:118:HKHCJBBXY:2:1106:29325:30292 prevented from extending below 0 on chrM
Warning! Read K00382:118:HKHCJBBXY:2:1109:3021:43585 prevented from extending below 0 on chrM
Warning! Read K00382:118:HKHCJBBXY:2:1111:12895:49124 prevented from extending below 0 on chrM
Warning! Read K00382:118:HKHCJBBXY:2:1115:13362:33862 prevented from extending below 0 on chrM
Warning! Read K00382:118:HKHCJBBXY:2:1214:15412:1367 prevented from extending below 0 on chrM
Warning! Read K00382:118:HKHCJBBXY:3:1102:3691:22450 prevented from extending past 16299 on chrM
Warning! Read K00382:118:HKHCJBBXY:3:1104:23622:45203 prevented from extending past 16299 on chrM
Warning! Read K00382:118:HKHCJBBXY:3:1125:15341:46539 prevented from extending below 0 on chrM
Warning! Read K00382:107:HJ55YBBXY:6:2112:8044:29255 prevented from extending below 0 on chrM
Warning! Read K00382:115:HKHC5BBXY:6:1125:17015:11917 prevented from extending past 16299 on chrM
Warning! Read K00382:115:HKHC5BBXY:8:1226:12865:9965 prevented from extending past 16299 on chrM
Warning! Read K00382:118:HKHCJBBXY:2:1101:18680:20709 prevented from extending past 16299 on chrM
Warning! Read K00382:118:HKHCJBBXY:2:1102:8501:24525 prevented from extending past 16299 on chrM
Warning! Read K00382:118:HKHCJBBXY:2:1102:20547:26652 prevented from extending below 0 on chrM
Warning! Read K00382:118:HKHCJBBXY:2:1106:17432:13974 prevented from extending below 0 on chrM
Warning! Read K00382:118:HKHCJBBXY:2:1113:11211:19267 prevented from extending below 0 on chrM
Warning! Read K00382:118:HKHCJBBXY:2:1115:19268:46346 prevented from extending below 0 on chrM
Warning! Read K00382:118:HKHCJBBXY:2:1207:12094:32261 prevented from extending below 0 on chrM
Warning! Read K00382:118:HKHCJBBXY:2:2120:23723:45695 prevented from extending past 16299 on chrM
Warning! Read K00382:118:HKHCJBBXY:2:2221:10033:23487 prevented from extending below 0 on chrM
Warning! Read K00382:118:HKHCJBBXY:2:2224:17827:8928 prevented from extending below 0 on chrM
Warning! Read K00382:118:HKHCJBBXY:3:1103:25560:18845 prevented from extending past 16299 on chrM
Warning! Read K00382:118:HKHCJBBXY:3:1109:9201:34424 prevented from extending below 0 on chrM
Warning! Read K00382:118:HKHCJBBXY:3:2210:2828:31716 prevented from extending past 16299 on chrM
Warning! Read K00382:118:HKHCJBBXY:3:2210:22090:25421 prevented from extending past 16299 on chrM
Warning! Read K00382:118:HKHCJBBXY:2:1118:12784:47630 prevented from extending below 0 on chrM
Warning! Read K00382:107:HJ55YBBXY:5:1216:15940:30907 prevented from extending past 16299 on chrM
Warning! Read K00382:115:HKHC5BBXY:7:1213:25794:27865 prevented from extending below 0 on chrM
Warning! Read K00382:118:HKHCJBBXY:2:1103:4949:25122 prevented from extending past 16299 on chrM
Warning! Read K00382:118:HKHCJBBXY:2:1118:19573:47471 prevented from extending past 16299 on chrM
Warning! Read K00382:118:HKHCJBBXY:2:1201:16640:24947 prevented from extending past 40056 on chrUn_GL456239
Warning! Read K00382:118:HKHCJBBXY:2:1210:8816:10475 prevented from extending below 0 on chrM
Warning! Read K00382:118:HKHCJBBXY:2:2218:6421:29571 prevented from extending past 16299 on chrM
Warning! Read K00382:118:HKHCJBBXY:3:1104:26616:5200 prevented from extending below 0 on chrM
Warning! Read K00382:118:HKHCJBBXY:3:1218:24139:12691 prevented from extending below 0 on chrM
Warning! Read K00382:115:HKHC5BBXY:7:2101:25986:44130 prevented from extending below 0 on chrM
Warning! Read K00382:115:HKHC5BBXY:6:2221:27164:22256 prevented from extending below 0 on chrM
Warning! Read K00382:118:HKHCJBBXY:3:1101:28290:18757 prevented from extending below 0 on chrM
Warning! Read K00382:118:HKHCJBBXY:2:2121:12571:40965 prevented from extending past 16299 on chrM
Warning! Read K00382:107:HJ55YBBXY:7:2114:14012:32771 prevented from extending past 16299 on chrM
Warning! Read K00382:118:HKHCJBBXY:3:2226:18730:10352 prevented from extending past 16299 on chrM
Warning! Read K00382:115:HKHC5BBXY:8:1107:22536:40086 prevented from extending below 0 on chrUn_GL456381
Warning! Read K00382:118:HKHCJBBXY:2:1114:21410:34758 prevented from extending past 16299 on chrM
Warning! Read K00382:107:HJ55YBBXY:7:2109:15351:8330 prevented from extending past 16299 on chrM
Warning! Read K00382:115:HKHC5BBXY:7:2101:5304:40649 prevented from extending below 0 on chrM
Warning! Read K00382:118:HKHCJBBXY:2:1107:25063:37712 prevented from extending past 16299 on chrM
Warning! Read K00382:118:HKHCJBBXY:3:1115:14255:4286 prevented from extending past 16299 on chrM
Warning! Read K00382:115:HKHC5BBXY:6:2126:17604:12585 prevented from extending past 16299 on chrM
Warning! Read K00382:118:HKHCJBBXY:2:1118:9516:44675 prevented from extending past 16299 on chrM
Warning! Read K00382:107:HJ55YBBXY:5:1125:20760:21113 prevented from extending below 0 on chrM
Warning! Read K00382:118:HKHCJBBXY:2:1114:5203:12867 prevented from extending past 16299 on chrM
Warning! Read K00382:118:HKHCJBBXY:2:1127:30188:16805 prevented from extending past 16299 on chrM
Warning! Read K00382:107:HJ55YBBXY:8:2110:15412:17298 prevented from extending below 0 on chrM
Warning! Read K00382:118:HKHCJBBXY:3:1201:8643:37677 prevented from extending past 16299 on chrM
Warning! Read K00382:115:HKHC5BBXY:7:2106:24982:49212 prevented from extending below 0 on chrM
Warning! Read K00382:118:HKHCJBBXY:2:2214:29995:22450 prevented from extending below 0 on chrM
Warning! Read K00382:118:HKHCJBBXY:2:1109:13707:28164 prevented from extending past 16299 on chrM
Warning! Read K00382:118:HKHCJBBXY:2:1102:5680:23892 prevented from extending past 16299 on chrM
Warning! Read K00382:115:HKHC5BBXY:6:2213:18111:10581 prevented from extending past 16299 on chrM
Warning! Read K00382:107:HJ55YBBXY:8:1115:22343:30222 prevented from extending past 16299 on chrM
Warning! Read K00382:115:HKHC5BBXY:7:2223:2432:48438 prevented from extending below 0 on chrM
Warning! Read K00382:118:HKHCJBBXY:2:2204:17584:43990 prevented from extending below 0 on chrM
Warning! Read K00382:107:HJ55YBBXY:6:1128:15595:2527 prevented from extending below 0 on chr4_JH584295_random
Warning! Read K00382:115:HKHC5BBXY:6:2128:24759:47735 prevented from extending below 0 on chrM
Warning! Read K00382:115:HKHC5BBXY:7:2117:11028:9174 prevented from extending past 16299 on chrM
Warning! Read K00382:115:HKHC5BBXY:8:1120:32461:34495 prevented from extending past 16299 on chrM
Warning! Read K00382:115:HKHC5BBXY:6:2110:11048:18388 prevented from extending past 24323 on chrUn_GL456394
Warning! Read K00382:118:HKHCJBBXY:2:1121:9952:34284 prevented from extending below 0 on chrM
Warning! Read K00382:107:HJ55YBBXY:7:2103:6106:32754 prevented from extending past 1976 on chr4_JH584295_random
Warning! Read K00382:107:HJ55YBBXY:8:1101:7496:33440 prevented from extending past 16299 on chrM
Warning! Read K00382:118:HKHCJBBXY:3:2127:12154:40807 prevented from extending past 16299 on chrM
Warning! Read K00382:118:HKHCJBBXY:2:2209:1306:39629 prevented from extending past 16299 on chrM
Warning! Read K00382:107:HJ55YBBXY:8:1128:21085:48966 prevented from extending past 16299 on chrM
Warning! Read K00382:115:HKHC5BBXY:8:1109:19887:33457 prevented from extending below 0 on chr4_JH584295_random
Warning! Read K00382:118:HKHCJBBXY:3:2121:10663:26512 prevented from extending below 0 on chrM
Warning! Read K00382:107:HJ55YBBXY:5:1211:21805:40965 prevented from extending past 16299 on chrM
Warning! Read K00382:107:HJ55YBBXY:5:2224:14681:1683 prevented from extending past 28772 on chrUn_GL456389
Warning! Read K00382:107:HJ55YBBXY:6:1116:11383:1103 prevented from extending below 0 on chrM
Warning! Read K00382:115:HKHC5BBXY:8:1208:9313:18265 prevented from extending below 0 on chrM
Warning! Read K00382:107:HJ55YBBXY:5:1205:7283:47137 prevented from extending past 16299 on chrM
Warning! Read K00382:107:HJ55YBBXY:8:2215:19004:28868 prevented from extending below 0 on chrM
Warning! Read K00382:115:HKHC5BBXY:6:2109:32177:14625 prevented from extending below 0 on chrM
Warning! Read K00382:118:HKHCJBBXY:3:1128:4990:46926 prevented from extending past 16299 on chrM
Warning! Read K00382:115:HKHC5BBXY:6:2224:4888:19847 prevented from extending past 16299 on chrM
Warning! Read K00382:107:HJ55YBBXY:6:1113:28554:36095 prevented from extending past 16299 on chrM
Warning! Read K00382:118:HKHCJBBXY:2:1215:9962:36341 prevented from extending past 16299 on chrM
Warning! Read K00382:107:HJ55YBBXY:7:2124:9181:26863 prevented from extending below 0 on chrM
Warning! Read K00382:115:HKHC5BBXY:8:1120:7862:12339 prevented from extending below 0 on chrM
Warning! Read K00382:118:HKHCJBBXY:2:2226:15544:22485 prevented from extending below 0 on chrM
Warning! Read K00382:115:HKHC5BBXY:6:1122:30939:43744 prevented from extending below 0 on chrM
Warning! Read K00382:115:HKHC5BBXY:6:2122:16670:26019 prevented from extending past 16299 on chrM
Warning! Read K00382:115:HKHC5BBXY:8:1102:22617:8471 prevented from extending past 40056 on chrUn_GL456239
Warning! Read K00382:118:HKHCJBBXY:3:2126:5010:25158 prevented from extending past 16299 on chrM
Warning! Read K00382:107:HJ55YBBXY:7:1117:7436:37449 prevented from extending past 16299 on chrM
Warning! Read K00382:115:HKHC5BBXY:7:1208:20161:35409 prevented from extending past 16299 on chrM
Warning! Read K00382:107:HJ55YBBXY:5:1217:24688:7873 prevented from extending below 0 on chrM
Warning! Read K00382:107:HJ55YBBXY:6:2108:28838:42601 prevented from extending past 16299 on chrM
Warning! Read K00382:115:HKHC5BBXY:6:1211:12489:47401 prevented from extending past 16299 on chrM
Warning! Read K00382:115:HKHC5BBXY:7:2123:14407:34020 prevented from extending below 0 on chrM
Warning! Read K00382:107:HJ55YBBXY:7:2203:4726:20410 prevented from extending below 0 on chrM
Warning! Read K00382:118:HKHCJBBXY:2:1118:17878:19109 prevented from extending below 0 on chrM
Warning! Read K00382:118:HKHCJBBXY:3:2120:31568:35268 prevented from extending below 0 on chrM
Warning! Read K00382:118:HKHCJBBXY:3:1201:17756:39858 prevented from extending below 0 on chrM
Warning! Read K00382:107:HJ55YBBXY:5:1221:7852:31312 prevented from extending below 0 on chrM
Warning! Read K00382:107:HJ55YBBXY:6:1123:20334:14924 prevented from extending past 16299 on chrM
Warning! Read K00382:107:HJ55YBBXY:6:1122:32207:25615 prevented from extending past 16299 on chrM
(another 25 warning messages suppressed)
  BAM records analyzed:    50410278
    Unmapped:                220961
    MAPQ < 30:              8691656
    Paired alignments:            0
    Unpaired alignments:   41497661
  PCR duplicates --
    Paired aln sets:              0
      duplicates:                 0 (0.0%)
    Discordant aln sets:          0
      duplicates:                 0 (0.0%)
    Singleton aln sets:    41497661
      duplicates:           7448414 (17.9%)
  Fragments analyzed:      34049247
    Full fragments:               0
    Half fragments:        34049247
      (from unpaired alns)
    ATAC-seq cut sites:    34049247
      (expanded to length 100bp)
- control file #0 not provided -
  Background pileup value: 1.347839
Processing experimental file #1: results/4-ATAC_genotype/corrected_bams/name/167_BXD79_SD_full.nm.bam
Warning! Read K00382:110:HKHKHBBXY:1:1116:26687:33809 prevented from extending below 0 on chrM
Warning! Read K00382:110:HKHKHBBXY:1:1126:9800:48157 prevented from extending below 0 on chrM
Warning! Read K00382:110:HKHKHBBXY:1:1217:3204:47243 prevented from extending below 0 on chrM
Warning! Read K00382:110:HKHKHBBXY:2:1114:5792:37413 prevented from extending past 16299 on chrM
Warning! Read K00382:110:HKHKHBBXY:4:1110:11353:10510 prevented from extending past 16299 on chrM
Warning! Read K00382:110:HKHKHBBXY:4:2224:23997:17685 prevented from extending below 0 on chrM
Warning! Read K00382:111:HKHK5BBXY:1:1108:4777:43462 prevented from extending past 16299 on chrM
Warning! Read K00382:111:HKHK5BBXY:1:1111:15767:16999 prevented from extending below 0 on chrM
Warning! Read K00382:111:HKHK5BBXY:1:1118:17036:14801 prevented from extending below 0 on chrM
Warning! Read K00382:111:HKHK5BBXY:1:1121:8572:22960 prevented from extending past 16299 on chrM
Warning! Read K00382:111:HKHK5BBXY:1:1128:12662:31417 prevented from extending below 0 on chrM
Warning! Read K00382:111:HKHK5BBXY:1:1204:11008:22643 prevented from extending past 16299 on chrM
Warning! Read K00382:111:HKHK5BBXY:1:1205:5599:31875 prevented from extending below 0 on chrM
Warning! Read K00382:111:HKHK5BBXY:1:1212:8136:24067 prevented from extending below 0 on chrM
Warning! Read K00382:111:HKHK5BBXY:1:2207:11272:3231 prevented from extending below 0 on chrM
Warning! Read K00382:111:HKHK5BBXY:1:2213:11201:27268 prevented from extending below 0 on chrM
Warning! Read K00382:111:HKHK5BBXY:1:2214:10521:42794 prevented from extending below 0 on chrM
Warning! Read K00382:114:HKH5VBBXY:8:1220:26423:12849 prevented from extending past 16299 on chrM
Warning! Read K00382:114:HKH5VBBXY:8:2110:10967:2844 prevented from extending below 0 on chrM
Warning! Read K00382:114:HKH5VBBXY:8:2114:3417:3266 prevented from extending past 16299 on chrM
Warning! Read K00382:110:HKHKHBBXY:2:1105:29305:16682 prevented from extending past 16299 on chrM
Warning! Read K00382:110:HKHKHBBXY:2:1221:3802:29395 prevented from extending past 16299 on chrM
Warning! Read K00382:110:HKHKHBBXY:4:1118:19004:47788 prevented from extending below 0 on chrM
Warning! Read K00382:110:HKHKHBBXY:4:1125:23784:36728 prevented from extending below 0 on chrM
Warning! Read K00382:110:HKHKHBBXY:4:1128:6816:38627 prevented from extending below 0 on chrM
Warning! Read K00382:111:HKHK5BBXY:1:1101:17350:10844 prevented from extending below 0 on chrM
Warning! Read K00382:111:HKHK5BBXY:1:1102:19573:35831 prevented from extending past 16299 on chrM
Warning! Read K00382:111:HKHK5BBXY:1:1106:4016:38205 prevented from extending past 16299 on chrM
Warning! Read K00382:111:HKHK5BBXY:1:1106:10835:20234 prevented from extending below 0 on chrM
Warning! Read K00382:111:HKHK5BBXY:1:1117:27884:38803 prevented from extending below 0 on chrM
Warning! Read K00382:111:HKHK5BBXY:1:1219:8278:34196 prevented from extending below 0 on chrM
Warning! Read K00382:111:HKHK5BBXY:1:1228:17868:39734 prevented from extending below 0 on chrM
Warning! Read K00382:111:HKHK5BBXY:1:2101:3082:9825 prevented from extending below 0 on chrM
Warning! Read K00382:111:HKHK5BBXY:1:2202:10551:35813 prevented from extending past 16299 on chrM
Warning! Read K00382:114:HKH5VBBXY:8:2128:6837:6062 prevented from extending past 16299 on chrM
Warning! Read K00382:110:HKHKHBBXY:1:2207:20212:46961 prevented from extending below 0 on chrM
Warning! Read K00382:110:HKHKHBBXY:4:1126:12550:6642 prevented from extending below 0 on chrM
Warning! Read K00382:111:HKHK5BBXY:1:1112:24038:34284 prevented from extending below 0 on chrM
Warning! Read K00382:111:HKHK5BBXY:1:1117:20983:19249 prevented from extending below 0 on chrM
Warning! Read K00382:111:HKHK5BBXY:1:1201:14296:22995 prevented from extending below 0 on chrM
Warning! Read K00382:111:HKHK5BBXY:1:1204:8186:38785 prevented from extending past 16299 on chrM
Warning! Read K00382:111:HKHK5BBXY:1:1218:12520:40209 prevented from extending below 0 on chrM
Warning! Read K00382:111:HKHK5BBXY:1:2212:11272:15012 prevented from extending past 16299 on chrM
Warning! Read K00382:114:HKH5VBBXY:8:1225:8674:32384 prevented from extending past 16299 on chrM
Warning! Read K00382:110:HKHKHBBXY:4:2222:19563:2897 prevented from extending below 0 on chrM
Warning! Read K00382:110:HKHKHBBXY:2:2205:18172:6325 prevented from extending below 0 on chrM
Warning! Read K00382:110:HKHKHBBXY:3:1124:26047:35585 prevented from extending past 16299 on chrM
Warning! Read K00382:110:HKHKHBBXY:4:2221:16011:30749 prevented from extending below 0 on chrM
Warning! Read K00382:110:HKHKHBBXY:1:2127:16183:9139 prevented from extending past 16299 on chrM
Warning! Read K00382:110:HKHKHBBXY:3:1102:5842:15416 prevented from extending past 16299 on chrM
Warning! Read K00382:110:HKHKHBBXY:3:1212:25905:24472 prevented from extending past 16299 on chrM
Warning! Read K00382:111:HKHK5BBXY:1:2114:19400:30116 prevented from extending below 0 on chrM
Warning! Read K00382:110:HKHKHBBXY:1:2101:23135:26599 prevented from extending past 16299 on chrM
Warning! Read K00382:110:HKHKHBBXY:2:2211:8958:13886 prevented from extending past 16299 on chrM
Warning! Read K00382:111:HKHK5BBXY:1:1107:25936:47876 prevented from extending past 16299 on chrM
Warning! Read K00382:111:HKHK5BBXY:1:1217:29335:21061 prevented from extending below 0 on chrM
Warning! Read K00382:110:HKHKHBBXY:4:2106:24657:22942 prevented from extending below 0 on chrM
Warning! Read K00382:111:HKHK5BBXY:1:1110:29061:11161 prevented from extending past 16299 on chrM
Warning! Read K00382:110:HKHKHBBXY:3:1126:7162:21676 prevented from extending past 16299 on chrM
Warning! Read K00382:110:HKHKHBBXY:1:1112:16193:25193 prevented from extending past 16299 on chrM
Warning! Read K00382:110:HKHKHBBXY:3:2122:15168:18740 prevented from extending past 16299 on chrM
Warning! Read K00382:111:HKHK5BBXY:1:1226:23104:11390 prevented from extending past 16299 on chrM
Warning! Read K00382:111:HKHK5BBXY:1:2117:13849:33721 prevented from extending below 0 on chrM
Warning! Read K00382:110:HKHKHBBXY:1:2208:19248:40754 prevented from extending past 16299 on chrM
Warning! Read K00382:110:HKHKHBBXY:1:2106:16792:7240 prevented from extending past 16299 on chrM
Warning! Read K00382:111:HKHK5BBXY:1:1102:10064:43515 prevented from extending below 0 on chrM
Warning! Read K00382:110:HKHKHBBXY:1:2107:19441:47137 prevented from extending below 0 on chrM
Warning! Read K00382:111:HKHK5BBXY:1:2127:3945:7064 prevented from extending past 16299 on chrM
Warning! Read K00382:110:HKHKHBBXY:1:1112:20780:49107 prevented from extending past 16299 on chrM
Warning! Read K00382:110:HKHKHBBXY:3:2223:6238:32982 prevented from extending past 16299 on chrM
Warning! Read K00382:110:HKHKHBBXY:1:1204:23683:35040 prevented from extending past 16299 on chrM
Warning! Read K00382:110:HKHKHBBXY:4:2109:12875:44869 prevented from extending below 0 on chrM
Warning! Read K00382:110:HKHKHBBXY:3:2118:28970:31048 prevented from extending below 0 on chrM
Warning! Read K00382:110:HKHKHBBXY:3:1122:16762:37255 prevented from extending past 1976 on chr4_JH584295_random
Warning! Read K00382:110:HKHKHBBXY:2:1224:4219:48860 prevented from extending past 16299 on chrM
Warning! Read K00382:114:HKH5VBBXY:8:2128:25804:27356 prevented from extending past 16299 on chrM
Warning! Read K00382:111:HKHK5BBXY:1:1207:2290:17491 prevented from extending past 16299 on chrM
Warning! Read K00382:110:HKHKHBBXY:1:2114:11820:3090 prevented from extending below 0 on chrM
Warning! Read K00382:111:HKHK5BBXY:1:2203:2960:21360 prevented from extending below 0 on chrM
Warning! Read K00382:111:HKHK5BBXY:1:2227:5244:22045 prevented from extending below 0 on chr4_JH584295_random
Warning! Read K00382:110:HKHKHBBXY:1:2215:1834:49019 prevented from extending past 16299 on chrM
Warning! Read K00382:110:HKHKHBBXY:2:1126:31862:38592 prevented from extending past 40056 on chrUn_GL456239
Warning! Read K00382:110:HKHKHBBXY:3:1220:27641:48825 prevented from extending below 0 on chrM
Warning! Read K00382:111:HKHK5BBXY:1:1117:6989:43919 prevented from extending below 0 on chr4_JH584295_random
Warning! Read K00382:114:HKH5VBBXY:8:1110:32542:2985 prevented from extending below 0 on chrM
Warning! Read K00382:110:HKHKHBBXY:3:1204:2524:15293 prevented from extending past 16299 on chrM
Warning! Read K00382:110:HKHKHBBXY:1:2203:29203:22801 prevented from extending below 0 on chrM
Warning! Read K00382:110:HKHKHBBXY:4:1211:27732:9491 prevented from extending past 16299 on chrM
Warning! Read K00382:110:HKHKHBBXY:2:2120:4117:10352 prevented from extending past 16299 on chrM
Warning! Read K00382:114:HKH5VBBXY:8:1108:1580:33633 prevented from extending past 16299 on chrM
Warning! Read K00382:114:HKH5VBBXY:8:1116:32512:42530 prevented from extending below 0 on chrM
Warning! Read K00382:114:HKH5VBBXY:8:2124:2808:11952 prevented from extending past 40056 on chrUn_GL456239
Warning! Read K00382:110:HKHKHBBXY:4:1107:4858:5692 prevented from extending past 1976 on chr4_JH584295_random
Warning! Read K00382:111:HKHK5BBXY:1:1103:1509:36710 prevented from extending past 16299 on chrM
Warning! Read K00382:110:HKHKHBBXY:3:1214:27245:49124 prevented from extending past 16299 on chrM
Warning! Read K00382:110:HKHKHBBXY:1:1216:30299:36657 prevented from extending past 25871 on chrUn_GL456381
Warning! Read K00382:110:HKHKHBBXY:3:1207:24495:45027 prevented from extending past 1976 on chr4_JH584295_random
Warning! Read K00382:110:HKHKHBBXY:1:1116:30543:18827 prevented from extending past 16299 on chrM
Warning! Read K00382:111:HKHK5BBXY:1:2204:3660:18353 prevented from extending below 0 on chr4_JH584295_random
Warning! Read K00382:111:HKHK5BBXY:1:2121:26768:42495 prevented from extending past 1976 on chr4_JH584295_random
Warning! Read K00382:110:HKHKHBBXY:3:1201:24485:31294 prevented from extending below 0 on chrM
Warning! Read K00382:111:HKHK5BBXY:1:2201:13007:3494 prevented from extending below 0 on chrM
Warning! Read K00382:110:HKHKHBBXY:1:1203:16792:27637 prevented from extending past 16299 on chrM
Warning! Read K00382:114:HKH5VBBXY:8:1212:5406:48808 prevented from extending below 0 on chrM
Warning! Read K00382:111:HKHK5BBXY:1:1206:9617:35321 prevented from extending below 0 on chrM
Warning! Read K00382:114:HKH5VBBXY:8:1105:8166:38082 prevented from extending past 16299 on chrM
Warning! Read K00382:111:HKHK5BBXY:1:1101:14560:19724 prevented from extending past 16299 on chrM
Warning! Read K00382:110:HKHKHBBXY:2:2113:32065:12954 prevented from extending below 0 on chrM
Warning! Read K00382:110:HKHKHBBXY:2:2201:22526:13025 prevented from extending past 16299 on chrM
Warning! Read K00382:110:HKHKHBBXY:3:2210:25276:30521 prevented from extending past 16299 on chrM
Warning! Read K00382:114:HKH5VBBXY:8:2110:10602:33932 prevented from extending below 0 on chrM
Warning! Read K00382:110:HKHKHBBXY:1:1223:8806:27514 prevented from extending below 0 on chrM
Warning! Read K00382:114:HKH5VBBXY:8:2119:18233:4251 prevented from extending past 16299 on chrM
Warning! Read K00382:110:HKHKHBBXY:1:2209:4868:37185 prevented from extending past 16299 on chrM
Warning! Read K00382:111:HKHK5BBXY:1:2210:13768:19935 prevented from extending below 0 on chrM
Warning! Read K00382:114:HKH5VBBXY:8:1111:28412:48755 prevented from extending past 16299 on chrM
Warning! Read K00382:110:HKHKHBBXY:1:2116:3102:47981 prevented from extending below 0 on chrM
Warning! Read K00382:110:HKHKHBBXY:2:2114:29812:23083 prevented from extending past 16299 on chrM
Warning! Read K00382:110:HKHKHBBXY:3:2217:6867:3266 prevented from extending below 0 on chrM
Warning! Read K00382:110:HKHKHBBXY:1:1213:29285:16717 prevented from extending below 0 on chrM
Warning! Read K00382:110:HKHKHBBXY:4:1127:28442:7486 prevented from extending past 16299 on chrM
Warning! Read K00382:111:HKHK5BBXY:1:2214:12104:7908 prevented from extending past 16299 on chrM
Warning! Read K00382:111:HKHK5BBXY:1:2105:30553:40895 prevented from extending below 0 on chrM
Warning! Read K00382:110:HKHKHBBXY:2:2110:30949:36833 prevented from extending past 16299 on chrM
Warning! Read K00382:110:HKHKHBBXY:1:1120:8318:9789 prevented from extending below 0 on chrM
Warning! Read K00382:110:HKHKHBBXY:1:2110:28128:26142 prevented from extending below 0 on chrUn_GL456389
Warning! Read K00382:110:HKHKHBBXY:3:1222:13707:23171 prevented from extending past 16299 on chrM
Warning! Read K00382:110:HKHKHBBXY:2:1210:24830:30345 prevented from extending past 16299 on chrM
(another 16 warning messages suppressed)
  BAM records analyzed:    46879622
    Unmapped:                187629
    MAPQ < 30:              7645355
    Paired alignments:            0
    Unpaired alignments:   39046638
  PCR duplicates --
    Paired aln sets:              0
      duplicates:                 0 (0.0%)
    Discordant aln sets:          0
      duplicates:                 0 (0.0%)
    Singleton aln sets:    39046638
      duplicates:           6676215 (17.1%)
  Fragments analyzed:      32370423
    Full fragments:               0
    Half fragments:        32370423
      (from unpaired alns)
    ATAC-seq cut sites:    32370423
      (expanded to length 100bp)
- control file #1 not provided -
  Background pileup value: 1.281148
Processing experimental file #2: results/4-ATAC_genotype/corrected_bams/name/211_BXD79_SD_full.nm.bam
Warning! Read K00382:115:HKHC5BBXY:3:1102:27641:42284 prevented from extending past 16299 on chrM
Warning! Read K00382:115:HKHC5BBXY:3:1119:14204:34442 prevented from extending past 16299 on chrM
Warning! Read K00382:115:HKHC5BBXY:3:1121:23622:39330 prevented from extending below 0 on chrM
Warning! Read K00382:115:HKHC5BBXY:3:1125:22069:40895 prevented from extending below 0 on chrM
Warning! Read K00382:115:HKHC5BBXY:3:2206:10267:18124 prevented from extending below 0 on chrM
Warning! Read K00382:115:HKHC5BBXY:4:2217:24068:24560 prevented from extending below 0 on chrM
Warning! Read K00382:115:HKHC5BBXY:5:2224:5020:4180 prevented from extending below 0 on chrUn_GL456390
Warning! Read K00382:109:HJ5Y5BBXY:5:2107:8085:41950 prevented from extending below 0 on chrM
Warning! Read K00382:109:HJ5Y5BBXY:7:1225:22617:38715 prevented from extending past 16299 on chrM
Warning! Read K00382:109:HJ5Y5BBXY:7:2207:11403:8945 prevented from extending past 16299 on chrM
Warning! Read K00382:115:HKHC5BBXY:3:1102:18325:24384 prevented from extending below 0 on chrM
Warning! Read K00382:115:HKHC5BBXY:3:1106:20659:25720 prevented from extending below 0 on chrM
Warning! Read K00382:115:HKHC5BBXY:3:1106:26463:42952 prevented from extending below 0 on chrM
Warning! Read K00382:115:HKHC5BBXY:3:1107:17036:41141 prevented from extending past 16299 on chrM
Warning! Read K00382:115:HKHC5BBXY:3:1211:20111:5218 prevented from extending below 0 on chrM
Warning! Read K00382:115:HKHC5BBXY:3:1216:9831:10370 prevented from extending past 16299 on chrM
Warning! Read K00382:115:HKHC5BBXY:3:2114:20182:28305 prevented from extending below 0 on chrM
Warning! Read K00382:115:HKHC5BBXY:4:1117:29346:45801 prevented from extending below 0 on chrM
Warning! Read K00382:115:HKHC5BBXY:3:1217:20243:37660 prevented from extending below 0 on chrM
Warning! Read K00382:115:HKHC5BBXY:3:1121:18873:21922 prevented from extending past 16299 on chrM
Warning! Read K00382:115:HKHC5BBXY:3:1220:19309:38187 prevented from extending past 16299 on chrM
Warning! Read K00382:115:HKHC5BBXY:3:2208:3102:2580 prevented from extending past 16299 on chrM
Warning! Read K00382:115:HKHC5BBXY:4:1226:8877:21834 prevented from extending below 0 on chrM
Warning! Read K00382:109:HJ5Y5BBXY:5:2117:8968:34758 prevented from extending below 0 on chrM
Warning! Read K00382:109:HJ5Y5BBXY:5:2228:8410:44623 prevented from extending past 16299 on chrM
Warning! Read K00382:115:HKHC5BBXY:3:1123:15990:15416 prevented from extending past 16299 on chrM
Warning! Read K00382:115:HKHC5BBXY:3:1110:7963:19408 prevented from extending below 0 on chrM
Warning! Read K00382:115:HKHC5BBXY:3:1115:6969:39066 prevented from extending below 0 on chrM
Warning! Read K00382:115:HKHC5BBXY:5:2111:19624:29202 prevented from extending past 16299 on chrM
Warning! Read K00382:115:HKHC5BBXY:3:2107:19126:20357 prevented from extending below 0 on chrM
Warning! Read K00382:115:HKHC5BBXY:3:2101:29102:20375 prevented from extending below 0 on chrM
Warning! Read K00382:115:HKHC5BBXY:3:2223:11282:9578 prevented from extending past 16299 on chrM
Warning! Read K00382:115:HKHC5BBXY:5:1209:6116:43111 prevented from extending past 16299 on chrM
Warning! Read K00382:115:HKHC5BBXY:3:1125:22374:18740 prevented from extending below 0 on chrM
Warning! Read K00382:115:HKHC5BBXY:3:2227:6654:37853 prevented from extending below 0 on chrM
Warning! Read K00382:109:HJ5Y5BBXY:5:1213:15209:16348 prevented from extending past 16299 on chrM
Warning! Read K00382:115:HKHC5BBXY:3:1118:16782:16471 prevented from extending below 0 on chrM
Warning! Read K00382:115:HKHC5BBXY:3:1107:25641:26969 prevented from extending past 16299 on chrM
Warning! Read K00382:115:HKHC5BBXY:3:1112:31527:41739 prevented from extending below 0 on chrM
Warning! Read K00382:115:HKHC5BBXY:3:1124:23581:22344 prevented from extending past 16299 on chrM
Warning! Read K00382:115:HKHC5BBXY:4:1121:18061:37396 prevented from extending past 16299 on chrM
Warning! Read K00382:109:HJ5Y5BBXY:8:1203:14661:34881 prevented from extending past 31602 on chrUn_GL456378
Warning! Read K00382:109:HJ5Y5BBXY:7:1105:18304:19777 prevented from extending below 0 on chrM
Warning! Read K00382:115:HKHC5BBXY:4:2120:23977:35901 prevented from extending past 16299 on chrM
Warning! Read K00382:109:HJ5Y5BBXY:7:1210:8410:33580 prevented from extending below 0 on chrM
Warning! Read K00382:109:HJ5Y5BBXY:7:2219:24221:36394 prevented from extending past 1976 on chr4_JH584295_random
Warning! Read K00382:115:HKHC5BBXY:5:1227:29122:11899 prevented from extending past 16299 on chrM
Warning! Read K00382:115:HKHC5BBXY:3:1108:5649:19408 prevented from extending past 16299 on chrM
Warning! Read K00382:109:HJ5Y5BBXY:7:2121:24474:41475 prevented from extending below 0 on chrM
Warning! Read K00382:115:HKHC5BBXY:3:1115:6563:4180 prevented from extending past 16299 on chrM
Warning! Read K00382:115:HKHC5BBXY:3:1113:16336:33035 prevented from extending past 16299 on chrM
Warning! Read K00382:115:HKHC5BBXY:4:1114:25347:28885 prevented from extending past 16299 on chrM
Warning! Read K00382:115:HKHC5BBXY:3:1211:19654:28797 prevented from extending past 16299 on chrM
Warning! Read K00382:115:HKHC5BBXY:3:1211:29406:16014 prevented from extending below 0 on chrM
Warning! Read K00382:109:HJ5Y5BBXY:7:2205:14346:31066 prevented from extending below 0 on chrM
Warning! Read K00382:109:HJ5Y5BBXY:5:2126:28970:47049 prevented from extending below 0 on chrM
Warning! Read K00382:115:HKHC5BBXY:3:1108:3752:1771 prevented from extending past 16299 on chrM
Warning! Read K00382:115:HKHC5BBXY:3:1128:29193:2738 prevented from extending past 16299 on chrM
Warning! Read K00382:115:HKHC5BBXY:5:2116:18984:23452 prevented from extending past 16299 on chrM
Warning! Read K00382:109:HJ5Y5BBXY:8:1226:22150:22713 prevented from extending past 16299 on chrM
Warning! Read K00382:115:HKHC5BBXY:4:2216:7293:20252 prevented from extending past 16299 on chrM
Warning! Read K00382:115:HKHC5BBXY:5:2226:27255:5288 prevented from extending below 0 on chrM
Warning! Read K00382:109:HJ5Y5BBXY:8:2213:21623:42372 prevented from extending below 0 on chrM
Warning! Read K00382:109:HJ5Y5BBXY:6:2106:26951:3108 prevented from extending below 0 on chrM
Warning! Read K00382:115:HKHC5BBXY:3:2118:15686:7996 prevented from extending below 0 on chrM
Warning! Read K00382:115:HKHC5BBXY:5:2217:27620:43023 prevented from extending past 16299 on chrM
Warning! Read K00382:115:HKHC5BBXY:3:1110:6654:13658 prevented from extending past 16299 on chrM
Warning! Read K00382:115:HKHC5BBXY:3:1201:25875:3213 prevented from extending below 0 on chrM
Warning! Read K00382:115:HKHC5BBXY:5:2109:26200:36341 prevented from extending below 0 on chrM
Warning! Read K00382:115:HKHC5BBXY:3:2210:30543:19038 prevented from extending below 0 on chrM
Warning! Read K00382:115:HKHC5BBXY:5:1110:31964:8770 prevented from extending below 0 on chrM
Warning! Read K00382:115:HKHC5BBXY:5:1104:25327:13482 prevented from extending past 16299 on chrM
Warning! Read K00382:109:HJ5Y5BBXY:6:2103:12063:16594 prevented from extending below 0 on chrM
Warning! Read K00382:109:HJ5Y5BBXY:5:2227:21552:31242 prevented from extending below 0 on chrUn_GL456366
Warning! Read K00382:115:HKHC5BBXY:3:1201:20608:8752 prevented from extending past 16299 on chrM
Warning! Read K00382:109:HJ5Y5BBXY:5:1107:3945:4884 prevented from extending below 0 on chrM
Warning! Read K00382:115:HKHC5BBXY:5:2220:32380:49089 prevented from extending past 16299 on chrM
Warning! Read K00382:115:HKHC5BBXY:5:2214:2605:48069 prevented from extending below 0 on chrM
Warning! Read K00382:115:HKHC5BBXY:5:1219:5528:39172 prevented from extending past 40056 on chrUn_GL456239
Warning! Read K00382:109:HJ5Y5BBXY:5:2122:6898:5183 prevented from extending below 0 on chrM
Warning! Read K00382:115:HKHC5BBXY:5:1114:24302:42618 prevented from extending past 16299 on chrM
Warning! Read K00382:109:HJ5Y5BBXY:7:1223:16579:42706 prevented from extending below 0 on chr4_JH584295_random
Warning! Read K00382:109:HJ5Y5BBXY:6:1108:13078:49054 prevented from extending past 40056 on chrUn_GL456239
Warning! Read K00382:115:HKHC5BBXY:4:2114:7192:24683 prevented from extending past 16299 on chrM
Warning! Read K00382:115:HKHC5BBXY:5:2125:27093:23399 prevented from extending below 0 on chrM
Warning! Read K00382:115:HKHC5BBXY:4:1211:13027:32156 prevented from extending past 16299 on chrM
Warning! Read K00382:115:HKHC5BBXY:5:2104:31467:19373 prevented from extending past 24323 on chrUn_GL456394
Warning! Read K00382:115:HKHC5BBXY:4:2113:7507:30187 prevented from extending past 28772 on chrUn_GL456389
Warning! Read K00382:109:HJ5Y5BBXY:8:1119:7253:38574 prevented from extending below 0 on chrM
Warning! Read K00382:115:HKHC5BBXY:5:2205:27529:46592 prevented from extending past 16299 on chrM
Warning! Read K00382:109:HJ5Y5BBXY:7:2118:27671:25175 prevented from extending past 16299 on chrM
Warning! Read K00382:109:HJ5Y5BBXY:8:1114:5761:21465 prevented from extending past 1976 on chr4_JH584295_random
Warning! Read K00382:115:HKHC5BBXY:4:1102:11972:1490 prevented from extending below 0 on chrM
Warning! Read K00382:109:HJ5Y5BBXY:6:1215:8420:29800 prevented from extending below 0 on chrM
Warning! Read K00382:115:HKHC5BBXY:3:2114:29620:17860 prevented from extending past 16299 on chrM
Warning! Read K00382:109:HJ5Y5BBXY:8:2223:17980:49071 prevented from extending past 16299 on chrM
Warning! Read K00382:109:HJ5Y5BBXY:7:2124:13443:17579 prevented from extending below 0 on chrUn_GL456239
Warning! Read K00382:115:HKHC5BBXY:4:2211:14428:35954 prevented from extending past 16299 on chrM
Warning! Read K00382:109:HJ5Y5BBXY:5:2215:27113:22661 prevented from extending below 0 on chrM
Warning! Read K00382:115:HKHC5BBXY:3:1109:24353:15557 prevented from extending below 0 on chrM
Warning! Read K00382:115:HKHC5BBXY:5:1106:20669:40332 prevented from extending past 16299 on chrM
Warning! Read K00382:115:HKHC5BBXY:5:2219:20933:1965 prevented from extending below 0 on chrM
Warning! Read K00382:115:HKHC5BBXY:3:1108:28737:2545 prevented from extending past 16299 on chrM
Warning! Read K00382:115:HKHC5BBXY:4:1109:9820:47208 prevented from extending below 0 on chrM
Warning! Read K00382:115:HKHC5BBXY:5:2119:16498:45027 prevented from extending below 0 on chrM
Warning! Read K00382:115:HKHC5BBXY:5:2126:2087:25685 prevented from extending past 16299 on chrM
Warning! Read K00382:109:HJ5Y5BBXY:6:2220:26808:6413 prevented from extending past 40056 on chrUn_GL456239
Warning! Read K00382:109:HJ5Y5BBXY:7:1124:19603:47981 prevented from extending past 16299 on chrM
Warning! Read K00382:109:HJ5Y5BBXY:5:1218:9333:20902 prevented from extending below 0 on chrM
Warning! Read K00382:109:HJ5Y5BBXY:6:2208:14610:7961 prevented from extending below 0 on chrM
Warning! Read K00382:109:HJ5Y5BBXY:5:2221:18335:24120 prevented from extending past 16299 on chrM
Warning! Read K00382:115:HKHC5BBXY:3:1112:5538:39717 prevented from extending below 0 on chrM
Warning! Read K00382:109:HJ5Y5BBXY:6:2115:18243:22766 prevented from extending below 0 on chrM
Warning! Read K00382:109:HJ5Y5BBXY:8:1209:9496:2017 prevented from extending past 16299 on chrM
Warning! Read K00382:115:HKHC5BBXY:3:1102:15706:10493 prevented from extending below 0 on chrM
Warning! Read K00382:109:HJ5Y5BBXY:5:2207:31121:13042 prevented from extending below 0 on chrM
Warning! Read K00382:109:HJ5Y5BBXY:6:1219:11515:6009 prevented from extending past 16299 on chrM
Warning! Read K00382:109:HJ5Y5BBXY:5:1115:17939:6730 prevented from extending below 0 on chrM
Warning! Read K00382:109:HJ5Y5BBXY:7:2217:20598:26564 prevented from extending below 0 on chr4_JH584295_random
Warning! Read K00382:115:HKHC5BBXY:5:1113:5649:48386 prevented from extending below 0 on chrM
Warning! Read K00382:109:HJ5Y5BBXY:8:2105:6553:7539 prevented from extending past 16299 on chrM
Warning! Read K00382:115:HKHC5BBXY:3:2113:8562:43972 prevented from extending below 0 on chrM
Warning! Read K00382:115:HKHC5BBXY:4:1223:30127:11847 prevented from extending below 0 on chrUn_GL456239
Warning! Read K00382:115:HKHC5BBXY:4:2116:23794:43111 prevented from extending past 16299 on chrM
Warning! Read K00382:109:HJ5Y5BBXY:8:2107:9394:2088 prevented from extending below 0 on chrM
Warning! Read K00382:115:HKHC5BBXY:5:2223:15250:39945 prevented from extending past 16299 on chrM
Warning! Read K00382:109:HJ5Y5BBXY:8:1118:10409:31769 prevented from extending below 0 on chrM
Warning! Read K00382:109:HJ5Y5BBXY:5:2212:30563:44886 prevented from extending past 16299 on chrM
(another 13 warning messages suppressed)
  BAM records analyzed:    55902580
    Unmapped:                265703
    MAPQ < 30:              8466018
    Paired alignments:            0
    Unpaired alignments:   47170859
  PCR duplicates --
    Paired aln sets:              0
      duplicates:                 0 (0.0%)
    Discordant aln sets:          0
      duplicates:                 0 (0.0%)
    Singleton aln sets:    47170859
      duplicates:           5147960 (10.9%)
  Fragments analyzed:      42022899
    Full fragments:               0
    Half fragments:        42022899
      (from unpaired alns)
    ATAC-seq cut sites:    42022899
      (expanded to length 100bp)
- control file #2 not provided -
  Background pileup value: 1.663401
Processing experimental file #3: results/4-ATAC_genotype/corrected_bams/name/213_BXD79_SD_full.nm.bam
Warning! Read K00382:109:HJ5Y5BBXY:1:1109:17178:12304 prevented from extending below 0 on chrM
Warning! Read K00382:109:HJ5Y5BBXY:1:1113:13788:16700 prevented from extending below 0 on chrM
Warning! Read K00382:109:HJ5Y5BBXY:1:1124:9810:16489 prevented from extending below 0 on chrM
Warning! Read K00382:109:HJ5Y5BBXY:2:2117:12601:28569 prevented from extending past 16299 on chrM
Warning! Read K00382:109:HJ5Y5BBXY:2:2206:20141:44130 prevented from extending below 0 on chrM
Warning! Read K00382:109:HJ5Y5BBXY:3:1223:12215:6484 prevented from extending below 0 on chrM
Warning! Read K00382:109:HJ5Y5BBXY:4:1103:20212:45449 prevented from extending below 0 on chrM
Warning! Read K00382:109:HJ5Y5BBXY:1:1208:11353:8998 prevented from extending below 0 on chrM
Warning! Read K00382:109:HJ5Y5BBXY:2:2123:16396:28850 prevented from extending below 0 on chrM
Warning! Read K00382:109:HJ5Y5BBXY:3:2212:8440:45590 prevented from extending below 0 on chrM
Warning! Read K00382:115:HKHC5BBXY:1:1119:6979:9367 prevented from extending below 0 on chrM
Warning! Read K00382:115:HKHC5BBXY:1:1219:21582:19584 prevented from extending below 0 on chrM
Warning! Read K00382:118:HKHCJBBXY:1:1119:3183:9438 prevented from extending below 0 on chrM
Warning! Read K00382:118:HKHCJBBXY:1:1207:25246:8383 prevented from extending past 55711 on chrUn_GL456393
Warning! Read K00382:109:HJ5Y5BBXY:1:1104:23013:21571 prevented from extending past 16299 on chrM
Warning! Read K00382:109:HJ5Y5BBXY:1:1111:24413:4549 prevented from extending below 0 on chrM
Warning! Read K00382:109:HJ5Y5BBXY:1:1118:12469:31857 prevented from extending past 16299 on chrM
Warning! Read K00382:109:HJ5Y5BBXY:1:1121:13707:26441 prevented from extending below 0 on chrM
Warning! Read K00382:109:HJ5Y5BBXY:1:1210:10581:38750 prevented from extending below 0 on chrM
Warning! Read K00382:109:HJ5Y5BBXY:4:1105:8572:34002 prevented from extending past 16299 on chrM
Warning! Read K00382:115:HKHC5BBXY:2:2104:9211:6238 prevented from extending below 0 on chrM
Warning! Read K00382:118:HKHCJBBXY:1:1109:20385:39875 prevented from extending past 16299 on chrM
Warning! Read K00382:118:HKHCJBBXY:1:1202:22079:40948 prevented from extending below 0 on chrM
Warning! Read K00382:120:HKHGNBBXY:7:2122:23865:15662 prevented from extending past 16299 on chrM
Warning! Read K00382:109:HJ5Y5BBXY:1:1215:8491:16348 prevented from extending below 0 on chrM
Warning! Read K00382:109:HJ5Y5BBXY:1:2124:13555:1455 prevented from extending past 16299 on chrM
Warning! Read K00382:109:HJ5Y5BBXY:1:2210:15919:15082 prevented from extending below 0 on chrM
Warning! Read K00382:115:HKHC5BBXY:1:1122:21430:44007 prevented from extending past 16299 on chrM
Warning! Read K00382:118:HKHCJBBXY:1:2113:23987:37326 prevented from extending past 16299 on chrM
Warning! Read K00382:109:HJ5Y5BBXY:1:1203:16843:30644 prevented from extending below 0 on chrM
Warning! Read K00382:109:HJ5Y5BBXY:2:2116:26758:24190 prevented from extending past 16299 on chrM
Warning! Read K00382:109:HJ5Y5BBXY:1:1214:9719:7011 prevented from extending past 16299 on chrM
Warning! Read K00382:115:HKHC5BBXY:1:2105:30949:15522 prevented from extending below 0 on chrM
Warning! Read K00382:115:HKHC5BBXY:1:2208:29000:3846 prevented from extending below 0 on chrM
Warning! Read K00382:118:HKHCJBBXY:1:1103:15747:2791 prevented from extending below 0 on chrM
Warning! Read K00382:109:HJ5Y5BBXY:1:2109:4645:8137 prevented from extending past 16299 on chrM
Warning! Read K00382:109:HJ5Y5BBXY:1:2121:4158:22028 prevented from extending past 16299 on chrM
Warning! Read K00382:115:HKHC5BBXY:1:2118:21745:46416 prevented from extending past 16299 on chrM
Warning! Read K00382:118:HKHCJBBXY:1:1110:30340:1349 prevented from extending below 0 on chrM
Warning! Read K00382:115:HKHC5BBXY:1:1215:15889:22872 prevented from extending past 16299 on chrM
Warning! Read K00382:120:HKHGNBBXY:7:1204:5030:10493 prevented from extending below 0 on chrM
Warning! Read K00382:109:HJ5Y5BBXY:1:1112:10054:19654 prevented from extending past 16299 on chrM
Warning! Read K00382:115:HKHC5BBXY:2:2102:27844:8664 prevented from extending below 0 on chrM
Warning! Read K00382:109:HJ5Y5BBXY:4:2206:21724:1191 prevented from extending past 16299 on chrM
Warning! Read K00382:118:HKHCJBBXY:1:2211:24079:16278 prevented from extending past 16299 on chrM
Warning! Read K00382:109:HJ5Y5BBXY:1:2102:20354:21641 prevented from extending past 16299 on chrM
Warning! Read K00382:109:HJ5Y5BBXY:1:1114:18619:6747 prevented from extending past 16299 on chrM
Warning! Read K00382:109:HJ5Y5BBXY:1:2226:6015:27074 prevented from extending past 16299 on chrM
Warning! Read K00382:109:HJ5Y5BBXY:1:1116:10693:46786 prevented from extending past 16299 on chrM
Warning! Read K00382:109:HJ5Y5BBXY:1:1222:10784:21869 prevented from extending past 16299 on chrM
Warning! Read K00382:109:HJ5Y5BBXY:4:1209:30076:5183 prevented from extending past 16299 on chrM
Warning! Read K00382:115:HKHC5BBXY:1:1119:9496:34864 prevented from extending below 0 on chr4_JH584295_random
Warning! Read K00382:115:HKHC5BBXY:1:2210:11870:28358 prevented from extending past 16299 on chrM
Warning! Read K00382:118:HKHCJBBXY:1:1114:24688:15258 prevented from extending past 16299 on chrM
Warning! Read K00382:118:HKHCJBBXY:1:2217:19126:31716 prevented from extending below 0 on chrM
Warning! Read K00382:115:HKHC5BBXY:2:2110:15645:34758 prevented from extending below 0 on chrM
Warning! Read K00382:115:HKHC5BBXY:1:1207:27103:20181 prevented from extending past 16299 on chrM
Warning! Read K00382:115:HKHC5BBXY:1:2112:30178:31488 prevented from extending past 40056 on chrUn_GL456239
Warning! Read K00382:125:HKHL3BBXY:6:1120:9577:48755 prevented from extending below 0 on chrM
Warning! Read K00382:109:HJ5Y5BBXY:1:1113:19563:24103 prevented from extending below 0 on chrM
Warning! Read K00382:125:HKHL3BBXY:6:2203:4198:20762 prevented from extending past 16299 on chrM
Warning! Read K00382:115:HKHC5BBXY:1:2120:3965:35198 prevented from extending past 16299 on chrM
Warning! Read K00382:109:HJ5Y5BBXY:1:1111:12276:44429 prevented from extending past 16299 on chrM
Warning! Read K00382:115:HKHC5BBXY:1:2122:20577:30784 prevented from extending past 16299 on chrM
Warning! Read K00382:115:HKHC5BBXY:1:1112:2473:2580 prevented from extending past 16299 on chrM
Warning! Read K00382:109:HJ5Y5BBXY:1:2202:24962:36270 prevented from extending below 0 on chrM
Warning! Read K00382:125:HKHL3BBXY:6:2218:23064:48702 prevented from extending past 16299 on chrM
Warning! Read K00382:118:HKHCJBBXY:1:2102:13453:22309 prevented from extending below 0 on chrM
Warning! Read K00382:109:HJ5Y5BBXY:1:2126:29011:37027 prevented from extending below 0 on chrM
Warning! Read K00382:115:HKHC5BBXY:1:2107:9384:13922 prevented from extending past 16299 on chrM
Warning! Read K00382:120:HKHGNBBXY:7:2113:16792:32701 prevented from extending below 0 on chrM
Warning! Read K00382:115:HKHC5BBXY:2:1103:30929:37572 prevented from extending below 0 on chrM
Warning! Read K00382:120:HKHGNBBXY:7:2105:11769:47208 prevented from extending past 16299 on chrM
Warning! Read K00382:125:HKHL3BBXY:6:1212:30837:48878 prevented from extending past 16299 on chrM
Warning! Read K00382:115:HKHC5BBXY:1:1208:13900:16858 prevented from extending past 55711 on chrUn_GL456393
Warning! Read K00382:109:HJ5Y5BBXY:1:2223:31751:4321 prevented from extending below 0 on chrM
Warning! Read K00382:115:HKHC5BBXY:1:2116:32004:17737 prevented from extending below 0 on chrM
Warning! Read K00382:109:HJ5Y5BBXY:3:2217:21684:49159 prevented from extending past 16299 on chrM
Warning! Read K00382:109:HJ5Y5BBXY:1:2220:13535:7679 prevented from extending past 40056 on chrUn_GL456239
Warning! Read K00382:109:HJ5Y5BBXY:1:1114:30117:23048 prevented from extending past 336933 on chrX_GL456233_random
Warning! Read K00382:109:HJ5Y5BBXY:2:2126:16467:24296 prevented from extending below 0 on chrM
Warning! Read K00382:115:HKHC5BBXY:1:1223:1205:36569 prevented from extending below 0 on chrM
Warning! Read K00382:109:HJ5Y5BBXY:4:2121:1590:49124 prevented from extending below 0 on chrM
Warning! Read K00382:109:HJ5Y5BBXY:1:2214:10460:10124 prevented from extending past 16299 on chrM
Warning! Read K00382:109:HJ5Y5BBXY:4:2107:30837:34776 prevented from extending past 16299 on chrM
Warning! Read K00382:109:HJ5Y5BBXY:2:1218:11393:6712 prevented from extending past 40056 on chrUn_GL456239
Warning! Read K00382:109:HJ5Y5BBXY:4:2207:23125:27567 prevented from extending past 16299 on chrM
Warning! Read K00382:118:HKHCJBBXY:1:1105:31264:7521 prevented from extending past 16299 on chrM
Warning! Read K00382:109:HJ5Y5BBXY:4:2216:1438:16436 prevented from extending below 0 on chrM
Warning! Read K00382:109:HJ5Y5BBXY:2:2104:14306:36095 prevented from extending past 55711 on chrUn_GL456393
Warning! Read K00382:109:HJ5Y5BBXY:3:1210:6268:42776 prevented from extending past 16299 on chrM
Warning! Read K00382:115:HKHC5BBXY:2:1115:19776:20392 prevented from extending below 0 on chrM
Warning! Read K00382:118:HKHCJBBXY:1:1211:17229:28006 prevented from extending past 16299 on chrM
Warning! Read K00382:115:HKHC5BBXY:1:1218:1570:46240 prevented from extending below 0 on chrM
Warning! Read K00382:115:HKHC5BBXY:1:1204:29082:3670 prevented from extending below 0 on chrM
Warning! Read K00382:115:HKHC5BBXY:1:1102:4858:4145 prevented from extending below 0 on chrM
Warning! Read K00382:125:HKHL3BBXY:6:1112:27854:48772 prevented from extending below 0 on chrM
Warning! Read K00382:109:HJ5Y5BBXY:1:2106:12560:4338 prevented from extending past 16299 on chrM
Warning! Read K00382:120:HKHGNBBXY:7:1208:19380:13588 prevented from extending past 16299 on chrM
Warning! Read K00382:125:HKHL3BBXY:6:1208:26352:24472 prevented from extending below 0 on chrM
Warning! Read K00382:109:HJ5Y5BBXY:2:2110:5934:28551 prevented from extending past 16299 on chrM
Warning! Read K00382:109:HJ5Y5BBXY:1:1228:23926:32508 prevented from extending past 16299 on chrM
Warning! Read K00382:109:HJ5Y5BBXY:4:1218:30726:24419 prevented from extending below 0 on chrM
Warning! Read K00382:120:HKHGNBBXY:7:1118:27813:22538 prevented from extending past 16299 on chrM
Warning! Read K00382:115:HKHC5BBXY:2:1210:25976:27514 prevented from extending below 0 on chrUn_GL456389
Warning! Read K00382:120:HKHGNBBXY:7:1208:15950:25861 prevented from extending past 16299 on chrM
Warning! Read K00382:109:HJ5Y5BBXY:3:1119:14945:28481 prevented from extending below 0 on chrM
Warning! Read K00382:109:HJ5Y5BBXY:2:1211:17411:15803 prevented from extending below 0 on chrM
Warning! Read K00382:109:HJ5Y5BBXY:3:2214:17442:3055 prevented from extending past 16299 on chrM
Warning! Read K00382:109:HJ5Y5BBXY:1:2204:23541:5605 prevented from extending past 16299 on chrM
Warning! Read K00382:109:HJ5Y5BBXY:2:2207:12834:39945 prevented from extending below 0 on chrM
Warning! Read K00382:109:HJ5Y5BBXY:3:1105:15970:38170 prevented from extending past 16299 on chrM
Warning! Read K00382:120:HKHGNBBXY:7:1223:26129:4532 prevented from extending below 0 on chrM
Warning! Read K00382:115:HKHC5BBXY:2:1102:30340:15557 prevented from extending below 0 on chrM
Warning! Read K00382:109:HJ5Y5BBXY:2:2222:20263:33123 prevented from extending below 0 on chrM
Warning! Read K00382:118:HKHCJBBXY:1:1205:29477:12620 prevented from extending past 16299 on chrM
Warning! Read K00382:109:HJ5Y5BBXY:1:1210:24637:13693 prevented from extending below 0 on chrM
Warning! Read K00382:115:HKHC5BBXY:1:1212:9526:6114 prevented from extending below 0 on chrM
Warning! Read K00382:109:HJ5Y5BBXY:1:2119:30442:20656 prevented from extending past 16299 on chrM
Warning! Read K00382:109:HJ5Y5BBXY:1:2106:18994:14185 prevented from extending below 0 on chrM
Warning! Read K00382:109:HJ5Y5BBXY:2:1101:20029:33844 prevented from extending past 16299 on chrM
Warning! Read K00382:118:HKHCJBBXY:1:1201:24657:20340 prevented from extending below 0 on chrM
Warning! Read K00382:115:HKHC5BBXY:1:1201:29823:16770 prevented from extending past 16299 on chrM
Warning! Read K00382:109:HJ5Y5BBXY:1:1113:22140:11196 prevented from extending past 16299 on chrM
Warning! Read K00382:109:HJ5Y5BBXY:3:2224:3985:6712 prevented from extending below 0 on chrM
Warning! Read K00382:118:HKHCJBBXY:1:2119:32075:37343 prevented from extending below 0 on chrM
Warning! Read K00382:109:HJ5Y5BBXY:4:1123:20446:16102 prevented from extending below 0 on chrM
Warning! Read K00382:120:HKHGNBBXY:7:1117:11677:9561 prevented from extending below 0 on chrM
(another 13 warning messages suppressed)
  BAM records analyzed:    36603716
    Unmapped:                134358
    MAPQ < 30:              5871249
    Paired alignments:            0
    Unpaired alignments:   30598109
  PCR duplicates --
    Paired aln sets:              0
      duplicates:                 0 (0.0%)
    Discordant aln sets:          0
      duplicates:                 0 (0.0%)
    Singleton aln sets:    30598109
      duplicates:           4069612 (13.3%)
  Fragments analyzed:      26528497
    Full fragments:               0
    Half fragments:        26528497
      (from unpaired alns)
    ATAC-seq cut sites:    26528497
      (expanded to length 100bp)
- control file #3 not provided -
  Background pileup value: 1.049874
Peak-calling parameters:
  Genome length: 2491894574bp
  Significance threshold: -log(q) > 1.301
  Min. AUC: 200.000
  Max. gap between sites: 100bp
Peaks identified: 19805 (14328091bp)
Logs saved in <logs/5-ATAC_peaks/mito_BXD79_SD.log>
