Calling peaks with mitochondrial DNA for results/4-ATAC_genotype/corrected_bams/name/050_BXD65_CTRL_full.nm.bam results/4-ATAC_genotype/corrected_bams/name/160_BXD65_CTRL_full.nm.bam results/4-ATAC_genotype/corrected_bams/name/188_BXD65_CTRL_full.nm.bam
Processing experimental file #0: results/4-ATAC_genotype/corrected_bams/name/050_BXD65_CTRL_full.nm.bam
Warning! Read K00382:107:HJ55YBBXY:5:1108:12743:10106 prevented from extending below 0 on chrM
Warning! Read K00382:107:HJ55YBBXY:7:1222:22658:13429 prevented from extending past 16299 on chrM
Warning! Read K00382:115:HKHC5BBXY:7:1113:6147:22520 prevented from extending below 0 on chrM
Warning! Read K00382:115:HKHC5BBXY:7:1214:10957:23751 prevented from extending past 16299 on chrM
Warning! Read K00382:115:HKHC5BBXY:7:2219:3884:30767 prevented from extending below 0 on chrM
Warning! Read K00382:115:HKHC5BBXY:7:2228:5812:12761 prevented from extending below 0 on chrM
Warning! Read K00382:115:HKHC5BBXY:8:2221:7233:5376 prevented from extending below 0 on chrM
Warning! Read K00382:118:HKHCJBBXY:2:1102:18680:10335 prevented from extending below 0 on chrM
Warning! Read K00382:118:HKHCJBBXY:2:1120:27590:42653 prevented from extending below 0 on chrM
Warning! Read K00382:118:HKHCJBBXY:2:1123:12905:3248 prevented from extending below 0 on chrM
Warning! Read K00382:118:HKHCJBBXY:2:1212:17574:38486 prevented from extending below 0 on chrM
Warning! Read K00382:118:HKHCJBBXY:2:2128:3894:28006 prevented from extending below 0 on chrM
Warning! Read K00382:118:HKHCJBBXY:3:1108:3194:16313 prevented from extending below 0 on chrM
Warning! Read K00382:118:HKHCJBBXY:3:1112:23115:37044 prevented from extending past 16299 on chrM
Warning! Read K00382:125:HKHL3BBXY:6:2207:15209:41000 prevented from extending below 0 on chrM
Warning! Read K00382:107:HJ55YBBXY:5:2116:10845:14836 prevented from extending past 16299 on chrM
Warning! Read K00382:107:HJ55YBBXY:5:2117:7953:29448 prevented from extending below 0 on chrM
Warning! Read K00382:107:HJ55YBBXY:8:1210:16295:18511 prevented from extending below 0 on chrM
Warning! Read K00382:115:HKHC5BBXY:6:1114:27072:45203 prevented from extending below 0 on chrM
Warning! Read K00382:115:HKHC5BBXY:6:1118:5690:19478 prevented from extending below 0 on chrM
Warning! Read K00382:115:HKHC5BBXY:6:1127:11444:39576 prevented from extending below 0 on chrM
Warning! Read K00382:115:HKHC5BBXY:6:1212:21328:37642 prevented from extending past 16299 on chrM
Warning! Read K00382:115:HKHC5BBXY:7:1203:18294:31470 prevented from extending below 0 on chrM
Warning! Read K00382:115:HKHC5BBXY:8:2202:15524:8875 prevented from extending past 1976 on chr4_JH584295_random
Warning! Read K00382:118:HKHCJBBXY:2:1102:22404:15873 prevented from extending below 0 on chrM
Warning! Read K00382:118:HKHCJBBXY:2:1112:9912:19267 prevented from extending below 0 on chrM
Warning! Read K00382:118:HKHCJBBXY:2:1114:13311:43972 prevented from extending past 16299 on chrM
Warning! Read K00382:118:HKHCJBBXY:2:1123:6400:2633 prevented from extending past 16299 on chrM
Warning! Read K00382:118:HKHCJBBXY:2:1204:18345:27021 prevented from extending past 16299 on chrM
Warning! Read K00382:118:HKHCJBBXY:3:1207:17777:7855 prevented from extending below 0 on chrM
Warning! Read K00382:118:HKHCJBBXY:3:2221:4898:31716 prevented from extending past 16299 on chrM
Warning! Read K00382:125:HKHL3BBXY:6:1105:11028:2000 prevented from extending below 0 on chr4_JH584295_random
Warning! Read K00382:125:HKHL3BBXY:6:2115:19796:43638 prevented from extending past 24323 on chrUn_GL456394
Warning! Read K00382:115:HKHC5BBXY:8:1205:17503:14660 prevented from extending past 16299 on chrM
Warning! Read K00382:118:HKHCJBBXY:2:1105:23673:19408 prevented from extending past 16299 on chrM
Warning! Read K00382:118:HKHCJBBXY:2:2209:2970:3125 prevented from extending past 16299 on chrM
Warning! Read K00382:118:HKHCJBBXY:3:2221:24931:34213 prevented from extending past 16299 on chrM
Warning! Read K00382:118:HKHCJBBXY:2:2222:23581:16225 prevented from extending below 0 on chrM
Warning! Read K00382:107:HJ55YBBXY:5:1208:13443:14660 prevented from extending past 16299 on chrM
Warning! Read K00382:107:HJ55YBBXY:7:2211:24211:30749 prevented from extending past 16299 on chrM
Warning! Read K00382:115:HKHC5BBXY:6:1214:3721:3371 prevented from extending past 16299 on chrM
Warning! Read K00382:115:HKHC5BBXY:7:1116:9425:28411 prevented from extending past 16299 on chrM
Warning! Read K00382:115:HKHC5BBXY:8:1117:19360:47594 prevented from extending below 0 on chrM
Warning! Read K00382:118:HKHCJBBXY:2:1113:22272:3301 prevented from extending below 0 on chrM
Warning! Read K00382:107:HJ55YBBXY:5:1216:4503:31839 prevented from extending past 16299 on chrM
Warning! Read K00382:118:HKHCJBBXY:2:1120:24200:46838 prevented from extending below 0 on chrM
Warning! Read K00382:118:HKHCJBBXY:3:1213:11667:44957 prevented from extending below 0 on chrM
Warning! Read K00382:115:HKHC5BBXY:7:2117:22830:6519 prevented from extending past 16299 on chrM
Warning! Read K00382:118:HKHCJBBXY:3:1225:9739:48896 prevented from extending below 0 on chrM
Warning! Read K00382:118:HKHCJBBXY:2:1112:6187:8981 prevented from extending past 16299 on chrM
Warning! Read K00382:118:HKHCJBBXY:2:1122:11556:26160 prevented from extending below 0 on chrM
Warning! Read K00382:118:HKHCJBBXY:2:1106:17858:13834 prevented from extending past 16299 on chrM
Warning! Read K00382:118:HKHCJBBXY:2:2211:10632:27654 prevented from extending past 16299 on chrM
Warning! Read K00382:115:HKHC5BBXY:6:1204:26453:5974 prevented from extending past 16299 on chrM
Warning! Read K00382:118:HKHCJBBXY:2:1103:27326:41493 prevented from extending past 16299 on chrM
Warning! Read K00382:118:HKHCJBBXY:3:2103:17350:20902 prevented from extending below 0 on chrM
Warning! Read K00382:107:HJ55YBBXY:6:1110:22232:40086 prevented from extending past 16299 on chrM
Warning! Read K00382:115:HKHC5BBXY:7:1124:6735:30890 prevented from extending below 0 on chrM
Warning! Read K00382:118:HKHCJBBXY:3:1217:17837:11513 prevented from extending past 16299 on chrM
Warning! Read K00382:125:HKHL3BBXY:6:1214:20009:1736 prevented from extending past 16299 on chrM
Warning! Read K00382:125:HKHL3BBXY:6:2222:25479:17931 prevented from extending below 0 on chrM
Warning! Read K00382:115:HKHC5BBXY:6:1105:14651:18089 prevented from extending past 16299 on chrM
Warning! Read K00382:115:HKHC5BBXY:7:1104:18690:22801 prevented from extending below 0 on chrM
Warning! Read K00382:107:HJ55YBBXY:5:2101:25510:48368 prevented from extending past 16299 on chrM
Warning! Read K00382:115:HKHC5BBXY:7:1118:27326:14766 prevented from extending past 16299 on chrM
Warning! Read K00382:118:HKHCJBBXY:2:1111:21958:35602 prevented from extending past 16299 on chrM
Warning! Read K00382:118:HKHCJBBXY:2:1210:26666:45062 prevented from extending past 16299 on chrM
Warning! Read K00382:125:HKHL3BBXY:6:2102:10612:49071 prevented from extending below 0 on chrM
Warning! Read K00382:118:HKHCJBBXY:2:1113:18842:20603 prevented from extending past 1976 on chr4_JH584295_random
Warning! Read K00382:125:HKHL3BBXY:6:1105:18304:14256 prevented from extending past 16299 on chrM
Warning! Read K00382:125:HKHL3BBXY:6:2110:13169:49212 prevented from extending past 16299 on chrM
Warning! Read K00382:115:HKHC5BBXY:6:2121:21328:43058 prevented from extending past 16299 on chrM
Warning! Read K00382:107:HJ55YBBXY:7:2206:15067:44482 prevented from extending past 16299 on chrM
Warning! Read K00382:115:HKHC5BBXY:8:1223:25317:43638 prevented from extending below 0 on chrM
Warning! Read K00382:107:HJ55YBBXY:7:2118:15960:1859 prevented from extending below 0 on chrM
Warning! Read K00382:115:HKHC5BBXY:6:1120:4117:2193 prevented from extending past 16299 on chrM
Warning! Read K00382:115:HKHC5BBXY:8:2226:21775:32156 prevented from extending below 0 on chrM
Warning! Read K00382:115:HKHC5BBXY:6:2107:12083:2914 prevented from extending below 0 on chrM
Warning! Read K00382:115:HKHC5BBXY:7:2117:17005:9754 prevented from extending below 0 on chrM
Warning! Read K00382:125:HKHL3BBXY:6:2205:11982:37871 prevented from extending past 16299 on chrM
Warning! Read K00382:115:HKHC5BBXY:6:2223:26991:2123 prevented from extending below 0 on chrM
Warning! Read K00382:125:HKHL3BBXY:6:1215:4219:48755 prevented from extending below 0 on chrM
Warning! Read K00382:118:HKHCJBBXY:3:1212:6786:24894 prevented from extending below 0 on chrM
Warning! Read K00382:115:HKHC5BBXY:8:1212:11028:14519 prevented from extending past 16299 on chrM
Warning! Read K00382:125:HKHL3BBXY:6:2208:22790:48825 prevented from extending past 16299 on chrM
Warning! Read K00382:125:HKHL3BBXY:6:1223:28493:7644 prevented from extending past 16299 on chrM
Warning! Read K00382:118:HKHCJBBXY:3:2213:19634:23593 prevented from extending below 0 on chrM
Warning! Read K00382:107:HJ55YBBXY:6:2227:29640:9983 prevented from extending below 0 on chrM
Warning! Read K00382:107:HJ55YBBXY:5:1111:1793:29747 prevented from extending below 0 on chrM
Warning! Read K00382:125:HKHL3BBXY:6:2212:6126:48649 prevented from extending below 0 on chrM
Warning! Read K00382:115:HKHC5BBXY:7:2220:1600:40385 prevented from extending past 1976 on chr4_JH584295_random
Warning! Read K00382:107:HJ55YBBXY:7:1226:22577:15996 prevented from extending past 16299 on chrM
Warning! Read K00382:125:HKHL3BBXY:6:1208:17685:40508 prevented from extending past 1976 on chr4_JH584295_random
Warning! Read K00382:107:HJ55YBBXY:7:2113:9191:47911 prevented from extending past 40056 on chrUn_GL456239
Warning! Read K00382:107:HJ55YBBXY:5:1203:10500:36780 prevented from extending below 0 on chr4_JH584295_random
Warning! Read K00382:115:HKHC5BBXY:8:1220:17553:8770 prevented from extending below 0 on chrM
Warning! Read K00382:115:HKHC5BBXY:6:1124:11647:19566 prevented from extending below 0 on chrM
Warning! Read K00382:107:HJ55YBBXY:8:2215:23947:27865 prevented from extending below 0 on chrM
Warning! Read K00382:115:HKHC5BBXY:6:2224:8745:28604 prevented from extending below 0 on chrM
Warning! Read K00382:107:HJ55YBBXY:5:2114:19360:21606 prevented from extending past 16299 on chrM
Warning! Read K00382:107:HJ55YBBXY:5:1121:32339:14449 prevented from extending below 0 on chrM
Warning! Read K00382:107:HJ55YBBXY:5:2211:2899:40561 prevented from extending past 16299 on chrM
Warning! Read K00382:107:HJ55YBBXY:8:2224:8156:26494 prevented from extending past 16299 on chrM
Warning! Read K00382:115:HKHC5BBXY:8:1224:17107:16471 prevented from extending below 0 on chrM
Warning! Read K00382:115:HKHC5BBXY:6:2116:23845:12814 prevented from extending below 0 on chrM
Warning! Read K00382:107:HJ55YBBXY:6:1106:17726:48878 prevented from extending below 0 on chrM
Warning! Read K00382:115:HKHC5BBXY:6:1123:6685:36956 prevented from extending below 0 on chrM
Warning! Read K00382:115:HKHC5BBXY:8:2219:14671:18054 prevented from extending past 16299 on chrM
Warning! Read K00382:107:HJ55YBBXY:7:1206:6340:15363 prevented from extending past 16299 on chrM
Warning! Read K00382:125:HKHL3BBXY:6:2225:4919:48491 prevented from extending below 0 on chrM
Warning! Read K00382:115:HKHC5BBXY:6:1128:17949:48737 prevented from extending below 0 on chrM
Warning! Read K00382:107:HJ55YBBXY:8:1206:14397:19337 prevented from extending below 0 on chrM
Warning! Read K00382:115:HKHC5BBXY:6:1221:6137:21377 prevented from extending past 16299 on chrM
Warning! Read K00382:115:HKHC5BBXY:7:1128:19563:41721 prevented from extending past 16299 on chrM
Warning! Read K00382:107:HJ55YBBXY:5:2121:19695:8682 prevented from extending past 16299 on chrM
Warning! Read K00382:107:HJ55YBBXY:6:1122:7131:34530 prevented from extending below 0 on chrM
Warning! Read K00382:107:HJ55YBBXY:8:2209:2635:26177 prevented from extending past 40056 on chrUn_GL456239
Warning! Read K00382:107:HJ55YBBXY:6:2115:20770:39910 prevented from extending below 0 on chrM
Warning! Read K00382:115:HKHC5BBXY:8:1217:26311:42478 prevented from extending below 0 on chrM
Warning! Read K00382:107:HJ55YBBXY:5:1112:13768:14414 prevented from extending past 16299 on chrM
Warning! Read K00382:107:HJ55YBBXY:5:2118:7446:27268 prevented from extending past 16299 on chrM
Warning! Read K00382:107:HJ55YBBXY:7:1215:18842:5446 prevented from extending below 0 on chrM
Warning! Read K00382:115:HKHC5BBXY:6:1208:22414:10827 prevented from extending below 0 on chrM
Warning! Read K00382:107:HJ55YBBXY:6:1111:4452:36605 prevented from extending past 16299 on chrM
Warning! Read K00382:107:HJ55YBBXY:6:1207:5670:47295 prevented from extending below 0 on chrM
Warning! Read K00382:107:HJ55YBBXY:7:2209:28148:32648 prevented from extending below 0 on chrM
Warning! Read K00382:107:HJ55YBBXY:7:2107:30320:35251 prevented from extending past 16299 on chrM
Warning! Read K00382:115:HKHC5BBXY:6:2222:31527:6747 prevented from extending below 0 on chrM
(another 10 warning messages suppressed)
  BAM records analyzed:    37949239
    Unmapped:                248050
    MAPQ < 30:              8687507
    Paired alignments:            0
    Unpaired alignments:   29013682
  PCR duplicates --
    Paired aln sets:              0
      duplicates:                 0 (0.0%)
    Discordant aln sets:          0
      duplicates:                 0 (0.0%)
    Singleton aln sets:    29013682
      duplicates:           9392357 (32.4%)
  Fragments analyzed:      19621325
    Full fragments:               0
    Half fragments:        19621325
      (from unpaired alns)
    ATAC-seq cut sites:    19621325
      (expanded to length 100bp)
- control file #0 not provided -
  Background pileup value: 0.776296
Processing experimental file #1: results/4-ATAC_genotype/corrected_bams/name/160_BXD65_CTRL_full.nm.bam
Warning! Read K00382:110:HKHKHBBXY:1:1101:6471:22204 prevented from extending below 0 on chrM
Warning! Read K00382:110:HKHKHBBXY:1:1101:7080:37783 prevented from extending below 0 on chrM
Warning! Read K00382:110:HKHKHBBXY:1:1102:5507:20955 prevented from extending below 0 on chrM
Warning! Read K00382:110:HKHKHBBXY:1:1103:27651:23628 prevented from extending past 16299 on chrM
Warning! Read K00382:110:HKHKHBBXY:1:1111:25296:45115 prevented from extending below 0 on chrM
Warning! Read K00382:110:HKHKHBBXY:1:1114:20506:32806 prevented from extending below 0 on chrM
Warning! Read K00382:110:HKHKHBBXY:1:1122:7537:40297 prevented from extending below 0 on chrM
Warning! Read K00382:110:HKHKHBBXY:1:1125:12094:39154 prevented from extending below 0 on chrM
Warning! Read K00382:110:HKHKHBBXY:1:2125:7527:45133 prevented from extending below 0 on chrM
Warning! Read K00382:110:HKHKHBBXY:2:2214:5041:6150 prevented from extending past 16299 on chrM
Warning! Read K00382:110:HKHKHBBXY:3:2103:7598:40156 prevented from extending below 0 on chrM
Warning! Read K00382:110:HKHKHBBXY:3:2114:12357:31593 prevented from extending past 16299 on chrM
Warning! Read K00382:110:HKHKHBBXY:3:2222:21958:7117 prevented from extending below 0 on chrM
Warning! Read K00382:111:HKHK5BBXY:1:1222:22029:10018 prevented from extending below 0 on chrM
Warning! Read K00382:110:HKHKHBBXY:1:1105:6877:40420 prevented from extending below 0 on chrM
Warning! Read K00382:110:HKHKHBBXY:1:1111:24627:33545 prevented from extending past 16299 on chrM
Warning! Read K00382:110:HKHKHBBXY:1:1114:6187:48614 prevented from extending below 0 on chrM
Warning! Read K00382:110:HKHKHBBXY:1:1116:11769:22766 prevented from extending below 0 on chrM
Warning! Read K00382:110:HKHKHBBXY:1:1126:11566:27162 prevented from extending below 0 on chrM
Warning! Read K00382:110:HKHKHBBXY:1:1127:4817:41809 prevented from extending past 16299 on chrM
Warning! Read K00382:110:HKHKHBBXY:1:1205:3498:14590 prevented from extending below 0 on chrM
Warning! Read K00382:110:HKHKHBBXY:1:2128:5294:4514 prevented from extending past 16299 on chrM
Warning! Read K00382:110:HKHKHBBXY:1:2213:10480:20392 prevented from extending past 16299 on chrM
Warning! Read K00382:110:HKHKHBBXY:2:2204:4919:2141 prevented from extending below 0 on chr4_JH584295_random
Warning! Read K00382:110:HKHKHBBXY:3:1209:6096:43462 prevented from extending past 16299 on chrM
Warning! Read K00382:110:HKHKHBBXY:3:2110:19634:5552 prevented from extending below 0 on chrM
Warning! Read K00382:110:HKHKHBBXY:4:1104:5294:43656 prevented from extending below 0 on chrM
Warning! Read K00382:111:HKHK5BBXY:1:1105:13037:7697 prevented from extending below 0 on chrM
Warning! Read K00382:111:HKHK5BBXY:1:2102:13393:39576 prevented from extending past 16299 on chrM
Warning! Read K00382:110:HKHKHBBXY:1:1216:13078:40965 prevented from extending below 0 on chrM
Warning! Read K00382:110:HKHKHBBXY:1:2123:7598:37976 prevented from extending past 16299 on chrM
Warning! Read K00382:110:HKHKHBBXY:2:1126:9222:21201 prevented from extending below 0 on chrUn_GL456381
Warning! Read K00382:110:HKHKHBBXY:2:1228:5680:13271 prevented from extending past 16299 on chrM
Warning! Read K00382:111:HKHK5BBXY:1:2124:21298:28903 prevented from extending past 16299 on chrM
Warning! Read K00382:110:HKHKHBBXY:1:2127:9962:4866 prevented from extending past 24685 on chrUn_GL456387
Warning! Read K00382:110:HKHKHBBXY:1:1101:24363:37871 prevented from extending past 16299 on chrM
Warning! Read K00382:110:HKHKHBBXY:1:1206:22069:8471 prevented from extending below 0 on chrM
Warning! Read K00382:110:HKHKHBBXY:1:2120:22759:16946 prevented from extending past 16299 on chrM
Warning! Read K00382:110:HKHKHBBXY:3:1222:18264:41827 prevented from extending below 0 on chrM
Warning! Read K00382:110:HKHKHBBXY:3:2221:8958:29852 prevented from extending below 0 on chrM
Warning! Read K00382:110:HKHKHBBXY:4:2128:4990:2510 prevented from extending below 0 on chrM
Warning! Read K00382:111:HKHK5BBXY:1:2201:25307:23716 prevented from extending past 16299 on chrM
Warning! Read K00382:111:HKHK5BBXY:1:2213:11028:3125 prevented from extending past 16299 on chrM
Warning! Read K00382:110:HKHKHBBXY:1:1102:28483:28586 prevented from extending below 0 on chrM
Warning! Read K00382:111:HKHK5BBXY:1:2120:8044:21061 prevented from extending below 0 on chrM
Warning! Read K00382:110:HKHKHBBXY:1:1101:22445:29624 prevented from extending below 0 on chrM
Warning! Read K00382:110:HKHKHBBXY:2:1205:10115:38257 prevented from extending past 16299 on chrM
Warning! Read K00382:110:HKHKHBBXY:1:1110:28980:30679 prevented from extending below 0 on chrM
Warning! Read K00382:110:HKHKHBBXY:2:1211:14702:17122 prevented from extending past 16299 on chrM
Warning! Read K00382:110:HKHKHBBXY:3:2218:4888:43761 prevented from extending past 16299 on chrM
Warning! Read K00382:111:HKHK5BBXY:1:2219:19715:22995 prevented from extending past 16299 on chrM
Warning! Read K00382:111:HKHK5BBXY:1:2121:9394:44886 prevented from extending past 16299 on chrM
Warning! Read K00382:110:HKHKHBBXY:1:1112:21065:24489 prevented from extending past 16299 on chrM
Warning! Read K00382:110:HKHKHBBXY:1:1215:10977:35040 prevented from extending past 16299 on chrM
Warning! Read K00382:110:HKHKHBBXY:1:2123:4411:3899 prevented from extending past 16299 on chrM
Warning! Read K00382:110:HKHKHBBXY:2:1221:4939:38715 prevented from extending below 0 on chrM
Warning! Read K00382:110:HKHKHBBXY:1:1109:21288:36024 prevented from extending past 16299 on chrM
Warning! Read K00382:110:HKHKHBBXY:1:1115:22516:48139 prevented from extending past 16299 on chrM
Warning! Read K00382:110:HKHKHBBXY:2:2212:16549:41176 prevented from extending past 16299 on chrM
Warning! Read K00382:110:HKHKHBBXY:1:1225:4553:15469 prevented from extending below 0 on chrM
Warning! Read K00382:111:HKHK5BBXY:1:2219:19177:6449 prevented from extending past 16299 on chrM
Warning! Read K00382:111:HKHK5BBXY:1:2216:28189:6097 prevented from extending past 16299 on chrM
Warning! Read K00382:110:HKHKHBBXY:1:1107:12997:40895 prevented from extending below 0 on chrM
Warning! Read K00382:111:HKHK5BBXY:1:2214:16620:20269 prevented from extending past 16299 on chrM
Warning! Read K00382:110:HKHKHBBXY:1:1128:29569:3565 prevented from extending past 16299 on chrM
Warning! Read K00382:110:HKHKHBBXY:2:1219:24342:41493 prevented from extending below 0 on chrM
Warning! Read K00382:110:HKHKHBBXY:1:1101:26616:12023 prevented from extending below 0 on chrM
Warning! Read K00382:110:HKHKHBBXY:1:1120:23531:26265 prevented from extending below 0 on chr4_JH584295_random
Warning! Read K00382:110:HKHKHBBXY:4:2121:31152:10774 prevented from extending below 0 on chrM
Warning! Read K00382:110:HKHKHBBXY:1:1101:22495:37202 prevented from extending below 0 on chrM
Warning! Read K00382:110:HKHKHBBXY:1:2101:18162:44851 prevented from extending past 24323 on chrUn_GL456394
Warning! Read K00382:111:HKHK5BBXY:1:2110:21602:17544 prevented from extending past 16299 on chrM
Warning! Read K00382:110:HKHKHBBXY:3:2207:4219:4760 prevented from extending below 0 on chrM
Warning! Read K00382:110:HKHKHBBXY:2:1202:26169:37238 prevented from extending past 38659 on chrUn_GL456383
Warning! Read K00382:110:HKHKHBBXY:1:1217:11667:5675 prevented from extending below 0 on chrM
Warning! Read K00382:110:HKHKHBBXY:1:2216:1347:44588 prevented from extending below 0 on chrM
Warning! Read K00382:110:HKHKHBBXY:1:1110:27590:15117 prevented from extending past 16299 on chrM
Warning! Read K00382:111:HKHK5BBXY:1:2206:1570:11460 prevented from extending past 16299 on chrM
Warning! Read K00382:110:HKHKHBBXY:1:2102:1235:15205 prevented from extending past 16299 on chrM
Warning! Read K00382:110:HKHKHBBXY:2:1201:19370:25949 prevented from extending past 16299 on chrM
Warning! Read K00382:110:HKHKHBBXY:1:1211:31162:21236 prevented from extending below 0 on chrM
Warning! Read K00382:110:HKHKHBBXY:1:2108:24850:41739 prevented from extending past 1976 on chr4_JH584295_random
Warning! Read K00382:111:HKHK5BBXY:1:2122:5873:32666 prevented from extending past 1976 on chr4_JH584295_random
Warning! Read K00382:110:HKHKHBBXY:4:1119:20496:41440 prevented from extending past 16299 on chrM
Warning! Read K00382:111:HKHK5BBXY:1:2110:3660:9209 prevented from extending past 16299 on chrM
Warning! Read K00382:111:HKHK5BBXY:1:2118:5396:15346 prevented from extending below 0 on chrM
Warning! Read K00382:110:HKHKHBBXY:1:1119:1529:12198 prevented from extending past 16299 on chrM
Warning! Read K00382:111:HKHK5BBXY:1:1201:1793:33440 prevented from extending below 0 on chrM
Warning! Read K00382:110:HKHKHBBXY:1:1119:25104:35989 prevented from extending past 16299 on chrM
Warning! Read K00382:110:HKHKHBBXY:1:1120:1539:12146 prevented from extending past 16299 on chrM
Warning! Read K00382:110:HKHKHBBXY:4:2213:12378:49212 prevented from extending below 0 on chrM
Warning! Read K00382:110:HKHKHBBXY:2:1123:1489:2879 prevented from extending below 0 on chrM
Warning! Read K00382:110:HKHKHBBXY:4:2108:25418:1191 prevented from extending past 16299 on chrM
Warning! Read K00382:110:HKHKHBBXY:3:2109:2432:17104 prevented from extending past 24323 on chrUn_GL456394
Warning! Read K00382:110:HKHKHBBXY:4:1202:9019:29255 prevented from extending below 0 on chrM
Warning! Read K00382:110:HKHKHBBXY:1:1226:16924:14678 prevented from extending past 31704 on chrUn_GL456360
Warning! Read K00382:110:HKHKHBBXY:4:1216:25966:15399 prevented from extending past 16299 on chrM
Warning! Read K00382:110:HKHKHBBXY:4:1101:3721:38961 prevented from extending below 0 on chr4_JH584295_random
Warning! Read K00382:110:HKHKHBBXY:2:1116:7953:28709 prevented from extending past 1976 on chr4_JH584295_random
Warning! Read K00382:110:HKHKHBBXY:2:1124:14986:26230 prevented from extending below 0 on chrM
Warning! Read K00382:110:HKHKHBBXY:1:1215:30614:12374 prevented from extending past 24685 on chrUn_GL456387
Warning! Read K00382:110:HKHKHBBXY:4:1123:28168:1420 prevented from extending past 25871 on chrUn_GL456381
Warning! Read K00382:110:HKHKHBBXY:1:1201:10825:41211 prevented from extending below 0 on chrM
Warning! Read K00382:110:HKHKHBBXY:1:2221:26484:42530 prevented from extending below 0 on chrM
Warning! Read K00382:110:HKHKHBBXY:1:1112:5731:34565 prevented from extending below 0 on chrM
Warning! Read K00382:110:HKHKHBBXY:1:1220:4594:24718 prevented from extending below 0 on chrM
Warning! Read K00382:111:HKHK5BBXY:1:2205:28808:14414 prevented from extending past 16299 on chrM
Warning! Read K00382:110:HKHKHBBXY:1:2203:3934:8664 prevented from extending below 0 on chrM
Warning! Read K00382:110:HKHKHBBXY:2:1215:15666:18265 prevented from extending past 16299 on chrM
Warning! Read K00382:111:HKHK5BBXY:1:2111:10927:1930 prevented from extending past 16299 on chrM
Warning! Read K00382:111:HKHK5BBXY:1:1209:22769:15592 prevented from extending below 0 on chrM
Warning! Read K00382:110:HKHKHBBXY:3:2114:25012:41598 prevented from extending below 0 on chrM
Warning! Read K00382:110:HKHKHBBXY:1:1221:3691:36411 prevented from extending past 16299 on chrM
Warning! Read K00382:111:HKHK5BBXY:1:2219:4076:41827 prevented from extending below 0 on chrM
Warning! Read K00382:110:HKHKHBBXY:3:2226:22323:6343 prevented from extending below 0 on chrM
Warning! Read K00382:110:HKHKHBBXY:1:2216:14235:44974 prevented from extending past 16299 on chrM
Warning! Read K00382:110:HKHKHBBXY:2:2101:28036:26828 prevented from extending below 0 on chrM
Warning! Read K00382:110:HKHKHBBXY:1:1211:15280:47278 prevented from extending below 0 on chrM
Warning! Read K00382:110:HKHKHBBXY:3:1227:28006:3846 prevented from extending past 16299 on chrM
Warning! Read K00382:110:HKHKHBBXY:4:2123:32654:27373 prevented from extending past 16299 on chrM
Warning! Read K00382:110:HKHKHBBXY:1:1207:5984:49036 prevented from extending past 16299 on chrM
Warning! Read K00382:110:HKHKHBBXY:3:2105:5264:47928 prevented from extending past 16299 on chrM
Warning! Read K00382:110:HKHKHBBXY:3:2110:29680:28411 prevented from extending below 0 on chrM
Warning! Read K00382:110:HKHKHBBXY:2:2207:5700:20058 prevented from extending below 0 on chrM
Warning! Read K00382:110:HKHKHBBXY:3:2108:18152:2035 prevented from extending past 16299 on chrM
Warning! Read K00382:110:HKHKHBBXY:3:2109:19025:29360 prevented from extending past 1976 on chr4_JH584295_random
Warning! Read K00382:110:HKHKHBBXY:1:1119:30076:20867 prevented from extending past 16299 on chrM
Warning! Read K00382:110:HKHKHBBXY:1:2124:5041:46451 prevented from extending below 0 on chrM
(another 22 warning messages suppressed)
  BAM records analyzed:    68620513
    Unmapped:                228617
    MAPQ < 30:             10551796
    Paired alignments:            0
    Unpaired alignments:   57840100
  PCR duplicates --
    Paired aln sets:              0
      duplicates:                 0 (0.0%)
    Discordant aln sets:          0
      duplicates:                 0 (0.0%)
    Singleton aln sets:    57840100
      duplicates:           9082465 (15.7%)
  Fragments analyzed:      48757635
    Full fragments:               0
    Half fragments:        48757635
      (from unpaired alns)
    ATAC-seq cut sites:    48757635
      (expanded to length 100bp)
- control file #1 not provided -
  Background pileup value: 1.929494
Processing experimental file #2: results/4-ATAC_genotype/corrected_bams/name/188_BXD65_CTRL_full.nm.bam
Warning! Read K00382:109:HJ5Y5BBXY:5:2127:8674:26476 prevented from extending below 0 on chrM
Warning! Read K00382:109:HJ5Y5BBXY:7:1216:21734:26177 prevented from extending past 16299 on chrM
Warning! Read K00382:109:HJ5Y5BBXY:7:2103:6583:5165 prevented from extending below 0 on chrM
Warning! Read K00382:109:HJ5Y5BBXY:7:2110:23937:22045 prevented from extending below 0 on chrM
Warning! Read K00382:115:HKHC5BBXY:3:1101:15432:12656 prevented from extending below 0 on chrM
Warning! Read K00382:115:HKHC5BBXY:3:1225:20780:16542 prevented from extending below 0 on chrM
Warning! Read K00382:115:HKHC5BBXY:4:1220:22069:22291 prevented from extending below 0 on chrM
Warning! Read K00382:115:HKHC5BBXY:4:2219:18051:29114 prevented from extending below 0 on chrM
Warning! Read K00382:115:HKHC5BBXY:5:1218:7882:37906 prevented from extending below 0 on chrM
Warning! Read K00382:115:HKHC5BBXY:5:1224:16630:44095 prevented from extending below 0 on chrM
Warning! Read K00382:109:HJ5Y5BBXY:6:1214:19613:46487 prevented from extending below 0 on chrM
Warning! Read K00382:109:HJ5Y5BBXY:7:1104:22952:40631 prevented from extending past 16299 on chrM
Warning! Read K00382:115:HKHC5BBXY:3:1102:17036:8330 prevented from extending past 16299 on chrM
Warning! Read K00382:115:HKHC5BBXY:3:1105:17086:23012 prevented from extending past 16299 on chrM
Warning! Read K00382:115:HKHC5BBXY:3:1109:28300:39910 prevented from extending below 0 on chrM
Warning! Read K00382:115:HKHC5BBXY:3:1114:17980:21571 prevented from extending below 0 on chrM
Warning! Read K00382:115:HKHC5BBXY:3:1123:4158:32719 prevented from extending below 0 on chrM
Warning! Read K00382:115:HKHC5BBXY:3:1123:14286:27514 prevented from extending past 16299 on chrM
Warning! Read K00382:115:HKHC5BBXY:3:1217:18345:17034 prevented from extending below 0 on chrM
Warning! Read K00382:115:HKHC5BBXY:4:1114:17269:17139 prevented from extending past 16299 on chrM
Warning! Read K00382:115:HKHC5BBXY:4:1201:19309:8998 prevented from extending below 0 on chrM
Warning! Read K00382:115:HKHC5BBXY:4:2108:6471:48966 prevented from extending past 16299 on chrM
Warning! Read K00382:115:HKHC5BBXY:4:2206:15686:16436 prevented from extending below 0 on chrM
Warning! Read K00382:109:HJ5Y5BBXY:5:1125:13646:6396 prevented from extending past 16299 on chrM
Warning! Read K00382:109:HJ5Y5BBXY:5:1126:6603:19900 prevented from extending past 16299 on chrM
Warning! Read K00382:109:HJ5Y5BBXY:7:2218:4777:14062 prevented from extending below 0 on chrM
Warning! Read K00382:115:HKHC5BBXY:3:1107:5568:41000 prevented from extending below 0 on chrM
Warning! Read K00382:115:HKHC5BBXY:3:1112:28158:34530 prevented from extending below 0 on chrM
Warning! Read K00382:115:HKHC5BBXY:3:1213:28341:48210 prevented from extending below 0 on chrM
Warning! Read K00382:115:HKHC5BBXY:3:1228:22100:4655 prevented from extending below 0 on chrM
Warning! Read K00382:115:HKHC5BBXY:4:1113:14072:44060 prevented from extending below 0 on chrM
Warning! Read K00382:115:HKHC5BBXY:4:2104:20933:32560 prevented from extending below 0 on chrM
Warning! Read K00382:109:HJ5Y5BBXY:7:2109:18517:28305 prevented from extending below 0 on chrM
Warning! Read K00382:109:HJ5Y5BBXY:7:2213:8674:2211 prevented from extending past 16299 on chrM
Warning! Read K00382:115:HKHC5BBXY:4:1102:18081:30081 prevented from extending past 16299 on chrM
Warning! Read K00382:109:HJ5Y5BBXY:5:2206:27813:26758 prevented from extending past 16299 on chrM
Warning! Read K00382:115:HKHC5BBXY:3:1103:29234:25034 prevented from extending past 16299 on chrM
Warning! Read K00382:115:HKHC5BBXY:3:1222:25144:1631 prevented from extending below 0 on chr4_JH584295_random
Warning! Read K00382:120:HKHGNBBXY:8:1105:27570:47612 prevented from extending below 0 on chrM
Warning! Read K00382:115:HKHC5BBXY:3:1110:9435:45625 prevented from extending past 16299 on chrM
Warning! Read K00382:109:HJ5Y5BBXY:5:1228:6177:12128 prevented from extending past 16299 on chrM
Warning! Read K00382:115:HKHC5BBXY:3:1102:21887:8682 prevented from extending past 16299 on chrM
Warning! Read K00382:115:HKHC5BBXY:3:1208:24556:7785 prevented from extending below 0 on chrM
Warning! Read K00382:115:HKHC5BBXY:5:1110:28118:27813 prevented from extending below 0 on chrM
Warning! Read K00382:109:HJ5Y5BBXY:8:1111:22668:7574 prevented from extending below 0 on chrM
Warning! Read K00382:115:HKHC5BBXY:3:1107:30878:42513 prevented from extending below 0 on chrM
Warning! Read K00382:115:HKHC5BBXY:3:1121:19431:28868 prevented from extending past 16299 on chrM
Warning! Read K00382:115:HKHC5BBXY:4:1107:3518:11249 prevented from extending past 16299 on chrM
Warning! Read K00382:109:HJ5Y5BBXY:5:1104:21166:31382 prevented from extending past 16299 on chrM
Warning! Read K00382:115:HKHC5BBXY:3:1101:14783:27637 prevented from extending past 16299 on chrM
Warning! Read K00382:115:HKHC5BBXY:3:1102:13951:41458 prevented from extending past 16299 on chrM
Warning! Read K00382:109:HJ5Y5BBXY:6:1223:25236:1050 prevented from extending below 0 on chrM
Warning! Read K00382:115:HKHC5BBXY:3:1125:22008:30978 prevented from extending past 16299 on chrM
Warning! Read K00382:115:HKHC5BBXY:3:1228:8329:13078 prevented from extending past 16299 on chrM
Warning! Read K00382:115:HKHC5BBXY:4:1228:15118:6554 prevented from extending past 1976 on chr4_JH584295_random
Warning! Read K00382:109:HJ5Y5BBXY:5:2220:8603:22872 prevented from extending past 16299 on chrM
Warning! Read K00382:115:HKHC5BBXY:3:1101:26118:37748 prevented from extending below 0 on chrM
Warning! Read K00382:109:HJ5Y5BBXY:7:2122:17158:34635 prevented from extending past 16299 on chrM
Warning! Read K00382:109:HJ5Y5BBXY:8:2113:15077:37888 prevented from extending past 16299 on chrM
Warning! Read K00382:109:HJ5Y5BBXY:8:2214:25773:22485 prevented from extending below 0 on chrM
Warning! Read K00382:115:HKHC5BBXY:3:1209:9617:35708 prevented from extending past 16299 on chrM
Warning! Read K00382:120:HKHGNBBXY:8:2102:10744:36429 prevented from extending past 16299 on chrM
Warning! Read K00382:115:HKHC5BBXY:3:1117:26961:41211 prevented from extending past 16299 on chrM
Warning! Read K00382:115:HKHC5BBXY:5:1112:24261:29466 prevented from extending past 16299 on chrM
Warning! Read K00382:109:HJ5Y5BBXY:6:2119:11363:45555 prevented from extending below 0 on chrM
Warning! Read K00382:115:HKHC5BBXY:4:1115:25865:22010 prevented from extending past 16299 on chrM
Warning! Read K00382:109:HJ5Y5BBXY:7:1201:26240:40772 prevented from extending below 0 on chrM
Warning! Read K00382:115:HKHC5BBXY:4:2204:12043:47084 prevented from extending below 0 on chrM
Warning! Read K00382:115:HKHC5BBXY:4:2219:19928:9403 prevented from extending past 16299 on chrM
Warning! Read K00382:115:HKHC5BBXY:3:2113:15686:11724 prevented from extending past 16299 on chrM
Warning! Read K00382:120:HKHGNBBXY:8:2228:16153:32226 prevented from extending below 0 on chrM
Warning! Read K00382:109:HJ5Y5BBXY:7:2119:6756:2510 prevented from extending past 16299 on chrM
Warning! Read K00382:115:HKHC5BBXY:5:1207:30360:20023 prevented from extending below 0 on chrM
Warning! Read K00382:115:HKHC5BBXY:3:1102:9810:35972 prevented from extending below 0 on chrM
Warning! Read K00382:120:HKHGNBBXY:8:1120:21389:20093 prevented from extending below 0 on chrM
Warning! Read K00382:115:HKHC5BBXY:4:2104:2950:15821 prevented from extending past 16299 on chrM
Warning! Read K00382:109:HJ5Y5BBXY:5:2125:12702:47911 prevented from extending below 0 on chrM
Warning! Read K00382:115:HKHC5BBXY:3:1127:32004:25263 prevented from extending below 0 on chrM
Warning! Read K00382:109:HJ5Y5BBXY:6:2204:2777:8805 prevented from extending below 0 on chrUn_GL456396
Warning! Read K00382:109:HJ5Y5BBXY:5:1210:26646:38451 prevented from extending past 1976 on chr4_JH584295_random
Warning! Read K00382:115:HKHC5BBXY:3:1116:7923:33580 prevented from extending below 0 on chrM
Warning! Read K00382:115:HKHC5BBXY:3:1123:27884:10282 prevented from extending past 16299 on chrM
Warning! Read K00382:115:HKHC5BBXY:5:1110:13190:30784 prevented from extending past 16299 on chrM
Warning! Read K00382:115:HKHC5BBXY:3:2202:18964:3653 prevented from extending past 16299 on chrM
Warning! Read K00382:109:HJ5Y5BBXY:8:1110:32512:3635 prevented from extending below 0 on chrM
Warning! Read K00382:109:HJ5Y5BBXY:6:1110:17005:11266 prevented from extending past 16299 on chrM
Warning! Read K00382:109:HJ5Y5BBXY:6:2211:24221:2316 prevented from extending below 0 on chrUn_GL456370
Warning! Read K00382:109:HJ5Y5BBXY:6:2211:1336:37431 prevented from extending past 16299 on chrM
Warning! Read K00382:109:HJ5Y5BBXY:7:1118:23977:29536 prevented from extending below 0 on chr4_JH584295_random
Warning! Read K00382:115:HKHC5BBXY:5:1110:6816:35145 prevented from extending below 0 on chrM
Warning! Read K00382:109:HJ5Y5BBXY:7:2115:18517:26898 prevented from extending past 16299 on chrM
Warning! Read K00382:109:HJ5Y5BBXY:8:1124:32319:40789 prevented from extending below 0 on chrM
Warning! Read K00382:109:HJ5Y5BBXY:5:1210:17026:31312 prevented from extending past 55711 on chrUn_GL456393
Warning! Read K00382:115:HKHC5BBXY:5:2113:32532:33035 prevented from extending past 16299 on chrM
Warning! Read K00382:109:HJ5Y5BBXY:5:2216:5649:5587 prevented from extending past 14945 on chr4_JH584292_random
Warning! Read K00382:109:HJ5Y5BBXY:7:1124:32603:46768 prevented from extending past 16299 on chrM
Warning! Read K00382:115:HKHC5BBXY:5:1203:11576:33967 prevented from extending below 0 on chrM
Warning! Read K00382:120:HKHGNBBXY:8:2105:26606:41651 prevented from extending below 0 on chrM
Warning! Read K00382:109:HJ5Y5BBXY:5:1117:23257:43620 prevented from extending below 0 on chrM
Warning! Read K00382:115:HKHC5BBXY:5:2114:27448:37519 prevented from extending below 0 on chrM
Warning! Read K00382:115:HKHC5BBXY:4:2210:13859:38908 prevented from extending past 16299 on chrM
Warning! Read K00382:120:HKHGNBBXY:8:2125:6289:42179 prevented from extending past 24323 on chrUn_GL456394
Warning! Read K00382:115:HKHC5BBXY:3:1119:11272:48526 prevented from extending below 0 on chrM
Warning! Read K00382:115:HKHC5BBXY:4:2118:5781:15205 prevented from extending past 16299 on chrM
Warning! Read K00382:109:HJ5Y5BBXY:6:1108:4310:11143 prevented from extending past 16299 on chrM
Warning! Read K00382:109:HJ5Y5BBXY:6:1124:5964:43972 prevented from extending below 0 on chrM
Warning! Read K00382:109:HJ5Y5BBXY:7:1203:19207:14168 prevented from extending below 0 on chrM
Warning! Read K00382:109:HJ5Y5BBXY:7:2111:10480:19759 prevented from extending past 1976 on chr4_JH584295_random
Warning! Read K00382:109:HJ5Y5BBXY:7:2218:13606:23135 prevented from extending past 40056 on chrUn_GL456239
Warning! Read K00382:115:HKHC5BBXY:4:2221:31304:2703 prevented from extending below 0 on chrM
Warning! Read K00382:109:HJ5Y5BBXY:5:1217:24271:20797 prevented from extending past 16299 on chrM
Warning! Read K00382:109:HJ5Y5BBXY:7:2107:4036:45942 prevented from extending past 16299 on chrM
Warning! Read K00382:109:HJ5Y5BBXY:8:2205:15463:33914 prevented from extending below 0 on chrM
Warning! Read K00382:109:HJ5Y5BBXY:8:2227:5822:9016 prevented from extending past 16299 on chrM
Warning! Read K00382:109:HJ5Y5BBXY:8:1209:32278:40754 prevented from extending below 0 on chrM
Warning! Read K00382:120:HKHGNBBXY:8:2228:6400:27320 prevented from extending below 0 on chrM
Warning! Read K00382:109:HJ5Y5BBXY:5:2101:14935:20586 prevented from extending past 1976 on chr4_JH584295_random
Warning! Read K00382:109:HJ5Y5BBXY:8:1105:29782:32033 prevented from extending past 1976 on chr4_JH584295_random
Warning! Read K00382:109:HJ5Y5BBXY:6:1214:18507:2123 prevented from extending past 16299 on chrM
Warning! Read K00382:115:HKHC5BBXY:4:1227:27438:9262 prevented from extending below 0 on chrM
Warning! Read K00382:115:HKHC5BBXY:4:1216:17127:7257 prevented from extending past 16299 on chrM
Warning! Read K00382:109:HJ5Y5BBXY:6:1105:7933:8207 prevented from extending past 16299 on chrM
Warning! Read K00382:109:HJ5Y5BBXY:8:2101:5507:39770 prevented from extending below 0 on chrM
Warning! Read K00382:109:HJ5Y5BBXY:5:1210:32126:23856 prevented from extending past 1976 on chr4_JH584295_random
Warning! Read K00382:115:HKHC5BBXY:3:1104:26210:39418 prevented from extending below 0 on chrM
Warning! Read K00382:115:HKHC5BBXY:4:1205:23876:44904 prevented from extending below 0 on chrM
Warning! Read K00382:109:HJ5Y5BBXY:7:1112:24596:20093 prevented from extending past 16299 on chrM
Warning! Read K00382:109:HJ5Y5BBXY:8:1207:25053:9244 prevented from extending past 16299 on chrM
(another 20 warning messages suppressed)
  BAM records analyzed:    44960971
    Unmapped:                443878
    MAPQ < 30:              8291292
    Paired alignments:            0
    Unpaired alignments:   36225801
  PCR duplicates --
    Paired aln sets:              0
      duplicates:                 0 (0.0%)
    Discordant aln sets:          0
      duplicates:                 0 (0.0%)
    Singleton aln sets:    36225801
      duplicates:           7066955 (19.5%)
  Fragments analyzed:      29158846
    Full fragments:               0
    Half fragments:        29158846
      (from unpaired alns)
    ATAC-seq cut sites:    29158846
      (expanded to length 100bp)
- control file #2 not provided -
  Background pileup value: 1.153753
Peak-calling parameters:
  Genome length: 2491894574bp
  Significance threshold: -log(q) > 1.301
  Min. AUC: 200.000
  Max. gap between sites: 100bp
Peaks identified: 18121 (10815832bp)
Logs saved in <logs/5-ATAC_peaks/mito_BXD65_CTRL.log>
