Calling peaks for results/4-ATAC_genotype/corrected_bams/name/219_DBA_SD_full.nm.bam results/4-ATAC_genotype/corrected_bams/name/183_DBA_SD_full.nm.bam results/4-ATAC_genotype/corrected_bams/name/071_DBA_SD_full.nm.bam
Processing experimental file #0: results/4-ATAC_genotype/corrected_bams/name/219_DBA_SD_full.nm.bam
Warning! Read K00382:110:HKHKHBBXY:1:1127:23663:12075 prevented from extending past 24323 on chrUn_GL456394
Warning! Read K00382:114:HKH5VBBXY:8:2228:9333:31593 prevented from extending past 28772 on chrUn_GL456389
Warning! Read K00382:110:HKHKHBBXY:4:2123:2219:11354 prevented from extending below 0 on chr4_JH584295_random
Warning! Read K00382:111:HKHK5BBXY:1:2121:12773:46240 prevented from extending below 0 on chr4_JH584295_random
Warning! Read K00382:110:HKHKHBBXY:1:1105:13636:42601 prevented from extending past 40056 on chrUn_GL456239
Warning! Read K00382:110:HKHKHBBXY:3:1218:31456:45168 prevented from extending past 47073 on chrUn_GL456366
Warning! Read K00382:110:HKHKHBBXY:4:2227:5528:21342 prevented from extending below 0 on chrUn_GL456392
Warning! Read K00382:110:HKHKHBBXY:4:1109:27722:45660 prevented from extending past 24685 on chrUn_GL456387
Warning! Read K00382:110:HKHKHBBXY:2:1201:9283:13078 prevented from extending past 31704 on chrUn_GL456360
Warning! Read K00382:110:HKHKHBBXY:2:1127:3843:43357 prevented from extending past 1976 on chr4_JH584295_random
Warning! Read K00382:110:HKHKHBBXY:2:1213:23135:21887 prevented from extending below 0 on chrUn_GL456396
  BAM records analyzed:    41795118
    Unmapped:                286905
    To skipped refs:        4586915
      (chrM)
    MAPQ < 30:              7569772
    Paired alignments:            0
    Unpaired alignments:   29351526
  PCR duplicates --
    Paired aln sets:              0
      duplicates:                 0 (0.0%)
    Discordant aln sets:          0
      duplicates:                 0 (0.0%)
    Singleton aln sets:    33938441
      duplicates:           7030456 (20.7%)
  Fragments analyzed:      26886349
    Full fragments:               0
    Half fragments:        26886349
      (from unpaired alns)
    ATAC-seq cut sites:    26886349
      (expanded to length 100bp)
- control file #0 not provided -
  Background pileup value: 1.064946
Processing experimental file #1: results/4-ATAC_genotype/corrected_bams/name/183_DBA_SD_full.nm.bam
Warning! Read K00382:111:HKHK5BBXY:2:2117:22627:10106 prevented from extending past 28772 on chrUn_GL456389
Warning! Read K00382:111:HKHK5BBXY:4:1119:3528:41159 prevented from extending past 1976 on chr4_JH584295_random
Warning! Read K00382:106:HJ57YBBXY:6:2218:25134:3723 prevented from extending past 55711 on chrUn_GL456393
Warning! Read K00382:111:HKHK5BBXY:2:1103:3681:24366 prevented from extending past 1976 on chr4_JH584295_random
Warning! Read K00382:111:HKHK5BBXY:5:1111:27793:48315 prevented from extending below 0 on chrUn_GL456392
Warning! Read K00382:111:HKHK5BBXY:4:2213:28067:28252 prevented from extending below 0 on chrUn_GL456378
Warning! Read K00382:111:HKHK5BBXY:2:1219:22282:48685 prevented from extending past 25871 on chrUn_GL456381
Warning! Read K00382:106:HJ57YBBXY:5:1121:28980:38732 prevented from extending below 0 on chr4_JH584295_random
Warning! Read K00382:111:HKHK5BBXY:5:1108:28463:15469 prevented from extending past 1976 on chr4_JH584295_random
Warning! Read K00382:106:HJ57YBBXY:5:1111:25733:4057 prevented from extending past 38659 on chrUn_GL456383
Warning! Read K00382:106:HJ57YBBXY:8:2106:10460:12445 prevented from extending past 40056 on chrUn_GL456239
Warning! Read K00382:106:HJ57YBBXY:6:2214:31314:16788 prevented from extending below 0 on chrUn_GL456381
Warning! Read K00382:111:HKHK5BBXY:5:2127:29680:34459 prevented from extending past 31704 on chrUn_GL456360
  BAM records analyzed:    56761801
    Unmapped:                630255
    To skipped refs:        6433287
      (chrM)
    MAPQ < 30:             10209016
    Paired alignments:            0
    Unpaired alignments:   39489243
  PCR duplicates --
    Paired aln sets:              0
      duplicates:                 0 (0.0%)
    Discordant aln sets:          0
      duplicates:                 0 (0.0%)
    Singleton aln sets:    45922530
      duplicates:           9194178 (20.0%)
  Fragments analyzed:      36706218
    Full fragments:               0
    Half fragments:        36706218
      (from unpaired alns)
    ATAC-seq cut sites:    36706218
      (expanded to length 100bp)
- control file #1 not provided -
  Background pileup value: 1.453412
Processing experimental file #2: results/4-ATAC_genotype/corrected_bams/name/071_DBA_SD_full.nm.bam
Warning! Read K00382:115:HKHC5BBXY:2:1226:28564:41036 prevented from extending past 28772 on chrUn_GL456389
Warning! Read K00382:115:HKHC5BBXY:2:1204:9790:46873 prevented from extending past 40056 on chrUn_GL456239
Warning! Read K00382:109:HJ5Y5BBXY:3:1219:28016:10968 prevented from extending past 40056 on chrUn_GL456239
Warning! Read K00382:115:HKHC5BBXY:1:2106:30756:34002 prevented from extending past 1976 on chr4_JH584295_random
Warning! Read K00382:109:HJ5Y5BBXY:2:1204:28381:43111 prevented from extending below 0 on chr4_JH584295_random
Warning! Read K00382:109:HJ5Y5BBXY:4:2227:17513:46645 prevented from extending below 0 on chrUn_GL456381
Warning! Read K00382:109:HJ5Y5BBXY:4:2219:17117:1824 prevented from extending past 40056 on chrUn_GL456239
Warning! Read K00382:109:HJ5Y5BBXY:2:1203:15777:10546 prevented from extending below 0 on chrUn_GL456366
Warning! Read K00382:109:HJ5Y5BBXY:3:1102:25855:11161 prevented from extending past 1976 on chr4_JH584295_random
Warning! Read K00382:109:HJ5Y5BBXY:3:2222:13829:23241 prevented from extending past 1976 on chr4_JH584295_random
Warning! Read K00382:109:HJ5Y5BBXY:3:1111:12672:47471 prevented from extending past 1976 on chr4_JH584295_random
Warning! Read K00382:109:HJ5Y5BBXY:3:1204:8126:5622 prevented from extending past 31602 on chrUn_GL456378
  BAM records analyzed:    44950232
    Unmapped:                277070
    To skipped refs:        4448868
      (chrM)
    MAPQ < 30:              8049266
    Paired alignments:            0
    Unpaired alignments:   32175028
  PCR duplicates --
    Paired aln sets:              0
      duplicates:                 0 (0.0%)
    Discordant aln sets:          0
      duplicates:                 0 (0.0%)
    Singleton aln sets:    36623896
      duplicates:           6890408 (18.8%)
  Fragments analyzed:      29711556
    Full fragments:               0
    Half fragments:        29711556
      (from unpaired alns)
    ATAC-seq cut sites:    29711556
      (expanded to length 100bp)
- control file #2 not provided -
  Background pileup value: 1.176307
Peak-calling parameters:
  Genome length: 2491878275bp
  Significance threshold: -log(q) > 1.301
  Min. AUC: 200.000
  Max. gap between sites: 100bp
Peaks identified: 15344 (10314282bp)
Logs saved in <logs/5-ATAC_peaks/parents_DBA_SD_2.log>
