Calling peaks for results/4-ATAC_genotype/corrected_bams/name/033_C57Bl6_SD_full.nm.bam results/4-ATAC_genotype/corrected_bams/name/201_C57Bl6_SD_full.nm.bam results/4-ATAC_genotype/corrected_bams/name/069_C57Bl6_SD_full.nm.bam
Processing experimental file #0: results/4-ATAC_genotype/corrected_bams/name/033_C57Bl6_SD_full.nm.bam
Warning! Read K00382:115:HKHC5BBXY:1:1212:22546:3459 prevented from extending past 1976 on chr4_JH584295_random
Warning! Read K00382:115:HKHC5BBXY:1:1118:12165:5446 prevented from extending below 0 on chrUn_GL456239
Warning! Read K00382:120:HKHGNBBXY:7:1206:9952:3266 prevented from extending below 0 on chr4_JH584295_random
Warning! Read K00382:109:HJ5Y5BBXY:4:2124:21349:8664 prevented from extending past 1976 on chr4_JH584295_random
Warning! Read K00382:109:HJ5Y5BBXY:4:1220:31852:26547 prevented from extending past 14945 on chr4_JH584292_random
Warning! Read K00382:115:HKHC5BBXY:2:1120:9648:6607 prevented from extending past 1976 on chr4_JH584295_random
  BAM records analyzed:    37761902
    Unmapped:                336652
    To skipped refs:        4960866
      (chrM)
    MAPQ < 30:              6978331
    Paired alignments:            0
    Unpaired alignments:   25486053
  PCR duplicates --
    Paired aln sets:              0
      duplicates:                 0 (0.0%)
    Discordant aln sets:          0
      duplicates:                 0 (0.0%)
    Singleton aln sets:    30446919
      duplicates:           7058025 (23.2%)
  Fragments analyzed:      23367000
    Full fragments:               0
    Half fragments:        23367000
      (from unpaired alns)
    ATAC-seq cut sites:    23367000
      (expanded to length 100bp)
- control file #0 not provided -
  Background pileup value: 0.924970
Processing experimental file #1: results/4-ATAC_genotype/corrected_bams/name/201_C57Bl6_SD_full.nm.bam
Warning! Read K00382:106:HJ57YBBXY:7:2114:16051:31242 prevented from extending past 1976 on chr4_JH584295_random
Warning! Read K00382:125:HKHL3BBXY:6:2219:30076:2967 prevented from extending past 28772 on chrUn_GL456389
Warning! Read K00382:106:HJ57YBBXY:7:2109:24850:26828 prevented from extending past 24323 on chrUn_GL456394
Warning! Read K00382:106:HJ57YBBXY:8:1112:16823:37290 prevented from extending past 28772 on chrUn_GL456389
Warning! Read K00382:125:HKHL3BBXY:6:2201:11840:25914 prevented from extending below 0 on chrUn_GL456370
Warning! Read K00382:106:HJ57YBBXY:6:1219:32603:12515 prevented from extending past 40056 on chrUn_GL456239
Warning! Read K00382:106:HJ57YBBXY:5:2220:24809:41739 prevented from extending below 0 on chrUn_GL456366
Warning! Read K00382:111:HKHK5BBXY:3:1210:22191:22045 prevented from extending past 1976 on chr4_JH584295_random
Warning! Read K00382:106:HJ57YBBXY:5:2107:21186:27338 prevented from extending past 1976 on chr4_JH584295_random
Warning! Read K00382:106:HJ57YBBXY:5:2125:4016:39014 prevented from extending past 1976 on chr4_JH584295_random
Warning! Read K00382:106:HJ57YBBXY:5:2112:26210:19619 prevented from extending below 0 on chrUn_GL456392
  BAM records analyzed:    36951368
    Unmapped:                226602
    To skipped refs:        6928398
      (chrM)
    MAPQ < 30:              7772475
    Paired alignments:            0
    Unpaired alignments:   22023893
  PCR duplicates --
    Paired aln sets:              0
      duplicates:                 0 (0.0%)
    Discordant aln sets:          0
      duplicates:                 0 (0.0%)
    Singleton aln sets:    28952291
      duplicates:           8150317 (28.2%)
  Fragments analyzed:      20779611
    Full fragments:               0
    Half fragments:        20779611
      (from unpaired alns)
    ATAC-seq cut sites:    20779611
      (expanded to length 100bp)
- control file #1 not provided -
  Background pileup value: 0.821759
Processing experimental file #2: results/4-ATAC_genotype/corrected_bams/name/069_C57Bl6_SD_full.nm.bam
Warning! Read K00382:115:HKHC5BBXY:4:1205:9080:13500 prevented from extending past 25871 on chrUn_GL456381
Warning! Read K00382:115:HKHC5BBXY:5:1117:5142:12339 prevented from extending past 40056 on chrUn_GL456239
Warning! Read K00382:109:HJ5Y5BBXY:7:2219:28047:40772 prevented from extending past 28772 on chrUn_GL456389
Warning! Read K00382:109:HJ5Y5BBXY:8:1120:11495:41528 prevented from extending past 24323 on chrUn_GL456394
Warning! Read K00382:109:HJ5Y5BBXY:7:1110:3640:45467 prevented from extending below 0 on chr4_JH584295_random
Warning! Read K00382:120:HKHGNBBXY:8:1209:1864:10247 prevented from extending below 0 on chrUn_GL456239
Warning! Read K00382:109:HJ5Y5BBXY:8:2206:18416:19267 prevented from extending past 40056 on chrUn_GL456239
Warning! Read K00382:109:HJ5Y5BBXY:6:2106:20923:5605 prevented from extending past 1976 on chr4_JH584295_random
Warning! Read K00382:115:HKHC5BBXY:5:1219:17827:11601 prevented from extending past 40056 on chrUn_GL456239
Warning! Read K00382:115:HKHC5BBXY:5:2212:4279:36728 prevented from extending past 1976 on chr4_JH584295_random
Warning! Read K00382:109:HJ5Y5BBXY:5:2123:8085:44799 prevented from extending past 40056 on chrUn_GL456239
Warning! Read K00382:109:HJ5Y5BBXY:5:2201:31751:23171 prevented from extending past 40056 on chrUn_GL456239
Warning! Read K00382:109:HJ5Y5BBXY:8:1120:23916:29255 prevented from extending past 1976 on chr4_JH584295_random
Warning! Read K00382:115:HKHC5BBXY:3:1214:17766:2844 prevented from extending past 1976 on chr4_JH584295_random
  BAM records analyzed:    44167387
    Unmapped:                214268
    To skipped refs:        5933367
      (chrM)
    MAPQ < 30:              8082183
    Paired alignments:            0
    Unpaired alignments:   29937569
  PCR duplicates --
    Paired aln sets:              0
      duplicates:                 0 (0.0%)
    Discordant aln sets:          0
      duplicates:                 0 (0.0%)
    Singleton aln sets:    35870936
      duplicates:           7892316 (22.0%)
  Fragments analyzed:      27956345
    Full fragments:               0
    Half fragments:        27956345
      (from unpaired alns)
    ATAC-seq cut sites:    27956345
      (expanded to length 100bp)
- control file #2 not provided -
  Background pileup value: 1.106304
Peak-calling parameters:
  Genome length: 2491878275bp
  Significance threshold: -log(q) > 1.301
  Min. AUC: 200.000
  Max. gap between sites: 100bp
Peaks identified: 21182 (12384151bp)
Logs saved in <logs/5-ATAC_peaks/parents_C57Bl6_SD_0.log>
