Calling peaks for results/4-ATAC_genotype/corrected_bams/name/097_BXD79_CTRL_full.nm.bam results/4-ATAC_genotype/corrected_bams/name/166_BXD79_CTRL_full.nm.bam results/4-ATAC_genotype/corrected_bams/name/210_BXD79_CTRL_full.nm.bam results/4-ATAC_genotype/corrected_bams/name/212_BXD79_CTRL_full.nm.bam
Processing experimental file #0: results/4-ATAC_genotype/corrected_bams/name/097_BXD79_CTRL_full.nm.bam
Warning! Read K00382:115:HKHC5BBXY:7:1128:18061:36728 prevented from extending past 1976 on chr4_JH584295_random
Warning! Read K00382:118:HKHCJBBXY:2:1127:30391:37976 prevented from extending below 0 on chrUn_GL456366
Warning! Read K00382:118:HKHCJBBXY:2:2114:5507:47155 prevented from extending past 40056 on chrUn_GL456239
Warning! Read K00382:115:HKHC5BBXY:7:1208:1661:36903 prevented from extending past 1976 on chr4_JH584295_random
Warning! Read K00382:118:HKHCJBBXY:2:2101:21795:48544 prevented from extending below 0 on chr4_JH584295_random
Warning! Read K00382:118:HKHCJBBXY:3:2211:7527:7011 prevented from extending past 1976 on chr4_JH584295_random
Warning! Read K00382:107:HJ55YBBXY:7:1104:27955:34459 prevented from extending past 1976 on chr4_JH584295_random
Warning! Read K00382:118:HKHCJBBXY:2:2228:5436:20340 prevented from extending below 0 on chr4_JH584295_random
Warning! Read K00382:118:HKHCJBBXY:2:1205:29477:10686 prevented from extending past 1976 on chr4_JH584295_random
Warning! Read K00382:115:HKHC5BBXY:6:1226:23480:43726 prevented from extending past 24685 on chrUn_GL456387
Warning! Read K00382:115:HKHC5BBXY:7:2215:19908:11583 prevented from extending past 1976 on chr4_JH584295_random
  BAM records analyzed:    48655389
    Unmapped:                270556
    To skipped refs:        4962135
      (chrM)
    MAPQ < 30:              8285518
    Paired alignments:            0
    Unpaired alignments:   35137180
  PCR duplicates --
    Paired aln sets:              0
      duplicates:                 0 (0.0%)
    Discordant aln sets:          0
      duplicates:                 0 (0.0%)
    Singleton aln sets:    40099315
      duplicates:           6861998 (17.1%)
  Fragments analyzed:      33215129
    Full fragments:               0
    Half fragments:        33215129
      (from unpaired alns)
    ATAC-seq cut sites:    33215129
      (expanded to length 100bp)
- control file #0 not provided -
  Background pileup value: 1.314843
Processing experimental file #1: results/4-ATAC_genotype/corrected_bams/name/166_BXD79_CTRL_full.nm.bam
Warning! Read K00382:114:HKH5VBBXY:8:1119:13119:32490 prevented from extending past 55711 on chrUn_GL456393
Warning! Read K00382:111:HKHK5BBXY:1:2108:23612:8506 prevented from extending past 47073 on chrUn_GL456366
Warning! Read K00382:110:HKHKHBBXY:4:1204:12134:25404 prevented from extending past 31602 on chrUn_GL456378
Warning! Read K00382:114:HKH5VBBXY:8:1113:28036:31294 prevented from extending past 1976 on chr4_JH584295_random
Warning! Read K00382:110:HKHKHBBXY:1:1217:2372:39963 prevented from extending below 0 on chr4_JH584295_random
Warning! Read K00382:111:HKHK5BBXY:1:1210:5274:11442 prevented from extending past 40056 on chrUn_GL456239
Warning! Read K00382:110:HKHKHBBXY:1:2207:30787:16436 prevented from extending past 24685 on chrUn_GL456387
Warning! Read K00382:110:HKHKHBBXY:3:1118:14529:28393 prevented from extending past 1976 on chr4_JH584295_random
Warning! Read K00382:110:HKHKHBBXY:3:1223:28686:28938 prevented from extending below 0 on chr4_JH584295_random
Warning! Read K00382:111:HKHK5BBXY:1:2122:7324:31699 prevented from extending below 0 on chr4_JH584295_random
Warning! Read K00382:110:HKHKHBBXY:2:2116:24972:41317 prevented from extending past 31704 on chrUn_GL456360
Warning! Read K00382:114:HKH5VBBXY:8:2120:16884:30679 prevented from extending below 0 on chr4_JH584295_random
Warning! Read K00382:111:HKHK5BBXY:1:1122:1499:1068 prevented from extending past 40056 on chrUn_GL456239
Warning! Read K00382:110:HKHKHBBXY:1:1109:27651:28833 prevented from extending past 40056 on chrUn_GL456239
Warning! Read K00382:110:HKHKHBBXY:2:1209:18741:18353 prevented from extending past 206961 on chr1_GL456221_random
Warning! Read K00382:110:HKHKHBBXY:4:2213:20872:35514 prevented from extending past 24685 on chrUn_GL456387
Warning! Read K00382:110:HKHKHBBXY:2:2102:22506:27057 prevented from extending below 0 on chr4_JH584295_random
  BAM records analyzed:    46483117
    Unmapped:                211475
    To skipped refs:        5212137
      (chrM)
    MAPQ < 30:              8308517
    Paired alignments:            0
    Unpaired alignments:   32750988
  PCR duplicates --
    Paired aln sets:              0
      duplicates:                 0 (0.0%)
    Discordant aln sets:          0
      duplicates:                 0 (0.0%)
    Singleton aln sets:    37963125
      duplicates:           7929467 (20.9%)
  Fragments analyzed:      30011391
    Full fragments:               0
    Half fragments:        30011391
      (from unpaired alns)
    ATAC-seq cut sites:    30011391
      (expanded to length 100bp)
- control file #1 not provided -
  Background pileup value: 1.187693
Processing experimental file #2: results/4-ATAC_genotype/corrected_bams/name/210_BXD79_CTRL_full.nm.bam
Warning! Read K00382:115:HKHC5BBXY:5:1102:11951:34653 prevented from extending past 1976 on chr4_JH584295_random
Warning! Read K00382:120:HKHGNBBXY:8:2101:26342:39963 prevented from extending past 24323 on chrUn_GL456394
Warning! Read K00382:109:HJ5Y5BBXY:8:1207:12408:47788 prevented from extending past 336933 on chrX_GL456233_random
Warning! Read K00382:115:HKHC5BBXY:4:2221:25641:42302 prevented from extending past 1976 on chr4_JH584295_random
Warning! Read K00382:109:HJ5Y5BBXY:5:1108:23703:32894 prevented from extending past 24323 on chrUn_GL456394
Warning! Read K00382:109:HJ5Y5BBXY:8:2106:16467:26863 prevented from extending below 0 on chr4_JH584295_random
Warning! Read K00382:109:HJ5Y5BBXY:6:2123:7273:13711 prevented from extending past 31704 on chrUn_GL456360
Warning! Read K00382:115:HKHC5BBXY:3:1108:27864:25298 prevented from extending past 24685 on chrUn_GL456387
Warning! Read K00382:109:HJ5Y5BBXY:6:1223:30492:16524 prevented from extending past 1976 on chr4_JH584295_random
Warning! Read K00382:109:HJ5Y5BBXY:8:1112:14143:42847 prevented from extending past 40056 on chrUn_GL456239
Warning! Read K00382:109:HJ5Y5BBXY:7:1228:17330:35708 prevented from extending past 24685 on chrUn_GL456387
Warning! Read K00382:109:HJ5Y5BBXY:6:2224:15138:42741 prevented from extending past 1976 on chr4_JH584295_random
Warning! Read K00382:115:HKHC5BBXY:3:1206:26504:26670 prevented from extending below 0 on chr4_JH584295_random
Warning! Read K00382:120:HKHGNBBXY:8:2212:17563:48808 prevented from extending past 40056 on chrUn_GL456239
Warning! Read K00382:120:HKHGNBBXY:8:1106:30350:20920 prevented from extending below 0 on chrUn_GL456239
Warning! Read K00382:115:HKHC5BBXY:5:2223:17259:43322 prevented from extending past 31704 on chrUn_GL456360
Warning! Read K00382:115:HKHC5BBXY:3:2119:18243:33387 prevented from extending past 40056 on chrUn_GL456239
Warning! Read K00382:120:HKHGNBBXY:8:2227:19492:41106 prevented from extending past 40056 on chrUn_GL456239
Warning! Read K00382:109:HJ5Y5BBXY:5:1124:27722:41405 prevented from extending past 1976 on chr4_JH584295_random
Warning! Read K00382:115:HKHC5BBXY:4:2112:16721:2580 prevented from extending past 1976 on chr4_JH584295_random
  BAM records analyzed:    50355147
    Unmapped:                228248
    To skipped refs:        1896777
      (chrM)
    MAPQ < 30:              7757648
    Paired alignments:            0
    Unpaired alignments:   40472474
  PCR duplicates --
    Paired aln sets:              0
      duplicates:                 0 (0.0%)
    Discordant aln sets:          0
      duplicates:                 0 (0.0%)
    Singleton aln sets:    42369251
      duplicates:           4255341 (10.0%)
  Fragments analyzed:      38092699
    Full fragments:               0
    Half fragments:        38092699
      (from unpaired alns)
    ATAC-seq cut sites:    38092699
      (expanded to length 100bp)
- control file #2 not provided -
  Background pileup value: 1.507667
Processing experimental file #3: results/4-ATAC_genotype/corrected_bams/name/212_BXD79_CTRL_full.nm.bam
Warning! Read K00382:125:HKHL3BBXY:6:1201:9546:29149 prevented from extending past 40056 on chrUn_GL456239
Warning! Read K00382:109:HJ5Y5BBXY:3:2122:5345:34002 prevented from extending past 28772 on chrUn_GL456389
Warning! Read K00382:125:HKHL3BBXY:6:2127:21542:25246 prevented from extending below 0 on chr4_JH584295_random
Warning! Read K00382:109:HJ5Y5BBXY:1:2121:31781:5780 prevented from extending past 1976 on chr4_JH584295_random
Warning! Read K00382:109:HJ5Y5BBXY:3:1123:32035:36429 prevented from extending below 0 on chrUn_GL456381
Warning! Read K00382:109:HJ5Y5BBXY:4:1211:9800:24876 prevented from extending below 0 on chr4_JH584295_random
Warning! Read K00382:115:HKHC5BBXY:1:2111:1458:44218 prevented from extending past 1976 on chr4_JH584295_random
Warning! Read K00382:109:HJ5Y5BBXY:3:2121:18903:21166 prevented from extending below 0 on chr4_JH584295_random
Warning! Read K00382:120:HKHGNBBXY:7:1214:1783:39647 prevented from extending below 0 on chrUn_GL456381
Warning! Read K00382:125:HKHL3BBXY:6:2119:19086:28375 prevented from extending past 28772 on chrUn_GL456389
Warning! Read K00382:109:HJ5Y5BBXY:4:2118:24190:10071 prevented from extending past 72385 on chrUn_GL456379
Warning! Read K00382:115:HKHC5BBXY:2:1221:9668:27742 prevented from extending past 40056 on chrUn_GL456239
Warning! Read K00382:109:HJ5Y5BBXY:3:2226:32370:35180 prevented from extending below 0 on chrUn_GL456392
Warning! Read K00382:125:HKHL3BBXY:6:1102:16224:26863 prevented from extending past 1976 on chr4_JH584295_random
Warning! Read K00382:118:HKHCJBBXY:1:1208:32177:5903 prevented from extending past 1976 on chr4_JH584295_random
Warning! Read K00382:109:HJ5Y5BBXY:2:1226:3914:43163 prevented from extending past 1976 on chr4_JH584295_random
Warning! Read K00382:120:HKHGNBBXY:7:2218:8217:25474 prevented from extending past 1976 on chr4_JH584295_random
Warning! Read K00382:109:HJ5Y5BBXY:4:2123:8075:1068 prevented from extending below 0 on chrUn_GL456396
Warning! Read K00382:115:HKHC5BBXY:2:1114:22293:36675 prevented from extending below 0 on chr4_JH584295_random
  BAM records analyzed:    45844430
    Unmapped:                152341
    To skipped refs:        1950384
      (chrM)
    MAPQ < 30:              6828446
    Paired alignments:            0
    Unpaired alignments:   36913259
  PCR duplicates --
    Paired aln sets:              0
      duplicates:                 0 (0.0%)
    Discordant aln sets:          0
      duplicates:                 0 (0.0%)
    Singleton aln sets:    38863643
      duplicates:           4447011 (11.4%)
  Fragments analyzed:      34395159
    Full fragments:               0
    Half fragments:        34395159
      (from unpaired alns)
    ATAC-seq cut sites:    34395159
      (expanded to length 100bp)
- control file #3 not provided -
  Background pileup value: 1.361158
Peak-calling parameters:
  Genome length: 2491878275bp
  Significance threshold: -log(q) > 1.301
  Min. AUC: 200.000
  Max. gap between sites: 100bp
Peaks identified: 19854 (14912318bp)
Logs saved in <logs/5-ATAC_peaks/peaks_BXD79_CTRL.log>
