Calling peaks for results/4-ATAC_genotype/corrected_bams/name/042_BXD50_CTRL_full.nm.bam results/4-ATAC_genotype/corrected_bams/name/154_BXD50_CTRL_full.nm.bam results/4-ATAC_genotype/corrected_bams/name/186_BXD50_CTRL_full.nm.bam
Processing experimental file #0: results/4-ATAC_genotype/corrected_bams/name/042_BXD50_CTRL_full.nm.bam
Warning! Read K00382:115:HKHC5BBXY:5:1202:18223:18687 prevented from extending past 31704 on chrUn_GL456360
Warning! Read K00382:115:HKHC5BBXY:4:2114:16802:27901 prevented from extending past 28772 on chrUn_GL456389
Warning! Read K00382:115:HKHC5BBXY:3:2127:9770:46979 prevented from extending past 55711 on chrUn_GL456393
Warning! Read K00382:115:HKHC5BBXY:4:2217:25114:35303 prevented from extending below 0 on chr4_JH584295_random
Warning! Read K00382:115:HKHC5BBXY:3:2201:19735:37378 prevented from extending past 1976 on chr4_JH584295_random
Warning! Read K00382:109:HJ5Y5BBXY:5:2212:28767:39699 prevented from extending past 24323 on chrUn_GL456394
Warning! Read K00382:115:HKHC5BBXY:4:1209:19370:47577 prevented from extending past 25871 on chrUn_GL456381
Warning! Read K00382:115:HKHC5BBXY:3:2117:21542:2563 prevented from extending below 0 on chr4_JH584295_random
Warning! Read K00382:109:HJ5Y5BBXY:8:2221:1600:4268 prevented from extending past 1976 on chr4_JH584295_random
  BAM records analyzed:    41225005
    Unmapped:                361238
    To skipped refs:        6066915
      (chrM)
    MAPQ < 30:              8225785
    Paired alignments:            0
    Unpaired alignments:   26571067
  PCR duplicates --
    Paired aln sets:              0
      duplicates:                 0 (0.0%)
    Discordant aln sets:          0
      duplicates:                 0 (0.0%)
    Singleton aln sets:    32637982
      duplicates:           7997007 (24.5%)
  Fragments analyzed:      24619008
    Full fragments:               0
    Half fragments:        24619008
      (from unpaired alns)
    ATAC-seq cut sites:    24619008
      (expanded to length 100bp)
- control file #0 not provided -
  Background pileup value: 0.975035
Processing experimental file #1: results/4-ATAC_genotype/corrected_bams/name/154_BXD50_CTRL_full.nm.bam
Warning! Read K00382:118:HKHCJBBXY:1:2208:3325:27760 prevented from extending past 1976 on chr4_JH584295_random
Warning! Read K00382:115:HKHC5BBXY:2:1112:22293:7099 prevented from extending below 0 on chr4_JH584295_random
Warning! Read K00382:120:HKHGNBBXY:7:2228:25185:7468 prevented from extending past 24323 on chrUn_GL456394
Warning! Read K00382:118:HKHCJBBXY:1:2118:24850:26301 prevented from extending past 1976 on chr4_JH584295_random
Warning! Read K00382:115:HKHC5BBXY:2:2207:3123:28006 prevented from extending past 1976 on chr4_JH584295_random
Warning! Read K00382:118:HKHCJBBXY:1:1112:24576:39084 prevented from extending past 1976 on chr4_JH584295_random
Warning! Read K00382:120:HKHGNBBXY:7:1112:26869:7433 prevented from extending below 0 on chr4_JH584295_random
Warning! Read K00382:115:HKHC5BBXY:2:1217:30979:14308 prevented from extending below 0 on chr4_JH584295_random
Warning! Read K00382:115:HKHC5BBXY:1:1127:25895:28991 prevented from extending below 0 on chrUn_GL456389
Warning! Read K00382:118:HKHCJBBXY:1:2103:18162:5710 prevented from extending past 24323 on chrUn_GL456394
Warning! Read K00382:115:HKHC5BBXY:1:2216:21582:2176 prevented from extending past 1976 on chr4_JH584295_random
Warning! Read K00382:118:HKHCJBBXY:1:2215:2909:7380 prevented from extending below 0 on chrUn_GL456239
  BAM records analyzed:    52918654
    Unmapped:                194006
    To skipped refs:        4767641
      (chrM)
    MAPQ < 30:              8635279
    Paired alignments:            0
    Unpaired alignments:   39321728
  PCR duplicates --
    Paired aln sets:              0
      duplicates:                 0 (0.0%)
    Discordant aln sets:          0
      duplicates:                 0 (0.0%)
    Singleton aln sets:    44089369
      duplicates:           7756131 (17.6%)
  Fragments analyzed:      36311006
    Full fragments:               0
    Half fragments:        36311006
      (from unpaired alns)
    ATAC-seq cut sites:    36311006
      (expanded to length 100bp)
- control file #1 not provided -
  Background pileup value: 1.437639
Processing experimental file #2: results/4-ATAC_genotype/corrected_bams/name/186_BXD50_CTRL_full.nm.bam
Warning! Read K00382:111:HKHK5BBXY:3:2209:6329:49177 prevented from extending past 1976 on chr4_JH584295_random
Warning! Read K00382:111:HKHK5BBXY:4:2203:10642:23944 prevented from extending below 0 on chr4_JH584295_random
Warning! Read K00382:106:HJ57YBBXY:7:2104:17837:9438 prevented from extending past 1976 on chr4_JH584295_random
Warning! Read K00382:111:HKHK5BBXY:2:2105:28524:8787 prevented from extending past 24668 on chrUn_GL456390
Warning! Read K00382:111:HKHK5BBXY:5:1124:16143:44693 prevented from extending past 1976 on chr4_JH584295_random
  BAM records analyzed:    40263749
    Unmapped:                445260
    To skipped refs:        8516003
      (chrM)
    MAPQ < 30:              9028058
    Paired alignments:            0
    Unpaired alignments:   22274428
  PCR duplicates --
    Paired aln sets:              0
      duplicates:                 0 (0.0%)
    Discordant aln sets:          0
      duplicates:                 0 (0.0%)
    Singleton aln sets:    30790431
      duplicates:           9738620 (31.6%)
  Fragments analyzed:      21029414
    Full fragments:               0
    Half fragments:        21029414
      (from unpaired alns)
    ATAC-seq cut sites:    21029414
      (expanded to length 100bp)
- control file #2 not provided -
  Background pileup value: 0.832447
Peak-calling parameters:
  Genome length: 2491878275bp
  Significance threshold: -log(q) > 1.301
  Min. AUC: 200.000
  Max. gap between sites: 100bp
Peaks identified: 12409 (8338070bp)
Logs saved in <logs/5-ATAC_peaks/peaks_BXD50_CTRL.log>
