Calling peaks for results/4-ATAC_genotype/corrected_bams/name/004_BXD51_CTRL_full.nm.bam results/4-ATAC_genotype/corrected_bams/name/044_BXD51_CTRL_full.nm.bam results/4-ATAC_genotype/corrected_bams/name/118_BXD51_CTRL_full.nm.bam
Processing experimental file #0: results/4-ATAC_genotype/corrected_bams/name/004_BXD51_CTRL_full.nm.bam
Warning! Read K00382:109:HJ5Y5BBXY:4:1220:6553:10528 prevented from extending past 1976 on chr4_JH584295_random
Warning! Read K00382:109:HJ5Y5BBXY:1:1106:21724:11108 prevented from extending below 0 on chrUn_JH584304
Warning! Read K00382:109:HJ5Y5BBXY:2:1213:9262:40227 prevented from extending past 40056 on chrUn_GL456239
Warning! Read K00382:109:HJ5Y5BBXY:3:1224:30360:9649 prevented from extending past 40056 on chrUn_GL456239
Warning! Read K00382:118:HKHCJBBXY:1:2116:11302:3283 prevented from extending past 40056 on chrUn_GL456239
Warning! Read K00382:120:HKHGNBBXY:7:1125:19898:25246 prevented from extending past 40056 on chrUn_GL456239
Warning! Read K00382:109:HJ5Y5BBXY:3:1203:7730:12321 prevented from extending below 0 on chrUn_GL456239
Warning! Read K00382:109:HJ5Y5BBXY:1:1103:18040:23927 prevented from extending past 1976 on chr4_JH584295_random
Warning! Read K00382:109:HJ5Y5BBXY:1:1102:23155:44711 prevented from extending below 0 on chrUn_GL456366
Warning! Read K00382:109:HJ5Y5BBXY:3:1111:30452:7732 prevented from extending past 1976 on chr4_JH584295_random
Warning! Read K00382:118:HKHCJBBXY:1:1223:30563:44078 prevented from extending past 40056 on chrUn_GL456239
Warning! Read K00382:109:HJ5Y5BBXY:4:2225:5761:2932 prevented from extending past 1976 on chr4_JH584295_random
Warning! Read K00382:109:HJ5Y5BBXY:2:1201:26453:12163 prevented from extending past 23629 on chrUn_GL456392
Warning! Read K00382:109:HJ5Y5BBXY:1:2121:21917:46399 prevented from extending below 0 on chrUn_GL456390
  BAM records analyzed:    50612679
    Unmapped:                429876
    To skipped refs:        3648663
      (chrM)
    MAPQ < 30:              7796862
    Paired alignments:            0
    Unpaired alignments:   38737278
  PCR duplicates --
    Paired aln sets:              0
      duplicates:                 0 (0.0%)
    Discordant aln sets:          0
      duplicates:                 0 (0.0%)
    Singleton aln sets:    42385941
      duplicates:           6363401 (15.0%)
  Fragments analyzed:      36000665
    Full fragments:               0
    Half fragments:        36000665
      (from unpaired alns)
    ATAC-seq cut sites:    36000665
      (expanded to length 100bp)
- control file #0 not provided -
  Background pileup value: 1.425646
Processing experimental file #1: results/4-ATAC_genotype/corrected_bams/name/044_BXD51_CTRL_full.nm.bam
Warning! Read K00382:114:HKH5VBBXY:8:1113:26169:6114 prevented from extending past 40056 on chrUn_GL456239
Warning! Read K00382:114:HKH5VBBXY:8:2221:2189:35004 prevented from extending past 1976 on chr4_JH584295_random
Warning! Read K00382:114:HKH5VBBXY:8:2120:23622:44007 prevented from extending past 40056 on chrUn_GL456239
Warning! Read K00382:110:HKHKHBBXY:3:1112:15473:4426 prevented from extending past 206961 on chr1_GL456221_random
Warning! Read K00382:114:HKH5VBBXY:8:1222:2666:8928 prevented from extending past 40056 on chrUn_GL456239
  BAM records analyzed:    36413529
    Unmapped:                847152
    To skipped refs:       10069686
      (chrM)
    MAPQ < 30:              9930112
    Paired alignments:            0
    Unpaired alignments:   15566579
  PCR duplicates --
    Paired aln sets:              0
      duplicates:                 0 (0.0%)
    Discordant aln sets:          0
      duplicates:                 0 (0.0%)
    Singleton aln sets:    25636265
      duplicates:          12227427 (47.7%)
  Fragments analyzed:      13386461
    Full fragments:               0
    Half fragments:        13386461
      (from unpaired alns)
    ATAC-seq cut sites:    13386461
      (expanded to length 100bp)
- control file #1 not provided -
  Background pileup value: 0.529546
Processing experimental file #2: results/4-ATAC_genotype/corrected_bams/name/118_BXD51_CTRL_full.nm.bam
Warning! Read K00382:106:HJ57YBBXY:7:2226:25621:36218 prevented from extending past 40056 on chrUn_GL456239
Warning! Read K00382:106:HJ57YBBXY:8:2122:11941:4532 prevented from extending past 28772 on chrUn_GL456389
Warning! Read K00382:125:HKHL3BBXY:6:2224:32157:2668 prevented from extending past 14945 on chr4_JH584292_random
Warning! Read K00382:111:HKHK5BBXY:4:2103:26423:9438 prevented from extending past 1976 on chr4_JH584295_random
Warning! Read K00382:125:HKHL3BBXY:6:2128:30289:18669 prevented from extending past 55711 on chrUn_GL456393
Warning! Read K00382:111:HKHK5BBXY:2:2211:18132:21483 prevented from extending below 0 on chr4_JH584295_random
Warning! Read K00382:106:HJ57YBBXY:7:1226:25570:38732 prevented from extending below 0 on chrUn_GL456239
Warning! Read K00382:111:HKHK5BBXY:4:2116:16772:26090 prevented from extending past 40056 on chrUn_GL456239
Warning! Read K00382:111:HKHK5BBXY:5:1120:32217:20639 prevented from extending past 1976 on chr4_JH584295_random
Warning! Read K00382:106:HJ57YBBXY:6:1215:22293:16946 prevented from extending below 0 on chr4_JH584295_random
Warning! Read K00382:106:HJ57YBBXY:7:2118:12560:19144 prevented from extending below 0 on chr4_JH584295_random
Warning! Read K00382:106:HJ57YBBXY:6:2215:20506:41176 prevented from extending past 1976 on chr4_JH584295_random
Warning! Read K00382:111:HKHK5BBXY:4:1202:5842:47735 prevented from extending below 0 on chrUn_GL456393
Warning! Read K00382:125:HKHL3BBXY:6:2217:15757:27285 prevented from extending below 0 on chr4_JH584295_random
Warning! Read K00382:106:HJ57YBBXY:6:2125:23805:46961 prevented from extending past 40056 on chrUn_GL456239
Warning! Read K00382:125:HKHL3BBXY:6:2114:2838:26494 prevented from extending past 55711 on chrUn_GL456393
Warning! Read K00382:111:HKHK5BBXY:4:2126:31872:23522 prevented from extending below 0 on chr4_JH584295_random
  BAM records analyzed:    49936771
    Unmapped:                301159
    To skipped refs:        6956898
      (chrM)
    MAPQ < 30:              8996454
    Paired alignments:            0
    Unpaired alignments:   33682260
  PCR duplicates --
    Paired aln sets:              0
      duplicates:                 0 (0.0%)
    Discordant aln sets:          0
      duplicates:                 0 (0.0%)
    Singleton aln sets:    40639158
      duplicates:           9089996 (22.4%)
  Fragments analyzed:      31526835
    Full fragments:               0
    Half fragments:        31526835
      (from unpaired alns)
    ATAC-seq cut sites:    31526835
      (expanded to length 100bp)
- control file #2 not provided -
  Background pileup value: 1.248030
Peak-calling parameters:
  Genome length: 2491878275bp
  Significance threshold: -log(q) > 1.301
  Min. AUC: 200.000
  Max. gap between sites: 100bp
Peaks identified: 24407 (15250170bp)
Logs saved in <logs/5-ATAC_peaks/peaks_BXD51_CTRL.log>
