Calling peaks for results/4-ATAC_genotype/corrected_bams/name/018_BXD73_CTRL_full.nm.bam results/4-ATAC_genotype/corrected_bams/name/056_BXD73_CTRL_full.nm.bam results/4-ATAC_genotype/corrected_bams/name/093_BXD73_CTRL_full.nm.bam
Processing experimental file #0: results/4-ATAC_genotype/corrected_bams/name/018_BXD73_CTRL_full.nm.bam
Warning! Read K00382:111:HKHK5BBXY:1:1209:5649:47014 prevented from extending past 24323 on chrUn_GL456394
Warning! Read K00382:110:HKHKHBBXY:1:1208:6664:34495 prevented from extending past 1976 on chr4_JH584295_random
Warning! Read K00382:110:HKHKHBBXY:2:2117:1742:18898 prevented from extending past 1976 on chr4_JH584295_random
Warning! Read K00382:110:HKHKHBBXY:1:1112:11383:30644 prevented from extending past 1976 on chr4_JH584295_random
Warning! Read K00382:111:HKHK5BBXY:1:2218:16417:12110 prevented from extending below 0 on chrUn_GL456366
Warning! Read K00382:110:HKHKHBBXY:2:1108:4198:7363 prevented from extending past 31602 on chrUn_GL456378
Warning! Read K00382:110:HKHKHBBXY:2:1128:23074:44183 prevented from extending below 0 on chr4_JH584295_random
Warning! Read K00382:111:HKHK5BBXY:1:2210:23287:41247 prevented from extending past 40056 on chrUn_GL456239
Warning! Read K00382:110:HKHKHBBXY:3:1102:10592:19214 prevented from extending past 1976 on chr4_JH584295_random
Warning! Read K00382:111:HKHK5BBXY:1:1126:17969:32068 prevented from extending past 1976 on chr4_JH584295_random
  BAM records analyzed:    40568487
    Unmapped:                573511
    To skipped refs:        8666656
      (chrM)
    MAPQ < 30:              9261639
    Paired alignments:            0
    Unpaired alignments:   22066681
  PCR duplicates --
    Paired aln sets:              0
      duplicates:                 0 (0.0%)
    Discordant aln sets:          0
      duplicates:                 0 (0.0%)
    Singleton aln sets:    30733337
      duplicates:          11383703 (37.0%)
  Fragments analyzed:      19327195
    Full fragments:               0
    Half fragments:        19327195
      (from unpaired alns)
    ATAC-seq cut sites:    19327195
      (expanded to length 100bp)
- control file #0 not provided -
  Background pileup value: 0.764647
Processing experimental file #1: results/4-ATAC_genotype/corrected_bams/name/056_BXD73_CTRL_full.nm.bam
Warning! Read K00382:115:HKHC5BBXY:1:1115:3265:35567 prevented from extending below 0 on chrUn_GL456392
Warning! Read K00382:109:HJ5Y5BBXY:1:1127:19796:34248 prevented from extending past 1976 on chr4_JH584295_random
Warning! Read K00382:109:HJ5Y5BBXY:2:2213:4787:6519 prevented from extending past 38659 on chrUn_GL456383
Warning! Read K00382:115:HKHC5BBXY:2:1127:2706:38574 prevented from extending past 24323 on chrUn_GL456394
Warning! Read K00382:109:HJ5Y5BBXY:2:2113:4706:39998 prevented from extending below 0 on chrUn_GL456239
Warning! Read K00382:118:HKHCJBBXY:1:1201:30066:23382 prevented from extending below 0 on chr4_JH584295_random
Warning! Read K00382:109:HJ5Y5BBXY:2:1125:16041:43357 prevented from extending past 1976 on chr4_JH584295_random
Warning! Read K00382:115:HKHC5BBXY:1:1117:19421:25826 prevented from extending past 1976 on chr4_JH584295_random
Warning! Read K00382:109:HJ5Y5BBXY:1:1228:6969:16840 prevented from extending past 31602 on chrUn_GL456378
Warning! Read K00382:115:HKHC5BBXY:2:1222:5568:35268 prevented from extending past 1976 on chr4_JH584295_random
Warning! Read K00382:115:HKHC5BBXY:2:2109:18314:45185 prevented from extending past 24323 on chrUn_GL456394
Warning! Read K00382:109:HJ5Y5BBXY:3:2119:20669:33264 prevented from extending below 0 on chr4_JH584295_random
Warning! Read K00382:109:HJ5Y5BBXY:1:2127:23693:17966 prevented from extending below 0 on chr4_JH584295_random
Warning! Read K00382:109:HJ5Y5BBXY:2:2207:1357:10282 prevented from extending past 40056 on chrUn_GL456239
Warning! Read K00382:109:HJ5Y5BBXY:4:1124:16995:4356 prevented from extending below 0 on chrUn_GL456239
Warning! Read K00382:109:HJ5Y5BBXY:4:1216:1326:39910 prevented from extending past 40056 on chrUn_GL456239
Warning! Read K00382:109:HJ5Y5BBXY:2:1117:17949:28833 prevented from extending below 0 on chrUn_GL456381
Warning! Read K00382:115:HKHC5BBXY:2:2207:26981:34389 prevented from extending past 40056 on chrUn_GL456239
Warning! Read K00382:109:HJ5Y5BBXY:4:1109:26859:27567 prevented from extending below 0 on chrUn_GL456370
  BAM records analyzed:    48871489
    Unmapped:                258740
    To skipped refs:        5012330
      (chrM)
    MAPQ < 30:              8628129
    Paired alignments:            0
    Unpaired alignments:   34972290
  PCR duplicates --
    Paired aln sets:              0
      duplicates:                 0 (0.0%)
    Discordant aln sets:          0
      duplicates:                 0 (0.0%)
    Singleton aln sets:    39984620
      duplicates:           7625569 (19.1%)
  Fragments analyzed:      32336928
    Full fragments:               0
    Half fragments:        32336928
      (from unpaired alns)
    ATAC-seq cut sites:    32336928
      (expanded to length 100bp)
- control file #1 not provided -
  Background pileup value: 1.280050
Processing experimental file #2: results/4-ATAC_genotype/corrected_bams/name/093_BXD73_CTRL_full.nm.bam
Warning! Read K00382:107:HJ55YBBXY:8:1205:12946:29870 prevented from extending past 1976 on chr4_JH584295_random
Warning! Read K00382:107:HJ55YBBXY:8:1110:5944:11372 prevented from extending past 1976 on chr4_JH584295_random
Warning! Read K00382:107:HJ55YBBXY:6:2207:8237:28182 prevented from extending below 0 on chrUn_GL456366
Warning! Read K00382:118:HKHCJBBXY:2:2112:4594:6536 prevented from extending past 40056 on chrUn_GL456239
Warning! Read K00382:115:HKHC5BBXY:6:1127:15788:22309 prevented from extending past 40056 on chrUn_GL456239
Warning! Read K00382:115:HKHC5BBXY:6:1118:3356:23276 prevented from extending past 31704 on chrUn_GL456360
Warning! Read K00382:115:HKHC5BBXY:6:1225:17360:32068 prevented from extending past 55711 on chrUn_GL456393
Warning! Read K00382:115:HKHC5BBXY:8:2224:25236:4673 prevented from extending below 0 on chr4_JH584295_random
Warning! Read K00382:115:HKHC5BBXY:7:1213:7628:5605 prevented from extending below 0 on chr4_JH584295_random
Warning! Read K00382:115:HKHC5BBXY:6:2126:9262:36991 prevented from extending below 0 on chr4_JH584295_random
Warning! Read K00382:118:HKHCJBBXY:2:1111:1600:24876 prevented from extending below 0 on chrUn_GL456239
Warning! Read K00382:107:HJ55YBBXY:7:2223:10855:9438 prevented from extending below 0 on chr4_JH584295_random
Warning! Read K00382:115:HKHC5BBXY:8:2219:27722:4549 prevented from extending below 0 on chrUn_GL456389
Warning! Read K00382:115:HKHC5BBXY:8:2119:29559:25738 prevented from extending past 28772 on chrUn_GL456389
Warning! Read K00382:107:HJ55YBBXY:7:2220:2412:35426 prevented from extending past 28772 on chrUn_GL456389
Warning! Read K00382:107:HJ55YBBXY:8:1225:8856:20533 prevented from extending past 31602 on chrUn_GL456378
  BAM records analyzed:    49069277
    Unmapped:                216570
    To skipped refs:        4263330
      (chrM)
    MAPQ < 30:              8236433
    Paired alignments:            0
    Unpaired alignments:   36352944
  PCR duplicates --
    Paired aln sets:              0
      duplicates:                 0 (0.0%)
    Discordant aln sets:          0
      duplicates:                 0 (0.0%)
    Singleton aln sets:    40616274
      duplicates:           5966784 (14.7%)
  Fragments analyzed:      34627396
    Full fragments:               0
    Half fragments:        34627396
      (from unpaired alns)
    ATAC-seq cut sites:    34627396
      (expanded to length 100bp)
- control file #2 not provided -
  Background pileup value: 1.370433
Peak-calling parameters:
  Genome length: 2491878275bp
  Significance threshold: -log(q) > 1.301
  Min. AUC: 200.000
  Max. gap between sites: 100bp
Peaks identified: 23130 (14588122bp)
Logs saved in <logs/5-ATAC_peaks/peaks_BXD73_CTRL.log>
