Calling peaks for results/4-ATAC_genotype/corrected_bams/name/003_BXD51_SD_full.nm.bam results/4-ATAC_genotype/corrected_bams/name/043_BXD51_SD_full.nm.bam results/4-ATAC_genotype/corrected_bams/name/119_BXD51_SD_full.nm.bam
Processing experimental file #0: results/4-ATAC_genotype/corrected_bams/name/003_BXD51_SD_full.nm.bam
Warning! Read K00382:120:HKHGNBBXY:7:2222:5538:2053 prevented from extending past 40056 on chrUn_GL456239
Warning! Read K00382:109:HJ5Y5BBXY:2:1220:15686:7468 prevented from extending past 40056 on chrUn_GL456239
Warning! Read K00382:109:HJ5Y5BBXY:4:2126:4401:23821 prevented from extending past 40056 on chrUn_GL456239
Warning! Read K00382:109:HJ5Y5BBXY:4:1206:7831:14713 prevented from extending past 1976 on chr4_JH584295_random
Warning! Read K00382:109:HJ5Y5BBXY:1:1117:20070:43515 prevented from extending past 1976 on chr4_JH584295_random
Warning! Read K00382:109:HJ5Y5BBXY:4:2123:8217:16506 prevented from extending below 0 on chrUn_GL456370
Warning! Read K00382:120:HKHGNBBXY:7:2109:19725:25544 prevented from extending past 1976 on chr4_JH584295_random
Warning! Read K00382:109:HJ5Y5BBXY:3:1116:3183:9051 prevented from extending past 1976 on chr4_JH584295_random
Warning! Read K00382:109:HJ5Y5BBXY:2:2221:31436:1736 prevented from extending past 40056 on chrUn_GL456239
Warning! Read K00382:109:HJ5Y5BBXY:2:1223:10795:47489 prevented from extending below 0 on chrUn_GL456381
Warning! Read K00382:109:HJ5Y5BBXY:2:1222:28635:23575 prevented from extending past 1976 on chr4_JH584295_random
Warning! Read K00382:109:HJ5Y5BBXY:4:2219:13890:18634 prevented from extending past 40056 on chrUn_GL456239
Warning! Read K00382:109:HJ5Y5BBXY:2:1215:16965:28991 prevented from extending past 24685 on chrUn_GL456387
  BAM records analyzed:    51977435
    Unmapped:                218177
    To skipped refs:        2695668
      (chrM)
    MAPQ < 30:              7084819
    Paired alignments:            0
    Unpaired alignments:   41978771
  PCR duplicates --
    Paired aln sets:              0
      duplicates:                 0 (0.0%)
    Discordant aln sets:          0
      duplicates:                 0 (0.0%)
    Singleton aln sets:    44674439
      duplicates:           6060384 (13.6%)
  Fragments analyzed:      38592457
    Full fragments:               0
    Half fragments:        38592457
      (from unpaired alns)
    ATAC-seq cut sites:    38592457
      (expanded to length 100bp)
- control file #0 not provided -
  Background pileup value: 1.528466
Processing experimental file #1: results/4-ATAC_genotype/corrected_bams/name/043_BXD51_SD_full.nm.bam
Warning! Read K00382:110:HKHKHBBXY:1:2125:20517:5605 prevented from extending past 40056 on chrUn_GL456239
Warning! Read K00382:110:HKHKHBBXY:2:1218:17239:14449 prevented from extending below 0 on chr4_JH584295_random
Warning! Read K00382:110:HKHKHBBXY:2:1118:24373:4022 prevented from extending past 14945 on chr4_JH584292_random
Warning! Read K00382:114:HKH5VBBXY:8:1119:16447:4145 prevented from extending past 1976 on chr4_JH584295_random
Warning! Read K00382:111:HKHK5BBXY:1:2126:29630:10493 prevented from extending past 25871 on chrUn_GL456381
Warning! Read K00382:110:HKHKHBBXY:3:2226:8217:16823 prevented from extending below 0 on chrUn_GL456239
Warning! Read K00382:114:HKH5VBBXY:8:1108:4097:32226 prevented from extending past 206961 on chr1_GL456221_random
Warning! Read K00382:110:HKHKHBBXY:3:2104:11160:22450 prevented from extending past 40056 on chrUn_GL456239
Warning! Read K00382:111:HKHK5BBXY:1:2105:32136:6572 prevented from extending past 1976 on chr4_JH584295_random
Warning! Read K00382:110:HKHKHBBXY:4:1212:30888:31628 prevented from extending below 0 on chrUn_GL456366
Warning! Read K00382:110:HKHKHBBXY:2:2220:29366:39260 prevented from extending past 40056 on chrUn_GL456239
Warning! Read K00382:110:HKHKHBBXY:3:1107:10206:37818 prevented from extending past 40056 on chrUn_GL456239
Warning! Read K00382:114:HKH5VBBXY:8:2117:8197:1314 prevented from extending past 40056 on chrUn_GL456239
Warning! Read K00382:114:HKH5VBBXY:8:1209:9211:3635 prevented from extending below 0 on chr4_JH584295_random
Warning! Read K00382:114:HKH5VBBXY:8:2213:10409:25755 prevented from extending below 0 on chrUn_GL456378
Warning! Read K00382:114:HKH5VBBXY:8:1204:28950:24894 prevented from extending past 40056 on chrUn_GL456239
Warning! Read K00382:110:HKHKHBBXY:2:2212:20608:26160 prevented from extending past 40056 on chrUn_GL456239
  BAM records analyzed:    52693184
    Unmapped:                328443
    To skipped refs:        4176481
      (chrM)
    MAPQ < 30:              7997297
    Paired alignments:            0
    Unpaired alignments:   40190963
  PCR duplicates --
    Paired aln sets:              0
      duplicates:                 0 (0.0%)
    Discordant aln sets:          0
      duplicates:                 0 (0.0%)
    Singleton aln sets:    44367444
      duplicates:           7791838 (17.6%)
  Fragments analyzed:      36553786
    Full fragments:               0
    Half fragments:        36553786
      (from unpaired alns)
    ATAC-seq cut sites:    36553786
      (expanded to length 100bp)
- control file #1 not provided -
  Background pileup value: 1.447778
Processing experimental file #2: results/4-ATAC_genotype/corrected_bams/name/119_BXD51_SD_full.nm.bam
Warning! Read K00382:106:HJ57YBBXY:7:1214:24008:47454 prevented from extending past 31704 on chrUn_GL456360
Warning! Read K00382:106:HJ57YBBXY:6:2201:22962:16383 prevented from extending below 0 on chr4_JH584295_random
Warning! Read K00382:111:HKHK5BBXY:2:1126:12165:39242 prevented from extending below 0 on chrUn_GL456370
Warning! Read K00382:106:HJ57YBBXY:5:2127:16752:26934 prevented from extending past 24323 on chrUn_GL456394
Warning! Read K00382:106:HJ57YBBXY:5:2220:18751:4866 prevented from extending past 1976 on chr4_JH584295_random
Warning! Read K00382:106:HJ57YBBXY:8:1224:8643:46328 prevented from extending past 1976 on chr4_JH584295_random
Warning! Read K00382:106:HJ57YBBXY:6:1123:9922:23223 prevented from extending past 1976 on chr4_JH584295_random
Warning! Read K00382:106:HJ57YBBXY:5:1209:15808:9051 prevented from extending below 0 on chrUn_GL456239
  BAM records analyzed:    34794731
    Unmapped:                399096
    To skipped refs:        7558592
      (chrM)
    MAPQ < 30:              7885707
    Paired alignments:            0
    Unpaired alignments:   18951336
  PCR duplicates --
    Paired aln sets:              0
      duplicates:                 0 (0.0%)
    Discordant aln sets:          0
      duplicates:                 0 (0.0%)
    Singleton aln sets:    26509928
      duplicates:           8784359 (33.1%)
  Fragments analyzed:      17703276
    Full fragments:               0
    Half fragments:        17703276
      (from unpaired alns)
    ATAC-seq cut sites:    17703276
      (expanded to length 100bp)
- control file #2 not provided -
  Background pileup value: 0.700646
Peak-calling parameters:
  Genome length: 2491878275bp
  Significance threshold: -log(q) > 1.301
  Min. AUC: 200.000
  Max. gap between sites: 100bp
Peaks identified: 11035 (7708995bp)
Logs saved in <logs/5-ATAC_peaks/peaks_BXD51_SD.log>
