Calling peaks for results/4-ATAC_genotype/corrected_bams/name/021_BXD83_SD_full.nm.bam results/4-ATAC_genotype/corrected_bams/name/100_BXD83_SD_full.nm.bam results/4-ATAC_genotype/corrected_bams/name/127_BXD83_SD_full.nm.bam
Processing experimental file #0: results/4-ATAC_genotype/corrected_bams/name/021_BXD83_SD_full.nm.bam
Warning! Read K00382:109:HJ5Y5BBXY:3:1225:24363:4673 prevented from extending below 0 on chrUn_GL456392
Warning! Read K00382:109:HJ5Y5BBXY:1:2208:1753:45643 prevented from extending past 24323 on chrUn_GL456394
Warning! Read K00382:109:HJ5Y5BBXY:2:2109:19004:19337 prevented from extending past 1976 on chr4_JH584295_random
Warning! Read K00382:120:HKHGNBBXY:7:2108:10592:2439 prevented from extending past 1976 on chr4_JH584295_random
Warning! Read K00382:109:HJ5Y5BBXY:2:2119:1824:43902 prevented from extending below 0 on chr4_JH584295_random
Warning! Read K00382:109:HJ5Y5BBXY:3:2208:25114:19548 prevented from extending past 40056 on chrUn_GL456239
Warning! Read K00382:109:HJ5Y5BBXY:3:2112:2493:3952 prevented from extending past 24668 on chrUn_GL456390
Warning! Read K00382:109:HJ5Y5BBXY:4:2103:5589:15399 prevented from extending past 1976 on chr4_JH584295_random
Warning! Read K00382:109:HJ5Y5BBXY:4:2207:23460:22098 prevented from extending below 0 on chr4_JH584295_random
Warning! Read K00382:109:HJ5Y5BBXY:3:1104:30513:1332 prevented from extending past 38659 on chrUn_GL456383
Warning! Read K00382:109:HJ5Y5BBXY:3:2106:5781:7504 prevented from extending past 1976 on chr4_JH584295_random
Warning! Read K00382:115:HKHC5BBXY:2:2206:29295:42759 prevented from extending past 40056 on chrUn_GL456239
Warning! Read K00382:109:HJ5Y5BBXY:2:1205:3457:39523 prevented from extending below 0 on chrUn_GL456239
Warning! Read K00382:109:HJ5Y5BBXY:4:2113:31142:40016 prevented from extending past 24323 on chrUn_GL456394
Warning! Read K00382:109:HJ5Y5BBXY:2:2212:2920:6765 prevented from extending past 25871 on chrUn_GL456381
  BAM records analyzed:    41868731
    Unmapped:                401145
    To skipped refs:        6452438
      (chrM)
    MAPQ < 30:              8657258
    Paired alignments:            0
    Unpaired alignments:   26357890
  PCR duplicates --
    Paired aln sets:              0
      duplicates:                 0 (0.0%)
    Discordant aln sets:          0
      duplicates:                 0 (0.0%)
    Singleton aln sets:    32810328
      duplicates:           8330964 (25.4%)
  Fragments analyzed:      24457049
    Full fragments:               0
    Half fragments:        24457049
      (from unpaired alns)
    ATAC-seq cut sites:    24457049
      (expanded to length 100bp)
- control file #0 not provided -
  Background pileup value: 0.967936
Processing experimental file #1: results/4-ATAC_genotype/corrected_bams/name/100_BXD83_SD_full.nm.bam
Warning! Read K00382:109:HJ5Y5BBXY:7:2220:7436:30485 prevented from extending past 47073 on chrUn_GL456366
Warning! Read K00382:109:HJ5Y5BBXY:5:1103:22171:23100 prevented from extending past 1976 on chr4_JH584295_random
Warning! Read K00382:115:HKHC5BBXY:5:2120:8217:27795 prevented from extending below 0 on chr4_JH584295_random
Warning! Read K00382:109:HJ5Y5BBXY:5:2113:23581:12146 prevented from extending below 0 on chrUn_GL456396
Warning! Read K00382:109:HJ5Y5BBXY:5:1110:25083:19671 prevented from extending past 1976 on chr4_JH584295_random
Warning! Read K00382:115:HKHC5BBXY:5:1217:2250:16542 prevented from extending past 1976 on chr4_JH584295_random
Warning! Read K00382:115:HKHC5BBXY:5:2116:27874:43955 prevented from extending past 1976 on chr4_JH584295_random
Warning! Read K00382:109:HJ5Y5BBXY:5:1205:2909:29360 prevented from extending past 1976 on chr4_JH584295_random
Warning! Read K00382:115:HKHC5BBXY:3:1116:19999:42618 prevented from extending past 31602 on chrUn_GL456378
Warning! Read K00382:109:HJ5Y5BBXY:7:2105:29792:22485 prevented from extending past 31602 on chrUn_GL456378
Warning! Read K00382:109:HJ5Y5BBXY:6:1115:21511:37923 prevented from extending below 0 on chr4_JH584295_random
Warning! Read K00382:109:HJ5Y5BBXY:8:1123:11424:14291 prevented from extending below 0 on chr4_JH584295_random
  BAM records analyzed:    42730832
    Unmapped:                209607
    To skipped refs:        7469929
      (chrM)
    MAPQ < 30:              8868608
    Paired alignments:            0
    Unpaired alignments:   26182688
  PCR duplicates --
    Paired aln sets:              0
      duplicates:                 0 (0.0%)
    Discordant aln sets:          0
      duplicates:                 0 (0.0%)
    Singleton aln sets:    33652617
      duplicates:           9066038 (26.9%)
  Fragments analyzed:      24564248
    Full fragments:               0
    Half fragments:        24564248
      (from unpaired alns)
    ATAC-seq cut sites:    24564248
      (expanded to length 100bp)
- control file #1 not provided -
  Background pileup value: 0.972344
Processing experimental file #2: results/4-ATAC_genotype/corrected_bams/name/127_BXD83_SD_full.nm.bam
Warning! Read K00382:118:HKHCJBBXY:3:1118:5315:47594 prevented from extending below 0 on chrUn_GL456378
Warning! Read K00382:118:HKHCJBBXY:3:1210:6482:20498 prevented from extending past 40056 on chrUn_GL456239
Warning! Read K00382:115:HKHC5BBXY:6:1217:27702:41721 prevented from extending past 40056 on chrUn_GL456239
Warning! Read K00382:107:HJ55YBBXY:6:2228:14712:3213 prevented from extending past 31704 on chrUn_GL456360
Warning! Read K00382:107:HJ55YBBXY:7:1203:28655:27654 prevented from extending past 55711 on chrUn_GL456393
Warning! Read K00382:118:HKHCJBBXY:2:1106:24688:40438 prevented from extending past 1976 on chr4_JH584295_random
Warning! Read K00382:107:HJ55YBBXY:6:1118:20395:20586 prevented from extending past 31602 on chrUn_GL456378
Warning! Read K00382:107:HJ55YBBXY:7:2202:6603:46979 prevented from extending past 55711 on chrUn_GL456393
Warning! Read K00382:107:HJ55YBBXY:7:1104:11972:24067 prevented from extending below 0 on chr4_JH584295_random
Warning! Read K00382:118:HKHCJBBXY:3:2123:7405:30503 prevented from extending below 0 on chrUn_GL456366
Warning! Read K00382:118:HKHCJBBXY:3:2114:9069:7820 prevented from extending past 24323 on chrUn_GL456394
Warning! Read K00382:118:HKHCJBBXY:3:1213:4452:11179 prevented from extending below 0 on chr4_JH584295_random
Warning! Read K00382:107:HJ55YBBXY:5:2127:31852:16981 prevented from extending past 1976 on chr4_JH584295_random
Warning! Read K00382:118:HKHCJBBXY:2:1112:19167:14590 prevented from extending past 1976 on chr4_JH584295_random
Warning! Read K00382:115:HKHC5BBXY:8:1112:7456:36253 prevented from extending past 1976 on chr4_JH584295_random
Warning! Read K00382:115:HKHC5BBXY:8:2126:24748:10194 prevented from extending below 0 on chrUn_GL456396
Warning! Read K00382:107:HJ55YBBXY:8:2225:21988:17685 prevented from extending past 1976 on chr4_JH584295_random
Warning! Read K00382:115:HKHC5BBXY:8:1108:27103:21518 prevented from extending past 24685 on chrUn_GL456387
Warning! Read K00382:115:HKHC5BBXY:7:2122:13555:28850 prevented from extending below 0 on chrUn_GL456239
Warning! Read K00382:115:HKHC5BBXY:6:2205:27904:1806 prevented from extending past 1976 on chr4_JH584295_random
Warning! Read K00382:107:HJ55YBBXY:8:2216:11241:18757 prevented from extending past 28772 on chrUn_GL456389
  BAM records analyzed:    51713470
    Unmapped:                269417
    To skipped refs:        3530545
      (chrM)
    MAPQ < 30:              8178624
    Paired alignments:            0
    Unpaired alignments:   39734884
  PCR duplicates --
    Paired aln sets:              0
      duplicates:                 0 (0.0%)
    Discordant aln sets:          0
      duplicates:                 0 (0.0%)
    Singleton aln sets:    43265429
      duplicates:           5368695 (12.4%)
  Fragments analyzed:      37874827
    Full fragments:               0
    Half fragments:        37874827
      (from unpaired alns)
    ATAC-seq cut sites:    37874827
      (expanded to length 100bp)
- control file #2 not provided -
  Background pileup value: 1.499361
Peak-calling parameters:
  Genome length: 2491878275bp
  Significance threshold: -log(q) > 1.301
  Min. AUC: 200.000
  Max. gap between sites: 100bp
Peaks identified: 16543 (10123702bp)
Logs saved in <logs/5-ATAC_peaks/peaks_BXD83_SD.log>
