Calling peaks for results/4-ATAC_genotype/corrected_bams/name/012_BXD66_CTRL_full.nm.bam results/4-ATAC_genotype/corrected_bams/name/052_BXD66_CTRL_full.nm.bam results/4-ATAC_genotype/corrected_bams/name/087_BXD66_CTRL_full.nm.bam
Processing experimental file #0: results/4-ATAC_genotype/corrected_bams/name/012_BXD66_CTRL_full.nm.bam
Warning! Read K00382:107:HJ55YBBXY:7:2224:12672:25034 prevented from extending past 1976 on chr4_JH584295_random
Warning! Read K00382:115:HKHC5BBXY:6:1111:13474:48227 prevented from extending below 0 on chr1_GL456221_random
Warning! Read K00382:115:HKHC5BBXY:7:1110:31101:33510 prevented from extending below 0 on chr4_JH584295_random
Warning! Read K00382:115:HKHC5BBXY:6:1212:8481:43023 prevented from extending past 24685 on chrUn_GL456387
Warning! Read K00382:107:HJ55YBBXY:7:1115:14225:38345 prevented from extending past 1976 on chr4_JH584295_random
Warning! Read K00382:107:HJ55YBBXY:5:2223:19938:45256 prevented from extending past 1976 on chr4_JH584295_random
Warning! Read K00382:115:HKHC5BBXY:8:2121:11931:11477 prevented from extending below 0 on chr4_JH584295_random
Warning! Read K00382:107:HJ55YBBXY:7:2126:26951:12532 prevented from extending past 28772 on chrUn_GL456389
Warning! Read K00382:107:HJ55YBBXY:6:2124:19004:37976 prevented from extending below 0 on chrUn_GL456389
Warning! Read K00382:115:HKHC5BBXY:6:1111:12144:18282 prevented from extending past 24685 on chrUn_GL456387
Warning! Read K00382:107:HJ55YBBXY:7:1108:25662:23452 prevented from extending below 0 on chrUn_GL456239
Warning! Read K00382:115:HKHC5BBXY:7:2213:26453:21729 prevented from extending below 0 on chr4_JH584295_random
Warning! Read K00382:115:HKHC5BBXY:7:1214:12834:18669 prevented from extending past 40056 on chrUn_GL456239
Warning! Read K00382:107:HJ55YBBXY:7:1224:4746:24560 prevented from extending past 24323 on chrUn_GL456394
Warning! Read K00382:115:HKHC5BBXY:6:2127:20182:7345 prevented from extending below 0 on chr4_JH584295_random
Warning! Read K00382:115:HKHC5BBXY:8:2206:8085:35796 prevented from extending past 1976 on chr4_JH584295_random
Warning! Read K00382:107:HJ55YBBXY:6:1228:29051:28446 prevented from extending below 0 on chr4_JH584295_random
  BAM records analyzed:    53908597
    Unmapped:                289569
    To skipped refs:       11688118
      (chrM)
    MAPQ < 30:             12046096
    Paired alignments:            0
    Unpaired alignments:   29884814
  PCR duplicates --
    Paired aln sets:              0
      duplicates:                 0 (0.0%)
    Discordant aln sets:          0
      duplicates:                 0 (0.0%)
    Singleton aln sets:    41572932
      duplicates:          14146842 (34.0%)
  Fragments analyzed:      27403689
    Full fragments:               0
    Half fragments:        27403689
      (from unpaired alns)
    ATAC-seq cut sites:    27403689
      (expanded to length 100bp)
- control file #0 not provided -
  Background pileup value: 1.084448
Processing experimental file #1: results/4-ATAC_genotype/corrected_bams/name/052_BXD66_CTRL_full.nm.bam
Warning! Read K00382:110:HKHKHBBXY:4:2106:6045:26424 prevented from extending past 40056 on chrUn_GL456239
Warning! Read K00382:110:HKHKHBBXY:1:2101:12560:6449 prevented from extending below 0 on chr4_JH584295_random
Warning! Read K00382:110:HKHKHBBXY:1:2214:12489:35690 prevented from extending past 1976 on chr4_JH584295_random
Warning! Read K00382:110:HKHKHBBXY:2:2214:29802:39207 prevented from extending past 1976 on chr4_JH584295_random
Warning! Read K00382:110:HKHKHBBXY:4:1210:5873:41352 prevented from extending past 24685 on chrUn_GL456387
Warning! Read K00382:110:HKHKHBBXY:1:1118:14418:2633 prevented from extending past 1976 on chr4_JH584295_random
Warning! Read K00382:111:HKHK5BBXY:1:2109:31893:14730 prevented from extending past 40056 on chrUn_GL456239
Warning! Read K00382:110:HKHKHBBXY:2:1113:28686:48350 prevented from extending past 40056 on chrUn_GL456239
  BAM records analyzed:    33932832
    Unmapped:                201565
    To skipped refs:        9108623
      (chrM)
    MAPQ < 30:              8568088
    Paired alignments:            0
    Unpaired alignments:   16054556
  PCR duplicates --
    Paired aln sets:              0
      duplicates:                 0 (0.0%)
    Discordant aln sets:          0
      duplicates:                 0 (0.0%)
    Singleton aln sets:    25163179
      duplicates:          10725699 (42.6%)
  Fragments analyzed:      14415051
    Full fragments:               0
    Half fragments:        14415051
      (from unpaired alns)
    ATAC-seq cut sites:    14415051
      (expanded to length 100bp)
- control file #1 not provided -
  Background pileup value: 0.570320
Processing experimental file #2: results/4-ATAC_genotype/corrected_bams/name/087_BXD66_CTRL_full.nm.bam
Warning! Read K00382:109:HJ5Y5BBXY:2:1122:30249:27567 prevented from extending past 28772 on chrUn_GL456389
Warning! Read K00382:109:HJ5Y5BBXY:1:2114:10805:42091 prevented from extending past 1976 on chr4_JH584295_random
Warning! Read K00382:109:HJ5Y5BBXY:1:1219:25022:37220 prevented from extending past 1976 on chr4_JH584295_random
Warning! Read K00382:109:HJ5Y5BBXY:1:2119:15412:31962 prevented from extending past 1976 on chr4_JH584295_random
Warning! Read K00382:109:HJ5Y5BBXY:2:1204:30249:25140 prevented from extending below 0 on chr4_JH584295_random
Warning! Read K00382:109:HJ5Y5BBXY:1:2211:27245:13359 prevented from extending past 40056 on chrUn_GL456239
Warning! Read K00382:109:HJ5Y5BBXY:3:2113:14651:21289 prevented from extending past 31602 on chrUn_GL456378
  BAM records analyzed:    38173695
    Unmapped:                252284
    To skipped refs:        7636868
      (chrM)
    MAPQ < 30:              8401593
    Paired alignments:            0
    Unpaired alignments:   21882950
  PCR duplicates --
    Paired aln sets:              0
      duplicates:                 0 (0.0%)
    Discordant aln sets:          0
      duplicates:                 0 (0.0%)
    Singleton aln sets:    29519818
      duplicates:           9275408 (31.4%)
  Fragments analyzed:      20222094
    Full fragments:               0
    Half fragments:        20222094
      (from unpaired alns)
    ATAC-seq cut sites:    20222094
      (expanded to length 100bp)
- control file #2 not provided -
  Background pileup value: 0.800235
Peak-calling parameters:
  Genome length: 2491878275bp
  Significance threshold: -log(q) > 1.301
  Min. AUC: 200.000
  Max. gap between sites: 100bp
Peaks identified: 41634 (23377892bp)
Logs saved in <logs/5-ATAC_peaks/peaks_BXD66_CTRL.log>
