Calling peaks for results/4-ATAC_genotype/corrected_bams/name/076_BXD43_SD_sub1.nm.bam results/4-ATAC_genotype/corrected_bams/name/149_BXD43_SD_sub1.nm.bam results/4-ATAC_genotype/corrected_bams/name/185_BXD43_SD_sub1.nm.bam
Processing experimental file #0: results/4-ATAC_genotype/corrected_bams/name/076_BXD43_SD_sub1.nm.bam
Warning! Read K00382:110:HKHKHBBXY:2:2117:16457:46891 prevented from extending past 31602 on chrUn_GL456378
Warning! Read K00382:110:HKHKHBBXY:3:2213:7598:26547 prevented from extending past 1976 on chr4_JH584295_random
  BAM records analyzed:    20000000
    Unmapped:                125689
    To skipped refs:        2782008
      (chrM)
    MAPQ < 30:              3672949
    Paired alignments:            0
    Unpaired alignments:   13419354
  PCR duplicates --
    Paired aln sets:              0
      duplicates:                 0 (0.0%)
    Discordant aln sets:          0
      duplicates:                 0 (0.0%)
    Singleton aln sets:    16201362
      duplicates:           3297369 (20.4%)
  Fragments analyzed:      12882088
    Full fragments:               0
    Half fragments:        12882088
      (from unpaired alns)
    ATAC-seq cut sites:    12882088
      (expanded to length 100bp)
- control file #0 not provided -
  Background pileup value: 0.509753
Processing experimental file #1: results/4-ATAC_genotype/corrected_bams/name/149_BXD43_SD_sub1.nm.bam
Warning! Read K00382:120:HKHGNBBXY:8:1214:13311:28815 prevented from extending past 40056 on chrUn_GL456239
Warning! Read K00382:109:HJ5Y5BBXY:8:2203:4665:11899 prevented from extending below 0 on chrUn_GL456396
Warning! Read K00382:109:HJ5Y5BBXY:7:1127:13910:6958 prevented from extending past 40056 on chrUn_GL456239
Warning! Read K00382:109:HJ5Y5BBXY:8:2222:21836:15522 prevented from extending past 40056 on chrUn_GL456239
Warning! Read K00382:115:HKHC5BBXY:4:2227:30645:29272 prevented from extending past 1976 on chr4_JH584295_random
Warning! Read K00382:115:HKHC5BBXY:5:1206:8684:28850 prevented from extending past 24323 on chrUn_GL456394
Warning! Read K00382:109:HJ5Y5BBXY:7:1223:8471:1683 prevented from extending below 0 on chrUn_GL456239
Warning! Read K00382:120:HKHGNBBXY:8:1223:15635:29852 prevented from extending past 24685 on chrUn_GL456387
Warning! Read K00382:115:HKHC5BBXY:5:2222:10916:7046 prevented from extending past 40056 on chrUn_GL456239
  BAM records analyzed:    20000000
    Unmapped:                 77867
    To skipped refs:        1226078
      (chrM)
    MAPQ < 30:              3070052
    Paired alignments:            0
    Unpaired alignments:   15626003
  PCR duplicates --
    Paired aln sets:              0
      duplicates:                 0 (0.0%)
    Discordant aln sets:          0
      duplicates:                 0 (0.0%)
    Singleton aln sets:    16852081
      duplicates:           1587866 (9.4%)
  Fragments analyzed:      15243436
    Full fragments:               0
    Half fragments:        15243436
      (from unpaired alns)
    ATAC-seq cut sites:    15243436
      (expanded to length 100bp)
- control file #1 not provided -
  Background pileup value: 0.603165
Processing experimental file #2: results/4-ATAC_genotype/corrected_bams/name/185_BXD43_SD_sub1.nm.bam
Warning! Read K00382:120:HKHGNBBXY:7:2120:30127:5939 prevented from extending past 40056 on chrUn_GL456239
Warning! Read K00382:118:HKHCJBBXY:1:2213:16904:14572 prevented from extending below 0 on chrUn_GL456393
Warning! Read K00382:115:HKHC5BBXY:2:2202:27245:28340 prevented from extending below 0 on chr4_JH584295_random
Warning! Read K00382:115:HKHC5BBXY:1:2219:10642:26617 prevented from extending past 1976 on chr4_JH584295_random
Warning! Read K00382:118:HKHCJBBXY:1:2109:25489:6273 prevented from extending past 40056 on chrUn_GL456239
Warning! Read K00382:118:HKHCJBBXY:1:1202:15848:17878 prevented from extending past 1976 on chr4_JH584295_random
  BAM records analyzed:    20000000
    Unmapped:                150042
    To skipped refs:        1787855
      (chrM)
    MAPQ < 30:              3266041
    Paired alignments:            0
    Unpaired alignments:   14796062
  PCR duplicates --
    Paired aln sets:              0
      duplicates:                 0 (0.0%)
    Discordant aln sets:          0
      duplicates:                 0 (0.0%)
    Singleton aln sets:    16583917
      duplicates:           2152462 (13.0%)
  Fragments analyzed:      14410082
    Full fragments:               0
    Half fragments:        14410082
      (from unpaired alns)
    ATAC-seq cut sites:    14410082
      (expanded to length 100bp)
- control file #2 not provided -
  Background pileup value: 0.570354
Peak-calling parameters:
  Genome length: 2491878275bp
  Significance threshold: -log(q) > 1.301
  Min. AUC: 200.000
  Max. gap between sites: 100bp
Peaks identified: 15211 (9399583bp)
Logs saved in <logs/5-ATAC_peaks/subset_BXD43_SD_1.log>
