Calling peaks for results/4-ATAC_genotype/corrected_bams/name/049_BXD65_SD_sub1.nm.bam results/4-ATAC_genotype/corrected_bams/name/161_BXD65_SD_sub1.nm.bam results/4-ATAC_genotype/corrected_bams/name/189_BXD65_SD_sub1.nm.bam
Processing experimental file #0: results/4-ATAC_genotype/corrected_bams/name/049_BXD65_SD_sub1.nm.bam
Warning! Read K00382:115:HKHC5BBXY:7:2226:10998:45379 prevented from extending below 0 on chr4_JH584295_random
Warning! Read K00382:107:HJ55YBBXY:5:1226:18477:2633 prevented from extending past 1976 on chr4_JH584295_random
Warning! Read K00382:107:HJ55YBBXY:5:1109:22364:30081 prevented from extending past 1976 on chr4_JH584295_random
Warning! Read K00382:118:HKHCJBBXY:3:2223:7162:17175 prevented from extending past 1976 on chr4_JH584295_random
  BAM records analyzed:    20000000
    Unmapped:                109286
    To skipped refs:        3656503
      (chrM)
    MAPQ < 30:              4143185
    Paired alignments:            0
    Unpaired alignments:   12091026
  PCR duplicates --
    Paired aln sets:              0
      duplicates:                 0 (0.0%)
    Discordant aln sets:          0
      duplicates:                 0 (0.0%)
    Singleton aln sets:    15747529
      duplicates:           4046586 (25.7%)
  Fragments analyzed:      11678888
    Full fragments:               0
    Half fragments:        11678888
      (from unpaired alns)
    ATAC-seq cut sites:    11678888
      (expanded to length 100bp)
- control file #0 not provided -
  Background pileup value: 0.462261
Processing experimental file #1: results/4-ATAC_genotype/corrected_bams/name/161_BXD65_SD_sub1.nm.bam
Warning! Read K00382:110:HKHKHBBXY:2:2213:23094:46188 prevented from extending past 40056 on chrUn_GL456239
Warning! Read K00382:110:HKHKHBBXY:3:1128:4350:11214 prevented from extending past 1976 on chr4_JH584295_random
Warning! Read K00382:110:HKHKHBBXY:2:1212:25276:8295 prevented from extending below 0 on chr4_JH584295_random
Warning! Read K00382:110:HKHKHBBXY:2:2226:19877:18353 prevented from extending past 1976 on chr4_JH584295_random
Warning! Read K00382:114:HKH5VBBXY:8:1103:13017:44201 prevented from extending past 1976 on chr4_JH584295_random
  BAM records analyzed:    20000000
    Unmapped:                 89276
    To skipped refs:        1560081
      (chrM)
    MAPQ < 30:              2892313
    Paired alignments:            0
    Unpaired alignments:   15458330
  PCR duplicates --
    Paired aln sets:              0
      duplicates:                 0 (0.0%)
    Discordant aln sets:          0
      duplicates:                 0 (0.0%)
    Singleton aln sets:    17018411
      duplicates:           2130460 (12.5%)
  Fragments analyzed:      14866384
    Full fragments:               0
    Half fragments:        14866384
      (from unpaired alns)
    ATAC-seq cut sites:    14866384
      (expanded to length 100bp)
- control file #1 not provided -
  Background pileup value: 0.588755
Processing experimental file #2: results/4-ATAC_genotype/corrected_bams/name/189_BXD65_SD_sub1.nm.bam
Warning! Read K00382:115:HKHC5BBXY:3:2124:11312:40649 prevented from extending below 0 on chrUn_GL456378
Warning! Read K00382:115:HKHC5BBXY:3:2226:2321:9104 prevented from extending past 1976 on chr4_JH584295_random
Warning! Read K00382:115:HKHC5BBXY:3:1106:9272:43867 prevented from extending past 40056 on chrUn_GL456239
Warning! Read K00382:109:HJ5Y5BBXY:6:1216:18314:15012 prevented from extending below 0 on chr4_JH584295_random
Warning! Read K00382:109:HJ5Y5BBXY:6:1223:24312:5816 prevented from extending past 1976 on chr4_JH584295_random
Warning! Read K00382:115:HKHC5BBXY:4:1108:5802:13271 prevented from extending below 0 on chr4_JH584295_random
Warning! Read K00382:115:HKHC5BBXY:3:2223:5233:3952 prevented from extending past 1976 on chr4_JH584295_random
Warning! Read K00382:109:HJ5Y5BBXY:8:1111:20811:24718 prevented from extending past 25871 on chrUn_GL456381
  BAM records analyzed:    20000000
    Unmapped:                143212
    To skipped refs:        1554234
      (chrM)
    MAPQ < 30:              3279568
    Paired alignments:            0
    Unpaired alignments:   15022986
  PCR duplicates --
    Paired aln sets:              0
      duplicates:                 0 (0.0%)
    Discordant aln sets:          0
      duplicates:                 0 (0.0%)
    Singleton aln sets:    16577220
      duplicates:           1916043 (11.6%)
  Fragments analyzed:      14639913
    Full fragments:               0
    Half fragments:        14639913
      (from unpaired alns)
    ATAC-seq cut sites:    14639913
      (expanded to length 100bp)
- control file #2 not provided -
  Background pileup value: 0.579308
Peak-calling parameters:
  Genome length: 2491878275bp
  Significance threshold: -log(q) > 1.301
  Min. AUC: 200.000
  Max. gap between sites: 100bp
Peaks identified: 19759 (11716980bp)
Logs saved in <logs/5-ATAC_peaks/subset_BXD65_SD_1.log>
