Calling peaks for results/4-ATAC_genotype/corrected_bams/name/047_BXD64_SD_sub2.nm.bam results/4-ATAC_genotype/corrected_bams/name/123_BXD64_SD_sub2.nm.bam results/4-ATAC_genotype/corrected_bams/name/159_BXD64_SD_sub2.nm.bam
Processing experimental file #0: results/4-ATAC_genotype/corrected_bams/name/047_BXD64_SD_sub2.nm.bam
Warning! Read K00382:107:HJ55YBBXY:8:1203:8258:38416 prevented from extending below 0 on chr4_JH584295_random
Warning! Read K00382:107:HJ55YBBXY:6:2211:13555:38943 prevented from extending below 0 on chr4_JH584295_random
  BAM records analyzed:    15000000
    Unmapped:                161277
    To skipped refs:        1999514
      (chrM)
    MAPQ < 30:              2877118
    Paired alignments:            0
    Unpaired alignments:    9962091
  PCR duplicates --
    Paired aln sets:              0
      duplicates:                 0 (0.0%)
    Discordant aln sets:          0
      duplicates:                 0 (0.0%)
    Singleton aln sets:    11961605
      duplicates:           2189908 (18.3%)
  Fragments analyzed:       9750577
    Full fragments:               0
    Half fragments:         9750577
      (from unpaired alns)
    ATAC-seq cut sites:     9750577
      (expanded to length 100bp)
- control file #0 not provided -
  Background pileup value: 0.385921
Processing experimental file #1: results/4-ATAC_genotype/corrected_bams/name/123_BXD64_SD_sub2.nm.bam
Warning! Read K00382:106:HJ57YBBXY:5:2209:1884:43831 prevented from extending past 1976 on chr4_JH584295_random
Warning! Read K00382:106:HJ57YBBXY:5:1225:5994:9666 prevented from extending below 0 on chr4_JH584295_random
Warning! Read K00382:111:HKHK5BBXY:4:1113:15777:43146 prevented from extending past 1976 on chr4_JH584295_random
Warning! Read K00382:125:HKHL3BBXY:6:2124:22526:43620 prevented from extending below 0 on chr4_JH584295_random
Warning! Read K00382:111:HKHK5BBXY:2:2207:28554:28463 prevented from extending below 0 on chr4_JH584295_random
Warning! Read K00382:125:HKHL3BBXY:6:2212:10713:38521 prevented from extending past 40056 on chrUn_GL456239
  BAM records analyzed:    15000000
    Unmapped:                 66571
    To skipped refs:        1348582
      (chrM)
    MAPQ < 30:              2473064
    Paired alignments:            0
    Unpaired alignments:   11111783
  PCR duplicates --
    Paired aln sets:              0
      duplicates:                 0 (0.0%)
    Discordant aln sets:          0
      duplicates:                 0 (0.0%)
    Singleton aln sets:    12460365
      duplicates:           1518830 (12.2%)
  Fragments analyzed:      10920487
    Full fragments:               0
    Half fragments:        10920487
      (from unpaired alns)
    ATAC-seq cut sites:    10920487
      (expanded to length 100bp)
- control file #1 not provided -
  Background pileup value: 0.432171
Processing experimental file #2: results/4-ATAC_genotype/corrected_bams/name/159_BXD64_SD_sub2.nm.bam
Warning! Read K00382:109:HJ5Y5BBXY:5:2123:9932:47295 prevented from extending past 55711 on chrUn_GL456393
Warning! Read K00382:115:HKHC5BBXY:5:1203:5457:15768 prevented from extending past 1976 on chr4_JH584295_random
Warning! Read K00382:115:HKHC5BBXY:3:1201:30787:40455 prevented from extending past 1976 on chr4_JH584295_random
Warning! Read K00382:109:HJ5Y5BBXY:6:2111:26778:42513 prevented from extending past 55711 on chrUn_GL456393
Warning! Read K00382:115:HKHC5BBXY:4:1202:17005:2404 prevented from extending past 55711 on chrUn_GL456393
  BAM records analyzed:    15000000
    Unmapped:                 68599
    To skipped refs:        2432324
      (chrM)
    MAPQ < 30:              3174197
    Paired alignments:            0
    Unpaired alignments:    9324880
  PCR duplicates --
    Paired aln sets:              0
      duplicates:                 0 (0.0%)
    Discordant aln sets:          0
      duplicates:                 0 (0.0%)
    Singleton aln sets:    11757204
      duplicates:           2614704 (22.2%)
  Fragments analyzed:       9120758
    Full fragments:               0
    Half fragments:         9120758
      (from unpaired alns)
    ATAC-seq cut sites:     9120758
      (expanded to length 100bp)
- control file #2 not provided -
  Background pileup value: 0.360760
Peak-calling parameters:
  Genome length: 2491878275bp
  Significance threshold: -log(q) > 1.301
  Min. AUC: 200.000
  Max. gap between sites: 100bp
Peaks identified: 13694 (9000836bp)
Logs saved in <logs/5-ATAC_peaks/subset_BXD64_SD_2.log>
