Calling peaks for results/4-ATAC_genotype/corrected_bams/name/015_BXD70_SD_sub1.nm.bam results/4-ATAC_genotype/corrected_bams/name/092_BXD70_SD_sub1.nm.bam results/4-ATAC_genotype/corrected_bams/name/165_BXD70_SD_sub1.nm.bam
Processing experimental file #0: results/4-ATAC_genotype/corrected_bams/name/015_BXD70_SD_sub1.nm.bam
Warning! Read K00382:115:HKHC5BBXY:3:2211:11647:24314 prevented from extending past 1976 on chr4_JH584295_random
Warning! Read K00382:109:HJ5Y5BBXY:8:2210:5091:28463 prevented from extending below 0 on chr4_JH584295_random
Warning! Read K00382:109:HJ5Y5BBXY:6:1126:15656:20498 prevented from extending past 1976 on chr4_JH584295_random
Warning! Read K00382:109:HJ5Y5BBXY:5:2119:23977:45818 prevented from extending past 1976 on chr4_JH584295_random
Warning! Read K00382:115:HKHC5BBXY:5:1210:19837:27109 prevented from extending past 25871 on chrUn_GL456381
Warning! Read K00382:109:HJ5Y5BBXY:5:2204:32583:14941 prevented from extending past 336933 on chrX_GL456233_random
Warning! Read K00382:109:HJ5Y5BBXY:5:1118:27570:3582 prevented from extending past 1976 on chr4_JH584295_random
Warning! Read K00382:115:HKHC5BBXY:3:1123:12631:9491 prevented from extending past 28772 on chrUn_GL456389
Warning! Read K00382:109:HJ5Y5BBXY:6:1106:9414:20445 prevented from extending past 40056 on chrUn_GL456239
Warning! Read K00382:109:HJ5Y5BBXY:8:1112:12063:47366 prevented from extending past 40056 on chrUn_GL456239
Warning! Read K00382:115:HKHC5BBXY:3:1213:8237:7820 prevented from extending past 1976 on chr4_JH584295_random
  BAM records analyzed:    20000000
    Unmapped:                166993
    To skipped refs:        1278949
      (chrM)
    MAPQ < 30:              2970587
    Paired alignments:            0
    Unpaired alignments:   15583471
  PCR duplicates --
    Paired aln sets:              0
      duplicates:                 0 (0.0%)
    Discordant aln sets:          0
      duplicates:                 0 (0.0%)
    Singleton aln sets:    16862420
      duplicates:           1707687 (10.1%)
  Fragments analyzed:      15133891
    Full fragments:               0
    Half fragments:        15133891
      (from unpaired alns)
    ATAC-seq cut sites:    15133891
      (expanded to length 100bp)
- control file #0 not provided -
  Background pileup value: 0.599249
Processing experimental file #1: results/4-ATAC_genotype/corrected_bams/name/092_BXD70_SD_sub1.nm.bam
Warning! Read K00382:111:HKHK5BBXY:1:1219:21460:29923 prevented from extending past 55711 on chrUn_GL456393
Warning! Read K00382:110:HKHKHBBXY:2:2113:32228:15627 prevented from extending past 1976 on chr4_JH584295_random
  BAM records analyzed:    20000000
    Unmapped:                 99971
    To skipped refs:        3402854
      (chrM)
    MAPQ < 30:              4161025
    Paired alignments:            0
    Unpaired alignments:   12336150
  PCR duplicates --
    Paired aln sets:              0
      duplicates:                 0 (0.0%)
    Discordant aln sets:          0
      duplicates:                 0 (0.0%)
    Singleton aln sets:    15739004
      duplicates:           3944421 (25.1%)
  Fragments analyzed:      11772522
    Full fragments:               0
    Half fragments:        11772522
      (from unpaired alns)
    ATAC-seq cut sites:    11772522
      (expanded to length 100bp)
- control file #1 not provided -
  Background pileup value: 0.465647
Processing experimental file #2: results/4-ATAC_genotype/corrected_bams/name/165_BXD70_SD_sub1.nm.bam
Warning! Read K00382:111:HKHK5BBXY:3:2211:28747:13394 prevented from extending past 1976 on chr4_JH584295_random
Warning! Read K00382:111:HKHK5BBXY:4:2201:6745:21483 prevented from extending below 0 on chr4_JH584295_random
Warning! Read K00382:111:HKHK5BBXY:4:2118:9638:41651 prevented from extending past 47073 on chrUn_GL456366
Warning! Read K00382:106:HJ57YBBXY:5:1212:4655:10053 prevented from extending past 40056 on chrUn_GL456239
Warning! Read K00382:106:HJ57YBBXY:7:1213:10998:14185 prevented from extending below 0 on chrUn_GL456239
Warning! Read K00382:106:HJ57YBBXY:7:2114:21714:25966 prevented from extending past 24685 on chrUn_GL456387
  BAM records analyzed:    20000000
    Unmapped:                167271
    To skipped refs:        1759104
      (chrM)
    MAPQ < 30:              3255387
    Paired alignments:            0
    Unpaired alignments:   14818238
  PCR duplicates --
    Paired aln sets:              0
      duplicates:                 0 (0.0%)
    Discordant aln sets:          0
      duplicates:                 0 (0.0%)
    Singleton aln sets:    16577342
      duplicates:           2152091 (13.0%)
  Fragments analyzed:      14403911
    Full fragments:               0
    Half fragments:        14403911
      (from unpaired alns)
    ATAC-seq cut sites:    14403911
      (expanded to length 100bp)
- control file #2 not provided -
  Background pileup value: 0.569983
Peak-calling parameters:
  Genome length: 2491878275bp
  Significance threshold: -log(q) > 1.301
  Min. AUC: 200.000
  Max. gap between sites: 100bp
Peaks identified: 19501 (11615995bp)
Logs saved in <logs/5-ATAC_peaks/subset_BXD70_SD_1.log>
