Calling peaks for results/4-ATAC_genotype/corrected_bams/name/037_BXD48_SD_sub2.nm.bam results/4-ATAC_genotype/corrected_bams/name/115_BXD48_SD_sub2.nm.bam results/4-ATAC_genotype/corrected_bams/name/153_BXD48_SD_sub2.nm.bam
Processing experimental file #0: results/4-ATAC_genotype/corrected_bams/name/037_BXD48_SD_sub2.nm.bam
Warning! Read K00382:110:HKHKHBBXY:1:2222:2788:26758 prevented from extending past 24685 on chrUn_GL456387
Warning! Read K00382:110:HKHKHBBXY:1:1224:14499:25984 prevented from extending below 0 on chr4_JH584295_random
Warning! Read K00382:110:HKHKHBBXY:4:2117:2869:46522 prevented from extending past 1976 on chr4_JH584295_random
Warning! Read K00382:110:HKHKHBBXY:2:1211:16244:15539 prevented from extending past 47073 on chrUn_GL456366
Warning! Read K00382:111:HKHK5BBXY:1:1214:12368:5974 prevented from extending past 40056 on chrUn_GL456239
Warning! Read K00382:110:HKHKHBBXY:1:2202:7080:33879 prevented from extending below 0 on chrUn_GL456239
Warning! Read K00382:110:HKHKHBBXY:3:1115:24962:36130 prevented from extending below 0 on chrUn_GL456239
  BAM records analyzed:    15000000
    Unmapped:                216265
    To skipped refs:        3367004
      (chrM)
    MAPQ < 30:              3683336
    Paired alignments:            0
    Unpaired alignments:    7733395
  PCR duplicates --
    Paired aln sets:              0
      duplicates:                 0 (0.0%)
    Discordant aln sets:          0
      duplicates:                 0 (0.0%)
    Singleton aln sets:    11100399
      duplicates:           3789071 (34.1%)
  Fragments analyzed:       7289628
    Full fragments:               0
    Half fragments:         7289628
      (from unpaired alns)
    ATAC-seq cut sites:     7289628
      (expanded to length 100bp)
- control file #0 not provided -
  Background pileup value: 0.288377
Processing experimental file #1: results/4-ATAC_genotype/corrected_bams/name/115_BXD48_SD_sub2.nm.bam
Warning! Read K00382:109:HJ5Y5BBXY:1:1102:6888:6325 prevented from extending past 1976 on chr4_JH584295_random
Warning! Read K00382:109:HJ5Y5BBXY:2:2211:14042:26916 prevented from extending past 40056 on chrUn_GL456239
Warning! Read K00382:109:HJ5Y5BBXY:4:1227:8349:13359 prevented from extending below 0 on chr4_JH584295_random
Warning! Read K00382:109:HJ5Y5BBXY:4:2114:25570:22977 prevented from extending past 25871 on chrUn_GL456381
  BAM records analyzed:    15000000
    Unmapped:                167744
    To skipped refs:        2926401
      (chrM)
    MAPQ < 30:              3357488
    Paired alignments:            0
    Unpaired alignments:    8548367
  PCR duplicates --
    Paired aln sets:              0
      duplicates:                 0 (0.0%)
    Discordant aln sets:          0
      duplicates:                 0 (0.0%)
    Singleton aln sets:    11474768
      duplicates:           3196850 (27.9%)
  Fragments analyzed:       8256076
    Full fragments:               0
    Half fragments:         8256076
      (from unpaired alns)
    ATAC-seq cut sites:     8256076
      (expanded to length 100bp)
- control file #1 not provided -
  Background pileup value: 0.326588
Processing experimental file #2: results/4-ATAC_genotype/corrected_bams/name/153_BXD48_SD_sub2.nm.bam
Warning! Read K00382:109:HJ5Y5BBXY:6:2121:27265:32701 prevented from extending past 40056 on chrUn_GL456239
Warning! Read K00382:109:HJ5Y5BBXY:5:1205:10571:1912 prevented from extending past 1976 on chr4_JH584295_random
Warning! Read K00382:115:HKHC5BBXY:4:2206:25834:27795 prevented from extending past 1976 on chr4_JH584295_random
Warning! Read K00382:109:HJ5Y5BBXY:8:1108:7689:9754 prevented from extending below 0 on chrUn_GL456239
Warning! Read K00382:115:HKHC5BBXY:3:2104:19289:31646 prevented from extending past 40056 on chrUn_GL456239
  BAM records analyzed:    15000000
    Unmapped:                 50657
    To skipped refs:        1034947
      (chrM)
    MAPQ < 30:              2134416
    Paired alignments:            0
    Unpaired alignments:   11779980
  PCR duplicates --
    Paired aln sets:              0
      duplicates:                 0 (0.0%)
    Discordant aln sets:          0
      duplicates:                 0 (0.0%)
    Singleton aln sets:    12814927
      duplicates:           1256922 (9.8%)
  Fragments analyzed:      11537123
    Full fragments:               0
    Half fragments:        11537123
      (from unpaired alns)
    ATAC-seq cut sites:    11537123
      (expanded to length 100bp)
- control file #2 not provided -
  Background pileup value: 0.456861
Peak-calling parameters:
  Genome length: 2491878275bp
  Significance threshold: -log(q) > 1.301
  Min. AUC: 200.000
  Max. gap between sites: 100bp
Peaks identified: 24268 (13947949bp)
Logs saved in <logs/5-ATAC_peaks/subset_BXD48_SD_2.log>
