Calling peaks for results/4-ATAC_genotype/corrected_bams/name/030_BXD100_CTRL_sub2.nm.bam results/4-ATAC_genotype/corrected_bams/name/107_BXD100_CTRL_sub2.nm.bam results/4-ATAC_genotype/corrected_bams/name/196_BXD100_CTRL_sub2.nm.bam
Processing experimental file #0: results/4-ATAC_genotype/corrected_bams/name/030_BXD100_CTRL_sub2.nm.bam
Warning! Read K00382:109:HJ5Y5BBXY:7:2125:12753:43568 prevented from extending past 1976 on chr4_JH584295_random
Warning! Read K00382:115:HKHC5BBXY:3:2116:23774:7451 prevented from extending past 1976 on chr4_JH584295_random
  BAM records analyzed:    15000000
    Unmapped:                200179
    To skipped refs:        3836965
      (chrM)
    MAPQ < 30:              3724513
    Paired alignments:            0
    Unpaired alignments:    7238343
  PCR duplicates --
    Paired aln sets:              0
      duplicates:                 0 (0.0%)
    Discordant aln sets:          0
      duplicates:                 0 (0.0%)
    Singleton aln sets:    11075308
      duplicates:           4037276 (36.5%)
  Fragments analyzed:       7016107
    Full fragments:               0
    Half fragments:         7016107
      (from unpaired alns)
    ATAC-seq cut sites:     7016107
      (expanded to length 100bp)
- control file #0 not provided -
  Background pileup value: 0.277606
Processing experimental file #1: results/4-ATAC_genotype/corrected_bams/name/107_BXD100_CTRL_sub2.nm.bam
Warning! Read K00382:106:HJ57YBBXY:5:2223:21349:13693 prevented from extending past 40056 on chrUn_GL456239
Warning! Read K00382:106:HJ57YBBXY:8:2112:30990:20832 prevented from extending past 40056 on chrUn_GL456239
Warning! Read K00382:125:HKHL3BBXY:6:1215:29528:4585 prevented from extending past 1976 on chr4_JH584295_random
Warning! Read K00382:106:HJ57YBBXY:6:1106:2818:18757 prevented from extending below 0 on chr4_JH584295_random
Warning! Read K00382:106:HJ57YBBXY:5:1224:30502:27408 prevented from extending past 1976 on chr4_JH584295_random
Warning! Read K00382:111:HKHK5BBXY:5:1113:7669:18370 prevented from extending past 40056 on chrUn_GL456239
Warning! Read K00382:106:HJ57YBBXY:7:2125:2737:31242 prevented from extending below 0 on chr4_JH584295_random
  BAM records analyzed:    15000000
    Unmapped:                120385
    To skipped refs:        1686398
      (chrM)
    MAPQ < 30:              2547317
    Paired alignments:            0
    Unpaired alignments:   10645900
  PCR duplicates --
    Paired aln sets:              0
      duplicates:                 0 (0.0%)
    Discordant aln sets:          0
      duplicates:                 0 (0.0%)
    Singleton aln sets:    12332298
      duplicates:           1978376 (16.0%)
  Fragments analyzed:      10332912
    Full fragments:               0
    Half fragments:        10332912
      (from unpaired alns)
    ATAC-seq cut sites:    10332912
      (expanded to length 100bp)
- control file #1 not provided -
  Background pileup value: 0.408785
Processing experimental file #2: results/4-ATAC_genotype/corrected_bams/name/196_BXD100_CTRL_sub2.nm.bam
Warning! Read K00382:109:HJ5Y5BBXY:2:2125:29954:47313 prevented from extending below 0 on chrUn_GL456366
Warning! Read K00382:109:HJ5Y5BBXY:1:2120:29437:30696 prevented from extending below 0 on chrUn_GL456387
Warning! Read K00382:109:HJ5Y5BBXY:3:1119:15595:37695 prevented from extending past 1976 on chr4_JH584295_random
Warning! Read K00382:115:HKHC5BBXY:1:2118:13504:38609 prevented from extending below 0 on chr4_JH584295_random
  BAM records analyzed:    15000000
    Unmapped:                 51426
    To skipped refs:         880925
      (chrM)
    MAPQ < 30:              2267922
    Paired alignments:            0
    Unpaired alignments:   11799727
  PCR duplicates --
    Paired aln sets:              0
      duplicates:                 0 (0.0%)
    Discordant aln sets:          0
      duplicates:                 0 (0.0%)
    Singleton aln sets:    12680652
      duplicates:           1163747 (9.2%)
  Fragments analyzed:      11496318
    Full fragments:               0
    Half fragments:        11496318
      (from unpaired alns)
    ATAC-seq cut sites:    11496318
      (expanded to length 100bp)
- control file #2 not provided -
  Background pileup value: 0.454958
Peak-calling parameters:
  Genome length: 2491878275bp
  Significance threshold: -log(q) > 1.301
  Min. AUC: 200.000
  Max. gap between sites: 100bp
Peaks identified: 28408 (16630577bp)
Logs saved in <logs/5-ATAC_peaks/subset_BXD100_CTRL_2.log>
