Calling peaks for results/4-ATAC_genotype/corrected_bams/name/034_C57Bl6_CTRL_sub1.nm.bam results/4-ATAC_genotype/corrected_bams/name/070_C57Bl6_CTRL_sub1.nm.bam results/4-ATAC_genotype/corrected_bams/name/109_C57Bl6_CTRL_sub1.nm.bam results/4-ATAC_genotype/corrected_bams/name/146_C57Bl6_CTRL_sub1.nm.bam results/4-ATAC_genotype/corrected_bams/name/180_C57Bl6_CTRL_sub1.nm.bam results/4-ATAC_genotype/corrected_bams/name/200_C57Bl6_CTRL_sub1.nm.bam results/4-ATAC_genotype/corrected_bams/name/216_C57Bl6_CTRL_sub1.nm.bam results/4-ATAC_genotype/corrected_bams/name/226_C57Bl6_CTRL_sub1.nm.bam
Processing experimental file #0: results/4-ATAC_genotype/corrected_bams/name/034_C57Bl6_CTRL_sub1.nm.bam
Warning! Read K00382:109:HJ5Y5BBXY:2:2107:20811:25527 prevented from extending past 40056 on chrUn_GL456239
Warning! Read K00382:109:HJ5Y5BBXY:2:2120:12824:34829 prevented from extending past 1976 on chr4_JH584295_random
Warning! Read K00382:109:HJ5Y5BBXY:4:2122:29985:36921 prevented from extending below 0 on chrUn_GL456370
Warning! Read K00382:109:HJ5Y5BBXY:2:2224:4330:3055 prevented from extending below 0 on chr4_JH584295_random
Warning! Read K00382:118:HKHCJBBXY:1:1216:7933:45520 prevented from extending past 72385 on chrUn_GL456379
Warning! Read K00382:109:HJ5Y5BBXY:3:2103:22008:13500 prevented from extending below 0 on chrUn_GL456239
  BAM records analyzed:    20000000
    Unmapped:                422841
    To skipped refs:        2355686
      (chrM)
    MAPQ < 30:              3543206
    Paired alignments:            0
    Unpaired alignments:   13678267
  PCR duplicates --
    Paired aln sets:              0
      duplicates:                 0 (0.0%)
    Discordant aln sets:          0
      duplicates:                 0 (0.0%)
    Singleton aln sets:    16033953
      duplicates:           2941993 (18.3%)
  Fragments analyzed:      13070822
    Full fragments:               0
    Half fragments:        13070822
      (from unpaired alns)
    ATAC-seq cut sites:    13070822
      (expanded to length 100bp)
- control file #0 not provided -
  Background pileup value: 0.517229
Processing experimental file #1: results/4-ATAC_genotype/corrected_bams/name/070_C57Bl6_CTRL_sub1.nm.bam
Warning! Read K00382:109:HJ5Y5BBXY:6:2223:16386:36780 prevented from extending past 40056 on chrUn_GL456239
Warning! Read K00382:115:HKHC5BBXY:5:2118:21765:8682 prevented from extending below 0 on chrUn_GL456366
Warning! Read K00382:109:HJ5Y5BBXY:5:1225:1874:19373 prevented from extending below 0 on chrUn_GL456239
Warning! Read K00382:109:HJ5Y5BBXY:8:1126:23693:4778 prevented from extending past 1976 on chr4_JH584295_random
Warning! Read K00382:115:HKHC5BBXY:3:2115:23115:26599 prevented from extending past 1976 on chr4_JH584295_random
  BAM records analyzed:    20000000
    Unmapped:                218107
    To skipped refs:        6855694
      (chrM)
    MAPQ < 30:              5940999
    Paired alignments:            0
    Unpaired alignments:    6985200
  PCR duplicates --
    Paired aln sets:              0
      duplicates:                 0 (0.0%)
    Discordant aln sets:          0
      duplicates:                 0 (0.0%)
    Singleton aln sets:    13840894
      duplicates:           7147973 (51.6%)
  Fragments analyzed:       6670639
    Full fragments:               0
    Half fragments:         6670639
      (from unpaired alns)
    ATAC-seq cut sites:     6670639
      (expanded to length 100bp)
- control file #1 not provided -
  Background pileup value: 0.263659
Processing experimental file #2: results/4-ATAC_genotype/corrected_bams/name/109_C57Bl6_CTRL_sub1.nm.bam
Warning! Read K00382:109:HJ5Y5BBXY:3:1118:28148:40139 prevented from extending past 1976 on chr4_JH584295_random
Warning! Read K00382:109:HJ5Y5BBXY:4:2212:22019:35180 prevented from extending past 40056 on chrUn_GL456239
Warning! Read K00382:120:HKHGNBBXY:7:1123:2148:28393 prevented from extending below 0 on chrUn_GL456393
  BAM records analyzed:    20000000
    Unmapped:                 71769
    To skipped refs:        2356813
      (chrM)
    MAPQ < 30:              3499171
    Paired alignments:            0
    Unpaired alignments:   14072247
  PCR duplicates --
    Paired aln sets:              0
      duplicates:                 0 (0.0%)
    Discordant aln sets:          0
      duplicates:                 0 (0.0%)
    Singleton aln sets:    16429060
      duplicates:           2797837 (17.0%)
  Fragments analyzed:      13609513
    Full fragments:               0
    Half fragments:        13609513
      (from unpaired alns)
    ATAC-seq cut sites:    13609513
      (expanded to length 100bp)
- control file #2 not provided -
  Background pileup value: 0.538359
Processing experimental file #3: results/4-ATAC_genotype/corrected_bams/name/146_C57Bl6_CTRL_sub1.nm.bam
Warning! Read K00382:106:HJ57YBBXY:8:2106:12946:25650 prevented from extending past 1976 on chr4_JH584295_random
Warning! Read K00382:111:HKHK5BBXY:2:2207:4279:18546 prevented from extending past 1976 on chr4_JH584295_random
Warning! Read K00382:106:HJ57YBBXY:6:1218:3813:42530 prevented from extending below 0 on chr4_JH584295_random
Warning! Read K00382:106:HJ57YBBXY:5:2209:9526:5341 prevented from extending past 40056 on chrUn_GL456239
Warning! Read K00382:106:HJ57YBBXY:7:1201:24759:25052 prevented from extending past 1976 on chr4_JH584295_random
  BAM records analyzed:    20000000
    Unmapped:                 72698
    To skipped refs:        1706895
      (chrM)
    MAPQ < 30:              2819748
    Paired alignments:            0
    Unpaired alignments:   15400659
  PCR duplicates --
    Paired aln sets:              0
      duplicates:                 0 (0.0%)
    Discordant aln sets:          0
      duplicates:                 0 (0.0%)
    Singleton aln sets:    17107554
      duplicates:           2080817 (12.2%)
  Fragments analyzed:      15005391
    Full fragments:               0
    Half fragments:        15005391
      (from unpaired alns)
    ATAC-seq cut sites:    15005391
      (expanded to length 100bp)
- control file #3 not provided -
  Background pileup value: 0.594106
Processing experimental file #4: results/4-ATAC_genotype/corrected_bams/name/180_C57Bl6_CTRL_sub1.nm.bam
Warning! Read K00382:107:HJ55YBBXY:7:2203:10307:40702 prevented from extending past 1976 on chr4_JH584295_random
Warning! Read K00382:118:HKHCJBBXY:2:1104:25083:12708 prevented from extending past 1976 on chr4_JH584295_random
Warning! Read K00382:115:HKHC5BBXY:6:1103:8816:38293 prevented from extending below 0 on chr4_JH584295_random
Warning! Read K00382:107:HJ55YBBXY:5:2221:16731:10932 prevented from extending past 55711 on chrUn_GL456393
Warning! Read K00382:115:HKHC5BBXY:7:2110:1722:21782 prevented from extending below 0 on chr4_JH584295_random
Warning! Read K00382:118:HKHCJBBXY:2:1216:1874:9737 prevented from extending below 0 on chr4_JH584295_random
Warning! Read K00382:115:HKHC5BBXY:7:1208:31538:44605 prevented from extending past 1976 on chr4_JH584295_random
Warning! Read K00382:115:HKHC5BBXY:7:1107:23916:10862 prevented from extending past 55711 on chrUn_GL456393
  BAM records analyzed:    20000000
    Unmapped:                131025
    To skipped refs:        1960496
      (chrM)
    MAPQ < 30:              3092760
    Paired alignments:            0
    Unpaired alignments:   14815719
  PCR duplicates --
    Paired aln sets:              0
      duplicates:                 0 (0.0%)
    Discordant aln sets:          0
      duplicates:                 0 (0.0%)
    Singleton aln sets:    16776215
      duplicates:           2289707 (13.6%)
  Fragments analyzed:      14465002
    Full fragments:               0
    Half fragments:        14465002
      (from unpaired alns)
    ATAC-seq cut sites:    14465002
      (expanded to length 100bp)
- control file #4 not provided -
  Background pileup value: 0.572595
Processing experimental file #5: results/4-ATAC_genotype/corrected_bams/name/200_C57Bl6_CTRL_sub1.nm.bam
Warning! Read K00382:111:HKHK5BBXY:4:2208:3112:24401 prevented from extending below 0 on chrUn_GL456366
Warning! Read K00382:111:HKHK5BBXY:5:2122:31903:3072 prevented from extending below 0 on chr4_JH584295_random
Warning! Read K00382:111:HKHK5BBXY:4:1107:13250:41862 prevented from extending past 1976 on chr4_JH584295_random
Warning! Read K00382:106:HJ57YBBXY:6:2104:9871:19513 prevented from extending past 1976 on chr4_JH584295_random
Warning! Read K00382:106:HJ57YBBXY:5:2219:22526:40315 prevented from extending past 40056 on chrUn_GL456239
Warning! Read K00382:111:HKHK5BBXY:3:1226:21531:30679 prevented from extending past 1976 on chr4_JH584295_random
Warning! Read K00382:111:HKHK5BBXY:5:2103:2432:10247 prevented from extending past 1976 on chr4_JH584295_random
  BAM records analyzed:    20000000
    Unmapped:                 79703
    To skipped refs:        2810048
      (chrM)
    MAPQ < 30:              3731350
    Paired alignments:            0
    Unpaired alignments:   13378899
  PCR duplicates --
    Paired aln sets:              0
      duplicates:                 0 (0.0%)
    Discordant aln sets:          0
      duplicates:                 0 (0.0%)
    Singleton aln sets:    16188947
      duplicates:           3107458 (19.2%)
  Fragments analyzed:      13059741
    Full fragments:               0
    Half fragments:        13059741
      (from unpaired alns)
    ATAC-seq cut sites:    13059741
      (expanded to length 100bp)
- control file #5 not provided -
  Background pileup value: 0.516629
Processing experimental file #6: results/4-ATAC_genotype/corrected_bams/name/216_C57Bl6_CTRL_sub1.nm.bam
Warning! Read K00382:115:HKHC5BBXY:7:2212:29183:8453 prevented from extending past 24323 on chrUn_GL456394
Warning! Read K00382:118:HKHCJBBXY:2:2212:23165:4813 prevented from extending below 0 on chrUn_GL456389
Warning! Read K00382:107:HJ55YBBXY:5:1111:15453:33967 prevented from extending past 38659 on chrUn_GL456383
Warning! Read K00382:118:HKHCJBBXY:2:2228:30239:10985 prevented from extending past 1976 on chr4_JH584295_random
Warning! Read K00382:118:HKHCJBBXY:2:1110:27438:48227 prevented from extending past 1976 on chr4_JH584295_random
Warning! Read K00382:115:HKHC5BBXY:6:2202:19461:4374 prevented from extending below 0 on chrUn_GL456239
Warning! Read K00382:115:HKHC5BBXY:7:1212:6400:32982 prevented from extending past 1976 on chr4_JH584295_random
  BAM records analyzed:    20000000
    Unmapped:                 61823
    To skipped refs:        1387122
      (chrM)
    MAPQ < 30:              2989901
    Paired alignments:            0
    Unpaired alignments:   15561154
  PCR duplicates --
    Paired aln sets:              0
      duplicates:                 0 (0.0%)
    Discordant aln sets:          0
      duplicates:                 0 (0.0%)
    Singleton aln sets:    16948276
      duplicates:           1732357 (10.2%)
  Fragments analyzed:      15195524
    Full fragments:               0
    Half fragments:        15195524
      (from unpaired alns)
    ATAC-seq cut sites:    15195524
      (expanded to length 100bp)
- control file #6 not provided -
  Background pileup value: 0.601302
Processing experimental file #7: results/4-ATAC_genotype/corrected_bams/name/226_C57Bl6_CTRL_sub1.nm.bam
Warning! Read K00382:110:HKHKHBBXY:3:2104:21156:2281 prevented from extending past 1976 on chr4_JH584295_random
Warning! Read K00382:110:HKHKHBBXY:4:2224:29873:32930 prevented from extending past 55711 on chrUn_GL456393
Warning! Read K00382:110:HKHKHBBXY:4:1224:31172:41299 prevented from extending below 0 on chr4_JH584295_random
Warning! Read K00382:114:HKH5VBBXY:8:1120:31071:39506 prevented from extending below 0 on chrUn_GL456239
  BAM records analyzed:    20000000
    Unmapped:                 35207
    To skipped refs:         597928
      (chrM)
    MAPQ < 30:              2278047
    Paired alignments:            0
    Unpaired alignments:   17088818
  PCR duplicates --
    Paired aln sets:              0
      duplicates:                 0 (0.0%)
    Discordant aln sets:          0
      duplicates:                 0 (0.0%)
    Singleton aln sets:    17686746
      duplicates:           1130591 (6.4%)
  Fragments analyzed:      16536918
    Full fragments:               0
    Half fragments:        16536918
      (from unpaired alns)
    ATAC-seq cut sites:    16536918
      (expanded to length 100bp)
- control file #7 not provided -
  Background pileup value: 0.654871
Peak-calling parameters:
  Genome length: 2491878275bp
  Significance threshold: -log(q) > 1.301
  Min. AUC: 200.000
  Max. gap between sites: 100bp
Peaks identified: 161007 (96388971bp)
Logs saved in <logs/5-ATAC_peaks/subset_C57Bl6_CTRL_1.log>
