Calling peaks for results/4-ATAC_genotype/corrected_bams/name/054_BXD71_CTRL_sub2.nm.bam results/4-ATAC_genotype/corrected_bams/name/220_BXD71_CTRL_sub2.nm.bam results/4-ATAC_genotype/corrected_bams/name/224_BXD71_CTRL_sub2.nm.bam
Processing experimental file #0: results/4-ATAC_genotype/corrected_bams/name/054_BXD71_CTRL_sub2.nm.bam
Warning! Read K00382:106:HJ57YBBXY:5:2118:14377:30943 prevented from extending below 0 on chr4_JH584295_random
Warning! Read K00382:106:HJ57YBBXY:5:1116:6461:12304 prevented from extending past 1976 on chr4_JH584295_random
Warning! Read K00382:111:HKHK5BBXY:4:2125:22810:13377 prevented from extending past 1976 on chr4_JH584295_random
Warning! Read K00382:111:HKHK5BBXY:5:1207:19928:8066 prevented from extending past 1976 on chr4_JH584295_random
  BAM records analyzed:    15000000
    Unmapped:                 88594
    To skipped refs:        2100130
      (chrM)
    MAPQ < 30:              2762217
    Paired alignments:            0
    Unpaired alignments:   10049059
  PCR duplicates --
    Paired aln sets:              0
      duplicates:                 0 (0.0%)
    Discordant aln sets:          0
      duplicates:                 0 (0.0%)
    Singleton aln sets:    12149189
      duplicates:           2323338 (19.1%)
  Fragments analyzed:       9804376
    Full fragments:               0
    Half fragments:         9804376
      (from unpaired alns)
    ATAC-seq cut sites:     9804376
      (expanded to length 100bp)
- control file #0 not provided -
  Background pileup value: 0.387975
Processing experimental file #1: results/4-ATAC_genotype/corrected_bams/name/220_BXD71_CTRL_sub2.nm.bam
Warning! Read K00382:109:HJ5Y5BBXY:7:2221:15219:42003 prevented from extending below 0 on chrUn_GL456366
Warning! Read K00382:109:HJ5Y5BBXY:8:2206:10460:4462 prevented from extending past 40056 on chrUn_GL456239
  BAM records analyzed:    15000000
    Unmapped:                 78427
    To skipped refs:        1575561
      (chrM)
    MAPQ < 30:              2644141
    Paired alignments:            0
    Unpaired alignments:   10701871
  PCR duplicates --
    Paired aln sets:              0
      duplicates:                 0 (0.0%)
    Discordant aln sets:          0
      duplicates:                 0 (0.0%)
    Singleton aln sets:    12277432
      duplicates:           1830240 (14.9%)
  Fragments analyzed:      10426622
    Full fragments:               0
    Half fragments:        10426622
      (from unpaired alns)
    ATAC-seq cut sites:    10426622
      (expanded to length 100bp)
- control file #1 not provided -
  Background pileup value: 0.412860
Processing experimental file #2: results/4-ATAC_genotype/corrected_bams/name/224_BXD71_CTRL_sub2.nm.bam
Warning! Read K00382:115:HKHC5BBXY:2:1110:11180:28076 prevented from extending past 1976 on chr4_JH584295_random
Warning! Read K00382:109:HJ5Y5BBXY:2:2213:6096:14414 prevented from extending below 0 on chr4_JH584295_random
Warning! Read K00382:118:HKHCJBBXY:1:1227:23805:10000 prevented from extending below 0 on chr4_JH584295_random
Warning! Read K00382:115:HKHC5BBXY:1:2212:6999:43831 prevented from extending past 40056 on chrUn_GL456239
Warning! Read K00382:118:HKHCJBBXY:1:1115:8887:37888 prevented from extending past 1976 on chr4_JH584295_random
Warning! Read K00382:118:HKHCJBBXY:1:2123:5842:38310 prevented from extending below 0 on chr4_JH584295_random
Warning! Read K00382:115:HKHC5BBXY:1:1224:22617:37906 prevented from extending past 1976 on chr4_JH584295_random
Warning! Read K00382:109:HJ5Y5BBXY:2:1110:24302:43111 prevented from extending past 1976 on chr4_JH584295_random
  BAM records analyzed:    15000000
    Unmapped:                 69411
    To skipped refs:        1697357
      (chrM)
    MAPQ < 30:              2717571
    Paired alignments:            0
    Unpaired alignments:   10515661
  PCR duplicates --
    Paired aln sets:              0
      duplicates:                 0 (0.0%)
    Discordant aln sets:          0
      duplicates:                 0 (0.0%)
    Singleton aln sets:    12213018
      duplicates:           2005574 (16.4%)
  Fragments analyzed:      10186687
    Full fragments:               0
    Half fragments:        10186687
      (from unpaired alns)
    ATAC-seq cut sites:    10186687
      (expanded to length 100bp)
- control file #2 not provided -
  Background pileup value: 0.403324
Peak-calling parameters:
  Genome length: 2491878275bp
  Significance threshold: -log(q) > 1.301
  Min. AUC: 200.000
  Max. gap between sites: 100bp
Peaks identified: 21802 (13923191bp)
Logs saved in <logs/5-ATAC_peaks/subset_BXD71_CTRL_2.log>
