Calling peaks for results/4-ATAC_genotype/corrected_bams/name/040_BXD49_CTRL_sub1.nm.bam results/4-ATAC_genotype/corrected_bams/name/079_BXD49_CTRL_sub1.nm.bam results/4-ATAC_genotype/corrected_bams/name/116_BXD49_CTRL_sub1.nm.bam
Processing experimental file #0: results/4-ATAC_genotype/corrected_bams/name/040_BXD49_CTRL_sub1.nm.bam
Warning! Read K00382:115:HKHC5BBXY:2:1203:18193:21342 prevented from extending past 1976 on chr4_JH584295_random
  BAM records analyzed:    20000000
    Unmapped:                394293
    To skipped refs:        4042205
      (chrM)
    MAPQ < 30:              4572545
    Paired alignments:            0
    Unpaired alignments:   10990957
  PCR duplicates --
    Paired aln sets:              0
      duplicates:                 0 (0.0%)
    Discordant aln sets:          0
      duplicates:                 0 (0.0%)
    Singleton aln sets:    15033162
      duplicates:           4568537 (30.4%)
  Fragments analyzed:      10443023
    Full fragments:               0
    Half fragments:        10443023
      (from unpaired alns)
    ATAC-seq cut sites:    10443023
      (expanded to length 100bp)
- control file #0 not provided -
  Background pileup value: 0.413419
Processing experimental file #1: results/4-ATAC_genotype/corrected_bams/name/079_BXD49_CTRL_sub1.nm.bam
Warning! Read K00382:106:HJ57YBBXY:8:2103:3924:26371 prevented from extending past 336933 on chrX_GL456233_random
Warning! Read K00382:111:HKHK5BBXY:5:2111:11779:46944 prevented from extending past 40056 on chrUn_GL456239
Warning! Read K00382:106:HJ57YBBXY:7:1217:4878:23206 prevented from extending below 0 on chr4_JH584295_random
Warning! Read K00382:106:HJ57YBBXY:5:1220:25570:11266 prevented from extending past 1976 on chr4_JH584295_random
Warning! Read K00382:125:HKHL3BBXY:6:1124:12225:47577 prevented from extending past 1976 on chr4_JH584295_random
Warning! Read K00382:125:HKHL3BBXY:6:1218:22221:35602 prevented from extending past 14945 on chr4_JH584292_random
Warning! Read K00382:111:HKHK5BBXY:3:2226:15625:16647 prevented from extending below 0 on chrUn_GL456366
Warning! Read K00382:125:HKHL3BBXY:6:2219:8745:17280 prevented from extending below 0 on chrUn_GL456366
  BAM records analyzed:    20000000
    Unmapped:                134591
    To skipped refs:        2273096
      (chrM)
    MAPQ < 30:              3425837
    Paired alignments:            0
    Unpaired alignments:   14166476
  PCR duplicates --
    Paired aln sets:              0
      duplicates:                 0 (0.0%)
    Discordant aln sets:          0
      duplicates:                 0 (0.0%)
    Singleton aln sets:    16439572
      duplicates:           2603804 (15.8%)
  Fragments analyzed:      13814110
    Full fragments:               0
    Half fragments:        13814110
      (from unpaired alns)
    ATAC-seq cut sites:    13814110
      (expanded to length 100bp)
- control file #1 not provided -
  Background pileup value: 0.546465
Processing experimental file #2: results/4-ATAC_genotype/corrected_bams/name/116_BXD49_CTRL_sub1.nm.bam
Warning! Read K00382:115:HKHC5BBXY:8:1101:30452:25773 prevented from extending past 1976 on chr4_JH584295_random
Warning! Read K00382:107:HJ55YBBXY:5:1222:9506:27039 prevented from extending below 0 on chr4_JH584295_random
Warning! Read K00382:115:HKHC5BBXY:6:1120:5122:17860 prevented from extending below 0 on chrUn_GL456239
Warning! Read K00382:107:HJ55YBBXY:5:2204:11363:45766 prevented from extending past 24685 on chrUn_GL456387
Warning! Read K00382:118:HKHCJBBXY:2:2206:5660:37607 prevented from extending below 0 on chrUn_GL456393
Warning! Read K00382:107:HJ55YBBXY:8:2121:22343:47876 prevented from extending past 1976 on chr4_JH584295_random
Warning! Read K00382:115:HKHC5BBXY:8:2220:13535:34899 prevented from extending past 1976 on chr4_JH584295_random
Warning! Read K00382:115:HKHC5BBXY:6:1124:3346:12286 prevented from extending below 0 on chr4_JH584295_random
  BAM records analyzed:    20000000
    Unmapped:                198841
    To skipped refs:        2819852
      (chrM)
    MAPQ < 30:              3731029
    Paired alignments:            0
    Unpaired alignments:   13250278
  PCR duplicates --
    Paired aln sets:              0
      duplicates:                 0 (0.0%)
    Discordant aln sets:          0
      duplicates:                 0 (0.0%)
    Singleton aln sets:    16070130
      duplicates:           3150082 (19.6%)
  Fragments analyzed:      12898262
    Full fragments:               0
    Half fragments:        12898262
      (from unpaired alns)
    ATAC-seq cut sites:    12898262
      (expanded to length 100bp)
- control file #2 not provided -
  Background pileup value: 0.510424
Peak-calling parameters:
  Genome length: 2491878275bp
  Significance threshold: -log(q) > 1.301
  Min. AUC: 200.000
  Max. gap between sites: 100bp
Peaks identified: 23364 (14309278bp)
Logs saved in <logs/5-ATAC_peaks/subset_BXD49_CTRL_1.log>
