Calling peaks for results/4-ATAC_genotype/corrected_bams/name/029_BXD100_SD_sub2.nm.bam results/4-ATAC_genotype/corrected_bams/name/108_BXD100_SD_sub2.nm.bam results/4-ATAC_genotype/corrected_bams/name/197_BXD100_SD_sub2.nm.bam
Processing experimental file #0: results/4-ATAC_genotype/corrected_bams/name/029_BXD100_SD_sub2.nm.bam
  BAM records analyzed:    15000000
    Unmapped:                205938
    To skipped refs:        3961780
      (chrM)
    MAPQ < 30:              3759214
    Paired alignments:            0
    Unpaired alignments:    7073068
  PCR duplicates --
    Paired aln sets:              0
      duplicates:                 0 (0.0%)
    Discordant aln sets:          0
      duplicates:                 0 (0.0%)
    Singleton aln sets:    11034848
      duplicates:           4185085 (37.9%)
  Fragments analyzed:       6827774
    Full fragments:               0
    Half fragments:         6827774
      (from unpaired alns)
    ATAC-seq cut sites:     6827774
      (expanded to length 100bp)
- control file #0 not provided -
  Background pileup value: 0.270169
Processing experimental file #1: results/4-ATAC_genotype/corrected_bams/name/108_BXD100_SD_sub2.nm.bam
Warning! Read K00382:111:HKHK5BBXY:3:2115:21247:17175 prevented from extending past 24323 on chrUn_GL456394
Warning! Read K00382:106:HJ57YBBXY:7:2111:1326:34037 prevented from extending past 40056 on chrUn_GL456239
  BAM records analyzed:    15000000
    Unmapped:                 85339
    To skipped refs:        3138207
      (chrM)
    MAPQ < 30:              3407921
    Paired alignments:            0
    Unpaired alignments:    8368533
  PCR duplicates --
    Paired aln sets:              0
      duplicates:                 0 (0.0%)
    Discordant aln sets:          0
      duplicates:                 0 (0.0%)
    Singleton aln sets:    11506740
      duplicates:           3344443 (29.1%)
  Fragments analyzed:       8140461
    Full fragments:               0
    Half fragments:         8140461
      (from unpaired alns)
    ATAC-seq cut sites:     8140461
      (expanded to length 100bp)
- control file #1 not provided -
  Background pileup value: 0.321968
Processing experimental file #2: results/4-ATAC_genotype/corrected_bams/name/197_BXD100_SD_sub2.nm.bam
Warning! Read K00382:118:HKHCJBBXY:1:1201:30208:47120 prevented from extending below 0 on chrUn_GL456239
Warning! Read K00382:120:HKHGNBBXY:7:1114:21684:23909 prevented from extending past 40056 on chrUn_GL456239
Warning! Read K00382:118:HKHCJBBXY:1:2206:25631:29131 prevented from extending past 206961 on chr1_GL456221_random
  BAM records analyzed:    15000000
    Unmapped:                 63091
    To skipped refs:        1194742
      (chrM)
    MAPQ < 30:              2427460
    Paired alignments:            0
    Unpaired alignments:   11314707
  PCR duplicates --
    Paired aln sets:              0
      duplicates:                 0 (0.0%)
    Discordant aln sets:          0
      duplicates:                 0 (0.0%)
    Singleton aln sets:    12509449
      duplicates:           1353059 (10.8%)
  Fragments analyzed:      11135314
    Full fragments:               0
    Half fragments:        11135314
      (from unpaired alns)
    ATAC-seq cut sites:    11135314
      (expanded to length 100bp)
- control file #2 not provided -
  Background pileup value: 0.440645
Peak-calling parameters:
  Genome length: 2491878275bp
  Significance threshold: -log(q) > 1.301
  Min. AUC: 200.000
  Max. gap between sites: 100bp
Peaks identified: 33599 (17850667bp)
Logs saved in <logs/5-ATAC_peaks/subset_BXD100_SD_2.log>
