Calling peaks for results/4-ATAC_genotype/corrected_bams/name/017_BXD73_SD_sub2.nm.bam results/4-ATAC_genotype/corrected_bams/name/055_BXD73_SD_sub2.nm.bam results/4-ATAC_genotype/corrected_bams/name/094_BXD73_SD_sub2.nm.bam
Processing experimental file #0: results/4-ATAC_genotype/corrected_bams/name/017_BXD73_SD_sub2.nm.bam
Warning! Read K00382:110:HKHKHBBXY:1:1223:20841:32472 prevented from extending below 0 on chrUn_GL456370
Warning! Read K00382:110:HKHKHBBXY:4:2206:14448:28780 prevented from extending past 1976 on chr4_JH584295_random
  BAM records analyzed:    15000000
    Unmapped:                107349
    To skipped refs:        1631388
      (chrM)
    MAPQ < 30:              2434336
    Paired alignments:            0
    Unpaired alignments:   10826927
  PCR duplicates --
    Paired aln sets:              0
      duplicates:                 0 (0.0%)
    Discordant aln sets:          0
      duplicates:                 0 (0.0%)
    Singleton aln sets:    12458315
      duplicates:           1987226 (16.0%)
  Fragments analyzed:      10449639
    Full fragments:               0
    Half fragments:        10449639
      (from unpaired alns)
    ATAC-seq cut sites:    10449639
      (expanded to length 100bp)
- control file #0 not provided -
  Background pileup value: 0.413759
Processing experimental file #1: results/4-ATAC_genotype/corrected_bams/name/055_BXD73_SD_sub2.nm.bam
Warning! Read K00382:109:HJ5Y5BBXY:4:1207:3904:23135 prevented from extending past 1976 on chr4_JH584295_random
Warning! Read K00382:109:HJ5Y5BBXY:3:2120:25621:4743 prevented from extending past 24668 on chrUn_GL456390
  BAM records analyzed:    15000000
    Unmapped:                 66055
    To skipped refs:        1100456
      (chrM)
    MAPQ < 30:              2433302
    Paired alignments:            0
    Unpaired alignments:   11400187
  PCR duplicates --
    Paired aln sets:              0
      duplicates:                 0 (0.0%)
    Discordant aln sets:          0
      duplicates:                 0 (0.0%)
    Singleton aln sets:    12500643
      duplicates:           1326998 (10.6%)
  Fragments analyzed:      11152807
    Full fragments:               0
    Half fragments:        11152807
      (from unpaired alns)
    ATAC-seq cut sites:    11152807
      (expanded to length 100bp)
- control file #1 not provided -
  Background pileup value: 0.441357
Processing experimental file #2: results/4-ATAC_genotype/corrected_bams/name/094_BXD73_SD_sub2.nm.bam
Warning! Read K00382:118:HKHCJBBXY:3:2101:26453:5657 prevented from extending past 55711 on chrUn_GL456393
Warning! Read K00382:107:HJ55YBBXY:6:2104:12621:21149 prevented from extending below 0 on chr4_JH584295_random
Warning! Read K00382:115:HKHC5BBXY:8:2102:29741:48245 prevented from extending below 0 on chr4_JH584295_random
Warning! Read K00382:107:HJ55YBBXY:7:1222:3001:34055 prevented from extending past 1976 on chr4_JH584295_random
Warning! Read K00382:115:HKHC5BBXY:6:1127:8379:5288 prevented from extending below 0 on chr4_JH584295_random
Warning! Read K00382:118:HKHCJBBXY:2:2221:27884:20164 prevented from extending past 1976 on chr4_JH584295_random
  BAM records analyzed:    15000000
    Unmapped:                 60303
    To skipped refs:         939168
      (chrM)
    MAPQ < 30:              2343359
    Paired alignments:            0
    Unpaired alignments:   11657170
  PCR duplicates --
    Paired aln sets:              0
      duplicates:                 0 (0.0%)
    Discordant aln sets:          0
      duplicates:                 0 (0.0%)
    Singleton aln sets:    12596338
      duplicates:           1122093 (8.9%)
  Fragments analyzed:      11453712
    Full fragments:               0
    Half fragments:        11453712
      (from unpaired alns)
    ATAC-seq cut sites:    11453712
      (expanded to length 100bp)
- control file #2 not provided -
  Background pileup value: 0.453185
Peak-calling parameters:
  Genome length: 2491878275bp
  Significance threshold: -log(q) > 1.301
  Min. AUC: 200.000
  Max. gap between sites: 100bp
Peaks identified: 13513 (8911626bp)
Logs saved in <logs/5-ATAC_peaks/subset_BXD73_SD_2.log>
