Calling peaks for results/4-ATAC_genotype/corrected_bams/name/022_BXD83_CTRL_sub1.nm.bam results/4-ATAC_genotype/corrected_bams/name/099_BXD83_CTRL_sub1.nm.bam results/4-ATAC_genotype/corrected_bams/name/126_BXD83_CTRL_sub1.nm.bam
Processing experimental file #0: results/4-ATAC_genotype/corrected_bams/name/022_BXD83_CTRL_sub1.nm.bam
Warning! Read K00382:109:HJ5Y5BBXY:3:2106:26118:46434 prevented from extending past 40056 on chrUn_GL456239
Warning! Read K00382:109:HJ5Y5BBXY:1:2210:6512:35989 prevented from extending past 1976 on chr4_JH584295_random
Warning! Read K00382:109:HJ5Y5BBXY:4:2120:13382:12128 prevented from extending past 1976 on chr4_JH584295_random
Warning! Read K00382:109:HJ5Y5BBXY:2:1117:12469:4145 prevented from extending past 55711 on chrUn_GL456393
Warning! Read K00382:109:HJ5Y5BBXY:3:2206:16559:17456 prevented from extending past 24685 on chrUn_GL456387
Warning! Read K00382:109:HJ5Y5BBXY:1:2109:30320:12357 prevented from extending past 1976 on chr4_JH584295_random
  BAM records analyzed:    20000000
    Unmapped:                244912
    To skipped refs:        2967821
      (chrM)
    MAPQ < 30:              4543666
    Paired alignments:            0
    Unpaired alignments:   12243601
  PCR duplicates --
    Paired aln sets:              0
      duplicates:                 0 (0.0%)
    Discordant aln sets:          0
      duplicates:                 0 (0.0%)
    Singleton aln sets:    15211422
      duplicates:           3398159 (22.3%)
  Fragments analyzed:      11791330
    Full fragments:               0
    Half fragments:        11791330
      (from unpaired alns)
    ATAC-seq cut sites:    11791330
      (expanded to length 100bp)
- control file #0 not provided -
  Background pileup value: 0.466140
Processing experimental file #1: results/4-ATAC_genotype/corrected_bams/name/099_BXD83_CTRL_sub1.nm.bam
Warning! Read K00382:115:HKHC5BBXY:4:2223:11475:28657 prevented from extending past 40056 on chrUn_GL456239
Warning! Read K00382:120:HKHGNBBXY:8:1201:17908:10721 prevented from extending past 1976 on chr4_JH584295_random
Warning! Read K00382:109:HJ5Y5BBXY:8:1123:4208:11354 prevented from extending past 1976 on chr4_JH584295_random
  BAM records analyzed:    20000000
    Unmapped:                 84165
    To skipped refs:        2761272
      (chrM)
    MAPQ < 30:              3901517
    Paired alignments:            0
    Unpaired alignments:   13253046
  PCR duplicates --
    Paired aln sets:              0
      duplicates:                 0 (0.0%)
    Discordant aln sets:          0
      duplicates:                 0 (0.0%)
    Singleton aln sets:    16014318
      duplicates:           3126898 (19.5%)
  Fragments analyzed:      12865695
    Full fragments:               0
    Half fragments:        12865695
      (from unpaired alns)
    ATAC-seq cut sites:    12865695
      (expanded to length 100bp)
- control file #1 not provided -
  Background pileup value: 0.509175
Processing experimental file #2: results/4-ATAC_genotype/corrected_bams/name/126_BXD83_CTRL_sub1.nm.bam
Warning! Read K00382:118:HKHCJBBXY:2:2203:13291:30890 prevented from extending past 1976 on chr4_JH584295_random
Warning! Read K00382:115:HKHC5BBXY:6:1213:3397:7732 prevented from extending past 1976 on chr4_JH584295_random
Warning! Read K00382:107:HJ55YBBXY:7:1119:27468:17298 prevented from extending past 1976 on chr4_JH584295_random
Warning! Read K00382:107:HJ55YBBXY:5:1127:16173:41546 prevented from extending past 206961 on chr1_GL456221_random
  BAM records analyzed:    20000000
    Unmapped:                 81411
    To skipped refs:        1642008
      (chrM)
    MAPQ < 30:              3274903
    Paired alignments:            0
    Unpaired alignments:   15001678
  PCR duplicates --
    Paired aln sets:              0
      duplicates:                 0 (0.0%)
    Discordant aln sets:          0
      duplicates:                 0 (0.0%)
    Singleton aln sets:    16643686
      duplicates:           1919819 (11.5%)
  Fragments analyzed:      14702643
    Full fragments:               0
    Half fragments:        14702643
      (from unpaired alns)
    ATAC-seq cut sites:    14702643
      (expanded to length 100bp)
- control file #2 not provided -
  Background pileup value: 0.581962
Peak-calling parameters:
  Genome length: 2491878275bp
  Significance threshold: -log(q) > 1.301
  Min. AUC: 200.000
  Max. gap between sites: 100bp
Peaks identified: 11446 (6450322bp)
Logs saved in <logs/5-ATAC_peaks/subset_BXD83_CTRL_1.log>
