Calling peaks for results/4-ATAC_genotype/corrected_bams/name/074_BXD85_CTRL_sub2.nm.bam results/4-ATAC_genotype/corrected_bams/name/130_BXD85_CTRL_sub2.nm.bam results/4-ATAC_genotype/corrected_bams/name/170_BXD85_CTRL_sub2.nm.bam
Processing experimental file #0: results/4-ATAC_genotype/corrected_bams/name/074_BXD85_CTRL_sub2.nm.bam
Warning! Read K00382:115:HKHC5BBXY:8:1228:16833:4532 prevented from extending below 0 on chrUn_GL456239
Warning! Read K00382:107:HJ55YBBXY:5:2214:27042:38750 prevented from extending below 0 on chr4_JH584295_random
Warning! Read K00382:118:HKHCJBBXY:2:1211:28371:41932 prevented from extending below 0 on chr4_JH584295_random
Warning! Read K00382:107:HJ55YBBXY:7:2120:3711:1279 prevented from extending past 31602 on chrUn_GL456378
  BAM records analyzed:    15000000
    Unmapped:                124448
    To skipped refs:        1547172
      (chrM)
    MAPQ < 30:              2521952
    Paired alignments:            0
    Unpaired alignments:   10806428
  PCR duplicates --
    Paired aln sets:              0
      duplicates:                 0 (0.0%)
    Discordant aln sets:          0
      duplicates:                 0 (0.0%)
    Singleton aln sets:    12353600
      duplicates:           1717581 (13.9%)
  Fragments analyzed:      10614786
    Full fragments:               0
    Half fragments:        10614786
      (from unpaired alns)
    ATAC-seq cut sites:    10614786
      (expanded to length 100bp)
- control file #0 not provided -
  Background pileup value: 0.420228
Processing experimental file #1: results/4-ATAC_genotype/corrected_bams/name/130_BXD85_CTRL_sub2.nm.bam
Warning! Read K00382:115:HKHC5BBXY:4:1222:7507:3811 prevented from extending past 1976 on chr4_JH584295_random
Warning! Read K00382:115:HKHC5BBXY:5:2208:16021:25773 prevented from extending past 21240 on chrUn_GL456396
  BAM records analyzed:    15000000
    Unmapped:                116077
    To skipped refs:        4579321
      (chrM)
    MAPQ < 30:              4315521
    Paired alignments:            0
    Unpaired alignments:    5989081
  PCR duplicates --
    Paired aln sets:              0
      duplicates:                 0 (0.0%)
    Discordant aln sets:          0
      duplicates:                 0 (0.0%)
    Singleton aln sets:    10568402
      duplicates:           4736567 (44.8%)
  Fragments analyzed:       5809706
    Full fragments:               0
    Half fragments:         5809706
      (from unpaired alns)
    ATAC-seq cut sites:     5809706
      (expanded to length 100bp)
- control file #1 not provided -
  Background pileup value: 0.229773
Processing experimental file #2: results/4-ATAC_genotype/corrected_bams/name/170_BXD85_CTRL_sub2.nm.bam
Warning! Read K00382:109:HJ5Y5BBXY:3:2110:10033:14238 prevented from extending below 0 on chr4_JH584295_random
Warning! Read K00382:115:HKHC5BBXY:2:2217:16386:31646 prevented from extending past 31704 on chrUn_GL456360
Warning! Read K00382:115:HKHC5BBXY:1:1102:6380:45185 prevented from extending past 55711 on chrUn_GL456393
Warning! Read K00382:109:HJ5Y5BBXY:1:1211:8501:14748 prevented from extending past 55711 on chrUn_GL456393
Warning! Read K00382:109:HJ5Y5BBXY:2:2210:22638:37624 prevented from extending past 31704 on chrUn_GL456360
Warning! Read K00382:115:HKHC5BBXY:1:1208:3742:4989 prevented from extending past 40056 on chrUn_GL456239
  BAM records analyzed:    15000000
    Unmapped:                 73849
    To skipped refs:         762291
      (chrM)
    MAPQ < 30:              2114434
    Paired alignments:            0
    Unpaired alignments:   12049426
  PCR duplicates --
    Paired aln sets:              0
      duplicates:                 0 (0.0%)
    Discordant aln sets:          0
      duplicates:                 0 (0.0%)
    Singleton aln sets:    12811717
      duplicates:            994690 (7.8%)
  Fragments analyzed:      11796728
    Full fragments:               0
    Half fragments:        11796728
      (from unpaired alns)
    ATAC-seq cut sites:    11796728
      (expanded to length 100bp)
- control file #2 not provided -
  Background pileup value: 0.467046
Peak-calling parameters:
  Genome length: 2491878275bp
  Significance threshold: -log(q) > 1.301
  Min. AUC: 200.000
  Max. gap between sites: 100bp
Peaks identified: 19233 (11710244bp)
Logs saved in <logs/5-ATAC_peaks/subset_BXD85_CTRL_2.log>
