Calling peaks for results/4-ATAC_genotype/corrected_bams/name/006_BXD55_CTRL_sub1.nm.bam results/4-ATAC_genotype/corrected_bams/name/081_BXD55_CTRL_sub1.nm.bam results/4-ATAC_genotype/corrected_bams/name/120_BXD55_CTRL_sub1.nm.bam
Processing experimental file #0: results/4-ATAC_genotype/corrected_bams/name/006_BXD55_CTRL_sub1.nm.bam
Warning! Read K00382:114:HKH5VBBXY:8:2127:12723:32754 prevented from extending below 0 on chr4_JH584295_random
Warning! Read K00382:111:HKHK5BBXY:1:2214:7466:2404 prevented from extending past 1976 on chr4_JH584295_random
Warning! Read K00382:110:HKHKHBBXY:1:2210:17107:12638 prevented from extending past 40056 on chrUn_GL456239
Warning! Read K00382:114:HKH5VBBXY:8:2228:31629:41106 prevented from extending below 0 on chrUn_GL456366
Warning! Read K00382:114:HKH5VBBXY:8:1222:18751:34934 prevented from extending past 47073 on chrUn_GL456366
Warning! Read K00382:110:HKHKHBBXY:3:1106:13332:21852 prevented from extending past 1976 on chr4_JH584295_random
Warning! Read K00382:110:HKHKHBBXY:2:1207:22221:26775 prevented from extending past 1976 on chr4_JH584295_random
Warning! Read K00382:110:HKHKHBBXY:1:1207:19969:40948 prevented from extending below 0 on chrUn_GL456239
Warning! Read K00382:110:HKHKHBBXY:3:1103:32126:37361 prevented from extending below 0 on chrUn_GL456239
Warning! Read K00382:114:HKH5VBBXY:8:2224:20862:35743 prevented from extending past 1976 on chr4_JH584295_random
  BAM records analyzed:    20000000
    Unmapped:                204521
    To skipped refs:        4336794
      (chrM)
    MAPQ < 30:              4502944
    Paired alignments:            0
    Unpaired alignments:   10955741
  PCR duplicates --
    Paired aln sets:              0
      duplicates:                 0 (0.0%)
    Discordant aln sets:          0
      duplicates:                 0 (0.0%)
    Singleton aln sets:    15292535
      duplicates:           4911460 (32.1%)
  Fragments analyzed:      10358902
    Full fragments:               0
    Half fragments:        10358902
      (from unpaired alns)
    ATAC-seq cut sites:    10358902
      (expanded to length 100bp)
- control file #0 not provided -
  Background pileup value: 0.409975
Processing experimental file #1: results/4-ATAC_genotype/corrected_bams/name/081_BXD55_CTRL_sub1.nm.bam
Warning! Read K00382:106:HJ57YBBXY:8:2123:24799:28674 prevented from extending below 0 on chr4_JH584295_random
Warning! Read K00382:106:HJ57YBBXY:5:2114:2727:32701 prevented from extending past 40056 on chrUn_GL456239
Warning! Read K00382:125:HKHL3BBXY:6:1106:30929:36974 prevented from extending past 38659 on chrUn_GL456383
Warning! Read K00382:111:HKHK5BBXY:4:1101:19329:47858 prevented from extending below 0 on chr4_JH584295_random
Warning! Read K00382:106:HJ57YBBXY:7:1217:27488:20955 prevented from extending past 31704 on chrUn_GL456360
  BAM records analyzed:    20000000
    Unmapped:                279789
    To skipped refs:        4103161
      (chrM)
    MAPQ < 30:              4350626
    Paired alignments:            0
    Unpaired alignments:   11266424
  PCR duplicates --
    Paired aln sets:              0
      duplicates:                 0 (0.0%)
    Discordant aln sets:          0
      duplicates:                 0 (0.0%)
    Singleton aln sets:    15369585
      duplicates:           4464578 (29.0%)
  Fragments analyzed:      10882967
    Full fragments:               0
    Half fragments:        10882967
      (from unpaired alns)
    ATAC-seq cut sites:    10882967
      (expanded to length 100bp)
- control file #1 not provided -
  Background pileup value: 0.430526
Processing experimental file #2: results/4-ATAC_genotype/corrected_bams/name/120_BXD55_CTRL_sub1.nm.bam
Warning! Read K00382:107:HJ55YBBXY:5:1119:31751:38750 prevented from extending below 0 on chr4_JH584295_random
Warning! Read K00382:118:HKHCJBBXY:3:2201:27478:35602 prevented from extending past 1976 on chr4_JH584295_random
Warning! Read K00382:118:HKHCJBBXY:3:2205:22019:45942 prevented from extending past 1976 on chr4_JH584295_random
Warning! Read K00382:118:HKHCJBBXY:2:2128:28341:20041 prevented from extending below 0 on chrUn_GL456239
  BAM records analyzed:    20000000
    Unmapped:                155843
    To skipped refs:        4080308
      (chrM)
    MAPQ < 30:              4534140
    Paired alignments:            0
    Unpaired alignments:   11229709
  PCR duplicates --
    Paired aln sets:              0
      duplicates:                 0 (0.0%)
    Discordant aln sets:          0
      duplicates:                 0 (0.0%)
    Singleton aln sets:    15310017
      duplicates:           4357721 (28.5%)
  Fragments analyzed:      10930219
    Full fragments:               0
    Half fragments:        10930219
      (from unpaired alns)
    ATAC-seq cut sites:    10930219
      (expanded to length 100bp)
- control file #2 not provided -
  Background pileup value: 0.432463
Peak-calling parameters:
  Genome length: 2491878275bp
  Significance threshold: -log(q) > 1.301
  Min. AUC: 200.000
  Max. gap between sites: 100bp
Peaks identified: 30714 (16027102bp)
Logs saved in <logs/5-ATAC_peaks/subset_BXD55_CTRL_1.log>
