Calling peaks for results/4-ATAC_genotype/corrected_bams/name/219_DBA_SD_full.nm.bam results/4-ATAC_genotype/corrected_bams/name/071_DBA_SD_full.nm.bam results/4-ATAC_genotype/corrected_bams/name/203_DBA_SD_full.nm.bam
Processing experimental file #0: results/4-ATAC_genotype/corrected_bams/name/219_DBA_SD_full.nm.bam
Warning! Read K00382:110:HKHKHBBXY:1:1127:23663:12075 prevented from extending past 24323 on chrUn_GL456394
Warning! Read K00382:114:HKH5VBBXY:8:2228:9333:31593 prevented from extending past 28772 on chrUn_GL456389
Warning! Read K00382:110:HKHKHBBXY:4:2123:2219:11354 prevented from extending below 0 on chr4_JH584295_random
Warning! Read K00382:111:HKHK5BBXY:1:2121:12773:46240 prevented from extending below 0 on chr4_JH584295_random
Warning! Read K00382:110:HKHKHBBXY:1:1105:13636:42601 prevented from extending past 40056 on chrUn_GL456239
Warning! Read K00382:110:HKHKHBBXY:3:1218:31456:45168 prevented from extending past 47073 on chrUn_GL456366
Warning! Read K00382:110:HKHKHBBXY:4:2227:5528:21342 prevented from extending below 0 on chrUn_GL456392
Warning! Read K00382:110:HKHKHBBXY:4:1109:27722:45660 prevented from extending past 24685 on chrUn_GL456387
Warning! Read K00382:110:HKHKHBBXY:2:1201:9283:13078 prevented from extending past 31704 on chrUn_GL456360
Warning! Read K00382:110:HKHKHBBXY:2:1127:3843:43357 prevented from extending past 1976 on chr4_JH584295_random
Warning! Read K00382:110:HKHKHBBXY:2:1213:23135:21887 prevented from extending below 0 on chrUn_GL456396
  BAM records analyzed:    41795117
    Unmapped:                286906
    To skipped refs:        4586914
      (chrM)
    MAPQ < 30:              7569794
    Paired alignments:            0
    Unpaired alignments:   29351503
  PCR duplicates --
    Paired aln sets:              0
      duplicates:                 0 (0.0%)
    Discordant aln sets:          0
      duplicates:                 0 (0.0%)
    Singleton aln sets:    33938417
      duplicates:           7030449 (20.7%)
  Fragments analyzed:      26886332
    Full fragments:               0
    Half fragments:        26886332
      (from unpaired alns)
    ATAC-seq cut sites:    26886332
      (expanded to length 100bp)
- control file #0 not provided -
  Background pileup value: 1.064945
Processing experimental file #1: results/4-ATAC_genotype/corrected_bams/name/071_DBA_SD_full.nm.bam
Warning! Read K00382:115:HKHC5BBXY:2:1226:28564:41036 prevented from extending past 28772 on chrUn_GL456389
Warning! Read K00382:115:HKHC5BBXY:2:1204:9790:46873 prevented from extending past 40056 on chrUn_GL456239
Warning! Read K00382:109:HJ5Y5BBXY:3:1219:28016:10968 prevented from extending past 40056 on chrUn_GL456239
Warning! Read K00382:115:HKHC5BBXY:1:2106:30756:34002 prevented from extending past 1976 on chr4_JH584295_random
Warning! Read K00382:109:HJ5Y5BBXY:2:1204:28381:43111 prevented from extending below 0 on chr4_JH584295_random
Warning! Read K00382:109:HJ5Y5BBXY:4:2227:17513:46645 prevented from extending below 0 on chrUn_GL456381
Warning! Read K00382:109:HJ5Y5BBXY:4:2219:17117:1824 prevented from extending past 40056 on chrUn_GL456239
Warning! Read K00382:109:HJ5Y5BBXY:2:1203:15777:10546 prevented from extending below 0 on chrUn_GL456366
Warning! Read K00382:109:HJ5Y5BBXY:3:1102:25855:11161 prevented from extending past 1976 on chr4_JH584295_random
Warning! Read K00382:109:HJ5Y5BBXY:3:2222:13829:23241 prevented from extending past 1976 on chr4_JH584295_random
Warning! Read K00382:109:HJ5Y5BBXY:3:1111:12672:47471 prevented from extending past 1976 on chr4_JH584295_random
Warning! Read K00382:109:HJ5Y5BBXY:3:1204:8126:5622 prevented from extending past 31602 on chrUn_GL456378
  BAM records analyzed:    44950233
    Unmapped:                277071
    To skipped refs:        4448873
      (chrM)
    MAPQ < 30:              8049259
    Paired alignments:            0
    Unpaired alignments:   32175030
  PCR duplicates --
    Paired aln sets:              0
      duplicates:                 0 (0.0%)
    Discordant aln sets:          0
      duplicates:                 0 (0.0%)
    Singleton aln sets:    36623903
      duplicates:           6890413 (18.8%)
  Fragments analyzed:      29711558
    Full fragments:               0
    Half fragments:        29711558
      (from unpaired alns)
    ATAC-seq cut sites:    29711558
      (expanded to length 100bp)
- control file #1 not provided -
  Background pileup value: 1.176307
Processing experimental file #2: results/4-ATAC_genotype/corrected_bams/name/203_DBA_SD_full.nm.bam
Warning! Read K00382:118:HKHCJBBXY:2:2105:27123:29219 prevented from extending below 0 on chrUn_GL456366
Warning! Read K00382:115:HKHC5BBXY:8:2115:28544:23135 prevented from extending past 40056 on chrUn_GL456239
Warning! Read K00382:107:HJ55YBBXY:8:2117:14133:6255 prevented from extending past 1976 on chr4_JH584295_random
Warning! Read K00382:118:HKHCJBBXY:2:2216:28422:45185 prevented from extending below 0 on chr4_JH584295_random
Warning! Read K00382:107:HJ55YBBXY:5:1111:15097:26213 prevented from extending past 40056 on chrUn_GL456239
Warning! Read K00382:118:HKHCJBBXY:2:2208:20862:2017 prevented from extending past 1976 on chr4_JH584295_random
Warning! Read K00382:107:HJ55YBBXY:5:1126:5487:37238 prevented from extending below 0 on chrUn_GL456389
Warning! Read K00382:118:HKHCJBBXY:2:2228:15686:15170 prevented from extending past 1976 on chr4_JH584295_random
Warning! Read K00382:118:HKHCJBBXY:2:2103:20354:21043 prevented from extending below 0 on chrUn_GL456392
Warning! Read K00382:115:HKHC5BBXY:6:1103:7009:15399 prevented from extending past 55711 on chrUn_GL456393
Warning! Read K00382:107:HJ55YBBXY:5:1225:25936:28674 prevented from extending past 40056 on chrUn_GL456239
Warning! Read K00382:118:HKHCJBBXY:3:2109:9932:15504 prevented from extending past 1976 on chr4_JH584295_random
Warning! Read K00382:107:HJ55YBBXY:7:1112:15625:21289 prevented from extending below 0 on chrUn_GL456239
Warning! Read K00382:107:HJ55YBBXY:5:2125:16965:23048 prevented from extending past 40056 on chrUn_GL456239
  BAM records analyzed:    57827621
    Unmapped:                419325
    To skipped refs:        6603083
      (chrM)
    MAPQ < 30:             10570500
    Paired alignments:            0
    Unpaired alignments:   40234713
  PCR duplicates --
    Paired aln sets:              0
      duplicates:                 0 (0.0%)
    Discordant aln sets:          0
      duplicates:                 0 (0.0%)
    Singleton aln sets:    46837796
      duplicates:           8819715 (18.8%)
  Fragments analyzed:      37995935
    Full fragments:               0
    Half fragments:        37995935
      (from unpaired alns)
    ATAC-seq cut sites:    37995935
      (expanded to length 100bp)
- control file #2 not provided -
  Background pileup value: 1.504729
Peak-calling parameters:
  Genome length: 2491878275bp
  Significance threshold: -log(q) > 1.301
  Min. AUC: 200.000
  Max. gap between sites: 100bp
Peaks identified: 12075 (8326756bp)
Logs saved in <logs/5-ATAC_peaks/subset_DBA_SD_0.log>
