Calling peaks for results/4-ATAC_genotype/corrected_bams/name/028_65a_CTRL_sub1.nm.bam results/4-ATAC_genotype/corrected_bams/name/138_65a_CTRL_sub1.nm.bam results/4-ATAC_genotype/corrected_bams/name/190_65a_CTRL_sub1.nm.bam results/4-ATAC_genotype/corrected_bams/name/214_65a_CTRL_sub1.nm.bam
Processing experimental file #0: results/4-ATAC_genotype/corrected_bams/name/028_65a_CTRL_sub1.nm.bam
Warning! Read K00382:118:HKHCJBBXY:2:1127:23003:25527 prevented from extending past 1976 on chr4_JH584295_random
Warning! Read K00382:118:HKHCJBBXY:3:1116:23104:7205 prevented from extending below 0 on chrUn_GL456378
  BAM records analyzed:    20000000
    Unmapped:                140927
    To skipped refs:        3550724
      (chrM)
    MAPQ < 30:              4144390
    Paired alignments:            0
    Unpaired alignments:   12163959
  PCR duplicates --
    Paired aln sets:              0
      duplicates:                 0 (0.0%)
    Discordant aln sets:          0
      duplicates:                 0 (0.0%)
    Singleton aln sets:    15714683
      duplicates:           3950744 (25.1%)
  Fragments analyzed:      11742046
    Full fragments:               0
    Half fragments:        11742046
      (from unpaired alns)
    ATAC-seq cut sites:    11742046
      (expanded to length 100bp)
- control file #0 not provided -
  Background pileup value: 0.464562
Processing experimental file #1: results/4-ATAC_genotype/corrected_bams/name/138_65a_CTRL_sub1.nm.bam
Warning! Read K00382:125:HKHL3BBXY:6:2226:26129:26652 prevented from extending below 0 on chr4_JH584295_random
Warning! Read K00382:125:HKHL3BBXY:6:1205:22861:29641 prevented from extending past 55711 on chrUn_GL456393
Warning! Read K00382:106:HJ57YBBXY:7:1116:4777:47014 prevented from extending past 1976 on chr4_JH584295_random
Warning! Read K00382:106:HJ57YBBXY:5:2209:21724:16805 prevented from extending past 40056 on chrUn_GL456239
Warning! Read K00382:106:HJ57YBBXY:7:2218:7263:2088 prevented from extending past 1976 on chr4_JH584295_random
Warning! Read K00382:106:HJ57YBBXY:5:1208:22800:2035 prevented from extending past 1976 on chr4_JH584295_random
Warning! Read K00382:106:HJ57YBBXY:8:2202:31548:36218 prevented from extending past 24323 on chrUn_GL456394
  BAM records analyzed:    20000000
    Unmapped:                127701
    To skipped refs:        3315324
      (chrM)
    MAPQ < 30:              4020294
    Paired alignments:            0
    Unpaired alignments:   12536681
  PCR duplicates --
    Paired aln sets:              0
      duplicates:                 0 (0.0%)
    Discordant aln sets:          0
      duplicates:                 0 (0.0%)
    Singleton aln sets:    15852005
      duplicates:           3748694 (23.6%)
  Fragments analyzed:      12081264
    Full fragments:               0
    Half fragments:        12081264
      (from unpaired alns)
    ATAC-seq cut sites:    12081264
      (expanded to length 100bp)
- control file #1 not provided -
  Background pileup value: 0.477917
Processing experimental file #2: results/4-ATAC_genotype/corrected_bams/name/190_65a_CTRL_sub1.nm.bam
Warning! Read K00382:110:HKHKHBBXY:4:2211:5416:35602 prevented from extending past 1976 on chr4_JH584295_random
Warning! Read K00382:114:HKH5VBBXY:8:1212:16863:4479 prevented from extending below 0 on chr4_JH584295_random
Warning! Read K00382:114:HKH5VBBXY:8:1209:26342:17561 prevented from extending past 24323 on chrUn_GL456394
Warning! Read K00382:114:HKH5VBBXY:8:2110:4827:26318 prevented from extending past 40056 on chrUn_GL456239
  BAM records analyzed:    20000000
    Unmapped:                 83155
    To skipped refs:        1293385
      (chrM)
    MAPQ < 30:              3120054
    Paired alignments:            0
    Unpaired alignments:   15503406
  PCR duplicates --
    Paired aln sets:              0
      duplicates:                 0 (0.0%)
    Discordant aln sets:          0
      duplicates:                 0 (0.0%)
    Singleton aln sets:    16796791
      duplicates:           1897903 (11.3%)
  Fragments analyzed:      14877494
    Full fragments:               0
    Half fragments:        14877494
      (from unpaired alns)
    ATAC-seq cut sites:    14877494
      (expanded to length 100bp)
- control file #2 not provided -
  Background pileup value: 0.588588
Processing experimental file #3: results/4-ATAC_genotype/corrected_bams/name/214_65a_CTRL_sub1.nm.bam
Warning! Read K00382:115:HKHC5BBXY:1:1223:11251:39383 prevented from extending below 0 on chrUn_GL456366
Warning! Read K00382:115:HKHC5BBXY:1:2108:21349:10633 prevented from extending past 40056 on chrUn_GL456239
Warning! Read K00382:115:HKHC5BBXY:2:2207:24413:6202 prevented from extending past 1976 on chr4_JH584295_random
Warning! Read K00382:109:HJ5Y5BBXY:4:2203:6289:3705 prevented from extending below 0 on chr4_JH584295_random
Warning! Read K00382:109:HJ5Y5BBXY:3:2116:26484:45133 prevented from extending below 0 on chrUn_GL456239
Warning! Read K00382:109:HJ5Y5BBXY:3:2110:28503:34424 prevented from extending past 1976 on chr4_JH584295_random
Warning! Read K00382:115:HKHC5BBXY:2:2123:26210:35198 prevented from extending past 40056 on chrUn_GL456239
Warning! Read K00382:109:HJ5Y5BBXY:2:2124:30289:23663 prevented from extending past 40056 on chrUn_GL456239
Warning! Read K00382:109:HJ5Y5BBXY:2:1128:17736:10915 prevented from extending past 1976 on chr4_JH584295_random
Warning! Read K00382:109:HJ5Y5BBXY:3:2107:8389:8963 prevented from extending past 24323 on chrUn_GL456394
  BAM records analyzed:    20000000
    Unmapped:                 71401
    To skipped refs:         838289
      (chrM)
    MAPQ < 30:              2884582
    Paired alignments:            0
    Unpaired alignments:   16205728
  PCR duplicates --
    Paired aln sets:              0
      duplicates:                 0 (0.0%)
    Discordant aln sets:          0
      duplicates:                 0 (0.0%)
    Singleton aln sets:    17044017
      duplicates:           1362499 (8.0%)
  Fragments analyzed:      15661110
    Full fragments:               0
    Half fragments:        15661110
      (from unpaired alns)
    ATAC-seq cut sites:    15661110
      (expanded to length 100bp)
- control file #3 not provided -
  Background pileup value: 0.619591
Peak-calling parameters:
  Genome length: 2491878275bp
  Significance threshold: -log(q) > 1.301
  Min. AUC: 200.000
  Max. gap between sites: 100bp
Peaks identified: 29793 (18894033bp)
Logs saved in <logs/5-ATAC_peaks/subset_65a_CTRL_1.log>
