Calling peaks for results/4-ATAC_genotype/corrected_bams/name/035_DBA_SD_sub2.nm.bam results/4-ATAC_genotype/corrected_bams/name/071_DBA_SD_sub2.nm.bam results/4-ATAC_genotype/corrected_bams/name/113_DBA_SD_sub2.nm.bam results/4-ATAC_genotype/corrected_bams/name/183_DBA_SD_sub2.nm.bam results/4-ATAC_genotype/corrected_bams/name/203_DBA_SD_sub2.nm.bam results/4-ATAC_genotype/corrected_bams/name/219_DBA_SD_sub2.nm.bam results/4-ATAC_genotype/corrected_bams/name/229_DBA_SD_sub2.nm.bam
Processing experimental file #0: results/4-ATAC_genotype/corrected_bams/name/035_DBA_SD_sub2.nm.bam
Warning! Read K00382:109:HJ5Y5BBXY:6:1117:28128:15205 prevented from extending below 0 on chrUn_GL456381
Warning! Read K00382:109:HJ5Y5BBXY:5:1226:16376:45977 prevented from extending past 31602 on chrUn_GL456378
  BAM records analyzed:    15000000
    Unmapped:                205525
    To skipped refs:        1884801
      (chrM)
    MAPQ < 30:              2883347
    Paired alignments:            0
    Unpaired alignments:   10026327
  PCR duplicates --
    Paired aln sets:              0
      duplicates:                 0 (0.0%)
    Discordant aln sets:          0
      duplicates:                 0 (0.0%)
    Singleton aln sets:    11911128
      duplicates:           2142036 (18.0%)
  Fragments analyzed:       9748638
    Full fragments:               0
    Half fragments:         9748638
      (from unpaired alns)
    ATAC-seq cut sites:     9748638
      (expanded to length 100bp)
- control file #0 not provided -
  Background pileup value: 0.386015
Processing experimental file #1: results/4-ATAC_genotype/corrected_bams/name/071_DBA_SD_sub2.nm.bam
Warning! Read K00382:115:HKHC5BBXY:1:2106:30756:34002 prevented from extending past 1976 on chr4_JH584295_random
Warning! Read K00382:109:HJ5Y5BBXY:2:1204:28381:43111 prevented from extending below 0 on chr4_JH584295_random
Warning! Read K00382:109:HJ5Y5BBXY:4:2227:17513:46645 prevented from extending below 0 on chrUn_GL456381
Warning! Read K00382:109:HJ5Y5BBXY:3:1102:25855:11161 prevented from extending past 1976 on chr4_JH584295_random
Warning! Read K00382:109:HJ5Y5BBXY:3:1111:12672:47471 prevented from extending past 1976 on chr4_JH584295_random
  BAM records analyzed:    15000000
    Unmapped:                 92704
    To skipped refs:        1485035
      (chrM)
    MAPQ < 30:              2686658
    Paired alignments:            0
    Unpaired alignments:   10735603
  PCR duplicates --
    Paired aln sets:              0
      duplicates:                 0 (0.0%)
    Discordant aln sets:          0
      duplicates:                 0 (0.0%)
    Singleton aln sets:    12220638
      duplicates:           1770922 (14.5%)
  Fragments analyzed:      10428675
    Full fragments:               0
    Half fragments:        10428675
      (from unpaired alns)
    ATAC-seq cut sites:    10428675
      (expanded to length 100bp)
- control file #1 not provided -
  Background pileup value: 0.412718
Processing experimental file #2: results/4-ATAC_genotype/corrected_bams/name/113_DBA_SD_sub2.nm.bam
Warning! Read K00382:115:HKHC5BBXY:3:1120:15727:41264 prevented from extending past 55711 on chrUn_GL456393
Warning! Read K00382:109:HJ5Y5BBXY:6:2223:18375:28868 prevented from extending past 1976 on chr4_JH584295_random
Warning! Read K00382:109:HJ5Y5BBXY:5:1223:19634:24401 prevented from extending below 0 on chrUn_GL456239
  BAM records analyzed:    15000000
    Unmapped:                134990
    To skipped refs:        3117071
      (chrM)
    MAPQ < 30:              3371743
    Paired alignments:            0
    Unpaired alignments:    8376196
  PCR duplicates --
    Paired aln sets:              0
      duplicates:                 0 (0.0%)
    Discordant aln sets:          0
      duplicates:                 0 (0.0%)
    Singleton aln sets:    11493267
      duplicates:           3410258 (29.7%)
  Fragments analyzed:       8061380
    Full fragments:               0
    Half fragments:         8061380
      (from unpaired alns)
    ATAC-seq cut sites:     8061380
      (expanded to length 100bp)
- control file #2 not provided -
  Background pileup value: 0.319057
Processing experimental file #3: results/4-ATAC_genotype/corrected_bams/name/183_DBA_SD_sub2.nm.bam
Warning! Read K00382:111:HKHK5BBXY:4:1119:3528:41159 prevented from extending past 1976 on chr4_JH584295_random
Warning! Read K00382:106:HJ57YBBXY:6:2218:25134:3723 prevented from extending past 55711 on chrUn_GL456393
Warning! Read K00382:111:HKHK5BBXY:5:1111:27793:48315 prevented from extending below 0 on chrUn_GL456392
Warning! Read K00382:111:HKHK5BBXY:2:1222:12540:23681 prevented from extending past 1976 on chr4_JH584295_random
  BAM records analyzed:    15000000
    Unmapped:                166581
    To skipped refs:        1701278
      (chrM)
    MAPQ < 30:              2697095
    Paired alignments:            0
    Unpaired alignments:   10435046
  PCR duplicates --
    Paired aln sets:              0
      duplicates:                 0 (0.0%)
    Discordant aln sets:          0
      duplicates:                 0 (0.0%)
    Singleton aln sets:    12136324
      duplicates:           1904789 (15.7%)
  Fragments analyzed:      10210338
    Full fragments:               0
    Half fragments:        10210338
      (from unpaired alns)
    ATAC-seq cut sites:    10210338
      (expanded to length 100bp)
- control file #3 not provided -
  Background pileup value: 0.404164
Processing experimental file #4: results/4-ATAC_genotype/corrected_bams/name/203_DBA_SD_sub2.nm.bam
Warning! Read K00382:118:HKHCJBBXY:2:2216:28422:45185 prevented from extending below 0 on chr4_JH584295_random
Warning! Read K00382:115:HKHC5BBXY:6:1103:7009:15399 prevented from extending past 55711 on chrUn_GL456393
Warning! Read K00382:107:HJ55YBBXY:5:1225:25936:28674 prevented from extending past 40056 on chrUn_GL456239
Warning! Read K00382:118:HKHCJBBXY:3:2109:9932:15504 prevented from extending past 1976 on chr4_JH584295_random
Warning! Read K00382:107:HJ55YBBXY:7:1112:15625:21289 prevented from extending below 0 on chrUn_GL456239
  BAM records analyzed:    15000000
    Unmapped:                109207
    To skipped refs:        1713676
      (chrM)
    MAPQ < 30:              2740763
    Paired alignments:            0
    Unpaired alignments:   10436354
  PCR duplicates --
    Paired aln sets:              0
      duplicates:                 0 (0.0%)
    Discordant aln sets:          0
      duplicates:                 0 (0.0%)
    Singleton aln sets:    12150030
      duplicates:           1861529 (15.3%)
  Fragments analyzed:      10267256
    Full fragments:               0
    Half fragments:        10267256
      (from unpaired alns)
    ATAC-seq cut sites:    10267256
      (expanded to length 100bp)
- control file #4 not provided -
  Background pileup value: 0.406495
Processing experimental file #5: results/4-ATAC_genotype/corrected_bams/name/219_DBA_SD_sub2.nm.bam
Warning! Read K00382:110:HKHKHBBXY:4:2123:2219:11354 prevented from extending below 0 on chr4_JH584295_random
Warning! Read K00382:110:HKHKHBBXY:3:1218:31355:47383 prevented from extending past 47073 on chrUn_GL456366
Warning! Read K00382:110:HKHKHBBXY:2:1201:9283:13078 prevented from extending past 31704 on chrUn_GL456360
  BAM records analyzed:    15000000
    Unmapped:                102749
    To skipped refs:        1646862
      (chrM)
    MAPQ < 30:              2715340
    Paired alignments:            0
    Unpaired alignments:   10535049
  PCR duplicates --
    Paired aln sets:              0
      duplicates:                 0 (0.0%)
    Discordant aln sets:          0
      duplicates:                 0 (0.0%)
    Singleton aln sets:    12181911
      duplicates:           1974681 (16.2%)
  Fragments analyzed:      10186641
    Full fragments:               0
    Half fragments:        10186641
      (from unpaired alns)
    ATAC-seq cut sites:    10186641
      (expanded to length 100bp)
- control file #5 not provided -
  Background pileup value: 0.403411
Processing experimental file #6: results/4-ATAC_genotype/corrected_bams/name/229_DBA_SD_sub2.nm.bam
Warning! Read K00382:111:HKHK5BBXY:1:2223:28270:10915 prevented from extending below 0 on chrUn_JH584304
Warning! Read K00382:111:HKHK5BBXY:1:1107:19786:15416 prevented from extending past 47073 on chrUn_GL456366
Warning! Read K00382:110:HKHKHBBXY:4:2228:27641:17315 prevented from extending past 31602 on chrUn_GL456378
Warning! Read K00382:111:HKHK5BBXY:1:1210:14813:13166 prevented from extending below 0 on chrUn_GL456366
Warning! Read K00382:110:HKHKHBBXY:3:2112:6319:14379 prevented from extending below 0 on chr4_JH584295_random
Warning! Read K00382:111:HKHK5BBXY:1:1123:16640:27865 prevented from extending past 40056 on chrUn_GL456239
  BAM records analyzed:    15000000
    Unmapped:                 81786
    To skipped refs:        1141079
      (chrM)
    MAPQ < 30:              2438243
    Paired alignments:            0
    Unpaired alignments:   11338892
  PCR duplicates --
    Paired aln sets:              0
      duplicates:                 0 (0.0%)
    Discordant aln sets:          0
      duplicates:                 0 (0.0%)
    Singleton aln sets:    12479971
      duplicates:           1425199 (11.4%)
  Fragments analyzed:      11034584
    Full fragments:               0
    Half fragments:        11034584
      (from unpaired alns)
    ATAC-seq cut sites:    11034584
      (expanded to length 100bp)
- control file #6 not provided -
  Background pileup value: 0.436992
Peak-calling parameters:
  Genome length: 2491878275bp
  Significance threshold: -log(q) > 1.301
  Min. AUC: 200.000
  Max. gap between sites: 100bp
Peaks identified: 154768 (85335144bp)
Logs saved in <logs/5-ATAC_peaks/subset_DBA_SD_2.log>
